Device cuda | loss L1_STFT_eps1 | duration 0.25s
Loading train targets from data/train-p99
Loading val targets from data/val-p99
  98304 train / 996 val in 43s   train tensor 4.34 GB
  training set held in host memory; batches transferred per step
reference levels:  gt_loss 0.0000e+00   saturation (unrelated IRs) 9.6195e-02
constant-predictor NMSE: 6d 4.730e-02  7d 7.959e-02  (the floor to beat)
training loss stuck near saturation = gradient uninformative; well below = learning

encoder: 3.74M params, width 32

loss scale (fixed): 7.0789e-02
step      1  train 7.0789e-02  val 7.9040e-02  6d geo 4.283e-02 med 4.750e-02 p90 8.157e-02 (const 4.730e-02)  |g| 1.54e+01  [1s]
           5d geo 4.206e-02 med 4.849e-02   postmu 6d geo 4.965e-02 med 5.172e-02 p90 1.269e-01   mu |dlog| 0.5582
           WARNING: prediction spread 0.000 of ground truth -- the output has collapsed to a constant (saturated tanh); lower --lr or raise --warmup-steps and restart
           corr(identifiable)  mu=-0.37  D_div_mu=+0.16  T0_div_mu=-0.01  Ly=-0.01  op_x=-0.48  op_y=-0.27   mean spread/GT 0.00
           err share           mu=16%  D_div_mu=3%  T0_div_mu=2%  Ly=26%  op_x=28%  op_y=26%
step    100  train 6.8990e-02  |g| 4.32e+00  [47s]
step    200  train 6.0946e-02  |g| 9.41e+00  [93s]
step    300  train 5.5971e-02  |g| 8.62e+00  [140s]
step    400  train 6.4498e-02  |g| 1.63e+01  [182s]
step    500  train 5.6012e-02  |g| 5.46e+00  [224s]
  WARNING: 1 of 64 parameter sets need a finer grid than the pinned (86, 282) and are truncated. Raise --fixed-mode-grid; targets rendered under a pin that truncates them are not the plate's output at those parameters.
step    600  train 5.3777e-02  |g| 9.09e+00  [270s]
step    700  train 5.0419e-02  |g| 5.68e+00  [316s]
step    800  train 5.5999e-02  |g| 8.23e+00  [359s]
step    900  train 5.1484e-02  |g| 6.78e+00  [401s]
step   1000  train 5.3843e-02  |g| 1.33e+01  [443s]
step   1100  train 5.7389e-02  |g| 2.75e+01  [485s]
step   1200  train 5.7343e-02  |g| 8.45e+00  [526s]
step   1300  train 6.1629e-02  |g| 1.48e+01  [568s]
step   1400  train 5.4087e-02  |g| 1.97e+01  [610s]
step   1500  train 5.9563e-02  |g| 6.72e+00  [651s]
step   1600  train 5.4264e-02  |g| 9.19e+00  [694s]
step   1700  train 5.3176e-02  |g| 5.32e+00  [740s]
step   1800  train 7.5895e-02  |g| 9.06e+01  [798s]
step   1900  train 1.0806e-01  |g| 4.71e-01  [840s]
step   2000  train 1.0366e-01  val 1.0848e-01  6d geo 1.511e-01 med 1.692e-01 p90 2.944e-01 (const 4.730e-02)  |g| 4.91e+00  [882s]
           5d geo 1.663e-01 med 1.892e-01   postmu 6d geo 1.734e-01 med 1.863e-01 p90 3.509e-01   mu |dlog| 0.7735
           corr(identifiable)  mu=+0.26  D_div_mu=-0.46  T0_div_mu=-0.01  Ly=+0.12  op_x=-0.45  op_y=-0.22   mean spread/GT 0.65
           err share           mu=6%  D_div_mu=1%  T0_div_mu=1%  Ly=27%  op_x=34%  op_y=31%
step   2100  train 9.9384e-02  |g| 1.60e+01  [927s]
step   2200  train 6.7193e-02  |g| 3.11e+01  [969s]
step   2300  train 6.3726e-02  |g| 3.80e+00  [1011s]
step   2400  train 6.3894e-02  |g| 1.51e+01  [1053s]
step   2500  train 6.2675e-02  |g| 6.27e+00  [1095s]
step   2600  train 6.9601e-02  |g| 3.16e+01  [1137s]
step   2700  train 6.1814e-02  |g| 4.10e+00  [1179s]
step   2800  train 6.2615e-02  |g| 1.85e+01  [1221s]
step   2900  train 6.1023e-02  |g| 1.67e+01  [1263s]
step   3000  train 5.7183e-02  |g| 6.78e+00  [1305s]
step   3100  train 6.3197e-02  |g| 3.78e+00  [1348s]
step   3200  train 6.0131e-02  |g| 1.90e+01  [1394s]
step   3300  train 6.2184e-02  |g| 2.46e+01  [1436s]
step   3400  train 5.9084e-02  |g| 1.01e+01  [1478s]
step   3500  train 5.9491e-02  |g| 1.74e+01  [1520s]
step   3600  train 5.8476e-02  |g| 1.59e+01  [1562s]
step   3700  train 5.5064e-02  |g| 1.73e+01  [1604s]
step   3800  train 5.4306e-02  |g| 2.68e+01  [1646s]
step   3900  train 6.1573e-02  |g| 4.27e+01  [1688s]
step   4000  train 6.1292e-02  val 6.4343e-02  6d geo 9.903e-02 med 1.083e-01 p90 3.016e-01 (const 4.730e-02)  |g| 2.21e+01  [1738s]
           5d geo 9.515e-02 med 1.078e-01   postmu 6d geo 1.005e-01 med 1.164e-01 p90 2.903e-01   mu |dlog| 0.6824
           corr(identifiable)  mu=+0.61  D_div_mu=+0.21  T0_div_mu=+0.31  Ly=-0.35  op_x=-0.25  op_y=+0.21   mean spread/GT 0.83
           err share           mu=20%  D_div_mu=1%  T0_div_mu=1%  Ly=30%  op_x=34%  op_y=14%
step   4100  train 6.1539e-02  |g| 1.17e+01  [1809s]
step   4200  train 6.0093e-02  |g| 1.40e+01  [1858s]
step   4300  train 5.9172e-02  |g| 3.67e+01  [1902s]
step   4400  train 5.2194e-02  |g| 1.20e+01  [1944s]
step   4500  train 5.2041e-02  |g| 1.78e+01  [1986s]
step   4600  train 5.4971e-02  |g| 1.60e+01  [2029s]
step   4700  train 5.1870e-02  |g| 7.09e+00  [2077s]
step   4800  train 5.2745e-02  |g| 8.77e+00  [2119s]
step   4900  train 6.1884e-02  |g| 2.18e+01  [2161s]
step   5000  train 7.5398e-02  |g| 1.76e+01  [2203s]
step   5100  train 5.4992e-02  |g| 1.09e+01  [2244s]
step   5200  train 5.2889e-02  |g| 1.03e+01  [2286s]
step   5300  train 6.1018e-02  |g| 1.11e+01  [2328s]
step   5400  train 5.6619e-02  |g| 1.29e+01  [2369s]
step   5500  train 5.4653e-02  |g| 1.74e+01  [2411s]
step   5600  train 6.1498e-02  |g| 7.63e+00  [2462s]
step   5700  train 5.5467e-02  |g| 1.66e+01  [2542s]
step   5800  train 5.1295e-02  |g| 1.33e+01  [2584s]
step   5900  train 5.4980e-02  |g| 1.77e+01  [2633s]
step   6000  train 5.2397e-02  val 5.4190e-02  6d geo 8.146e-02 med 9.510e-02 p90 1.941e-01 (const 4.730e-02)  |g| 1.87e+01  [2684s]
           5d geo 8.649e-02 med 1.046e-01   postmu 6d geo 8.517e-02 med 9.868e-02 p90 2.049e-01   mu |dlog| 0.5008
           corr(identifiable)  mu=+0.66  D_div_mu=-0.21  T0_div_mu=+0.28  Ly=+0.40  op_x=+0.26  op_y=+0.02   mean spread/GT 0.70
           err share           mu=7%  D_div_mu=1%  T0_div_mu=1%  Ly=16%  op_x=40%  op_y=35%
step   6100  train 5.7313e-02  |g| 2.01e+01  [2747s]
step   6200  train 5.0479e-02  |g| 3.19e+01  [2798s]
step   6300  train 5.3058e-02  |g| 2.36e+01  [2857s]
step   6400  train 5.6096e-02  |g| 1.16e+01  [2910s]
step   6500  train 5.3738e-02  |g| 4.12e+01  [2952s]
step   6600  train 4.9282e-02  |g| 3.18e+01  [2995s]
step   6700  train 5.1216e-02  |g| 4.99e+00  [3038s]
step   6800  train 5.0205e-02  |g| 3.12e+01  [3080s]
step   6900  train 6.1794e-02  |g| 2.50e+01  [3122s]
step   7000  train 5.4124e-02  |g| 1.02e+01  [3165s]
step   7100  train 5.4515e-02  |g| 1.22e+01  [3213s]
step   7200  train 5.1112e-02  |g| 2.64e+01  [3258s]
step   7300  train 5.3609e-02  |g| 1.78e+01  [3300s]
step   7400  train 5.4316e-02  |g| 1.74e+01  [3342s]
step   7500  train 5.1007e-02  |g| 2.20e+01  [3384s]
step   7600  train 5.5154e-02  |g| 8.73e+00  [3427s]
step   7700  train 4.9532e-02  |g| 1.09e+01  [3473s]
step   7800  train 5.3460e-02  |g| 3.35e+01  [3522s]
step   7900  train 4.9726e-02  |g| 5.66e+00  [3570s]
step   8000  train 5.2565e-02  val 5.2084e-02  6d geo 1.002e-01 med 1.171e-01 p90 2.274e-01 (const 4.730e-02)  |g| 2.01e+01  [3613s]
           5d geo 1.128e-01 med 1.364e-01   postmu 6d geo 1.000e-01 med 1.185e-01 p90 2.321e-01   mu |dlog| 0.3714
           corr(identifiable)  mu=+0.73  D_div_mu=-0.03  T0_div_mu=+0.38  Ly=+0.49  op_x=-0.18  op_y=+0.23   mean spread/GT 0.38
           err share           mu=5%  D_div_mu=1%  T0_div_mu=1%  Ly=10%  op_x=46%  op_y=37%
step   8100  train 5.2766e-02  |g| 6.02e+00  [3662s]
step   8200  train 7.7210e-02  |g| 1.68e+01  [3721s]
step   8300  train 5.9820e-02  |g| 1.26e+01  [3804s]
step   8400  train 5.4499e-02  |g| 1.79e+01  [3883s]
step   8500  train 5.0360e-02  |g| 2.13e+01  [3938s]
step   8600  train 5.1827e-02  |g| 1.16e+01  [3980s]
step   8700  train 5.4392e-02  |g| 2.16e+01  [4022s]
step   8800  train 5.1086e-02  |g| 1.26e+01  [4063s]
step   8900  train 5.2884e-02  |g| 1.89e+01  [4106s]
step   9000  train 5.8179e-02  |g| 1.75e+01  [4155s]
step   9100  train 5.7085e-02  |g| 9.53e+00  [4196s]
step   9200  train 5.4634e-02  |g| 3.57e+00  [4238s]
step   9300  train 5.0622e-02  |g| 1.70e+01  [4280s]
step   9400  train 6.3006e-02  |g| 7.42e+01  [4321s]
step   9500  train 5.5546e-02  |g| 1.66e+01  [4363s]
step   9600  train 5.5107e-02  |g| 9.15e+00  [4404s]
step   9700  train 4.9966e-02  |g| 7.42e+00  [4446s]
step   9800  train 5.3590e-02  |g| 1.17e+01  [4487s]
step   9900  train 5.2859e-02  |g| 7.15e+00  [4529s]
step  10000  train 5.4868e-02  val 5.2337e-02  6d geo 8.156e-02 med 9.966e-02 p90 2.161e-01 (const 4.730e-02)  |g| 1.38e+01  [4576s]
           5d geo 9.062e-02 med 1.128e-01   postmu 6d geo 9.423e-02 med 1.097e-01 p90 2.446e-01   mu |dlog| 0.5609
           corr(identifiable)  mu=+0.72  D_div_mu=+0.43  T0_div_mu=+0.35  Ly=-0.34  op_x=+0.17  op_y=+0.11   mean spread/GT 0.62
           err share           mu=6%  D_div_mu=1%  T0_div_mu=4%  Ly=27%  op_x=44%  op_y=18%
step  10100  train 5.2740e-02  |g| 1.97e+01  [4622s]
step  10200  train 5.7354e-02  |g| 1.48e+01  [4667s]
step  10300  train 5.2476e-02  |g| 1.01e+01  [4708s]
step  10400  train 5.1073e-02  |g| 3.87e+00  [4750s]
step  10500  train 5.2843e-02  |g| 8.49e+00  [4791s]
step  10600  train 5.3653e-02  |g| 1.07e+01  [4833s]
step  10700  train 5.2438e-02  |g| 8.50e+00  [4874s]
step  10800  train 5.5029e-02  |g| 8.02e+00  [4916s]
step  10900  train 5.6497e-02  |g| 1.31e+01  [4958s]
step  11000  train 5.4716e-02  |g| 1.28e+01  [5000s]
step  11100  train 5.5564e-02  |g| 1.18e+01  [5041s]
step  11200  train 5.7112e-02  |g| 6.80e+00  [5083s]
step  11300  train 5.4802e-02  |g| 9.32e+00  [5125s]
step  11400  train 5.4684e-02  |g| 7.98e+00  [5166s]
step  11500  train 5.5120e-02  |g| 7.71e+00  [5208s]
step  11600  train 5.2633e-02  |g| 8.56e+00  [5250s]
step  11700  train 5.6787e-02  |g| 2.43e+01  [5291s]
step  11800  train 5.5654e-02  |g| 1.14e+01  [5333s]
step  11900  train 5.2678e-02  |g| 1.68e+01  [5374s]
step  12000  train 5.6852e-02  val 5.3010e-02  6d geo 1.117e-01 med 1.300e-01 p90 2.598e-01 (const 4.730e-02)  |g| 1.57e+01  [5416s]
           5d geo 1.250e-01 med 1.474e-01   postmu 6d geo 1.154e-01 med 1.329e-01 p90 2.680e-01   mu |dlog| 0.4483
           corr(identifiable)  mu=+0.72  D_div_mu=+0.32  T0_div_mu=+0.41  Ly=-0.16  op_x=+0.20  op_y=+0.11   mean spread/GT 0.43
           err share           mu=6%  D_div_mu=1%  T0_div_mu=3%  Ly=36%  op_x=41%  op_y=13%
step  12100  train 7.9456e-02  |g| 1.25e+01  [5461s]
step  12200  train 5.3486e-02  |g| 2.32e+01  [5503s]
step  12300  train 5.3865e-02  |g| 8.41e+00  [5544s]
step  12400  train 6.5499e-02  |g| 2.93e+01  [5586s]
step  12500  train 5.9454e-02  |g| 2.37e+01  [5628s]
step  12600  train 5.3699e-02  |g| 1.53e+01  [5669s]
step  12700  train 6.1654e-02  |g| 1.91e+01  [5711s]
step  12800  train 5.2165e-02  |g| 9.36e+00  [5753s]
step  12900  train 5.3796e-02  |g| 1.54e+01  [5794s]
step  13000  train 5.1967e-02  |g| 5.55e+00  [5836s]
step  13100  train 5.4628e-02  |g| 1.32e+01  [5878s]
step  13200  train 5.4207e-02  |g| 2.21e+01  [5919s]
step  13300  train 5.6755e-02  |g| 1.53e+01  [5961s]
step  13400  train 5.9114e-02  |g| 1.82e+01  [6004s]
step  13500  train 5.6183e-02  |g| 2.48e+01  [6082s]
step  13600  train 5.1508e-02  |g| 1.27e+01  [6134s]
step  13700  train 5.0552e-02  |g| 1.63e+01  [6176s]
step  13800  train 5.4033e-02  |g| 7.89e+00  [6218s]
step  13900  train 5.0100e-02  |g| 7.31e+00  [6262s]
step  14000  train 5.5771e-02  val 5.2581e-02  6d geo 8.191e-02 med 9.564e-02 p90 1.915e-01 (const 4.730e-02)  |g| 9.65e+00  [6305s]
           5d geo 9.224e-02 med 1.097e-01   postmu 6d geo 8.668e-02 med 1.002e-01 p90 2.017e-01   mu |dlog| 0.4625
           corr(identifiable)  mu=+0.72  D_div_mu=+0.19  T0_div_mu=+0.38  Ly=+0.43  op_x=-0.24  op_y=+0.06   mean spread/GT 0.36
           err share           mu=6%  D_div_mu=1%  T0_div_mu=1%  Ly=49%  op_x=20%  op_y=22%
step  14100  train 5.3426e-02  |g| 1.17e+01  [6352s]
step  14200  train 5.5685e-02  |g| 1.53e+01  [6394s]
step  14300  train 4.8824e-02  |g| 8.61e+00  [6436s]
step  14400  train 5.2569e-02  |g| 8.80e+00  [6480s]
step  14500  train 5.2624e-02  |g| 1.42e+01  [6529s]
step  14600  train 5.4784e-02  |g| 2.70e+01  [6572s]
step  14700  train 5.3866e-02  |g| 7.66e+00  [6614s]
step  14800  train 5.3995e-02  |g| 6.84e+00  [6655s]
step  14900  train 5.5548e-02  |g| 7.13e+00  [6697s]
step  15000  train 5.0514e-02  |g| 8.68e+00  [6738s]
step  15100  train 5.4842e-02  |g| 1.15e+01  [6780s]
step  15200  train 5.1385e-02  |g| 4.07e+00  [6822s]
step  15300  train 5.3859e-02  |g| 7.67e+00  [6863s]
step  15400  train 4.9273e-02  |g| 2.37e+01  [6905s]
step  15500  train 5.1168e-02  |g| 9.65e+00  [6946s]
step  15600  train 5.2606e-02  |g| 1.37e+01  [6988s]
step  15700  train 5.4900e-02  |g| 1.79e+01  [7029s]
step  15800  train 5.3757e-02  |g| 9.57e+00  [7071s]
step  15900  train 4.9496e-02  |g| 7.58e+00  [7113s]
step  16000  train 5.3959e-02  val 5.1658e-02  6d geo 7.151e-02 med 7.660e-02 p90 1.766e-01 (const 4.730e-02)  |g| 6.53e+00  [7154s]
           5d geo 8.066e-02 med 8.839e-02   postmu 6d geo 7.769e-02 med 8.624e-02 p90 1.851e-01   mu |dlog| 0.4838
           corr(identifiable)  mu=+0.73  D_div_mu=+0.20  T0_div_mu=+0.43  Ly=+0.19  op_x=-0.19  op_y=+0.09   mean spread/GT 0.39
           err share           mu=7%  D_div_mu=2%  T0_div_mu=1%  Ly=57%  op_x=19%  op_y=15%
step  16100  train 5.0941e-02  |g| 1.79e+01  [7199s]
step  16200  train 5.3950e-02  |g| 8.94e+00  [7240s]
step  16300  train 5.1870e-02  |g| 6.38e+00  [7282s]
step  16400  train 5.3074e-02  |g| 7.01e+00  [7324s]
step  16500  train 5.3925e-02  |g| 1.98e+01  [7365s]
step  16600  train 5.6225e-02  |g| 6.25e+00  [7406s]
step  16700  train 5.4058e-02  |g| 7.59e+00  [7448s]
step  16800  train 5.3066e-02  |g| 8.64e+00  [7489s]
step  16900  train 5.6537e-02  |g| 2.02e+01  [7531s]
step  17000  train 5.2885e-02  |g| 1.16e+01  [7574s]
step  17100  train 5.3397e-02  |g| 1.19e+01  [7618s]
step  17200  train 5.2621e-02  |g| 8.54e+00  [7659s]
step  17300  train 5.1082e-02  |g| 5.67e+00  [7700s]
step  17400  train 5.0113e-02  |g| 7.28e+00  [7742s]
step  17500  train 4.9724e-02  |g| 9.56e+00  [7785s]
step  17600  train 5.6807e-02  |g| 6.16e+00  [7828s]
step  17700  train 5.6073e-02  |g| 5.15e+00  [7870s]
step  17800  train 4.9724e-02  |g| 7.26e+00  [7911s]
step  17900  train 5.3055e-02  |g| 7.27e+00  [7953s]
step  18000  train 5.4997e-02  val 5.3153e-02  6d geo 7.831e-02 med 8.556e-02 p90 1.875e-01 (const 4.730e-02)  |g| 7.87e+00  [7995s]
           5d geo 8.317e-02 med 9.130e-02   postmu 6d geo 7.856e-02 med 8.924e-02 p90 1.840e-01   mu |dlog| 0.7055
           corr(identifiable)  mu=+0.68  D_div_mu=+0.16  T0_div_mu=+0.40  Ly=-0.43  op_x=-0.06  op_y=+0.07   mean spread/GT 0.37
           err share           mu=11%  D_div_mu=1%  T0_div_mu=1%  Ly=53%  op_x=17%  op_y=16%
step  18100  train 4.8273e-02  |g| 1.63e+01  [8041s]
step  18200  train 4.9126e-02  |g| 6.43e+00  [8082s]
step  18300  train 4.8282e-02  |g| 5.28e+00  [8124s]
step  18400  train 5.0575e-02  |g| 9.02e+00  [8165s]
step  18500  train 4.9724e-02  |g| 7.78e+00  [8207s]
step  18600  train 5.1533e-02  |g| 1.03e+01  [8248s]
step  18700  train 4.9909e-02  |g| 2.44e+00  [8290s]
step  18800  train 5.3713e-02  |g| 7.16e+00  [8331s]
step  18900  train 5.3082e-02  |g| 1.24e+01  [8372s]
step  19000  train 5.3485e-02  |g| 8.61e+00  [8413s]
step  19100  train 5.2160e-02  |g| 7.23e+00  [8455s]
step  19200  train 4.7987e-02  |g| 5.38e+00  [8496s]
step  19300  train 5.4913e-02  |g| 8.71e+00  [8539s]
step  19400  train 5.8617e-02  |g| 1.06e+01  [8580s]
step  19500  train 5.2160e-02  |g| 1.04e+01  [8622s]
step  19600  train 4.8639e-02  |g| 7.00e+00  [8664s]
step  19700  train 5.0396e-02  |g| 4.98e+00  [8705s]
step  19800  train 5.4163e-02  |g| 1.08e+01  [8746s]
step  19900  train 5.2661e-02  |g| 6.37e+00  [8788s]
step  20000  train 5.1765e-02  val 5.1670e-02  6d geo 7.350e-02 med 8.143e-02 p90 1.823e-01 (const 4.730e-02)  |g| 7.68e+00  [8829s]
           5d geo 8.260e-02 med 9.411e-02   postmu 6d geo 8.138e-02 med 9.376e-02 p90 1.922e-01   mu |dlog| 0.5056
           corr(identifiable)  mu=+0.73  D_div_mu=+0.22  T0_div_mu=+0.38  Ly=-0.34  op_x=-0.08  op_y=+0.07   mean spread/GT 0.37
           err share           mu=6%  D_div_mu=2%  T0_div_mu=2%  Ly=56%  op_x=17%  op_y=18%
step  20100  train 5.2700e-02  |g| 8.62e+00  [8874s]
step  20200  train 5.2482e-02  |g| 6.96e+00  [8915s]
step  20300  train 5.0887e-02  |g| 3.69e+00  [8956s]
step  20400  train 5.1785e-02  |g| 8.63e+00  [8998s]
step  20500  train 5.3089e-02  |g| 1.82e+00  [9039s]
step  20600  train 5.3216e-02  |g| 6.50e+00  [9080s]
step  20700  train 5.2267e-02  |g| 5.85e+00  [9122s]
step  20800  train 4.9516e-02  |g| 9.01e+00  [9163s]
step  20900  train 4.9790e-02  |g| 1.02e+01  [9205s]
step  21000  train 4.9053e-02  |g| 4.58e+00  [9246s]
step  21100  train 4.9830e-02  |g| 1.08e+01  [9287s]
step  21200  train 5.3675e-02  |g| 5.05e+00  [9329s]
step  21300  train 5.0212e-02  |g| 5.34e+00  [9370s]
step  21400  train 4.8316e-02  |g| 4.33e+00  [9412s]
step  21500  train 5.1186e-02  |g| 9.55e+00  [9453s]
step  21600  train 4.9010e-02  |g| 6.08e+00  [9495s]
step  21700  train 5.4076e-02  |g| 1.30e+01  [9536s]
step  21800  train 4.7892e-02  |g| 1.43e+01  [9578s]
step  21900  train 4.9273e-02  |g| 7.21e+00  [9619s]
step  22000  train 5.2027e-02  val 5.1207e-02  6d geo 7.253e-02 med 8.146e-02 p90 1.805e-01 (const 4.730e-02)  |g| 3.63e+00  [9661s]
           5d geo 8.128e-02 med 8.978e-02   postmu 6d geo 8.327e-02 med 9.486e-02 p90 1.907e-01   mu |dlog| 0.4940
           corr(identifiable)  mu=+0.72  D_div_mu=+0.28  T0_div_mu=+0.37  Ly=+0.41  op_x=+0.12  op_y=+0.10   mean spread/GT 0.36
           err share           mu=6%  D_div_mu=2%  T0_div_mu=2%  Ly=57%  op_x=17%  op_y=16%
step  22100  train 4.9661e-02  |g| 1.28e+01  [9706s]
step  22200  train 5.1827e-02  |g| 4.53e+00  [9747s]
step  22300  train 4.9775e-02  |g| 6.40e+00  [9789s]
step  22400  train 5.2934e-02  |g| 4.48e+00  [9830s]
step  22500  train 5.0136e-02  |g| 1.37e+01  [9872s]
step  22600  train 5.4664e-02  |g| 8.94e+00  [9913s]
step  22700  train 5.1857e-02  |g| 9.03e+00  [9955s]
step  22800  train 4.9271e-02  |g| 6.01e+00  [9996s]
step  22900  train 5.2033e-02  |g| 1.16e+01  [10038s]
step  23000  train 4.8477e-02  |g| 6.82e+00  [10079s]
step  23100  train 5.2222e-02  |g| 5.42e+00  [10121s]
step  23200  train 5.3854e-02  |g| 1.16e+01  [10163s]
step  23300  train 4.9517e-02  |g| 4.53e+00  [10204s]
step  23400  train 4.9029e-02  |g| 8.56e+00  [10247s]
step  23500  train 5.4096e-02  |g| 5.18e+00  [10289s]
step  23600  train 5.3380e-02  |g| 1.38e+01  [10331s]
step  23700  train 4.9145e-02  |g| 2.87e+00  [10373s]
step  23800  train 5.1897e-02  |g| 6.23e+00  [10415s]
step  23900  train 4.9527e-02  |g| 5.28e+00  [10456s]
step  24000  train 5.2196e-02  val 5.1629e-02  6d geo 7.826e-02 med 9.024e-02 p90 1.851e-01 (const 4.730e-02)  |g| 5.38e+00  [10497s]
           5d geo 8.864e-02 med 1.025e-01   postmu 6d geo 8.731e-02 med 9.910e-02 p90 1.961e-01   mu |dlog| 0.4557
           corr(identifiable)  mu=+0.73  D_div_mu=+0.29  T0_div_mu=+0.33  Ly=-0.42  op_x=-0.14  op_y=+0.05   mean spread/GT 0.39
           err share           mu=6%  D_div_mu=2%  T0_div_mu=1%  Ly=53%  op_x=20%  op_y=18%
step  24100  train 5.4082e-02  |g| 1.92e+01  [10542s]
step  24200  train 4.9528e-02  |g| 3.28e+00  [10584s]
step  24300  train 4.9649e-02  |g| 3.51e+00  [10625s]
step  24400  train 4.9843e-02  |g| 7.80e+00  [10667s]
step  24500  train 5.1791e-02  |g| 8.50e+00  [10708s]
step  24600  train 5.3702e-02  |g| 1.18e+01  [10750s]
step  24700  train 4.8121e-02  |g| 5.18e+00  [10791s]
step  24800  train 5.4222e-02  |g| 6.79e+00  [10833s]
step  24900  train 4.9985e-02  |g| 5.58e+00  [10875s]
step  25000  train 5.0700e-02  |g| 1.05e+01  [10916s]
step  25100  train 5.1272e-02  |g| 1.10e+01  [10958s]
step  25200  train 5.8422e-02  |g| 2.61e+01  [11000s]
step  25300  train 5.1366e-02  |g| 8.05e+00  [11041s]
step  25400  train 5.2791e-02  |g| 5.90e+00  [11083s]
step  25500  train 5.2248e-02  |g| 8.44e+00  [11124s]
step  25600  train 5.0677e-02  |g| 4.60e+00  [11166s]
step  25700  train 4.9994e-02  |g| 8.38e+00  [11208s]
step  25800  train 5.1370e-02  |g| 6.20e+00  [11249s]
step  25900  train 5.2704e-02  |g| 7.84e+00  [11291s]
step  26000  train 5.0778e-02  val 5.2037e-02  6d geo 7.738e-02 med 8.852e-02 p90 1.850e-01 (const 4.730e-02)  |g| 4.71e+00  [11333s]
           5d geo 8.757e-02 med 9.951e-02   postmu 6d geo 9.036e-02 med 1.006e-01 p90 1.940e-01   mu |dlog| 0.4944
           corr(identifiable)  mu=+0.73  D_div_mu=+0.16  T0_div_mu=+0.05  Ly=+0.21  op_x=-0.16  op_y=+0.05   mean spread/GT 0.52
           err share           mu=6%  D_div_mu=2%  T0_div_mu=1%  Ly=54%  op_x=20%  op_y=17%
step  26100  train 5.4004e-02  |g| 1.40e+01  [11377s]
step  26200  train 5.2180e-02  |g| 7.85e+00  [11419s]
step  26300  train 5.0839e-02  |g| 7.46e+00  [11461s]
step  26400  train 4.8230e-02  |g| 3.47e+00  [11502s]
step  26500  train 5.4131e-02  |g| 1.36e+01  [11544s]
step  26600  train 4.9035e-02  |g| 1.41e+01  [11586s]
step  26700  train 5.2400e-02  |g| 1.13e+01  [11627s]
step  26800  train 5.1622e-02  |g| 6.20e+00  [11669s]
step  26900  train 5.0932e-02  |g| 9.50e+00  [11710s]
step  27000  train 4.9446e-02  |g| 1.15e+01  [11752s]
step  27100  train 5.1371e-02  |g| 1.01e+01  [11793s]
step  27200  train 5.0174e-02  |g| 5.62e+00  [11838s]
step  27300  train 5.7711e-02  |g| 8.88e+00  [11879s]
step  27400  train 5.5048e-02  |g| 6.03e+00  [11922s]
step  27500  train 5.1401e-02  |g| 6.67e+00  [11966s]
step  27600  train 5.2969e-02  |g| 9.83e+00  [12008s]
step  27700  train 5.2921e-02  |g| 7.17e+00  [12049s]
step  27800  train 5.2999e-02  |g| 5.22e+00  [12091s]
step  27900  train 5.1886e-02  |g| 1.04e+01  [12132s]
step  28000  train 5.5985e-02  val 5.3242e-02  6d geo 8.380e-02 med 9.826e-02 p90 2.060e-01 (const 4.730e-02)  |g| 6.83e+00  [12175s]
           5d geo 9.426e-02 med 1.127e-01   postmu 6d geo 8.724e-02 med 1.038e-01 p90 2.152e-01   mu |dlog| 0.4877
           corr(identifiable)  mu=+0.64  D_div_mu=+0.30  T0_div_mu=+0.32  Ly=+0.16  op_x=-0.18  op_y=+0.12   mean spread/GT 0.47
           err share           mu=6%  D_div_mu=2%  T0_div_mu=1%  Ly=48%  op_x=26%  op_y=17%
step  28100  train 5.2639e-02  |g| 1.04e+01  [12220s]
step  28200  train 5.2450e-02  |g| 1.63e+01  [12261s]
step  28300  train 5.1872e-02  |g| 8.04e+00  [12303s]
step  28400  train 5.4124e-02  |g| 9.40e+00  [12345s]
step  28500  train 5.7122e-02  |g| 1.26e+01  [12386s]
step  28600  train 5.2712e-02  |g| 6.39e+00  [12428s]
step  28700  train 4.9321e-02  |g| 6.40e+00  [12470s]
step  28800  train 4.8182e-02  |g| 7.27e+00  [12511s]
step  28900  train 5.2451e-02  |g| 8.57e+00  [12553s]
step  29000  train 5.0652e-02  |g| 1.06e+01  [12595s]
step  29100  train 5.3153e-02  |g| 1.01e+01  [12636s]
step  29200  train 4.9398e-02  |g| 5.18e+00  [12678s]
step  29300  train 5.6357e-02  |g| 1.66e+01  [12720s]
step  29400  train 4.9708e-02  |g| 4.99e+00  [12762s]
step  29500  train 5.0756e-02  |g| 1.17e+01  [12803s]
step  29600  train 4.9941e-02  |g| 6.19e+00  [12845s]
step  29700  train 5.3905e-02  |g| 6.33e+00  [12887s]
step  29800  train 5.2448e-02  |g| 8.84e+00  [12929s]
step  29900  train 5.0346e-02  |g| 9.32e+00  [12971s]
step  30000  train 5.3848e-02  val 5.4154e-02  6d geo 8.420e-02 med 9.682e-02 p90 2.094e-01 (const 4.730e-02)  |g| 4.98e+00  [13013s]
           5d geo 9.208e-02 med 1.082e-01   postmu 6d geo 8.906e-02 med 1.048e-01 p90 2.237e-01   mu |dlog| 0.5241
           corr(identifiable)  mu=+0.47  D_div_mu=+0.28  T0_div_mu=+0.02  Ly=-0.35  op_x=-0.29  op_y=+0.12   mean spread/GT 0.60
           err share           mu=9%  D_div_mu=2%  T0_div_mu=1%  Ly=46%  op_x=26%  op_y=16%
step  30100  train 5.1472e-02  |g| 6.26e+00  [13060s]
step  30200  train 4.9798e-02  |g| 4.27e+00  [13103s]
step  30300  train 5.2236e-02  |g| 1.06e+01  [13146s]
step  30400  train 4.9979e-02  |g| 9.15e+00  [13189s]
step  30500  train 5.2457e-02  |g| 5.29e+00  [13232s]
step  30600  train 5.3501e-02  |g| 4.32e+00  [13275s]
step  30700  train 5.1739e-02  |g| 5.47e+00  [13320s]
step  30800  train 5.3867e-02  |g| 4.09e+00  [13364s]
step  30900  train 5.1392e-02  |g| 4.02e+00  [13407s]
step  31000  train 5.4978e-02  |g| 8.34e+00  [13451s]
step  31100  train 5.4301e-02  |g| 5.21e+00  [13495s]
step  31200  train 5.3072e-02  |g| 4.96e+00  [13539s]
step  31300  train 5.0147e-02  |g| 7.61e+00  [13583s]
step  31400  train 5.2765e-02  |g| 4.96e+00  [13626s]
step  31500  train 5.1921e-02  |g| 9.33e+00  [13668s]
step  31600  train 5.1083e-02  |g| 3.56e+00  [13709s]
step  31700  train 4.9862e-02  |g| 7.19e+00  [13751s]
step  31800  train 5.1947e-02  |g| 5.05e+00  [13793s]
step  31900  train 5.2539e-02  |g| 1.09e+01  [13835s]
step  32000  train 5.3779e-02  val 5.1023e-02  6d geo 7.390e-02 med 8.279e-02 p90 1.899e-01 (const 4.730e-02)  |g| 7.18e+00  [13877s]
           5d geo 8.265e-02 med 9.232e-02   postmu 6d geo 7.500e-02 med 8.500e-02 p90 1.876e-01   mu |dlog| 0.4536
           corr(identifiable)  mu=+0.73  D_div_mu=+0.38  T0_div_mu=+0.37  Ly=+0.13  op_x=-0.27  op_y=+0.14   mean spread/GT 0.46
           err share           mu=8%  D_div_mu=1%  T0_div_mu=1%  Ly=54%  op_x=21%  op_y=15%
step  32100  train 4.9984e-02  |g| 1.00e+01  [13922s]
step  32200  train 5.0753e-02  |g| 7.50e+00  [13964s]
step  32300  train 5.4046e-02  |g| 6.87e+00  [14005s]
step  32400  train 4.9048e-02  |g| 1.34e+01  [14047s]
step  32500  train 5.2264e-02  |g| 6.11e+00  [14088s]
step  32600  train 4.9974e-02  |g| 5.44e+00  [14130s]
step  32700  train 5.0544e-02  |g| 5.40e+00  [14172s]
step  32800  train 4.9787e-02  |g| 6.01e+00  [14213s]
step  32900  train 4.9036e-02  |g| 3.79e+00  [14254s]
step  33000  train 4.9228e-02  |g| 4.24e+00  [14296s]
step  33100  train 5.5358e-02  |g| 3.57e+00  [14337s]
step  33200  train 4.8415e-02  |g| 4.01e+00  [14379s]
step  33300  train 4.9787e-02  |g| 1.05e+01  [14420s]
step  33400  train 5.0360e-02  |g| 6.80e+00  [14462s]
step  33500  train 5.2621e-02  |g| 6.59e+00  [14503s]
step  33600  train 5.7399e-02  |g| 1.87e+01  [14545s]
step  33700  train 5.0818e-02  |g| 6.46e+00  [14586s]
step  33800  train 5.1405e-02  |g| 5.92e+00  [14628s]
step  33900  train 5.3673e-02  |g| 1.40e+01  [14669s]
step  34000  train 4.8289e-02  val 5.0389e-02  6d geo 7.320e-02 med 8.146e-02 p90 1.871e-01 (const 4.730e-02)  |g| 1.05e+01  [14711s]
           5d geo 8.327e-02 med 9.401e-02   postmu 6d geo 7.975e-02 med 9.013e-02 p90 1.934e-01   mu |dlog| 0.4615
           corr(identifiable)  mu=+0.72  D_div_mu=+0.26  T0_div_mu=+0.37  Ly=+0.24  op_x=-0.35  op_y=+0.12   mean spread/GT 0.47
           err share           mu=6%  D_div_mu=2%  T0_div_mu=1%  Ly=55%  op_x=22%  op_y=15%
step  34100  train 5.0889e-02  |g| 5.60e+00  [14755s]
step  34200  train 5.1163e-02  |g| 3.59e+00  [14797s]
step  34300  train 4.9492e-02  |g| 8.52e+00  [14838s]
step  34400  train 4.8157e-02  |g| 1.38e+01  [14880s]
step  34500  train 5.4435e-02  |g| 8.71e+00  [14921s]
step  34600  train 4.9373e-02  |g| 6.53e+00  [14963s]
step  34700  train 4.8755e-02  |g| 4.60e+00  [15005s]
step  34800  train 5.2957e-02  |g| 6.82e+00  [15047s]
step  34900  train 5.3488e-02  |g| 1.34e+01  [15089s]
step  35000  train 5.1650e-02  |g| 1.22e+01  [15131s]
step  35100  train 5.0834e-02  |g| 4.86e+00  [15173s]
step  35200  train 5.0606e-02  |g| 1.22e+01  [15215s]
step  35300  train 5.1700e-02  |g| 1.02e+01  [15256s]
step  35400  train 5.2400e-02  |g| 5.46e+00  [15298s]
step  35500  train 5.2526e-02  |g| 1.37e+01  [15339s]
step  35600  train 4.9657e-02  |g| 1.46e+01  [15381s]
step  35700  train 5.0653e-02  |g| 1.10e+01  [15422s]
step  35800  train 5.1551e-02  |g| 6.23e+00  [15464s]
step  35900  train 4.8289e-02  |g| 3.69e+00  [15506s]
step  36000  train 5.3394e-02  val 5.0385e-02  6d geo 7.221e-02 med 8.001e-02 p90 1.815e-01 (const 4.730e-02)  |g| 3.69e+00  [15547s]
           5d geo 8.130e-02 med 9.252e-02   postmu 6d geo 7.678e-02 med 8.676e-02 p90 1.867e-01   mu |dlog| 0.4506
           corr(identifiable)  mu=+0.72  D_div_mu=+0.34  T0_div_mu=+0.33  Ly=-0.03  op_x=+0.08  op_y=+0.13   mean spread/GT 0.49
           err share           mu=7%  D_div_mu=2%  T0_div_mu=1%  Ly=56%  op_x=19%  op_y=16%
step  36100  train 5.1791e-02  |g| 5.31e+00  [15591s]
step  36200  train 5.4671e-02  |g| 5.79e+00  [15633s]
step  36300  train 5.4842e-02  |g| 1.11e+01  [15674s]
step  36400  train 4.9561e-02  |g| 4.14e+00  [15716s]
step  36500  train 5.0917e-02  |g| 7.45e+00  [15757s]
step  36600  train 4.9888e-02  |g| 5.62e+00  [15799s]
step  36700  train 4.8814e-02  |g| 2.87e+00  [15840s]
step  36800  train 4.8997e-02  |g| 5.01e+00  [15882s]
step  36900  train 5.0601e-02  |g| 9.85e+00  [15923s]
step  37000  train 5.1579e-02  |g| 7.77e+00  [15965s]
step  37100  train 4.8739e-02  |g| 9.70e+00  [16006s]
step  37200  train 4.8420e-02  |g| 7.59e+00  [16048s]
step  37300  train 4.8830e-02  |g| 5.87e+00  [16089s]
step  37400  train 5.1178e-02  |g| 3.44e+00  [16130s]
step  37500  train 5.0799e-02  |g| 7.38e+00  [16172s]
step  37600  train 4.9256e-02  |g| 7.84e+00  [16213s]
step  37700  train 4.8154e-02  |g| 2.80e+00  [16254s]
step  37800  train 4.8009e-02  |g| 1.10e+01  [16296s]
step  37900  train 4.6484e-02  |g| 8.44e+00  [16337s]
step  38000  train 5.3849e-02  val 5.0190e-02  6d geo 7.184e-02 med 7.902e-02 p90 1.812e-01 (const 4.730e-02)  |g| 7.32e+00  [16379s]
           5d geo 8.153e-02 med 9.261e-02   postmu 6d geo 7.841e-02 med 8.966e-02 p90 1.896e-01   mu |dlog| 0.4615
           corr(identifiable)  mu=+0.73  D_div_mu=+0.17  T0_div_mu=+0.41  Ly=+0.34  op_x=-0.19  op_y=+0.12   mean spread/GT 0.45
           err share           mu=6%  D_div_mu=2%  T0_div_mu=1%  Ly=57%  op_x=20%  op_y=15%
step  38100  train 5.2034e-02  |g| 8.15e+00  [16423s]
step  38200  train 5.0737e-02  |g| 9.69e+00  [16465s]
step  38300  train 5.2758e-02  |g| 3.68e+00  [16506s]
step  38400  train 4.7620e-02  |g| 4.45e+00  [16548s]
step  38500  train 4.8508e-02  |g| 1.26e+01  [16589s]
step  38600  train 4.9171e-02  |g| 6.03e+00  [16631s]
step  38700  train 5.0894e-02  |g| 1.24e+01  [16672s]
step  38800  train 5.0681e-02  |g| 5.38e+00  [16714s]
step  38900  train 5.2342e-02  |g| 6.13e+00  [16755s]
step  39000  train 5.0355e-02  |g| 6.45e+00  [16797s]
step  39100  train 4.9753e-02  |g| 7.93e+00  [16838s]
step  39200  train 4.7394e-02  |g| 2.12e+00  [16880s]
step  39300  train 5.0033e-02  |g| 3.31e+00  [16921s]
step  39400  train 4.5833e-02  |g| 7.72e+00  [16962s]
step  39500  train 5.3121e-02  |g| 5.51e+00  [17004s]
step  39600  train 5.0714e-02  |g| 6.28e+00  [17045s]
step  39700  train 5.0092e-02  |g| 9.17e+00  [17086s]
step  39800  train 4.9430e-02  |g| 5.81e+00  [17128s]
step  39900  train 5.0532e-02  |g| 6.33e+00  [17169s]
step  40000  train 4.8674e-02  val 5.0080e-02  6d geo 7.171e-02 med 7.890e-02 p90 1.805e-01 (const 4.730e-02)  |g| 2.26e+00  [17211s]
           5d geo 8.142e-02 med 9.215e-02   postmu 6d geo 7.871e-02 med 8.965e-02 p90 1.900e-01   mu |dlog| 0.4739
           corr(identifiable)  mu=+0.73  D_div_mu=+0.18  T0_div_mu=+0.41  Ly=+0.38  op_x=-0.20  op_y=+0.12   mean spread/GT 0.45
           err share           mu=6%  D_div_mu=2%  T0_div_mu=1%  Ly=57%  op_x=20%  op_y=15%
best val_nmse_6d_postmu_geo 4.9654e-02 (encoder_best.pt)

Done. Outputs written to /home/bhpark3/dafx_ddsp/results/ddsp/eps_ladder_adam1e8/L1_STFT_eps1
