Device cuda | loss L1_STFT_eps1e7 | duration 0.25s
Loading train targets from data/train-p99
Loading val targets from data/val-p99
  98304 train / 996 val in 43s   train tensor 4.34 GB
  training set held in host memory; batches transferred per step
reference levels:  gt_loss 0.0000e+00   saturation (unrelated IRs) 1.5265e+00
constant-predictor NMSE: 6d 4.730e-02  7d 7.959e-02  (the floor to beat)
training loss stuck near saturation = gradient uninformative; well below = learning

encoder: 3.74M params, width 32

loss scale (fixed): 1.1891e+00
step      1  train 1.1891e+00  val 1.3106e+00  6d geo 4.283e-02 med 4.750e-02 p90 8.157e-02 (const 4.730e-02)  |g| 4.57e+02  [1s]
           5d geo 4.206e-02 med 4.849e-02   postmu 6d geo 4.304e-02 med 4.719e-02 p90 9.398e-02   mu |dlog| 0.4442
           WARNING: prediction spread 0.000 of ground truth -- the output has collapsed to a constant (saturated tanh); lower --lr or raise --warmup-steps and restart
           corr(identifiable)  mu=-0.37  D_div_mu=+0.15  T0_div_mu=-0.01  Ly=-0.01  op_x=-0.48  op_y=-0.27   mean spread/GT 0.00
           err share           mu=16%  D_div_mu=3%  T0_div_mu=2%  Ly=26%  op_x=28%  op_y=26%
step    100  train 1.2695e+00  |g| 3.53e+02  [45s]
step    200  train 1.2501e+00  |g| 2.57e+02  [86s]
step    300  train 1.3021e+00  |g| 2.19e+02  [135s]
step    400  train 1.3783e+00  |g| 1.30e+02  [180s]
step    500  train 1.2901e+00  |g| 2.46e+02  [224s]
step    600  train 1.1382e+00  |g| 4.12e+02  [265s]
step    700  train 1.3195e+00  |g| 2.76e+02  [309s]
step    800  train 1.2845e+00  |g| 2.24e+02  [372s]
step    900  train 1.5282e+00  |g| 4.81e+02  [414s]
step   1000  train 1.1934e+00  |g| 2.05e+02  [471s]
step   1100  train 1.4856e+00  |g| 3.19e+02  [528s]
step   1200  train 1.4144e+00  |g| 4.77e+02  [577s]
step   1300  train 1.6055e+00  |g| 3.65e+02  [619s]
step   1400  train 1.5236e+00  |g| 5.82e+02  [665s]
step   1500  train 1.5697e+00  |g| 6.71e+01  [736s]
step   1600  train 1.4873e+00  |g| 1.09e+00  [872s]
step   1700  train 1.3905e+00  |g| 2.03e+00  [1008s]
step   1800  train 1.3843e+00  |g| 2.42e+01  [1145s]
step   1900  train 1.2724e+00  |g| 6.05e+01  [1281s]
step   2000  train 1.3974e+00  val 1.3760e+00  6d geo 3.023e-01 med 3.116e-01 p90 4.325e-01 (const 4.730e-02)  |g| 1.31e+02  [1417s]
           5d geo 3.444e-01 med 3.540e-01   postmu 6d geo 2.938e-01 med 3.003e-01 p90 4.214e-01   mu |dlog| 0.4067
           WARNING: prediction spread 0.029 of ground truth -- the output has collapsed to a constant (saturated tanh); lower --lr or raise --warmup-steps and restart
           corr(identifiable)  mu=-0.49  D_div_mu=+0.44  T0_div_mu=-0.29  Ly=-0.35  op_x=+0.14  op_y=-0.00   mean spread/GT 0.03
           err share           mu=5%  D_div_mu=46%  T0_div_mu=1%  Ly=18%  op_x=13%  op_y=17%
step   2100  train 1.3709e+00  |g| 1.09e+02  [1562s]
step   2200  train 1.3138e+00  |g| 9.04e+00  [1699s]
step   2300  train 1.6509e+00  |g| 4.82e+00  [1835s]
step   2400  train 1.6103e+00  |g| 3.97e+01  [1971s]
step   2500  train 1.4284e+00  |g| 3.18e+01  [2107s]
step   2600  train 1.5593e+00  |g| 7.42e+00  [2244s]
step   2700  train 1.4074e+00  |g| 3.92e+01  [2380s]
step   2800  train 1.4687e+00  |g| 4.38e+01  [2516s]
step   2900  train 1.4707e+00  |g| 3.32e+01  [2653s]
step   3000  train 1.4044e+00  |g| 7.82e+01  [2789s]
step   3100  train 1.4330e+00  |g| 4.91e+01  [2925s]
step   3200  train 1.3515e+00  |g| 8.83e+01  [3062s]
step   3300  train 1.4173e+00  |g| 2.42e+01  [3198s]
step   3400  train 1.4538e+00  |g| 6.69e+01  [3334s]
step   3500  train 1.3515e+00  |g| 4.96e+01  [3471s]
step   3600  train 1.4588e+00  |g| 2.15e+01  [3607s]
step   3700  train 1.5080e+00  |g| 4.48e+01  [3743s]
step   3800  train 1.5254e+00  |g| 3.15e+01  [3879s]
step   3900  train 1.3552e+00  |g| 6.96e+00  [4016s]
step   4000  train 1.3292e+00  val 1.4364e+00  6d geo 3.143e-01 med 3.231e-01 p90 4.459e-01 (const 4.730e-02)  |g| 3.33e+01  [4152s]
           5d geo 3.582e-01 med 3.707e-01   postmu 6d geo 3.230e-01 med 3.347e-01 p90 4.714e-01   mu |dlog| 0.6665
           corr(identifiable)  mu=-0.46  D_div_mu=+0.21  T0_div_mu=-0.23  Ly=-0.26  op_x=-0.16  op_y=-0.03   mean spread/GT 0.09
           err share           mu=5%  D_div_mu=44%  T0_div_mu=1%  Ly=17%  op_x=16%  op_y=17%
step   4100  train 1.6292e+00  |g| 1.77e+01  [4298s]
step   4200  train 1.4311e+00  |g| 1.18e+01  [4434s]
step   4300  train 1.4263e+00  |g| 2.91e+00  [4570s]
step   4400  train 1.4159e+00  |g| 5.98e+01  [4705s]
step   4500  train 1.4532e+00  |g| 6.32e+01  [4841s]
step   4600  train 1.4559e+00  |g| 2.28e+01  [4978s]
step   4700  train 1.4093e+00  |g| 9.06e+00  [5114s]
step   4800  train 1.3978e+00  |g| 1.35e+01  [5251s]
step   4900  train 1.5332e+00  |g| 1.77e+01  [5387s]
step   5000  train 1.4878e+00  |g| 8.13e+01  [5523s]
step   5100  train 1.4254e+00  |g| 2.78e+01  [5660s]
step   5200  train 1.4610e+00  |g| 5.74e+01  [5796s]
step   5300  train 1.3978e+00  |g| 3.36e+01  [5932s]
step   5400  train 1.4395e+00  |g| 1.71e+01  [6069s]
step   5500  train 1.3396e+00  |g| 6.04e+00  [6205s]
step   5600  train 1.4243e+00  |g| 1.90e+01  [6342s]
step   5700  train 1.4551e+00  |g| 1.08e+02  [6478s]
step   5800  train 1.3598e+00  |g| 3.43e+01  [6614s]
step   5900  train 1.4704e+00  |g| 4.05e+01  [6751s]
step   6000  train 1.4452e+00  val 1.4660e+00  6d geo 3.151e-01 med 3.236e-01 p90 4.468e-01 (const 4.730e-02)  |g| 4.60e+01  [6887s]
           5d geo 3.592e-01 med 3.715e-01   postmu 6d geo 3.236e-01 med 3.354e-01 p90 4.725e-01   mu |dlog| 0.6602
           corr(identifiable)  mu=-0.46  D_div_mu=+0.19  T0_div_mu=-0.21  Ly=-0.27  op_x=-0.01  op_y=-0.04   mean spread/GT 0.09
           err share           mu=5%  D_div_mu=44%  T0_div_mu=1%  Ly=17%  op_x=16%  op_y=17%
step   6100  train 1.5790e+00  |g| 4.94e+01  [7032s]
step   6200  train 1.3720e+00  |g| 8.12e+01  [7169s]
step   6300  train 1.3909e+00  |g| 3.91e+01  [7305s]
step   6400  train 1.4405e+00  |g| 4.33e+01  [7441s]
step   6500  train 1.5177e+00  |g| 3.97e+01  [7578s]
step   6600  train 1.5525e+00  |g| 3.45e+01  [7714s]
step   6700  train 1.3675e+00  |g| 2.04e+01  [7851s]
step   6800  train 1.5180e+00  |g| 5.61e+01  [7987s]
step   6900  train 1.3855e+00  |g| 4.66e+01  [8123s]
step   7000  train 1.4615e+00  |g| 1.01e+01  [8259s]
step   7100  train 1.4726e+00  |g| 3.20e+01  [8396s]
step   7200  train 1.5047e+00  |g| 1.70e+01  [8532s]
step   7300  train 1.3257e+00  |g| 4.85e+01  [8668s]
step   7400  train 1.4462e+00  |g| 3.99e+01  [8805s]
step   7500  train 1.3843e+00  |g| 2.19e+01  [8941s]
step   7600  train 1.4047e+00  |g| 9.12e+01  [9077s]
step   7700  train 1.4094e+00  |g| 8.07e+01  [9213s]
step   7800  train 1.5056e+00  |g| 6.91e+00  [9350s]
step   7900  train 1.4458e+00  |g| 1.36e+01  [9486s]
step   8000  train 1.4433e+00  val 1.4437e+00  6d geo 3.146e-01 med 3.233e-01 p90 4.466e-01 (const 4.730e-02)  |g| 6.87e+01  [9622s]
           5d geo 3.586e-01 med 3.707e-01   postmu 6d geo 3.233e-01 med 3.351e-01 p90 4.719e-01   mu |dlog| 0.6686
           corr(identifiable)  mu=-0.42  D_div_mu=+0.20  T0_div_mu=-0.22  Ly=-0.27  op_x=-0.19  op_y=-0.08   mean spread/GT 0.13
           err share           mu=5%  D_div_mu=44%  T0_div_mu=1%  Ly=17%  op_x=16%  op_y=17%
step   8100  train 1.4339e+00  |g| 6.74e+01  [9768s]
step   8200  train 1.6607e+00  |g| 1.74e+01  [9904s]
step   8300  train 1.4765e+00  |g| 7.62e+01  [10041s]
step   8400  train 1.5308e+00  |g| 9.49e+00  [10177s]
step   8500  train 1.4931e+00  |g| 1.04e+01  [10313s]
step   8600  train 1.4123e+00  |g| 1.73e+01  [10450s]
step   8700  train 1.4217e+00  |g| 2.38e+01  [10586s]
step   8800  train 1.4146e+00  |g| 4.89e+01  [10723s]
step   8900  train 1.4308e+00  |g| 4.64e+01  [10859s]
step   9000  train 1.5172e+00  |g| 1.65e+01  [10995s]
step   9100  train 1.3262e+00  |g| 3.63e+01  [11132s]
step   9200  train 1.4419e+00  |g| 5.57e+01  [11268s]
step   9300  train 1.5174e+00  |g| 3.01e+01  [11404s]
step   9400  train 1.3666e+00  |g| 2.47e+01  [11541s]
step   9500  train 1.4321e+00  |g| 1.72e+01  [11677s]
step   9600  train 1.3566e+00  |g| 3.64e+01  [11813s]
step   9700  train 1.4151e+00  |g| 2.00e+01  [11950s]
step   9800  train 1.3509e+00  |g| 1.08e+01  [12086s]
step   9900  train 1.5113e+00  |g| 3.49e+01  [12223s]
step  10000  train 1.5084e+00  val 1.4515e+00  6d geo 3.145e-01 med 3.232e-01 p90 4.458e-01 (const 4.730e-02)  |g| 2.41e+01  [12359s]
           5d geo 3.584e-01 med 3.710e-01   postmu 6d geo 3.232e-01 med 3.351e-01 p90 4.709e-01   mu |dlog| 0.6648
           corr(identifiable)  mu=-0.45  D_div_mu=+0.19  T0_div_mu=-0.17  Ly=-0.33  op_x=+0.00  op_y=-0.04   mean spread/GT 0.09
           err share           mu=5%  D_div_mu=44%  T0_div_mu=1%  Ly=17%  op_x=16%  op_y=17%
step  10100  train 1.4250e+00  |g| 1.63e+01  [12505s]
step  10200  train 1.3970e+00  |g| 5.33e+01  [12641s]
step  10300  train 1.5271e+00  |g| 1.02e+01  [12777s]
step  10400  train 1.4219e+00  |g| 5.90e+01  [12914s]
step  10500  train 1.3727e+00  |g| 1.18e+01  [13050s]
step  10600  train 1.3967e+00  |g| 7.16e+01  [13187s]
step  10700  train 1.3769e+00  |g| 8.63e+01  [13323s]
step  10800  train 1.4656e+00  |g| 7.44e+01  [13459s]
step  10900  train 1.4130e+00  |g| 7.23e+01  [13596s]
step  11000  train 1.4576e+00  |g| 4.40e+01  [13732s]
step  11100  train 1.3555e+00  |g| 4.31e+01  [13869s]
step  11200  train 1.4428e+00  |g| 3.19e+01  [14005s]
step  11300  train 1.4101e+00  |g| 1.66e+01  [14141s]
step  11400  train 1.4215e+00  |g| 2.91e+01  [14278s]
step  11500  train 1.6113e+00  |g| 6.09e+01  [14414s]
step  11600  train 1.4748e+00  |g| 6.28e+00  [14551s]
step  11700  train 1.4243e+00  |g| 7.99e+00  [14687s]
step  11800  train 1.7639e+00  |g| 5.73e-01  [14823s]
step  11900  train 1.4083e+00  |g| 2.50e+01  [14960s]
step  12000  train 1.7082e+00  val 1.6524e+00  6d geo 3.178e-01 med 3.263e-01 p90 4.490e-01 (const 4.730e-02)  |g| 1.28e+01  [15096s]
           5d geo 3.624e-01 med 3.743e-01   postmu 6d geo 3.258e-01 med 3.387e-01 p90 4.736e-01   mu |dlog| 0.6484
           corr(identifiable)  mu=+0.23  D_div_mu=-0.23  T0_div_mu=-0.25  Ly=+0.14  op_x=+0.41  op_y=+0.31   mean spread/GT 0.09
           err share           mu=5%  D_div_mu=44%  T0_div_mu=1%  Ly=17%  op_x=17%  op_y=17%
step  12100  train 1.5139e+00  |g| 2.84e+01  [15241s]
step  12200  train 1.4279e+00  |g| 5.42e+01  [15377s]
step  12300  train 1.5039e+00  |g| 9.02e+01  [15513s]
step  12400  train 1.5527e+00  |g| 6.76e+01  [15649s]
step  12500  train 1.6641e+00  |g| 3.20e+01  [15786s]
step  12600  train 1.4557e+00  |g| 3.02e+01  [15922s]
step  12700  train 1.3977e+00  |g| 2.02e+01  [16059s]
step  12800  train 1.4558e+00  |g| 6.41e+01  [16195s]
step  12900  train 1.4977e+00  |g| 2.75e+01  [16331s]
step  13000  train 1.4163e+00  |g| 2.92e+01  [16467s]
step  13100  train 1.4928e+00  |g| 4.01e+01  [16604s]
step  13200  train 1.4892e+00  |g| 4.22e+01  [16740s]
step  13300  train 1.4801e+00  |g| 6.01e+01  [16877s]
step  13400  train 1.4186e+00  |g| 1.54e+01  [17013s]
step  13500  train 1.4837e+00  |g| 6.93e+01  [17149s]
step  13600  train 1.3411e+00  |g| 3.51e+01  [17286s]
step  13700  train 1.4173e+00  |g| 8.12e+01  [17422s]
step  13800  train 1.3711e+00  |g| 3.39e+01  [17558s]
step  13900  train 1.3805e+00  |g| 9.91e+01  [17694s]
step  14000  train 1.5380e+00  val 1.4173e+00  6d geo 3.141e-01 med 3.226e-01 p90 4.449e-01 (const 4.730e-02)  |g| 5.20e+01  [17831s]
           5d geo 3.580e-01 med 3.703e-01   postmu 6d geo 3.228e-01 med 3.344e-01 p90 4.717e-01   mu |dlog| 0.6673
           corr(identifiable)  mu=-0.53  D_div_mu=+0.23  T0_div_mu=-0.22  Ly=+0.16  op_x=-0.13  op_y=-0.13   mean spread/GT 0.12
           err share           mu=5%  D_div_mu=44%  T0_div_mu=1%  Ly=17%  op_x=16%  op_y=17%
step  14100  train 1.3853e+00  |g| 9.83e+01  [17976s]
step  14200  train 1.4611e+00  |g| 1.32e+01  [18113s]
step  14300  train 1.3888e+00  |g| 9.47e+00  [18249s]
step  14400  train 1.4061e+00  |g| 7.91e+01  [18386s]
step  14500  train 1.3360e+00  |g| 5.93e+01  [18522s]
step  14600  train 1.3307e+00  |g| 1.50e+01  [18658s]
step  14700  train 1.4270e+00  |g| 3.87e+01  [18795s]
step  14800  train 1.4540e+00  |g| 2.23e+01  [18931s]
step  14900  train 1.4808e+00  |g| 5.59e+01  [19067s]
step  15000  train 1.3833e+00  |g| 1.20e+01  [19204s]
step  15100  train 1.3236e+00  |g| 5.83e+00  [19340s]
step  15200  train 1.4979e+00  |g| 1.71e+01  [19476s]
step  15300  train 1.3447e+00  |g| 2.43e+01  [19612s]
step  15400  train 1.4912e+00  |g| 1.35e+01  [19749s]
step  15500  train 1.4733e+00  |g| 9.96e+01  [19885s]
step  15600  train 1.4815e+00  |g| 2.64e+01  [20021s]
step  15700  train 1.5262e+00  |g| 6.50e+01  [20158s]
step  15800  train 1.5763e+00  |g| 1.96e+01  [20294s]
step  15900  train 1.4226e+00  |g| 2.92e+01  [20430s]
step  16000  train 1.5332e+00  val 1.4286e+00  6d geo 3.140e-01 med 3.225e-01 p90 4.450e-01 (const 4.730e-02)  |g| 1.07e+01  [20566s]
           5d geo 3.579e-01 med 3.703e-01   postmu 6d geo 3.227e-01 med 3.345e-01 p90 4.717e-01   mu |dlog| 0.6681
           corr(identifiable)  mu=-0.29  D_div_mu=+0.19  T0_div_mu=-0.20  Ly=+0.15  op_x=-0.13  op_y=-0.06   mean spread/GT 0.11
           err share           mu=5%  D_div_mu=44%  T0_div_mu=1%  Ly=17%  op_x=16%  op_y=17%
step  16100  train 1.4217e+00  |g| 7.08e+01  [20711s]
step  16200  train 1.4001e+00  |g| 1.43e+01  [20848s]
step  16300  train 1.2670e+00  |g| 8.17e+01  [20984s]
step  16400  train 1.3377e+00  |g| 7.17e+00  [21120s]
step  16500  train 1.4470e+00  |g| 7.33e+01  [21257s]
step  16600  train 1.4659e+00  |g| 9.77e+00  [21393s]
step  16700  train 1.4135e+00  |g| 7.96e+01  [21530s]
step  16800  train 1.4368e+00  |g| 7.24e+01  [21666s]
step  16900  train 1.4852e+00  |g| 9.96e+00  [21802s]
step  17000  train 1.3559e+00  |g| 9.21e+00  [21939s]
step  17100  train 1.3997e+00  |g| 3.88e+01  [22075s]
step  17200  train 1.4093e+00  |g| 1.91e+01  [22211s]
step  17300  train 1.4329e+00  |g| 3.05e+01  [22347s]
step  17400  train 1.3756e+00  |g| 3.43e+01  [22484s]
step  17500  train 1.3696e+00  |g| 5.18e+01  [22620s]
step  17600  train 1.3494e+00  |g| 5.32e+01  [22756s]
step  17700  train 1.3408e+00  |g| 5.79e+01  [22892s]
step  17800  train 1.3589e+00  |g| 4.10e+01  [23028s]
step  17900  train 1.3659e+00  |g| 2.33e+01  [23165s]
step  18000  train 1.4097e+00  val 1.4277e+00  6d geo 3.145e-01 med 3.230e-01 p90 4.459e-01 (const 4.730e-02)  |g| 3.91e+01  [23301s]
           5d geo 3.585e-01 med 3.706e-01   postmu 6d geo 3.231e-01 med 3.346e-01 p90 4.719e-01   mu |dlog| 0.6619
           corr(identifiable)  mu=+0.38  D_div_mu=+0.18  T0_div_mu=-0.17  Ly=+0.15  op_x=-0.09  op_y=-0.05   mean spread/GT 0.09
           err share           mu=5%  D_div_mu=44%  T0_div_mu=1%  Ly=17%  op_x=16%  op_y=17%
step  18100  train 1.3290e+00  |g| 1.10e+01  [23446s]
step  18200  train 1.3860e+00  |g| 5.19e+01  [23582s]
step  18300  train 1.4286e+00  |g| 1.74e+01  [23719s]
step  18400  train 1.4026e+00  |g| 2.12e+01  [23855s]
step  18500  train 1.3119e+00  |g| 7.63e+00  [23991s]
step  18600  train 1.3074e+00  |g| 1.43e+01  [24127s]
step  18700  train 1.3172e+00  |g| 9.02e+01  [24263s]
step  18800  train 1.4377e+00  |g| 3.71e+01  [24400s]
step  18900  train 1.3895e+00  |g| 1.18e+01  [24536s]
step  19000  train 1.4932e+00  |g| 6.03e+01  [24672s]
step  19100  train 1.3330e+00  |g| 8.67e+00  [24808s]
step  19200  train 1.2872e+00  |g| 2.53e+01  [24944s]
step  19300  train 1.3579e+00  |g| 2.25e+01  [25080s]
step  19400  train 1.5419e+00  |g| 2.52e+01  [25216s]
step  19500  train 1.3477e+00  |g| 3.63e+01  [25352s]
step  19600  train 1.3599e+00  |g| 1.02e+01  [25488s]
step  19700  train 1.4412e+00  |g| 4.19e+01  [25624s]
step  19800  train 1.4816e+00  |g| 2.91e+01  [25760s]
step  19900  train 1.4717e+00  |g| 2.99e+01  [25896s]
step  20000  train 1.5111e+00  val 1.4750e+00  6d geo 3.152e-01 med 3.233e-01 p90 4.470e-01 (const 4.730e-02)  |g| 9.89e+00  [26033s]
           5d geo 3.593e-01 med 3.713e-01   postmu 6d geo 3.237e-01 med 3.355e-01 p90 4.721e-01   mu |dlog| 0.6564
           corr(identifiable)  mu=+0.41  D_div_mu=+0.23  T0_div_mu=-0.17  Ly=+0.27  op_x=-0.19  op_y=-0.03   mean spread/GT 0.08
           err share           mu=5%  D_div_mu=44%  T0_div_mu=1%  Ly=17%  op_x=16%  op_y=17%
step  20100  train 1.3854e+00  |g| 4.09e+01  [26178s]
step  20200  train 1.3697e+00  |g| 1.55e+01  [26315s]
step  20300  train 1.4347e+00  |g| 1.83e+01  [26451s]
step  20400  train 1.3562e+00  |g| 2.81e+01  [26587s]
step  20500  train 1.4597e+00  |g| 5.16e+01  [26723s]
step  20600  train 1.4744e+00  |g| 1.87e+01  [26860s]
step  20700  train 1.3673e+00  |g| 7.92e+00  [26996s]
step  20800  train 1.4833e+00  |g| 3.36e+01  [27132s]
step  20900  train 1.4721e+00  |g| 2.64e+01  [27269s]
step  21000  train 1.3793e+00  |g| 4.00e+01  [27405s]
step  21100  train 1.3394e+00  |g| 4.28e+01  [27541s]
step  21200  train 1.4771e+00  |g| 4.40e+01  [27677s]
step  21300  train 1.4411e+00  |g| 9.61e+01  [27813s]
step  21400  train 1.3487e+00  |g| 5.67e+00  [27949s]
step  21500  train 1.3439e+00  |g| 9.42e+01  [28085s]
step  21600  train 1.2954e+00  |g| 4.11e+01  [28221s]
step  21700  train 1.4739e+00  |g| 2.43e+01  [28357s]
step  21800  train 1.2768e+00  |g| 1.15e+01  [28493s]
step  21900  train 1.3795e+00  |g| 2.61e+01  [28630s]
step  22000  train 1.4502e+00  val 1.4264e+00  6d geo 3.151e-01 med 3.234e-01 p90 4.463e-01 (const 4.730e-02)  |g| 2.03e+01  [28766s]
           5d geo 3.592e-01 med 3.704e-01   postmu 6d geo 3.237e-01 med 3.358e-01 p90 4.717e-01   mu |dlog| 0.6589
           corr(identifiable)  mu=+0.46  D_div_mu=+0.19  T0_div_mu=-0.20  Ly=+0.23  op_x=+0.05  op_y=-0.03   mean spread/GT 0.11
           err share           mu=5%  D_div_mu=44%  T0_div_mu=1%  Ly=17%  op_x=16%  op_y=17%
step  22100  train 1.3690e+00  |g| 2.04e+01  [28911s]
step  22200  train 1.4178e+00  |g| 2.44e+01  [29047s]
step  22300  train 1.3530e+00  |g| 5.11e+01  [29184s]
step  22400  train 1.4528e+00  |g| 3.17e+01  [29320s]
step  22500  train 1.4021e+00  |g| 1.72e+01  [29456s]
step  22600  train 1.3424e+00  |g| 2.53e+01  [29592s]
step  22700  train 1.3712e+00  |g| 6.85e+01  [29728s]
step  22800  train 1.4223e+00  |g| 5.42e+01  [29864s]
step  22900  train 1.3727e+00  |g| 2.37e+01  [30001s]
step  23000  train 1.2487e+00  |g| 1.72e+01  [30137s]
step  23100  train 1.4798e+00  |g| 8.55e+01  [30273s]
step  23200  train 1.3708e+00  |g| 4.18e+01  [30409s]
step  23300  train 1.3988e+00  |g| 2.36e+01  [30545s]
step  23400  train 1.4554e+00  |g| 6.05e+01  [30681s]
step  23500  train 1.5159e+00  |g| 1.17e+02  [30817s]
step  23600  train 1.3925e+00  |g| 1.60e+01  [30953s]
step  23700  train 1.3122e+00  |g| 9.60e+00  [31089s]
step  23800  train 1.4910e+00  |g| 8.13e+01  [31226s]
step  23900  train 1.3325e+00  |g| 6.70e+01  [31362s]
step  24000  train 1.3363e+00  val 1.4201e+00  6d geo 3.151e-01 med 3.235e-01 p90 4.463e-01 (const 4.730e-02)  |g| 1.73e+01  [31498s]
           5d geo 3.592e-01 med 3.710e-01   postmu 6d geo 3.236e-01 med 3.358e-01 p90 4.719e-01   mu |dlog| 0.6606
           corr(identifiable)  mu=+0.43  D_div_mu=+0.16  T0_div_mu=-0.20  Ly=+0.21  op_x=+0.06  op_y=-0.03   mean spread/GT 0.12
           err share           mu=5%  D_div_mu=44%  T0_div_mu=1%  Ly=17%  op_x=16%  op_y=17%
step  24100  train 1.5773e+00  |g| 3.06e+01  [31643s]
step  24200  train 1.3348e+00  |g| 1.83e+02  [31779s]
step  24300  train 1.3604e+00  |g| 3.82e+01  [31915s]
step  24400  train 1.4246e+00  |g| 3.18e+01  [32052s]
step  24500  train 1.4798e+00  |g| 4.69e+01  [32188s]
step  24600  train 1.4436e+00  |g| 4.89e+01  [32324s]
step  24700  train 1.2775e+00  |g| 8.59e+00  [32460s]
step  24800  train 1.5142e+00  |g| 5.27e+01  [32597s]
step  24900  train 1.3894e+00  |g| 6.31e+01  [32733s]
step  25000  train 1.4184e+00  |g| 2.13e+01  [32869s]
step  25100  train 1.3284e+00  |g| 3.33e+00  [33006s]
step  25200  train 1.3100e+00  |g| 7.84e+01  [33142s]
step  25300  train 1.3320e+00  |g| 1.59e+01  [33279s]
step  25400  train 1.2761e+00  |g| 3.61e+01  [33415s]
step  25500  train 1.5959e+00  |g| 5.13e+01  [33551s]
step  25600  train 1.4345e+00  |g| 2.87e+01  [33687s]
step  25700  train 1.4578e+00  |g| 3.45e+01  [33824s]
step  25800  train 1.3177e+00  |g| 2.81e+01  [33960s]
step  25900  train 1.4205e+00  |g| 7.42e+01  [34096s]
step  26000  train 1.3803e+00  val 1.4103e+00  6d geo 3.150e-01 med 3.234e-01 p90 4.462e-01 (const 4.730e-02)  |g| 1.43e+01  [34232s]
           5d geo 3.591e-01 med 3.706e-01   postmu 6d geo 3.235e-01 med 3.357e-01 p90 4.719e-01   mu |dlog| 0.6581
           corr(identifiable)  mu=+0.40  D_div_mu=+0.14  T0_div_mu=-0.21  Ly=+0.19  op_x=+0.06  op_y=-0.04   mean spread/GT 0.11
           err share           mu=5%  D_div_mu=44%  T0_div_mu=1%  Ly=17%  op_x=16%  op_y=17%
step  26100  train 1.3960e+00  |g| 3.35e+01  [34377s]
step  26200  train 1.4095e+00  |g| 3.12e+01  [34513s]
step  26300  train 1.2828e+00  |g| 8.94e+00  [34650s]
step  26400  train 1.3595e+00  |g| 1.24e+02  [34786s]
step  26500  train 1.3964e+00  |g| 3.27e+01  [34922s]
step  26600  train 1.3912e+00  |g| 2.76e+01  [35058s]
step  26700  train 1.4162e+00  |g| 9.35e+00  [35194s]
step  26800  train 1.4092e+00  |g| 5.74e+00  [35330s]
step  26900  train 1.4156e+00  |g| 3.01e+01  [35466s]
step  27000  train 1.4256e+00  |g| 2.34e+01  [35602s]
step  27100  train 1.4041e+00  |g| 2.76e+01  [35738s]
step  27200  train 1.3387e+00  |g| 5.64e+00  [35874s]
step  27300  train 1.5270e+00  |g| 4.07e+01  [36010s]
step  27400  train 1.4861e+00  |g| 9.17e+00  [36146s]
step  27500  train 1.4862e+00  |g| 1.96e+01  [36282s]
step  27600  train 1.4510e+00  |g| 4.61e+01  [36418s]
step  27700  train 1.3900e+00  |g| 3.79e+01  [36554s]
step  27800  train 1.4237e+00  |g| 7.84e+00  [36690s]
step  27900  train 1.3633e+00  |g| 9.51e+01  [36826s]
step  28000  train 1.3503e+00  val 1.4287e+00  6d geo 3.151e-01 med 3.237e-01 p90 4.463e-01 (const 4.730e-02)  |g| 1.32e+02  [36963s]
           5d geo 3.592e-01 med 3.711e-01   postmu 6d geo 3.236e-01 med 3.356e-01 p90 4.719e-01   mu |dlog| 0.6560
           corr(identifiable)  mu=+0.41  D_div_mu=+0.16  T0_div_mu=-0.24  Ly=-0.03  op_x=+0.05  op_y=-0.03   mean spread/GT 0.12
           err share           mu=5%  D_div_mu=44%  T0_div_mu=1%  Ly=17%  op_x=16%  op_y=17%
step  28100  train 1.3930e+00  |g| 3.85e+01  [37108s]
step  28200  train 1.3020e+00  |g| 2.97e+01  [37245s]
step  28300  train 1.4779e+00  |g| 3.63e+01  [37381s]
step  28400  train 1.3262e+00  |g| 2.04e+01  [37517s]
step  28500  train 1.5414e+00  |g| 1.04e+01  [37653s]
step  28600  train 1.4240e+00  |g| 1.29e+01  [37790s]
step  28700  train 1.4005e+00  |g| 2.30e+01  [37926s]
step  28800  train 1.2846e+00  |g| 4.22e+00  [38062s]
step  28900  train 1.4292e+00  |g| 4.58e+01  [38198s]
step  29000  train 1.4218e+00  |g| 1.05e+01  [38334s]
step  29100  train 1.3912e+00  |g| 8.42e+01  [38471s]
step  29200  train 1.4114e+00  |g| 5.19e+01  [38607s]
step  29300  train 1.4596e+00  |g| 9.64e+00  [38743s]
step  29400  train 1.4656e+00  |g| 1.00e+02  [38879s]
step  29500  train 1.5506e+00  |g| 4.53e+01  [39015s]
step  29600  train 1.3199e+00  |g| 3.59e+00  [39152s]
step  29700  train 1.3764e+00  |g| 1.66e+01  [39288s]
step  29800  train 1.4134e+00  |g| 4.15e+01  [39424s]
step  29900  train 1.4014e+00  |g| 4.32e+01  [39560s]
step  30000  train 1.3836e+00  val 1.4041e+00  6d geo 3.150e-01 med 3.234e-01 p90 4.460e-01 (const 4.730e-02)  |g| 2.91e+01  [39696s]
           5d geo 3.591e-01 med 3.706e-01   postmu 6d geo 3.235e-01 med 3.357e-01 p90 4.718e-01   mu |dlog| 0.6622
           corr(identifiable)  mu=+0.41  D_div_mu=+0.21  T0_div_mu=-0.24  Ly=+0.13  op_x=+0.07  op_y=-0.04   mean spread/GT 0.10
           err share           mu=5%  D_div_mu=44%  T0_div_mu=1%  Ly=17%  op_x=16%  op_y=17%
step  30100  train 1.3414e+00  |g| 3.11e+01  [39842s]
step  30200  train 1.3615e+00  |g| 6.34e+01  [39978s]
step  30300  train 1.4579e+00  |g| 3.49e+01  [40114s]
step  30400  train 1.4263e+00  |g| 9.82e+01  [40250s]
step  30500  train 1.3391e+00  |g| 2.37e+01  [40386s]
step  30600  train 1.4432e+00  |g| 9.97e+01  [40522s]
step  30700  train 1.3620e+00  |g| 2.86e+01  [40658s]
step  30800  train 1.4139e+00  |g| 4.85e+01  [40794s]
step  30900  train 1.3169e+00  |g| 4.51e+01  [40930s]
step  31000  train 1.4444e+00  |g| 7.49e+00  [41066s]
step  31100  train 1.4248e+00  |g| 1.44e+01  [41202s]
step  31200  train 1.3331e+00  |g| 3.54e+01  [41338s]
step  31300  train 1.3813e+00  |g| 4.07e+01  [41474s]
step  31400  train 1.3856e+00  |g| 3.19e+01  [41610s]
step  31500  train 1.3890e+00  |g| 1.69e+01  [41746s]
step  31600  train 1.4430e+00  |g| 2.14e+01  [41882s]
step  31700  train 1.4192e+00  |g| 4.62e+00  [42018s]
step  31800  train 1.3656e+00  |g| 4.52e+00  [42154s]
step  31900  train 1.5250e+00  |g| 7.88e+01  [42290s]
step  32000  train 1.4174e+00  val 1.4060e+00  6d geo 3.150e-01 med 3.234e-01 p90 4.462e-01 (const 4.730e-02)  |g| 7.04e+00  [42426s]
           5d geo 3.590e-01 med 3.708e-01   postmu 6d geo 3.234e-01 med 3.357e-01 p90 4.719e-01   mu |dlog| 0.6593
           corr(identifiable)  mu=+0.42  D_div_mu=+0.19  T0_div_mu=-0.24  Ly=-0.30  op_x=+0.08  op_y=-0.04   mean spread/GT 0.12
           err share           mu=5%  D_div_mu=44%  T0_div_mu=1%  Ly=17%  op_x=16%  op_y=17%
step  32100  train 1.4376e+00  |g| 6.68e+00  [42571s]
step  32200  train 1.3275e+00  |g| 7.20e+00  [42707s]
step  32300  train 1.3444e+00  |g| 3.86e+01  [42843s]
step  32400  train 1.4474e+00  |g| 1.13e+02  [42979s]
step  32500  train 1.4172e+00  |g| 2.85e+01  [43115s]
step  32600  train 1.3969e+00  |g| 4.46e+01  [43251s]
step  32700  train 1.3152e+00  |g| 2.33e+01  [43387s]
step  32800  train 1.3578e+00  |g| 2.77e+01  [43523s]
step  32900  train 1.3381e+00  |g| 1.20e+01  [43659s]
step  33000  train 1.3102e+00  |g| 4.98e+01  [43795s]
step  33100  train 1.5030e+00  |g| 8.83e+00  [43931s]
step  33200  train 1.3275e+00  |g| 1.97e+01  [44067s]
step  33300  train 1.3658e+00  |g| 6.47e+00  [44203s]
step  33400  train 1.4279e+00  |g| 1.16e+02  [44339s]
step  33500  train 1.5002e+00  |g| 5.08e+01  [44475s]
step  33600  train 1.4871e+00  |g| 3.61e+01  [44610s]
step  33700  train 1.3960e+00  |g| 2.61e+01  [44746s]
step  33800  train 1.2980e+00  |g| 8.79e+01  [44882s]
step  33900  train 1.5107e+00  |g| 5.12e+01  [45018s]
step  34000  train 1.4046e+00  val 1.3971e+00  6d geo 3.150e-01 med 3.235e-01 p90 4.463e-01 (const 4.730e-02)  |g| 5.93e+00  [45154s]
           5d geo 3.590e-01 med 3.706e-01   postmu 6d geo 3.234e-01 med 3.357e-01 p90 4.717e-01   mu |dlog| 0.6603
           corr(identifiable)  mu=+0.42  D_div_mu=+0.20  T0_div_mu=-0.24  Ly=-0.28  op_x=+0.06  op_y=-0.04   mean spread/GT 0.11
           err share           mu=5%  D_div_mu=44%  T0_div_mu=1%  Ly=17%  op_x=16%  op_y=17%
step  34100  train 1.4476e+00  |g| 2.66e+01  [45300s]
step  34200  train 1.3996e+00  |g| 2.78e+01  [45436s]
step  34300  train 1.3541e+00  |g| 3.72e+01  [45572s]
step  34400  train 1.4185e+00  |g| 5.79e+00  [45708s]
step  34500  train 1.4715e+00  |g| 6.89e+00  [45844s]
step  34600  train 1.3827e+00  |g| 3.98e+01  [45980s]
step  34700  train 1.3127e+00  |g| 6.34e+00  [46116s]
step  34800  train 1.3056e+00  |g| 4.23e+01  [46252s]
step  34900  train 1.4954e+00  |g| 3.48e+01  [46388s]
step  35000  train 1.3799e+00  |g| 3.94e+00  [46524s]
step  35100  train 1.4211e+00  |g| 1.08e+01  [46660s]
step  35200  train 1.3788e+00  |g| 2.18e+01  [46796s]
step  35300  train 1.4957e+00  |g| 2.72e+01  [46932s]
step  35400  train 1.3524e+00  |g| 1.75e+01  [47068s]
step  35500  train 1.4164e+00  |g| 5.06e+01  [47204s]
step  35600  train 1.3299e+00  |g| 2.95e+01  [47340s]
step  35700  train 1.4039e+00  |g| 6.09e+01  [47476s]
step  35800  train 1.4329e+00  |g| 4.30e+00  [47612s]
step  35900  train 1.3336e+00  |g| 3.83e+00  [47748s]
step  36000  train 1.4809e+00  val 1.3998e+00  6d geo 3.147e-01 med 3.229e-01 p90 4.460e-01 (const 4.730e-02)  |g| 1.74e+01  [47884s]
           5d geo 3.587e-01 med 3.702e-01   postmu 6d geo 3.232e-01 med 3.354e-01 p90 4.716e-01   mu |dlog| 0.6561
           corr(identifiable)  mu=+0.42  D_div_mu=+0.20  T0_div_mu=-0.24  Ly=-0.26  op_x=+0.06  op_y=-0.04   mean spread/GT 0.12
           err share           mu=5%  D_div_mu=44%  T0_div_mu=1%  Ly=17%  op_x=16%  op_y=17%
step  36100  train 1.4223e+00  |g| 4.16e+01  [48029s]
step  36200  train 1.4550e+00  |g| 5.64e+00  [48165s]
step  36300  train 1.5152e+00  |g| 1.61e+01  [48301s]
step  36400  train 1.4574e+00  |g| 3.56e+01  [48437s]
step  36500  train 1.4680e+00  |g| 2.41e+01  [48573s]
step  36600  train 1.4218e+00  |g| 1.46e+01  [48709s]
step  36700  train 1.4799e+00  |g| 2.44e+01  [48845s]
step  36800  train 1.3643e+00  |g| 1.59e+01  [48981s]
step  36900  train 1.2963e+00  |g| 2.56e+01  [49117s]
step  37000  train 1.4600e+00  |g| 6.84e+00  [49253s]
step  37100  train 1.3149e+00  |g| 1.42e+01  [49389s]
step  37200  train 1.3667e+00  |g| 3.83e+01  [49525s]
step  37300  train 1.3846e+00  |g| 2.81e+01  [49661s]
step  37400  train 1.3640e+00  |g| 6.69e+00  [49797s]
step  37500  train 1.4219e+00  |g| 1.44e+01  [49933s]
step  37600  train 1.3451e+00  |g| 3.70e+01  [50069s]
step  37700  train 1.2467e+00  |g| 6.65e+00  [50204s]
step  37800  train 1.4494e+00  |g| 6.04e+00  [50340s]
step  37900  train 1.4268e+00  |g| 3.36e+01  [50476s]
step  38000  train 1.3872e+00  val 1.3958e+00  6d geo 3.148e-01 med 3.231e-01 p90 4.459e-01 (const 4.730e-02)  |g| 1.70e+01  [50612s]
           5d geo 3.588e-01 med 3.703e-01   postmu 6d geo 3.232e-01 med 3.354e-01 p90 4.716e-01   mu |dlog| 0.6581
           corr(identifiable)  mu=+0.43  D_div_mu=+0.20  T0_div_mu=-0.24  Ly=-0.30  op_x=+0.07  op_y=-0.04   mean spread/GT 0.12
           err share           mu=5%  D_div_mu=44%  T0_div_mu=1%  Ly=17%  op_x=16%  op_y=17%
step  38100  train 1.4580e+00  |g| 3.94e+00  [50757s]
step  38200  train 1.3308e+00  |g| 1.37e+01  [50893s]
step  38300  train 1.4280e+00  |g| 2.48e+00  [51029s]
step  38400  train 1.3474e+00  |g| 1.27e+01  [51165s]
step  38500  train 1.3042e+00  |g| 5.54e+00  [51301s]
step  38600  train 1.4388e+00  |g| 9.76e+00  [51437s]
step  38700  train 1.4359e+00  |g| 4.34e+01  [51573s]
step  38800  train 1.3802e+00  |g| 4.20e+01  [51709s]
step  38900  train 1.2645e+00  |g| 3.93e+01  [51845s]
step  39000  train 1.4493e+00  |g| 9.72e+00  [51981s]
step  39100  train 1.3414e+00  |g| 1.85e+01  [52117s]
step  39200  train 1.3874e+00  |g| 1.57e+01  [52253s]
step  39300  train 1.4027e+00  |g| 1.98e+01  [52389s]
step  39400  train 1.3556e+00  |g| 3.39e+01  [52525s]
step  39500  train 1.3810e+00  |g| 2.63e+01  [52661s]
step  39600  train 1.4487e+00  |g| 2.34e+01  [52796s]
step  39700  train 1.4168e+00  |g| 2.30e+01  [52932s]
step  39800  train 1.4756e+00  |g| 3.25e+01  [53068s]
step  39900  train 1.2865e+00  |g| 8.78e+00  [53204s]
step  40000  train 1.3266e+00  val 1.3946e+00  6d geo 3.148e-01 med 3.232e-01 p90 4.461e-01 (const 4.730e-02)  |g| 9.94e+00  [53340s]
           5d geo 3.589e-01 med 3.704e-01   postmu 6d geo 3.233e-01 med 3.356e-01 p90 4.717e-01   mu |dlog| 0.6578
           corr(identifiable)  mu=+0.43  D_div_mu=+0.20  T0_div_mu=-0.24  Ly=-0.30  op_x=+0.07  op_y=-0.04   mean spread/GT 0.12
           err share           mu=5%  D_div_mu=44%  T0_div_mu=1%  Ly=17%  op_x=16%  op_y=17%
best val_nmse_6d_postmu_geo 4.3038e-02 (encoder_best.pt)

Done. Outputs written to /home/bhpark3/dafx_ddsp/results/ddsp/eps_ladder_adam1e8/L1_STFT_eps1e7
