======================================================================
  TERNARY-SEARCH μ-REFINEMENT on CUDA (float32)
======================================================================
  CMA-ES results: /home/bhpark3/dafxchal/results/decomp_sweep/l1_stft_c2/stage1
  Targets: /home/bhpark3/dafxchal/data/random-IR-100-1.0s
  Loss: L1_STFT_c2, Duration: 0.25s
  μ search bounds: [2.430, 106.150]
  Ternary iterations: 50  (~101 evals/IR)
  Sanity grid check: on

  Loaded 50 CMA-ES results
  [  1/50] random_IR_0001.npz             mu  41.577 ->  76.958 (GT  48.930)
          NMSE 0.016368 -> 0.027700 (+69.2%)  loss 0.000000 -> 0.000000  (1.0s)
  [  2/50] random_IR_0002.npz             mu  74.671 ->  84.032 (GT  84.056)
          NMSE 0.001369 -> 0.000004 (-99.7%)  loss 0.000000 -> 0.000000  (1.2s)
  [  3/50] random_IR_0003.npz             mu  11.030 ->   9.728 (GT  24.386)
          NMSE 0.039735 -> 0.040300 (+1.4%)  loss 0.000000 -> 0.000000  (1.3s)
  [  4/50] random_IR_0004.npz             mu  42.124 ->  15.444 (GT  13.244)
          NMSE 0.016468 -> 0.003621 (-78.0%)  loss 0.000000 -> 0.000000  (1.0s)
  [  5/50] random_IR_0005.npz             mu  51.149 ->  61.026 (GT  45.159)
          NMSE 0.011271 -> 0.014616 (+29.7%)  loss 0.000000 -> 0.000000  (1.6s)
  [ 10/50] random_IR_0010.npz             mu  24.505 ->  20.408 (GT  31.912)
          NMSE 0.092685 -> 0.093886 (+1.3%)  loss 0.000000 -> 0.000000  (4.8s)
  [ 20/50] random_IR_0020.npz             mu   5.759 ->  23.990 (GT  43.384)
          NMSE 0.111995 -> 0.095891 (-14.4%)  loss 0.000000 -> 0.000000  (1.4s)
  [ 30/50] random_IR_0030.npz             mu  39.478 ->   3.948 (GT  16.703)
          NMSE 0.102586 -> 0.097072 (-5.4%)  loss 0.000000 -> 0.000000  (1.9s)
  [ 40/50] random_IR_0040.npz             mu  36.221 ->  38.783 (GT  38.783)
          NMSE 0.000102 -> 0.000000 (-100.0%)  loss 0.000000 -> 0.000000  (3.0s)
  [ 50/50] random_IR_0050.npz             mu  35.490 ->  18.030 (GT  51.163)
          NMSE 0.203825 -> 0.217026 (+6.5%)  loss 0.000000 -> 0.000000  (1.4s)

======================================================================
  AGGREGATE
======================================================================
  Mean NMSE   orig: 0.058549
              refn: 0.057523
  Median NMSE orig: 0.037106
              refn: 0.037844
  IRs improved: 34 / 50  worsened: 16  unchanged: 0
  Mean elapsed/IR:    2.18 s
  Total runtime:      131.9 s
  Wrote: /home/bhpark3/dafxchal/results/decomp_sweep/l1_stft_c2/stage2/mu_refined_summary.csv
