======================================================================
  TERNARY-SEARCH μ-REFINEMENT on CUDA (float32)
======================================================================
  CMA-ES results: /home/bhpark3/dafxchal/results/decomp_sweep/mss/stage1
  Targets: /home/bhpark3/dafxchal/data/random-IR-100-1.0s
  Loss: MSS, Duration: 0.25s
  μ search bounds: [2.430, 106.150]
  Ternary iterations: 50  (~101 evals/IR)
  Sanity grid check: on

  Loaded 50 CMA-ES results
  [  1/50] random_IR_0001.npz             mu  89.467 ->  69.154 (GT  48.930)
          NMSE 0.034963 -> 0.015841 (-54.7%)  loss 0.315919 -> 0.214066  (1.1s)
  [  2/50] random_IR_0002.npz             mu  98.538 -> 106.150 (GT  84.056)
          NMSE 0.026991 -> 0.031304 (+16.0%)  loss 1.185371 -> 1.088172  (1.2s)
  [  3/50] random_IR_0003.npz             mu   6.178 ->  13.292 (GT  24.386)
          NMSE 0.059514 -> 0.056285 (-5.4%)  loss 1.160125 -> 0.753367  (0.6s)
  [  4/50] random_IR_0004.npz             mu  54.611 ->  15.597 (GT  13.244)
          NMSE 0.031404 -> 0.004977 (-84.2%)  loss 0.805872 -> 0.414014  (0.9s)
  [  5/50] random_IR_0005.npz             mu  49.435 ->  53.164 (GT  45.159)
          NMSE 0.002530 -> 0.003240 (+28.0%)  loss 0.149172 -> 0.125091  (1.6s)
  [ 10/50] random_IR_0010.npz             mu  25.581 ->  36.089 (GT  31.912)
          NMSE 0.000735 -> 0.000384 (-47.7%)  loss 0.447600 -> 0.089049  (1.8s)
  [ 20/50] random_IR_0020.npz             mu  42.714 ->  53.614 (GT  43.384)
          NMSE 0.003398 -> 0.005013 (+47.5%)  loss 0.329801 -> 0.196143  (0.8s)
  [ 30/50] random_IR_0030.npz             mu  30.478 ->  16.716 (GT  16.703)
          NMSE 0.002939 -> 0.000000 (-100.0%)  loss 0.490918 -> 0.002986  (2.3s)
  [ 40/50] random_IR_0040.npz             mu  40.713 ->  38.786 (GT  38.783)
          NMSE 0.000058 -> 0.000000 (-100.0%)  loss 0.048501 -> 0.000704  (3.0s)
  [ 50/50] random_IR_0050.npz             mu  71.865 ->  51.170 (GT  51.163)
          NMSE 0.006639 -> 0.000000 (-100.0%)  loss 0.298386 -> 0.003763  (0.5s)

======================================================================
  AGGREGATE
======================================================================
  Mean NMSE   orig: 0.031155
              refn: 0.031782
  Median NMSE orig: 0.015347
              refn: 0.006010
  IRs improved: 36 / 50  worsened: 14  unchanged: 0
  Mean elapsed/IR:    1.32 s
  Total runtime:      80.0 s
  Wrote: /home/bhpark3/dafxchal/results/decomp_sweep/mss/stage2/mu_refined_summary.csv
