Device cuda | loss L1_STFT | duration 0.25s
Loading train targets from data/train-100000-0.25s
Loading val targets from data/val-1000-0.25s
  100000 train / 1000 val in 208s   train tensor 4.41 GB
  training set held in host memory; batches transferred per step
reference levels:  gt_loss 1.2172e-05   saturation (unrelated IRs) 9.4370e-01
constant-predictor NMSE: 6d 4.732e-02  7d 7.948e-02  (the floor to beat)
training loss stuck near saturation = gradient uninformative; well below = learning

encoder: 3.74M params, width 32

loss scale (fixed): 9.0198e-01
step      1  train 9.0198e-01  val 8.5887e-01  6d geo 4.273e-02 med 4.713e-02 p90 8.214e-02 (const 4.732e-02)  |g| 1.28e+01  [1s]
           5d geo 4.187e-02 med 4.846e-02   postmu 6d geo 4.889e-02 med 5.070e-02 p90 1.235e-01   mu |dlog| 0.5459
           WARNING: prediction spread 0.008 of ground truth -- the output has collapsed to a constant (saturated tanh); lower --lr or raise --warmup-steps and restart
           corr(identifiable)  mu=+0.22  D_div_mu=-0.09  T0_div_mu=-0.05  Ly=+0.15  op_x=+0.43  op_y=-0.33   mean spread/GT 0.01
           err share           mu=16%  D_div_mu=3%  T0_div_mu=2%  Ly=26%  op_x=28%  op_y=26%
step    100  train 8.3473e-01  |g| 8.14e-01  [14s]
step    200  train 7.1971e-01  |g| 2.17e+00  [25s]
step    300  train 7.6233e-01  |g| 3.31e+00  [35s]
step    400  train 7.9191e-01  |g| 8.41e+00  [46s]
step    500  train 7.1008e-01  |g| 5.14e+00  [59s]
step    600  train 7.0527e-01  |g| 4.92e+00  [72s]
step    700  train 7.3432e-01  |g| 1.46e+01  [83s]
step    800  train 7.5784e-01  |g| 4.26e+00  [93s]
step    900  train 7.2476e-01  |g| 3.12e+01  [103s]
step   1000  train 7.5400e-01  |g| 6.36e+00  [114s]
step   1100  train 7.1639e-01  |g| 8.70e+00  [135s]
step   1200  train 7.5170e-01  |g| 2.10e+01  [146s]
step   1300  train 7.4819e-01  |g| 8.92e+00  [156s]
step   1400  train 7.2206e-01  |g| 1.34e+01  [167s]
step   1500  train 7.5941e-01  |g| 1.25e+01  [177s]
step   1600  train 7.9890e-01  |g| 5.07e+00  [188s]
step   1700  train 8.0508e-01  |g| 1.05e+01  [199s]
step   1800  train 7.0347e-01  |g| 2.38e+01  [210s]
step   1900  train 7.4072e-01  |g| 1.34e+01  [220s]
step   2000  train 7.0632e-01  val 7.4436e-01  6d geo 5.194e-02 med 5.686e-02 p90 1.179e-01 (const 4.732e-02)  |g| 2.84e+00  [231s]
           5d geo 5.003e-02 med 5.591e-02   postmu 6d geo 5.772e-02 med 6.254e-02 p90 1.452e-01   mu |dlog| 0.6012
           corr(identifiable)  mu=-0.02  D_div_mu=+0.33  T0_div_mu=+0.05  Ly=-0.05  op_x=+0.50  op_y=+0.49   mean spread/GT 0.34
           err share           mu=18%  D_div_mu=2%  T0_div_mu=5%  Ly=21%  op_x=32%  op_y=21%
step   2100  train 7.6021e-01  |g| 1.87e+01  [242s]
step   2200  train 7.2240e-01  |g| 8.07e+00  [253s]
step   2300  train 6.8642e-01  |g| 5.43e+00  [263s]
step   2400  train 7.4533e-01  |g| 3.60e+00  [274s]
step   2500  train 7.4262e-01  |g| 3.26e+00  [284s]
step   2600  train 7.5222e-01  |g| 4.59e+00  [295s]
step   2700  train 6.8970e-01  |g| 1.58e+01  [305s]
step   2800  train 7.5433e-01  |g| 5.32e+00  [319s]
step   2900  train 7.3750e-01  |g| 1.37e+01  [335s]
step   3000  train 7.1879e-01  |g| 7.84e+00  [346s]
step   3100  train 7.1361e-01  |g| 6.09e+00  [356s]
step   3200  train 7.0427e-01  |g| 9.71e+00  [366s]
step   3300  train 6.9967e-01  |g| 1.01e+01  [377s]
step   3400  train 6.8277e-01  |g| 2.85e+00  [387s]
step   3500  train 6.7954e-01  |g| 1.76e+01  [397s]
step   3600  train 6.6667e-01  |g| 5.92e+00  [408s]
step   3700  train 7.0741e-01  |g| 4.13e+00  [418s]
step   3800  train 6.9506e-01  |g| 6.58e+00  [429s]
step   3900  train 7.1672e-01  |g| 4.67e+00  [441s]
step   4000  train 6.8757e-01  val 6.9383e-01  6d geo 4.945e-02 med 5.329e-02 p90 1.299e-01 (const 4.732e-02)  |g| 7.58e+00  [454s]
           5d geo 4.534e-02 med 4.983e-02   postmu 6d geo 4.583e-02 med 4.999e-02 p90 1.228e-01   mu |dlog| 0.4542
           corr(identifiable)  mu=+0.02  D_div_mu=+0.39  T0_div_mu=+0.08  Ly=-0.03  op_x=+0.52  op_y=+0.48   mean spread/GT 0.33
           err share           mu=21%  D_div_mu=2%  T0_div_mu=7%  Ly=22%  op_x=29%  op_y=19%
step   4100  train 6.9668e-01  |g| 2.76e+00  [469s]
step   4200  train 7.1743e-01  |g| 7.46e+00  [481s]
step   4300  train 6.8362e-01  |g| 8.88e+00  [493s]
step   4400  train 6.6963e-01  |g| 5.72e+00  [506s]
step   4500  train 6.6713e-01  |g| 4.57e+00  [519s]
step   4600  train 6.9644e-01  |g| 3.68e+00  [531s]
step   4700  train 6.6621e-01  |g| 2.86e+00  [544s]
step   4800  train 6.7307e-01  |g| 6.38e+00  [559s]
step   4900  train 6.9366e-01  |g| 4.75e+00  [572s]
step   5000  train 6.7949e-01  |g| 7.85e+00  [585s]
step   5100  train 7.1248e-01  |g| 9.05e+00  [599s]
step   5200  train 6.8118e-01  |g| 8.68e+00  [612s]
step   5300  train 6.8551e-01  |g| 4.59e+00  [625s]
step   5400  train 6.5847e-01  |g| 2.04e+00  [638s]
step   5500  train 6.7339e-01  |g| 2.71e+00  [651s]
step   5600  train 6.8521e-01  |g| 1.64e+00  [664s]
step   5700  train 7.1330e-01  |g| 3.68e+00  [678s]
step   5800  train 6.6293e-01  |g| 2.85e+00  [691s]
step   5900  train 6.5228e-01  |g| 3.37e+00  [705s]
step   6000  train 6.9573e-01  val 7.0842e-01  6d geo 7.651e-02 med 8.728e-02 p90 1.648e-01 (const 4.732e-02)  |g| 4.57e+00  [718s]
           5d geo 7.260e-02 med 8.475e-02   postmu 6d geo 6.846e-02 med 7.663e-02 p90 1.490e-01   mu |dlog| 0.4221
           corr(identifiable)  mu=-0.00  D_div_mu=+0.37  T0_div_mu=+0.03  Ly=+0.12  op_x=+0.57  op_y=+0.40   mean spread/GT 0.39
           err share           mu=19%  D_div_mu=1%  T0_div_mu=23%  Ly=16%  op_x=26%  op_y=15%
step   6100  train 6.8493e-01  |g| 1.93e+00  [735s]
step   6200  train 6.3776e-01  |g| 6.43e+00  [749s]
step   6300  train 6.7298e-01  |g| 4.90e+00  [763s]
step   6400  train 6.8441e-01  |g| 7.48e+00  [778s]
step   6500  train 6.9379e-01  |g| 4.71e+00  [792s]
step   6600  train 6.9378e-01  |g| 3.24e+00  [807s]
step   6700  train 6.3658e-01  |g| 3.10e+00  [822s]
step   6800  train 6.6462e-01  |g| 4.43e+00  [838s]
step   6900  train 6.6951e-01  |g| 1.87e+00  [854s]
step   7000  train 6.8117e-01  |g| 2.79e+00  [871s]
step   7100  train 6.4073e-01  |g| 3.31e+00  [886s]
step   7200  train 6.9794e-01  |g| 8.20e+00  [903s]
step   7300  train 6.7467e-01  |g| 2.32e+00  [921s]
step   7400  train 6.7345e-01  |g| 3.45e+00  [939s]
step   7500  train 6.6932e-01  |g| 3.36e+00  [957s]
step   7600  train 6.5830e-01  |g| 4.99e+00  [977s]
step   7700  train 6.4079e-01  |g| 5.32e+00  [996s]
step   7800  train 6.7776e-01  |g| 5.15e+00  [1019s]
step   7900  train 6.4104e-01  |g| 3.58e+00  [1045s]
step   8000  train 6.1500e-01  val 6.6413e-01  6d geo 5.159e-02 med 5.576e-02 p90 1.351e-01 (const 4.732e-02)  |g| 2.40e+00  [1080s]
           5d geo 4.718e-02 med 5.146e-02   postmu 6d geo 4.728e-02 med 5.130e-02 p90 1.236e-01   mu |dlog| 0.4506
           corr(identifiable)  mu=+0.06  D_div_mu=+0.53  T0_div_mu=+0.08  Ly=+0.01  op_x=+0.46  op_y=+0.52   mean spread/GT 0.53
           err share           mu=21%  D_div_mu=2%  T0_div_mu=11%  Ly=21%  op_x=26%  op_y=20%
step   8100  train 6.3541e-01  |g| 3.59e+00  [1117s]
step   8200  train 6.6551e-01  |g| 5.91e+00  [1150s]
step   8300  train 6.6864e-01  |g| 1.01e+01  [1180s]
step   8400  train 6.6938e-01  |g| 8.66e+00  [1207s]
step   8500  train 6.4815e-01  |g| 4.65e+00  [1238s]
step   8600  train 6.7429e-01  |g| 4.05e+00  [1269s]
step   8700  train 6.6147e-01  |g| 4.73e+00  [1295s]
step   8800  train 6.3714e-01  |g| 4.86e+00  [1325s]
step   8900  train 6.9661e-01  |g| 2.95e+00  [1353s]
step   9000  train 6.3981e-01  |g| 5.56e+00  [1383s]
step   9100  train 6.1963e-01  |g| 9.09e+00  [1413s]
step   9200  train 6.9186e-01  |g| 6.78e+00  [1439s]
step   9300  train 6.3278e-01  |g| 2.60e+00  [1463s]
step   9400  train 6.8200e-01  |g| 4.09e+00  [1491s]
step   9500  train 6.4065e-01  |g| 7.39e+00  [1522s]
step   9600  train 6.5192e-01  |g| 2.77e+00  [1554s]
step   9700  train 6.9645e-01  |g| 2.11e+00  [1581s]
step   9800  train 6.5100e-01  |g| 5.96e+00  [1608s]
step   9900  train 6.6956e-01  |g| 2.14e+00  [1639s]
step  10000  train 5.9883e-01  val 6.4570e-01  6d geo 4.613e-02 med 5.222e-02 p90 1.194e-01 (const 4.732e-02)  |g| 4.54e+00  [1668s]
           5d geo 4.129e-02 med 4.703e-02   postmu 6d geo 4.512e-02 med 5.066e-02 p90 1.192e-01   mu |dlog| 0.4996
           corr(identifiable)  mu=+0.09  D_div_mu=+0.70  T0_div_mu=+0.07  Ly=+0.03  op_x=+0.46  op_y=+0.65   mean spread/GT 0.63
           err share           mu=21%  D_div_mu=2%  T0_div_mu=8%  Ly=23%  op_x=30%  op_y=16%
step  10100  train 6.2800e-01  |g| 3.27e+00  [1701s]
step  10200  train 6.1864e-01  |g| 6.63e+00  [1730s]
step  10300  train 6.1603e-01  |g| 3.13e+00  [1756s]
step  10400  train 6.2489e-01  |g| 5.42e+00  [1785s]
step  10500  train 6.5883e-01  |g| 3.52e+00  [1813s]
step  10600  train 6.2175e-01  |g| 4.11e+00  [1839s]
step  10700  train 6.0920e-01  |g| 4.55e+00  [1866s]
step  10800  train 6.5008e-01  |g| 3.54e+00  [1893s]
step  10900  train 6.4622e-01  |g| 4.41e+00  [1921s]
step  11000  train 6.1926e-01  |g| 4.43e+00  [1949s]
step  11100  train 6.4058e-01  |g| 3.01e+00  [1978s]
step  11200  train 6.0046e-01  |g| 3.68e+00  [2008s]
step  11300  train 6.0855e-01  |g| 6.80e+00  [2036s]
step  11400  train 6.7986e-01  |g| 3.00e+00  [2065s]
step  11500  train 6.8703e-01  |g| 2.84e+00  [2094s]
step  11600  train 6.0414e-01  |g| 5.09e+00  [2124s]
step  11700  train 6.4838e-01  |g| 3.62e+00  [2151s]
step  11800  train 6.4355e-01  |g| 4.07e+00  [2181s]
step  11900  train 6.4983e-01  |g| 2.24e+00  [2209s]
step  12000  train 6.3501e-01  val 6.3930e-01  6d geo 4.669e-02 med 5.197e-02 p90 1.314e-01 (const 4.732e-02)  |g| 2.08e+00  [2239s]
           5d geo 4.089e-02 med 4.604e-02   postmu 6d geo 4.237e-02 med 4.834e-02 p90 1.259e-01   mu |dlog| 0.4713
           corr(identifiable)  mu=+0.08  D_div_mu=+0.71  T0_div_mu=+0.10  Ly=+0.20  op_x=+0.40  op_y=+0.60   mean spread/GT 0.56
           err share           mu=22%  D_div_mu=1%  T0_div_mu=6%  Ly=21%  op_x=31%  op_y=19%
step  12100  train 6.4953e-01  |g| 5.78e+00  [2273s]
step  12200  train 6.3015e-01  |g| 2.15e+00  [2302s]
step  12300  train 6.6882e-01  |g| 5.94e+00  [2329s]
step  12400  train 5.9202e-01  |g| 3.72e+00  [2360s]
step  12500  train 6.2718e-01  |g| 4.90e+00  [2389s]
step  12600  train 6.1445e-01  |g| 3.68e+00  [2420s]
step  12700  train 6.3385e-01  |g| 3.05e+00  [2453s]
step  12800  train 6.0842e-01  |g| 4.86e+00  [2486s]
step  12900  train 6.5480e-01  |g| 3.35e+00  [2516s]
step  13000  train 6.3530e-01  |g| 2.42e+00  [2546s]
step  13100  train 6.4652e-01  |g| 2.48e+00  [2574s]
step  13200  train 6.1495e-01  |g| 4.61e+00  [2603s]
step  13300  train 6.7231e-01  |g| 7.94e+00  [2634s]
step  13400  train 6.7418e-01  |g| 4.06e+00  [2665s]
step  13500  train 6.2472e-01  |g| 3.36e+00  [2695s]
step  13600  train 6.8040e-01  |g| 1.71e+00  [2726s]
step  13700  train 6.6346e-01  |g| 2.45e+00  [2758s]
step  13800  train 6.2721e-01  |g| 4.74e+00  [2789s]
step  13900  train 6.0961e-01  |g| 2.62e+00  [2819s]
step  14000  train 6.0020e-01  val 6.2648e-01  6d geo 4.841e-02 med 5.583e-02 p90 1.298e-01 (const 4.732e-02)  |g| 2.74e+00  [2847s]
           5d geo 4.170e-02 med 5.058e-02   postmu 6d geo 4.231e-02 med 5.063e-02 p90 1.192e-01   mu |dlog| 0.4390
           corr(identifiable)  mu=+0.08  D_div_mu=+0.79  T0_div_mu=+0.08  Ly=+0.20  op_x=+0.41  op_y=+0.66   mean spread/GT 0.59
           err share           mu=24%  D_div_mu=1%  T0_div_mu=11%  Ly=21%  op_x=28%  op_y=15%
step  14100  train 6.3144e-01  |g| 3.42e+00  [2880s]
step  14200  train 6.3602e-01  |g| 2.49e+00  [2910s]
step  14300  train 6.8937e-01  |g| 6.03e+00  [2939s]
step  14400  train 6.0216e-01  |g| 2.68e+00  [2966s]
step  14500  train 6.3695e-01  |g| 2.06e+00  [2993s]
step  14600  train 6.4557e-01  |g| 3.36e+00  [3021s]
step  14700  train 6.1033e-01  |g| 5.81e+00  [3049s]
step  14800  train 6.4623e-01  |g| 7.82e+00  [3078s]
step  14900  train 6.2215e-01  |g| 2.68e+00  [3108s]
step  15000  train 6.4760e-01  |g| 5.28e+00  [3138s]
step  15100  train 6.1683e-01  |g| 4.10e+00  [3166s]
step  15200  train 6.4980e-01  |g| 3.66e+00  [3199s]
step  15300  train 6.1696e-01  |g| 3.02e+00  [3231s]
step  15400  train 6.3197e-01  |g| 5.11e+00  [3261s]
step  15500  train 6.0320e-01  |g| 4.53e+00  [3293s]
step  15600  train 6.3235e-01  |g| 3.74e+00  [3327s]
step  15700  train 5.9393e-01  |g| 3.82e+00  [3357s]
step  15800  train 6.2383e-01  |g| 4.20e+00  [3390s]
step  15900  train 6.1006e-01  |g| 5.72e+00  [3420s]
step  16000  train 5.7736e-01  val 6.2582e-01  6d geo 4.710e-02 med 5.509e-02 p90 1.250e-01 (const 4.732e-02)  |g| 2.33e+00  [3485s]
           5d geo 3.999e-02 med 4.857e-02   postmu 6d geo 4.153e-02 med 4.992e-02 p90 1.155e-01   mu |dlog| 0.4521
           corr(identifiable)  mu=+0.09  D_div_mu=+0.82  T0_div_mu=+0.04  Ly=+0.18  op_x=+0.39  op_y=+0.69   mean spread/GT 0.61
           err share           mu=25%  D_div_mu=1%  T0_div_mu=10%  Ly=22%  op_x=30%  op_y=13%
step  16100  train 5.8084e-01  |g| 2.88e+00  [3526s]
step  16200  train 6.6108e-01  |g| 2.09e+00  [3556s]
step  16300  train 6.9431e-01  |g| 3.35e+00  [3587s]
step  16400  train 5.9993e-01  |g| 4.38e+00  [3616s]
step  16500  train 6.0911e-01  |g| 2.95e+00  [3647s]
step  16600  train 6.0637e-01  |g| 2.41e+00  [3676s]
step  16700  train 6.3484e-01  |g| 4.47e+00  [3705s]
step  16800  train 6.2388e-01  |g| 2.68e+00  [3737s]
step  16900  train 6.2871e-01  |g| 3.32e+00  [3769s]
step  17000  train 6.3772e-01  |g| 3.30e+00  [3800s]
step  17100  train 6.6879e-01  |g| 5.19e+00  [3831s]
step  17200  train 6.1338e-01  |g| 3.81e+00  [3862s]
