Device cuda | loss L1_STFT_log | duration 0.25s
Loading train targets from data/train-p99
Loading val targets from data/val-p99
  98304 train / 996 val in 42s   train tensor 4.34 GB
  training set held in host memory; batches transferred per step
reference levels:  gt_loss 1.1978e-03   saturation (unrelated IRs) 1.5265e+00
constant-predictor NMSE: 6d 4.730e-02  7d 7.959e-02  (the floor to beat)
training loss stuck near saturation = gradient uninformative; well below = learning

encoder: 3.74M params, width 32

loss scale (fixed): 1.2021e+00
step      1  train 1.2021e+00  val 1.2617e+00  6d geo 4.268e-02 med 4.729e-02 p90 8.122e-02 (const 4.730e-02)  |g| 7.54e+01  [1s]
           5d geo 4.193e-02 med 4.868e-02   postmu 6d geo 4.212e-02 med 4.677e-02 p90 9.124e-02   mu |dlog| 0.4245
           WARNING: prediction spread 0.004 of ground truth -- the output has collapsed to a constant (saturated tanh); lower --lr or raise --warmup-steps and restart
           corr(identifiable)  mu=+0.35  D_div_mu=+0.38  T0_div_mu=+0.14  Ly=+0.02  op_x=+0.13  op_y=+0.04   mean spread/GT 0.00
           err share           mu=16%  D_div_mu=2%  T0_div_mu=2%  Ly=26%  op_x=28%  op_y=26%
step    100  train 1.2649e+00  |g| 1.64e+02  [47s]
step    200  train 1.3435e+00  |g| 4.07e+02  [101s]
step    300  train 1.3119e+00  |g| 2.70e+02  [167s]
step    400  train 1.3687e+00  |g| 4.79e+02  [262s]
step    500  train 1.4745e+00  |g| 5.11e+02  [309s]
step    600  train 1.3542e+00  |g| 1.75e+02  [395s]
step    700  train 1.4076e+00  |g| 2.17e+02  [505s]
step    800  train 1.4036e+00  |g| 3.20e+02  [594s]
step    900  train 1.2523e+00  |g| 1.72e+03  [675s]
step   1000  train 1.1455e+00  val 1.2454e+00  6d geo 1.790e-01 med 1.985e-01 p90 3.121e-01 (const 4.730e-02)  |g| 1.25e+01  [774s]
           5d geo 1.315e-01 med 1.563e-01   postmu 6d geo 1.480e-01 med 1.742e-01 p90 2.983e-01   mu |dlog| 0.8759
           WARNING: prediction spread 0.001 of ground truth -- the output has collapsed to a constant (saturated tanh); lower --lr or raise --warmup-steps and restart
           corr(identifiable)  mu=+0.51  D_div_mu=+0.39  T0_div_mu=+0.15  Ly=-0.35  op_x=-0.00  op_y=+0.28   mean spread/GT 0.00
           err share           mu=32%  D_div_mu=1%  T0_div_mu=0%  Ly=28%  op_x=18%  op_y=21%
step   1100  train 1.3290e+00  |g| 9.20e+00  [885s]
step   1200  train 1.3120e+00  |g| 1.75e+01  [987s]
step   1300  train 1.2350e+00  |g| 1.11e+01  [1089s]
step   1400  train 1.2482e+00  |g| 1.71e+01  [1191s]
step   1500  train 1.2239e+00  |g| 8.34e+00  [1293s]
step   1600  train 1.2349e+00  |g| 3.17e+01  [1396s]
step   1700  train 1.2140e+00  |g| 9.02e+00  [1498s]
step   1800  train 1.3380e+00  |g| 2.23e+01  [1600s]
step   1900  train 1.2743e+00  |g| 3.76e+01  [1702s]
step   2000  train 1.2163e+00  val 1.2524e+00  6d geo 2.051e-01 med 2.231e-01 p90 3.446e-01 (const 4.730e-02)  |g| 2.98e+01  [1804s]
           5d geo 1.433e-01 med 1.685e-01   postmu 6d geo 1.596e-01 med 1.830e-01 p90 3.167e-01   mu |dlog| 0.8998
           WARNING: prediction spread 0.004 of ground truth -- the output has collapsed to a constant (saturated tanh); lower --lr or raise --warmup-steps and restart
           corr(identifiable)  mu=+0.41  D_div_mu=+0.36  T0_div_mu=-0.15  Ly=-0.20  op_x=+0.38  op_y=-0.27   mean spread/GT 0.00
           err share           mu=35%  D_div_mu=1%  T0_div_mu=0%  Ly=25%  op_x=17%  op_y=22%
step   2100  train 1.3434e+00  |g| 3.00e+01  [1914s]
step   2200  train 1.2016e+00  |g| 8.94e+01  [2016s]
step   2300  train 2.0656e+00  |g| 3.57e+02  [2118s]
step   2400  train 1.7936e+00  |g| 3.75e+01  [2221s]
step   2500  train 1.3147e+00  |g| 3.26e+01  [2324s]
step   2600  train 1.2286e+00  |g| 1.03e+01  [2427s]
step   2700  train 1.3061e+00  |g| 1.84e+01  [2529s]
step   2800  train 1.2097e+00  |g| 7.48e+00  [2632s]
step   2900  train 1.2945e+00  |g| 1.05e+01  [2735s]
step   3000  train 1.3319e+00  val 1.3130e+00  6d geo 2.107e-01 med 2.282e-01 p90 3.535e-01 (const 4.730e-02)  |g| 6.45e+00  [2838s]
           5d geo 1.492e-01 med 1.753e-01   postmu 6d geo 1.538e-01 med 1.798e-01 p90 3.125e-01   mu |dlog| 0.7825
           WARNING: prediction spread 0.001 of ground truth -- the output has collapsed to a constant (saturated tanh); lower --lr or raise --warmup-steps and restart
           corr(identifiable)  mu=+0.52  D_div_mu=+0.37  T0_div_mu=+0.14  Ly=-0.29  op_x=-0.07  op_y=+0.17   mean spread/GT 0.00
           err share           mu=35%  D_div_mu=1%  T0_div_mu=0%  Ly=24%  op_x=19%  op_y=21%
step   3100  train 1.3270e+00  |g| 2.02e+01  [2948s]
step   3200  train 1.4368e+00  |g| 4.16e+01  [3051s]
step   3300  train 1.5380e+00  |g| 5.61e+01  [3154s]
step   3400  train 1.2879e+00  |g| 8.95e+00  [3257s]
step   3500  train 1.3442e+00  |g| 1.51e+01  [3360s]
step   3600  train 1.2898e+00  |g| 1.93e+01  [3463s]
step   3700  train 1.2265e+00  |g| 9.27e+00  [3566s]
step   3800  train 1.2175e+00  |g| 8.46e+01  [3669s]
step   3900  train 1.2487e+00  |g| 5.70e+01  [3772s]
step   4000  train 1.4224e+00  val 1.2456e+00  6d geo 2.115e-01 med 2.285e-01 p90 3.549e-01 (const 4.730e-02)  |g| 1.47e+01  [3875s]
           5d geo 1.486e-01 med 1.743e-01   postmu 6d geo 1.529e-01 med 1.792e-01 p90 3.104e-01   mu |dlog| 0.7752
           WARNING: prediction spread 0.005 of ground truth -- the output has collapsed to a constant (saturated tanh); lower --lr or raise --warmup-steps and restart
           corr(identifiable)  mu=-0.03  D_div_mu=+0.21  T0_div_mu=-0.03  Ly=-0.00  op_x=+0.15  op_y=+0.04   mean spread/GT 0.00
           err share           mu=35%  D_div_mu=1%  T0_div_mu=0%  Ly=24%  op_x=19%  op_y=21%
step   4100  train 1.2883e+00  |g| 4.39e+01  [3985s]
step   4200  train 1.2412e+00  |g| 2.24e+01  [4088s]
step   4300  train 1.5948e+00  |g| 5.78e+01  [4203s]
step   4400  train 1.5811e+00  |g| 7.09e+00  [4338s]
step   4500  train 1.5531e+00  |g| 2.17e+01  [4474s]
step   4600  train 1.5690e+00  |g| 3.66e+00  [4610s]
step   4700  train 1.4902e+00  |g| 4.98e+00  [4745s]
step   4800  train 1.4773e+00  |g| 1.08e+01  [4881s]
step   4900  train 1.6195e+00  |g| 5.27e+01  [5017s]
step   5000  train 1.5222e+00  val 1.4851e+00  6d geo 3.089e-01 med 3.187e-01 p90 4.340e-01 (const 4.730e-02)  |g| 4.00e+01  [5153s]
           5d geo 3.517e-01 med 3.630e-01   postmu 6d geo 3.156e-01 med 3.279e-01 p90 4.608e-01   mu |dlog| 0.6325
           WARNING: prediction spread 0.005 of ground truth -- the output has collapsed to a constant (saturated tanh); lower --lr or raise --warmup-steps and restart
           corr(identifiable)  mu=-0.29  D_div_mu=-0.01  T0_div_mu=-0.12  Ly=+0.13  op_x=+0.08  op_y=+0.20   mean spread/GT 0.01
           err share           mu=5%  D_div_mu=45%  T0_div_mu=1%  Ly=17%  op_x=18%  op_y=13%
step   5100  train 1.4462e+00  |g| 2.96e+01  [5298s]
step   5200  train 1.4745e+00  |g| 3.95e+01  [5434s]
step   5300  train 1.3551e+00  |g| 1.70e+01  [5569s]
step   5400  train 1.4397e+00  |g| 3.05e+01  [5705s]
step   5500  train 1.3264e+00  |g| 4.92e+01  [5841s]
step   5600  train 1.3945e+00  |g| 5.46e+01  [5976s]
step   5700  train 1.4399e+00  |g| 4.50e+01  [6112s]
step   5800  train 1.3509e+00  |g| 3.56e+01  [6248s]
step   5900  train 1.4381e+00  |g| 2.79e+01  [6383s]
step   6000  train 1.5690e+00  val 1.5832e+00  6d geo 3.163e-01 med 3.255e-01 p90 4.473e-01 (const 4.730e-02)  |g| 3.31e+01  [6519s]
           5d geo 3.606e-01 med 3.727e-01   postmu 6d geo 3.245e-01 med 3.368e-01 p90 4.746e-01   mu |dlog| 0.6536
           WARNING: prediction spread 0.001 of ground truth -- the output has collapsed to a constant (saturated tanh); lower --lr or raise --warmup-steps and restart
           corr(identifiable)  mu=-0.45  D_div_mu=+0.17  T0_div_mu=-0.24  Ly=+0.25  op_x=-0.07  op_y=+0.18   mean spread/GT 0.00
           err share           mu=5%  D_div_mu=44%  T0_div_mu=1%  Ly=17%  op_x=18%  op_y=16%
step   6100  train 1.4652e+00  |g| 2.22e+01  [6664s]
step   6200  train 1.3396e+00  |g| 1.94e+01  [6800s]
step   6300  train 1.3874e+00  |g| 5.12e+01  [6935s]
step   6400  train 1.4107e+00  |g| 1.86e+01  [7071s]
step   6500  train 1.5335e+00  |g| 1.17e+01  [7207s]
step   6600  train 1.4309e+00  |g| 4.00e+01  [7343s]
step   6700  train 1.3805e+00  |g| 5.15e+01  [7479s]
step   6800  train 1.4685e+00  |g| 7.12e+01  [7614s]
step   6900  train 1.3583e+00  |g| 2.68e+01  [7750s]
step   7000  train 1.4010e+00  val 1.4145e+00  6d geo 3.090e-01 med 3.187e-01 p90 4.363e-01 (const 4.730e-02)  |g| 2.24e+01  [7886s]
           5d geo 3.519e-01 med 3.632e-01   postmu 6d geo 3.160e-01 med 3.276e-01 p90 4.609e-01   mu |dlog| 0.6370
           WARNING: prediction spread 0.003 of ground truth -- the output has collapsed to a constant (saturated tanh); lower --lr or raise --warmup-steps and restart
           corr(identifiable)  mu=-0.46  D_div_mu=+0.18  T0_div_mu=-0.24  Ly=+0.23  op_x=-0.06  op_y=+0.24   mean spread/GT 0.00
           err share           mu=5%  D_div_mu=44%  T0_div_mu=1%  Ly=17%  op_x=18%  op_y=14%
step   7100  train 1.4112e+00  |g| 2.52e+01  [8031s]
step   7200  train 1.4464e+00  |g| 3.56e+01  [8166s]
step   7300  train 1.3031e+00  |g| 2.25e+01  [8302s]
step   7400  train 1.4011e+00  |g| 5.35e+01  [8438s]
step   7500  train 1.3628e+00  |g| 4.21e+01  [8573s]
step   7600  train 1.3428e+00  |g| 5.79e+01  [8709s]
step   7700  train 1.3090e+00  |g| 2.47e+01  [8844s]
step   7800  train 1.4768e+00  |g| 5.07e+01  [8980s]
step   7900  train 1.3580e+00  |g| 1.73e+01  [9116s]
step   8000  train 1.3900e+00  val 1.4043e+00  6d geo 3.091e-01 med 3.185e-01 p90 4.359e-01 (const 4.730e-02)  |g| 3.71e+01  [9251s]
           5d geo 3.520e-01 med 3.628e-01   postmu 6d geo 3.161e-01 med 3.275e-01 p90 4.606e-01   mu |dlog| 0.6396
           WARNING: prediction spread 0.004 of ground truth -- the output has collapsed to a constant (saturated tanh); lower --lr or raise --warmup-steps and restart
           corr(identifiable)  mu=-0.45  D_div_mu=+0.21  T0_div_mu=-0.24  Ly=+0.12  op_x=-0.06  op_y=+0.24   mean spread/GT 0.00
           err share           mu=5%  D_div_mu=44%  T0_div_mu=1%  Ly=17%  op_x=18%  op_y=14%
step   8100  train 1.3941e+00  |g| 6.49e+01  [9396s]
step   8200  train 1.5988e+00  |g| 5.56e+01  [9531s]
step   8300  train 1.4965e+00  |g| 3.53e+01  [9667s]
step   8400  train 1.4765e+00  |g| 6.64e+01  [9802s]
step   8500  train 1.4628e+00  |g| 3.57e+01  [9937s]
step   8600  train 1.3731e+00  |g| 3.50e+01  [10072s]
step   8700  train 1.3688e+00  |g| 2.55e+01  [10209s]
step   8800  train 1.3810e+00  |g| 1.13e+02  [10345s]
step   8900  train 1.4332e+00  |g| 7.08e+01  [10482s]
step   9000  train 1.4607e+00  val 1.4035e+00  6d geo 3.090e-01 med 3.184e-01 p90 4.358e-01 (const 4.730e-02)  |g| 6.71e+01  [10618s]
           5d geo 3.519e-01 med 3.629e-01   postmu 6d geo 3.159e-01 med 3.270e-01 p90 4.604e-01   mu |dlog| 0.6316
           WARNING: prediction spread 0.004 of ground truth -- the output has collapsed to a constant (saturated tanh); lower --lr or raise --warmup-steps and restart
           corr(identifiable)  mu=-0.47  D_div_mu=+0.19  T0_div_mu=-0.26  Ly=-0.22  op_x=-0.05  op_y=+0.19   mean spread/GT 0.00
           err share           mu=5%  D_div_mu=44%  T0_div_mu=1%  Ly=17%  op_x=18%  op_y=14%
step   9100  train 1.2995e+00  |g| 1.76e+01  [10763s]
step   9200  train 1.4092e+00  |g| 5.11e+01  [10899s]
step   9300  train 1.4325e+00  |g| 1.52e+01  [11035s]
step   9400  train 1.3501e+00  |g| 2.91e+01  [11171s]
step   9500  train 1.4317e+00  |g| 4.14e+01  [11307s]
step   9600  train 1.3092e+00  |g| 2.37e+01  [11443s]
step   9700  train 1.3733e+00  |g| 8.07e+01  [11579s]
step   9800  train 1.3246e+00  |g| 2.37e+01  [11715s]
step   9900  train 1.4384e+00  |g| 4.77e+01  [11851s]
step  10000  train 1.4549e+00  val 1.3998e+00  6d geo 3.091e-01 med 3.185e-01 p90 4.359e-01 (const 4.730e-02)  |g| 3.18e+01  [11987s]
           5d geo 3.520e-01 med 3.629e-01   postmu 6d geo 3.160e-01 med 3.274e-01 p90 4.608e-01   mu |dlog| 0.6370
           WARNING: prediction spread 0.004 of ground truth -- the output has collapsed to a constant (saturated tanh); lower --lr or raise --warmup-steps and restart
           corr(identifiable)  mu=-0.48  D_div_mu=+0.21  T0_div_mu=-0.26  Ly=-0.16  op_x=-0.06  op_y=+0.20   mean spread/GT 0.00
           err share           mu=5%  D_div_mu=44%  T0_div_mu=1%  Ly=17%  op_x=18%  op_y=14%
step  10100  train 1.4077e+00  |g| 5.35e+01  [12133s]
step  10200  train 1.3797e+00  |g| 4.04e+01  [12270s]
step  10300  train 1.4767e+00  |g| 5.90e+01  [12406s]
step  10400  train 1.5709e+00  |g| 2.50e+01  [12543s]
step  10500  train 1.3998e+00  |g| 3.78e+01  [12679s]
step  10600  train 1.3720e+00  |g| 3.43e+01  [12816s]
step  10700  train 1.3820e+00  |g| 5.31e+01  [12952s]
step  10800  train 1.5281e+00  |g| 3.04e+01  [13089s]
step  10900  train 1.3991e+00  |g| 4.86e+01  [13225s]
step  11000  train 1.4609e+00  val 1.4247e+00  6d geo 3.099e-01 med 3.193e-01 p90 4.367e-01 (const 4.730e-02)  |g| 3.38e+01  [13362s]
           5d geo 3.530e-01 med 3.642e-01   postmu 6d geo 3.171e-01 med 3.281e-01 p90 4.621e-01   mu |dlog| 0.6369
           WARNING: prediction spread 0.005 of ground truth -- the output has collapsed to a constant (saturated tanh); lower --lr or raise --warmup-steps and restart
           corr(identifiable)  mu=-0.44  D_div_mu=-0.01  T0_div_mu=-0.22  Ly=+0.22  op_x=-0.03  op_y=+0.21   mean spread/GT 0.00
           err share           mu=5%  D_div_mu=44%  T0_div_mu=1%  Ly=17%  op_x=18%  op_y=14%
step  11100  train 1.3125e+00  |g| 2.51e+01  [13507s]
step  11200  train 1.5639e+00  |g| 2.90e+01  [13644s]
step  11300  train 1.4985e+00  |g| 4.14e+01  [13780s]
step  11400  train 1.4750e+00  |g| 3.21e+01  [13916s]
step  11500  train 1.6188e+00  |g| 3.78e+01  [14052s]
step  11600  train 1.5513e+00  |g| 5.42e+01  [14188s]
step  11700  train 1.4643e+00  |g| 2.14e+01  [14324s]
step  11800  train 1.5594e+00  |g| 5.38e+01  [14460s]
step  11900  train 1.3309e+00  |g| 2.22e+01  [14596s]
step  12000  train 1.5366e+00  val 1.4714e+00  6d geo 3.095e-01 med 3.189e-01 p90 4.375e-01 (const 4.730e-02)  |g| 4.60e+01  [14732s]
           5d geo 3.525e-01 med 3.644e-01   postmu 6d geo 3.168e-01 med 3.278e-01 p90 4.626e-01   mu |dlog| 0.6369
           corr(identifiable)  mu=+0.32  D_div_mu=-0.17  T0_div_mu=-0.21  Ly=+0.23  op_x=+0.15  op_y=-0.26   mean spread/GT 0.06
           err share           mu=5%  D_div_mu=45%  T0_div_mu=1%  Ly=17%  op_x=18%  op_y=14%
best val_nmse_6d_postmu_geo 4.2123e-02 (encoder_best.pt)

Done. Outputs written to /home/bhpark3/dafx_ddsp/results/ddsp/lr_L1_STFT_log_1e-4
