Device cuda | loss MSS | duration 0.25s
Loading train targets from data/train-p99
Loading val targets from data/val-p99
  98304 train / 996 val in 41s   train tensor 4.34 GB
  training set held in host memory; batches transferred per step
reference levels:  gt_loss 0.0000e+00   saturation (unrelated IRs) 6.3173e+00
constant-predictor NMSE: 6d 4.730e-02  7d 7.959e-02  (the floor to beat)
training loss stuck near saturation = gradient uninformative; well below = learning

encoder: 3.74M params, width 32

loss scale (fixed): 3.7580e+00
step      1  train 3.7580e+00  val 2.1388e+01  6d geo 4.268e-02 med 4.729e-02 p90 8.122e-02 (const 4.730e-02)  |g| 1.68e+01  [1s]
           5d geo 4.193e-02 med 4.869e-02   postmu 6d geo 5.184e-02 med 5.479e-02 p90 1.360e-01   mu |dlog| 0.6050
           WARNING: prediction spread 0.004 of ground truth -- the output has collapsed to a constant (saturated tanh); lower --lr or raise --warmup-steps and restart
           corr(identifiable)  mu=+0.35  D_div_mu=+0.38  T0_div_mu=+0.14  Ly=+0.02  op_x=+0.13  op_y=+0.04   mean spread/GT 0.00
           err share           mu=16%  D_div_mu=2%  T0_div_mu=2%  Ly=26%  op_x=28%  op_y=26%
step    100  train 3.0120e+00  |g| 1.73e+01  [47s]
step    200  train 2.8889e+00  |g| 2.07e+02  [90s]
step    300  train 3.3832e+00  |g| 7.72e+01  [132s]
step    400  train 1.7183e+01  |g| 7.97e+01  [175s]
step    500  train 2.7730e+00  |g| 3.66e+01  [217s]
step    600  train 2.6224e+00  |g| 1.54e+02  [259s]
step    700  train 2.5890e+00  |g| 7.28e+01  [300s]
step    800  train 2.5625e+00  |g| 4.13e+01  [341s]
step    900  train 2.3127e+00  |g| 4.29e+01  [382s]
step   1000  train 2.4974e+00  val 4.0053e+00  6d geo 7.485e-02 med 8.295e-02 p90 1.573e-01 (const 4.730e-02)  |g| 6.91e+01  [423s]
           5d geo 6.800e-02 med 8.089e-02   postmu 6d geo 7.113e-02 med 8.126e-02 p90 1.617e-01   mu |dlog| 1.0355
           WARNING: prediction spread 0.020 of ground truth -- the output has collapsed to a constant (saturated tanh); lower --lr or raise --warmup-steps and restart
           corr(identifiable)  mu=+0.38  D_div_mu=+0.46  T0_div_mu=+0.14  Ly=+0.22  op_x=+0.50  op_y=-0.20   mean spread/GT 0.02
           err share           mu=18%  D_div_mu=1%  T0_div_mu=1%  Ly=26%  op_x=39%  op_y=15%
step   1100  train 2.5635e+00  |g| 1.12e+02  [469s]
step   1200  train 2.3081e+00  |g| 7.14e+01  [517s]
step   1300  train 2.5614e+00  |g| 1.27e+02  [567s]
step   1400  train 2.6573e+00  |g| 1.89e+01  [609s]
step   1500  train 2.4250e+00  |g| 1.92e+02  [652s]
step   1600  train 2.2031e+00  |g| 2.07e+02  [695s]
step   1700  train 2.3255e+00  |g| 1.99e+02  [738s]
step   1800  train 6.5172e+00  |g| 1.19e+02  [784s]
step   1900  train 2.4606e+00  |g| 1.42e+02  [837s]
step   2000  train 2.1588e+00  val 2.7595e+00  6d geo 4.842e-02 med 5.353e-02 p90 1.101e-01 (const 4.730e-02)  |g| 1.70e+02  [890s]
           5d geo 4.756e-02 med 5.459e-02   postmu 6d geo 5.000e-02 med 5.472e-02 p90 1.162e-01   mu |dlog| 0.4932
           corr(identifiable)  mu=+0.26  D_div_mu=+0.41  T0_div_mu=+0.11  Ly=-0.21  op_x=+0.52  op_y=+0.13   mean spread/GT 0.08
           err share           mu=13%  D_div_mu=2%  T0_div_mu=1%  Ly=23%  op_x=39%  op_y=21%
step   2100  train 3.4791e+00  |g| 1.61e+02  [969s]
step   2200  train 2.4586e+00  |g| 6.97e+01  [1044s]
step   2300  train 2.4202e+00  |g| 2.18e+02  [1143s]
step   2400  train 2.4363e+00  |g| 6.08e+01  [1246s]
step   2500  train 2.4328e+00  |g| 2.90e+02  [1347s]
step   2600  train 2.2440e+00  |g| 4.80e+01  [1460s]
step   2700  train 2.2171e+00  |g| 4.09e+02  [1575s]
step   2800  train 2.0849e+00  |g| 2.93e+02  [1676s]
step   2900  train 2.1779e+00  |g| 8.94e+01  [1778s]
step   3000  train 2.1747e+00  val 2.5195e+00  6d geo 1.162e-01 med 1.342e-01 p90 2.323e-01 (const 4.730e-02)  |g| 1.21e+02  [1892s]
           5d geo 1.288e-01 med 1.494e-01   postmu 6d geo 1.189e-01 med 1.365e-01 p90 2.264e-01   mu |dlog| 0.6426
           corr(identifiable)  mu=+0.25  D_div_mu=-0.04  T0_div_mu=-0.03  Ly=-0.20  op_x=+0.52  op_y=+0.38   mean spread/GT 0.06
           err share           mu=7%  D_div_mu=10%  T0_div_mu=1%  Ly=38%  op_x=29%  op_y=16%
step   3100  train 2.3792e+00  |g| 2.32e+02  [2022s]
step   3200  train 2.9070e+00  |g| 4.17e+02  [2092s]
step   3300  train 2.8632e+00  |g| 6.63e+01  [2149s]
step   3400  train 2.4269e+00  |g| 5.02e+01  [2201s]
step   3500  train 2.4336e+00  |g| 2.12e+02  [2257s]
step   3600  train 2.2274e+00  |g| 2.21e+02  [2331s]
step   3700  train 2.1718e+00  |g| 1.87e+02  [2402s]
step   3800  train 2.1386e+00  |g| 1.94e+02  [2468s]
step   3900  train 2.1668e+00  |g| 2.17e+02  [2543s]
step   4000  train 2.9269e+00  val 2.3759e+00  6d geo 8.653e-02 med 9.838e-02 p90 1.859e-01 (const 4.730e-02)  |g| 6.08e+01  [2616s]
           5d geo 7.446e-02 med 9.293e-02   postmu 6d geo 7.153e-02 med 8.644e-02 p90 1.694e-01   mu |dlog| 0.4130
           corr(identifiable)  mu=+0.33  D_div_mu=-0.50  T0_div_mu=+0.17  Ly=+0.07  op_x=+0.53  op_y=+0.37   mean spread/GT 0.08
           err share           mu=20%  D_div_mu=1%  T0_div_mu=1%  Ly=29%  op_x=34%  op_y=14%
step   4100  train 2.1258e+00  |g| 2.77e+02  [2695s]
step   4200  train 2.2187e+00  |g| 1.54e+02  [2765s]
step   4300  train 2.0793e+00  |g| 1.04e+02  [2843s]
step   4400  train 2.0668e+00  |g| 6.28e+01  [2926s]
step   4500  train 2.0684e+00  |g| 7.95e+01  [3013s]
step   4600  train 2.0591e+00  |g| 2.54e+02  [3107s]
step   4700  train 2.1021e+00  |g| 2.51e+02  [3207s]
step   4800  train 2.1099e+00  |g| 1.68e+02  [3300s]
step   4900  train 2.0958e+00  |g| 6.11e+01  [3390s]
step   5000  train 2.1111e+00  val 2.1517e+00  6d geo 8.303e-02 med 9.448e-02 p90 1.829e-01 (const 4.730e-02)  |g| 5.73e+01  [3482s]
           5d geo 7.747e-02 med 9.733e-02   postmu 6d geo 7.224e-02 med 8.601e-02 p90 1.747e-01   mu |dlog| 0.3758
           corr(identifiable)  mu=+0.32  D_div_mu=-0.51  T0_div_mu=+0.12  Ly=+0.07  op_x=+0.53  op_y=+0.33   mean spread/GT 0.12
           err share           mu=15%  D_div_mu=2%  T0_div_mu=1%  Ly=39%  op_x=32%  op_y=12%
step   5100  train 2.1306e+00  |g| 2.64e+02  [3581s]
step   5200  train 2.1296e+00  |g| 1.71e+02  [3677s]
step   5300  train 2.1459e+00  |g| 2.28e+02  [3785s]
step   5400  train 2.1968e+00  |g| 6.20e+01  [3874s]
step   5500  train 2.0742e+00  |g| 3.22e+01  [3967s]
step   5600  train 1.9893e+00  |g| 1.66e+02  [4066s]
step   5700  train 2.1643e+00  |g| 5.17e+01  [4161s]
step   5800  train 2.1013e+00  |g| 2.62e+02  [4245s]
step   5900  train 2.0939e+00  |g| 4.20e+01  [4331s]
step   6000  train 1.9236e+00  val 2.0363e+00  6d geo 1.018e-01 med 1.123e-01 p90 2.151e-01 (const 4.730e-02)  |g| 3.47e+01  [4424s]
           5d geo 8.639e-02 med 1.089e-01   postmu 6d geo 8.435e-02 med 1.014e-01 p90 2.058e-01   mu |dlog| 0.5167
           corr(identifiable)  mu=+0.35  D_div_mu=-0.52  T0_div_mu=+0.11  Ly=+0.06  op_x=+0.53  op_y=-0.20   mean spread/GT 0.12
           err share           mu=21%  D_div_mu=1%  T0_div_mu=1%  Ly=39%  op_x=25%  op_y=13%
step   6100  train 1.9372e+00  |g| 2.27e+02  [4522s]
step   6200  train 2.0252e+00  |g| 9.17e+01  [4603s]
step   6300  train 1.9857e+00  |g| 1.58e+02  [4685s]
step   6400  train 1.9586e+00  |g| 1.24e+02  [4772s]
step   6500  train 1.8876e+00  |g| 5.93e+01  [4863s]
step   6600  train 1.9204e+00  |g| 4.43e+01  [4953s]
step   6700  train 1.9697e+00  |g| 2.11e+02  [5036s]
step   6800  train 2.0022e+00  |g| 8.14e+01  [5118s]
step   6900  train 1.9736e+00  |g| 3.46e+02  [5190s]
  WARNING: 48 of 64 parameter sets need a finer grid than the pinned (86, 282) and are truncated. Raise --fixed-mode-grid; targets rendered under a pin that truncates them are not the plate's output at those parameters.
step   7000  train 2.1596e+00  val 2.2590e+00  6d geo 1.007e-01 med 1.184e-01 p90 2.242e-01 (const 4.730e-02)  |g| 2.64e+02  [5241s]
           5d geo 1.076e-01 med 1.306e-01   postmu 6d geo 1.007e-01 med 1.170e-01 p90 2.191e-01   mu |dlog| 0.4576
           corr(identifiable)  mu=+0.32  D_div_mu=-0.04  T0_div_mu=-0.16  Ly=+0.10  op_x=+0.40  op_y=+0.35   mean spread/GT 0.08
           err share           mu=8%  D_div_mu=2%  T0_div_mu=1%  Ly=39%  op_x=40%  op_y=11%
step   7100  train 2.1958e+00  |g| 1.73e+02  [5287s]
step   7200  train 2.1320e+00  |g| 1.26e+02  [5328s]
step   7300  train 2.0092e+00  |g| 2.13e+02  [5370s]
step   7400  train 2.0611e+00  |g| 7.85e+01  [5411s]
step   7500  train 1.9706e+00  |g| 9.60e+01  [5452s]
step   7600  train 2.2109e+00  |g| 2.21e+02  [5493s]
step   7700  train 1.9960e+00  |g| 2.74e+02  [5534s]
step   7800  train 2.1406e+00  |g| 1.44e+02  [5575s]
step   7900  train 2.0032e+00  |g| 2.33e+02  [5617s]
step   8000  train 2.0812e+00  val 2.1807e+00  6d geo 1.278e-01 med 1.504e-01 p90 2.657e-01 (const 4.730e-02)  |g| 1.33e+02  [5658s]
           5d geo 1.390e-01 med 1.679e-01   postmu 6d geo 1.357e-01 med 1.568e-01 p90 2.658e-01   mu |dlog| 1.2503
           corr(identifiable)  mu=+0.38  D_div_mu=-0.19  T0_div_mu=-0.16  Ly=+0.05  op_x=+0.38  op_y=+0.33   mean spread/GT 0.05
           err share           mu=7%  D_div_mu=1%  T0_div_mu=0%  Ly=34%  op_x=34%  op_y=23%
step   8100  train 2.1080e+00  |g| 2.12e+02  [5703s]
step   8200  train 2.1587e+00  |g| 4.44e+01  [5744s]
step   8300  train 2.1050e+00  |g| 8.64e+01  [5785s]
step   8400  train 2.0440e+00  |g| 1.56e+02  [5826s]
step   8500  train 2.1635e+00  |g| 2.94e+01  [5867s]
step   8600  train 1.9470e+00  |g| 2.33e+02  [5907s]
step   8700  train 1.9777e+00  |g| 2.88e+02  [5949s]
step   8800  train 1.9374e+00  |g| 3.23e+02  [5990s]
step   8900  train 1.9896e+00  |g| 4.86e+01  [6031s]
step   9000  train 2.0113e+00  val 1.9980e+00  6d geo 1.189e-01 med 1.375e-01 p90 2.485e-01 (const 4.730e-02)  |g| 1.07e+02  [6072s]
           5d geo 1.271e-01 med 1.507e-01   postmu 6d geo 1.227e-01 med 1.396e-01 p90 2.478e-01   mu |dlog| 0.9641
           corr(identifiable)  mu=+0.36  D_div_mu=-0.49  T0_div_mu=-0.11  Ly=-0.17  op_x=+0.45  op_y=+0.25   mean spread/GT 0.06
           err share           mu=8%  D_div_mu=1%  T0_div_mu=1%  Ly=24%  op_x=36%  op_y=30%
step   9100  train 2.0020e+00  |g| 1.71e+02  [6117s]
step   9200  train 2.0896e+00  |g| 4.56e+02  [6159s]
step   9300  train 2.1329e+00  |g| 1.44e+02  [6200s]
step   9400  train 2.4187e+00  |g| 1.89e+02  [6241s]
step   9500  train 2.0267e+00  |g| 2.01e+02  [6283s]
step   9600  train 1.9640e+00  |g| 4.07e+01  [6324s]
step   9700  train 2.0589e+00  |g| 3.32e+02  [6365s]
step   9800  train 2.0037e+00  |g| 3.57e+02  [6407s]
step   9900  train 2.0069e+00  |g| 6.04e+01  [6448s]
step  10000  train 2.0022e+00  val 2.0439e+00  6d geo 1.271e-01 med 1.453e-01 p90 2.586e-01 (const 4.730e-02)  |g| 7.29e+01  [6489s]
           5d geo 1.372e-01 med 1.624e-01   postmu 6d geo 1.273e-01 med 1.438e-01 p90 2.545e-01   mu |dlog| 0.6433
           corr(identifiable)  mu=+0.33  D_div_mu=-0.02  T0_div_mu=-0.13  Ly=-0.20  op_x=+0.44  op_y=+0.28   mean spread/GT 0.07
           err share           mu=7%  D_div_mu=1%  T0_div_mu=1%  Ly=28%  op_x=34%  op_y=29%
step  10100  train 2.0003e+00  |g| 7.09e+01  [6534s]
step  10200  train 1.9565e+00  |g| 5.55e+01  [6576s]
step  10300  train 2.0265e+00  |g| 1.50e+02  [6617s]
step  10400  train 1.9806e+00  |g| 8.16e+01  [6658s]
step  10500  train 1.9539e+00  |g| 4.36e+02  [6699s]
step  10600  train 1.9517e+00  |g| 1.76e+02  [6740s]
step  10700  train 1.8929e+00  |g| 9.44e+01  [6781s]
step  10800  train 1.9171e+00  |g| 7.88e+01  [6822s]
step  10900  train 1.9250e+00  |g| 5.28e+01  [6863s]
step  11000  train 1.9719e+00  val 1.9812e+00  6d geo 1.372e-01 med 1.568e-01 p90 2.718e-01 (const 4.730e-02)  |g| 4.59e+01  [6905s]
           5d geo 1.491e-01 med 1.738e-01   postmu 6d geo 1.397e-01 med 1.575e-01 p90 2.732e-01   mu |dlog| 0.8085
           corr(identifiable)  mu=+0.37  D_div_mu=+0.13  T0_div_mu=-0.15  Ly=-0.25  op_x=+0.41  op_y=+0.30   mean spread/GT 0.05
           err share           mu=7%  D_div_mu=1%  T0_div_mu=1%  Ly=33%  op_x=32%  op_y=26%
step  11100  train 2.0097e+00  |g| 3.78e+01  [6950s]
step  11200  train 1.9647e+00  |g| 6.12e+01  [6991s]
step  11300  train 1.8728e+00  |g| 7.58e+01  [7032s]
step  11400  train 1.9066e+00  |g| 4.89e+01  [7073s]
step  11500  train 1.9234e+00  |g| 9.23e+01  [7114s]
step  11600  train 1.9204e+00  |g| 4.49e+01  [7155s]
step  11700  train 1.8967e+00  |g| 1.35e+02  [7196s]
step  11800  train 2.1418e+00  |g| 3.49e+01  [7237s]
step  11900  train 1.8835e+00  |g| 5.77e+01  [7279s]
step  12000  train 1.8281e+00  val 1.8360e+00  6d geo 1.370e-01 med 1.567e-01 p90 2.717e-01 (const 4.730e-02)  |g| 7.90e+01  [7320s]
           5d geo 1.489e-01 med 1.736e-01   postmu 6d geo 1.403e-01 med 1.594e-01 p90 2.742e-01   mu |dlog| 0.8885
           corr(identifiable)  mu=+0.40  D_div_mu=+0.12  T0_div_mu=-0.18  Ly=-0.31  op_x=+0.35  op_y=+0.29   mean spread/GT 0.06
           err share           mu=7%  D_div_mu=1%  T0_div_mu=1%  Ly=34%  op_x=32%  op_y=25%
best val_nmse_6d_postmu_geo 4.9999e-02 (encoder_best.pt)

Done. Outputs written to /home/bhpark3/dafx_ddsp/results/ddsp/lr_MSS_1e-5
