Device cuda | loss L1_STFT_c2 | duration 0.25s
Loading train targets from data/train-p99
Loading val targets from data/val-p99
  98304 train / 996 val in 275s   train tensor 4.34 GB
  training set held in host memory; batches transferred per step
reference levels:  gt_loss 0.0000e+00   saturation (unrelated IRs) 9.6195e-02
constant-predictor NMSE: 6d 4.730e-02  7d 7.959e-02  (the floor to beat)
training loss stuck near saturation = gradient uninformative; well below = learning

encoder: 3.74M params, width 32

loss scale (fixed): 7.0172e-02
step      1  train 7.0172e-02  val 7.5724e-02  6d geo 4.268e-02 med 4.730e-02 p90 8.124e-02 (const 4.730e-02)  |g| 4.02e+00  [11s]
           5d geo 4.193e-02 med 4.869e-02   postmu 6d geo 4.850e-02 med 5.095e-02 p90 1.241e-01   mu |dlog| 0.5337
           WARNING: prediction spread 0.004 of ground truth -- the output has collapsed to a constant (saturated tanh); lower --lr or raise --warmup-steps and restart
           corr(identifiable)  mu=+0.35  D_div_mu=+0.38  T0_div_mu=+0.14  Ly=+0.02  op_x=+0.13  op_y=+0.04   mean spread/GT 0.00
           err share           mu=16%  D_div_mu=2%  T0_div_mu=2%  Ly=26%  op_x=28%  op_y=26%
step    100  train 6.9781e-02  |g| 4.24e+00  [56s]
  WARNING: 2 of 64 parameter sets need a finer grid than the pinned (86, 282) and are truncated. Raise --fixed-mode-grid; targets rendered under a pin that truncates them are not the plate's output at those parameters.
step    200  train 7.0533e-02  |g| 3.50e+01  [96s]
step    300  train 7.2115e-02  |g| 1.40e+01  [136s]
step    400  train 9.9590e-02  |g| 3.75e+01  [186s]
step    500  train 7.8574e-02  |g| 1.75e+01  [279s]
step    600  train 7.1280e-02  |g| 1.65e+01  [341s]
step    700  train 7.3030e-02  |g| 1.61e+01  [399s]
step    800  train 7.1988e-02  |g| 2.07e+01  [466s]
step    900  train 7.0430e-02  |g| 2.17e+01  [540s]
step   1000  train 7.0686e-02  |g| 1.49e+01  [603s]
step   1100  train 7.5614e-02  |g| 1.02e+01  [668s]
step   1200  train 7.0434e-02  |g| 1.02e+01  [739s]
step   1300  train 7.7147e-02  |g| 9.18e+00  [811s]
step   1400  train 7.3165e-02  |g| 2.23e+01  [885s]
step   1500  train 7.3485e-02  |g| 1.41e+01  [959s]
step   1600  train 6.8978e-02  |g| 2.67e+01  [1018s]
step   1700  train 6.5128e-02  |g| 5.48e+00  [1061s]
step   1800  train 1.2096e-01  |g| 1.01e+02  [1108s]
step   1900  train 8.2999e-02  |g| 7.39e+00  [1149s]
step   2000  train 6.4508e-02  val 7.0014e-02  6d geo 1.484e-01 med 1.673e-01 p90 2.890e-01 (const 4.730e-02)  |g| 2.59e+01  [1189s]
           5d geo 1.629e-01 med 1.879e-01   postmu 6d geo 1.561e-01 med 1.742e-01 p90 2.933e-01   mu |dlog| 1.1968
           WARNING: prediction spread 0.004 of ground truth -- the output has collapsed to a constant (saturated tanh); lower --lr or raise --warmup-steps and restart
           corr(identifiable)  mu=-0.54  D_div_mu=-0.44  T0_div_mu=+0.28  Ly=-0.33  op_x=+0.25  op_y=-0.20   mean spread/GT 0.00
           err share           mu=6%  D_div_mu=1%  T0_div_mu=1%  Ly=32%  op_x=30%  op_y=29%
step   2100  train 6.6894e-02  |g| 5.19e+01  [1233s]
step   2200  train 5.8318e-02  |g| 1.00e+01  [1273s]
step   2300  train 5.8724e-02  |g| 1.01e+01  [1313s]
step   2400  train 5.8780e-02  |g| 2.14e+01  [1354s]
step   2500  train 5.8513e-02  |g| 1.17e+01  [1394s]
step   2600  train 6.0227e-02  |g| 1.01e+01  [1435s]
step   2700  train 5.8771e-02  |g| 9.50e+00  [1475s]
step   2800  train 5.6590e-02  |g| 5.60e+00  [1516s]
step   2900  train 5.9082e-02  |g| 3.13e+01  [1556s]
step   3000  train 5.7911e-02  |g| 2.30e+00  [1596s]
step   3100  train 5.9938e-02  |g| 1.22e+01  [1637s]
step   3200  train 5.6139e-02  |g| 3.94e+00  [1677s]
step   3300  train 5.7168e-02  |g| 1.21e+01  [1718s]
step   3400  train 5.5746e-02  |g| 2.10e+00  [1758s]
step   3500  train 5.7322e-02  |g| 2.16e+00  [1799s]
step   3600  train 5.9206e-02  |g| 1.46e+01  [1839s]
step   3700  train 5.7060e-02  |g| 1.07e+01  [1879s]
step   3800  train 5.8209e-02  |g| 1.64e+01  [1920s]
step   3900  train 5.8226e-02  |g| 1.89e+01  [1960s]
step   4000  train 5.5905e-02  val 5.8558e-02  6d geo 1.480e-01 med 1.669e-01 p90 2.879e-01 (const 4.730e-02)  |g| 1.08e+01  [2001s]
           5d geo 1.624e-01 med 1.874e-01   postmu 6d geo 1.521e-01 med 1.726e-01 p90 2.916e-01   mu |dlog| 0.8492
           WARNING: prediction spread 0.002 of ground truth -- the output has collapsed to a constant (saturated tanh); lower --lr or raise --warmup-steps and restart
           corr(identifiable)  mu=-0.67  D_div_mu=-0.32  T0_div_mu=+0.36  Ly=+0.05  op_x=+0.05  op_y=+0.42   mean spread/GT 0.00
           err share           mu=6%  D_div_mu=1%  T0_div_mu=1%  Ly=32%  op_x=30%  op_y=29%
step   4100  train 6.0988e-02  |g| 1.30e+01  [2044s]
step   4200  train 5.8029e-02  |g| 2.11e+01  [2085s]
step   4300  train 5.9276e-02  |g| 2.38e+00  [2125s]
step   4400  train 5.8333e-02  |g| 4.63e+00  [2166s]
step   4500  train 5.7790e-02  |g| 6.98e+00  [2206s]
step   4600  train 5.8913e-02  |g| 3.06e+00  [2247s]
step   4700  train 5.6345e-02  |g| 3.74e+00  [2287s]
step   4800  train 5.7113e-02  |g| 1.23e+01  [2327s]
step   4900  train 6.1395e-02  |g| 1.97e+01  [2368s]
step   5000  train 5.8637e-02  |g| 3.54e+00  [2408s]
step   5100  train 5.6902e-02  |g| 8.73e+00  [2449s]
step   5200  train 5.7382e-02  |g| 7.31e+00  [2489s]
step   5300  train 5.9644e-02  |g| 5.36e-01  [2530s]
step   5400  train 6.0633e-02  |g| 1.55e+01  [2570s]
step   5500  train 5.9631e-02  |g| 9.39e+00  [2611s]
step   5600  train 5.8533e-02  |g| 9.84e+00  [2651s]
step   5700  train 5.9108e-02  |g| 6.23e+00  [2692s]
step   5800  train 5.6501e-02  |g| 6.92e+00  [2732s]
step   5900  train 5.9828e-02  |g| 4.53e+00  [2773s]
step   6000  train 5.8067e-02  val 5.8799e-02  6d geo 1.482e-01 med 1.671e-01 p90 2.882e-01 (const 4.730e-02)  |g| 5.24e+00  [2813s]
           5d geo 1.626e-01 med 1.875e-01   postmu 6d geo 1.530e-01 med 1.730e-01 p90 2.930e-01   mu |dlog| 0.8985
           WARNING: prediction spread 0.003 of ground truth -- the output has collapsed to a constant (saturated tanh); lower --lr or raise --warmup-steps and restart
           corr(identifiable)  mu=-0.66  D_div_mu=-0.30  T0_div_mu=+0.36  Ly=+0.15  op_x=+0.04  op_y=+0.36   mean spread/GT 0.00
           err share           mu=6%  D_div_mu=1%  T0_div_mu=1%  Ly=32%  op_x=30%  op_y=29%
step   6100  train 5.9389e-02  |g| 1.95e+00  [2857s]
step   6200  train 5.5306e-02  |g| 8.56e+00  [2897s]
step   6300  train 5.7398e-02  |g| 4.17e+00  [2938s]
step   6400  train 5.9450e-02  |g| 7.37e+00  [2978s]
step   6500  train 5.9098e-02  |g| 1.22e+01  [3018s]
step   6600  train 5.6644e-02  |g| 3.71e+00  [3059s]
step   6700  train 5.8318e-02  |g| 1.41e+01  [3099s]
step   6800  train 5.6831e-02  |g| 7.15e+00  [3140s]
step   6900  train 6.0839e-02  |g| 3.09e+00  [3180s]
step   7000  train 5.7331e-02  |g| 2.18e+00  [3221s]
step   7100  train 5.6214e-02  |g| 4.95e+00  [3261s]
step   7200  train 5.8024e-02  |g| 2.30e+00  [3302s]
step   7300  train 5.8185e-02  |g| 3.21e+00  [3342s]
step   7400  train 5.8421e-02  |g| 9.42e+00  [3383s]
step   7500  train 5.8323e-02  |g| 1.88e+01  [3423s]
step   7600  train 5.7991e-02  |g| 6.16e+00  [3464s]
step   7700  train 5.6289e-02  |g| 2.80e+00  [3504s]
step   7800  train 5.9982e-02  |g| 1.20e+01  [3545s]
step   7900  train 5.6609e-02  |g| 2.91e+00  [3585s]
step   8000  train 5.8506e-02  val 5.8444e-02  6d geo 1.478e-01 med 1.668e-01 p90 2.879e-01 (const 4.730e-02)  |g| 1.16e+00  [3626s]
           5d geo 1.621e-01 med 1.873e-01   postmu 6d geo 1.510e-01 med 1.713e-01 p90 2.908e-01   mu |dlog| 0.7921
           WARNING: prediction spread 0.007 of ground truth -- the output has collapsed to a constant (saturated tanh); lower --lr or raise --warmup-steps and restart
           corr(identifiable)  mu=-0.69  D_div_mu=-0.29  T0_div_mu=+0.38  Ly=+0.33  op_x=+0.02  op_y=+0.35   mean spread/GT 0.01
           err share           mu=6%  D_div_mu=1%  T0_div_mu=1%  Ly=32%  op_x=30%  op_y=29%
step   8100  train 5.8588e-02  |g| 7.37e+00  [3669s]
step   8200  train 6.2089e-02  |g| 1.23e+01  [3710s]
step   8300  train 6.0521e-02  |g| 4.84e+00  [3750s]
step   8400  train 5.7395e-02  |g| 6.17e+00  [3791s]
step   8500  train 5.5524e-02  |g| 1.78e+00  [3831s]
step   8600  train 5.7131e-02  |g| 8.98e+00  [3872s]
step   8700  train 5.9899e-02  |g| 4.60e+00  [3912s]
step   8800  train 5.7867e-02  |g| 1.69e+00  [3952s]
step   8900  train 5.9560e-02  |g| 4.28e+00  [3993s]
step   9000  train 5.7612e-02  |g| 1.32e+00  [4033s]
step   9100  train 6.0410e-02  |g| 1.73e+00  [4074s]
step   9200  train 5.9068e-02  |g| 9.22e+00  [4114s]
step   9300  train 5.5692e-02  |g| 1.83e+00  [4155s]
step   9400  train 5.7775e-02  |g| 2.46e+00  [4195s]
step   9500  train 5.7812e-02  |g| 2.65e+00  [4236s]
step   9600  train 5.8380e-02  |g| 1.16e+00  [4276s]
step   9700  train 5.6672e-02  |g| 2.23e+00  [4317s]
step   9800  train 5.8654e-02  |g| 8.30e+00  [4357s]
step   9900  train 5.9449e-02  |g| 1.44e+01  [4398s]
step  10000  train 6.0012e-02  val 5.9096e-02  6d geo 1.480e-01 med 1.669e-01 p90 2.879e-01 (const 4.730e-02)  |g| 9.71e+00  [4438s]
           5d geo 1.624e-01 med 1.877e-01   postmu 6d geo 1.531e-01 med 1.732e-01 p90 2.935e-01   mu |dlog| 0.9238
           WARNING: prediction spread 0.003 of ground truth -- the output has collapsed to a constant (saturated tanh); lower --lr or raise --warmup-steps and restart
           corr(identifiable)  mu=-0.53  D_div_mu=-0.38  T0_div_mu=+0.39  Ly=+0.27  op_x=+0.05  op_y=+0.39   mean spread/GT 0.00
           err share           mu=6%  D_div_mu=1%  T0_div_mu=1%  Ly=32%  op_x=30%  op_y=29%
step  10100  train 5.6648e-02  |g| 1.63e+00  [4482s]
step  10200  train 5.9170e-02  |g| 2.10e+00  [4522s]
step  10300  train 5.7940e-02  |g| 8.79e+00  [4563s]
step  10400  train 5.6350e-02  |g| 2.60e+00  [4603s]
step  10500  train 5.9292e-02  |g| 1.93e+01  [4644s]
step  10600  train 5.8123e-02  |g| 5.41e+00  [4684s]
step  10700  train 5.7802e-02  |g| 4.23e+00  [4725s]
step  10800  train 5.7684e-02  |g| 6.39e+00  [4765s]
step  10900  train 6.0355e-02  |g| 5.06e+00  [4806s]
step  11000  train 5.8788e-02  |g| 3.62e+00  [4846s]
step  11100  train 5.8445e-02  |g| 1.61e+00  [4887s]
step  11200  train 5.7926e-02  |g| 2.25e+00  [4927s]
step  11300  train 5.8606e-02  |g| 4.88e+00  [4968s]
step  11400  train 5.8791e-02  |g| 8.87e-01  [5008s]
step  11500  train 5.9899e-02  |g| 5.99e+00  [5049s]
step  11600  train 5.7586e-02  |g| 2.09e+00  [5089s]
step  11700  train 5.9963e-02  |g| 4.20e+00  [5130s]
step  11800  train 5.9498e-02  |g| 1.87e+00  [5170s]
step  11900  train 5.6436e-02  |g| 5.88e+00  [5211s]
step  12000  train 6.0006e-02  val 5.8363e-02  6d geo 1.477e-01 med 1.668e-01 p90 2.878e-01 (const 4.730e-02)  |g| 5.54e+00  [5251s]
           5d geo 1.620e-01 med 1.872e-01   postmu 6d geo 1.516e-01 med 1.722e-01 p90 2.914e-01   mu |dlog| 0.8412
           WARNING: prediction spread 0.005 of ground truth -- the output has collapsed to a constant (saturated tanh); lower --lr or raise --warmup-steps and restart
           corr(identifiable)  mu=+0.40  D_div_mu=-0.31  T0_div_mu=+0.28  Ly=+0.25  op_x=+0.02  op_y=+0.42   mean spread/GT 0.01
           err share           mu=6%  D_div_mu=1%  T0_div_mu=1%  Ly=32%  op_x=30%  op_y=29%
step  12100  train 5.8220e-02  |g| 1.52e+01  [5295s]
step  12200  train 5.5148e-02  |g| 6.65e+00  [5335s]
step  12300  train 5.8488e-02  |g| 9.26e+00  [5376s]
step  12400  train 6.0739e-02  |g| 2.16e+00  [5416s]
step  12500  train 5.9666e-02  |g| 1.77e+00  [5457s]
step  12600  train 5.8345e-02  |g| 4.50e+00  [5497s]
step  12700  train 5.9163e-02  |g| 2.97e+00  [5538s]
step  12800  train 5.8473e-02  |g| 5.68e-01  [5578s]
step  12900  train 5.8232e-02  |g| 4.07e+00  [5619s]
step  13000  train 5.8782e-02  |g| 1.94e+00  [5659s]
step  13100  train 5.8744e-02  |g| 2.41e+00  [5700s]
step  13200  train 5.8350e-02  |g| 4.34e+00  [5740s]
step  13300  train 6.0329e-02  |g| 6.96e+00  [5781s]
step  13400  train 5.6430e-02  |g| 1.91e+00  [5821s]
step  13500  train 5.6622e-02  |g| 5.87e+00  [5862s]
step  13600  train 5.7580e-02  |g| 5.58e+00  [5902s]
step  13700  train 5.5628e-02  |g| 4.65e+00  [5943s]
step  13800  train 5.9679e-02  |g| 3.31e+00  [5983s]
step  13900  train 5.6336e-02  |g| 3.50e+00  [6024s]
step  14000  train 5.9982e-02  val 5.8464e-02  6d geo 1.479e-01 med 1.672e-01 p90 2.882e-01 (const 4.730e-02)  |g| 7.45e+00  [6064s]
           5d geo 1.623e-01 med 1.875e-01   postmu 6d geo 1.522e-01 med 1.724e-01 p90 2.919e-01   mu |dlog| 0.8592
           WARNING: prediction spread 0.009 of ground truth -- the output has collapsed to a constant (saturated tanh); lower --lr or raise --warmup-steps and restart
           corr(identifiable)  mu=+0.60  D_div_mu=+0.26  T0_div_mu=+0.21  Ly=+0.23  op_x=+0.02  op_y=+0.38   mean spread/GT 0.01
           err share           mu=6%  D_div_mu=1%  T0_div_mu=1%  Ly=32%  op_x=30%  op_y=29%
step  14100  train 5.7903e-02  |g| 3.65e+00  [6108s]
step  14200  train 6.0936e-02  |g| 8.91e-01  [6148s]
step  14300  train 5.4239e-02  |g| 5.44e+00  [6189s]
step  14400  train 5.6892e-02  |g| 9.71e+00  [6229s]
step  14500  train 5.6570e-02  |g| 4.25e+00  [6270s]
step  14600  train 5.8557e-02  |g| 2.31e+00  [6310s]
step  14700  train 5.9186e-02  |g| 6.71e+00  [6351s]
step  14800  train 5.9526e-02  |g| 2.84e+00  [6391s]
step  14900  train 5.9936e-02  |g| 3.41e+00  [6432s]
step  15000  train 5.7300e-02  |g| 5.97e+00  [6472s]
step  15100  train 5.9868e-02  |g| 1.27e+01  [6513s]
step  15200  train 5.7650e-02  |g| 1.16e+00  [6553s]
step  15300  train 5.8370e-02  |g| 8.63e+00  [6594s]
step  15400  train 5.5034e-02  |g| 4.30e+00  [6634s]
step  15500  train 5.7909e-02  |g| 1.38e+00  [6675s]
step  15600  train 5.7995e-02  |g| 5.85e+00  [6715s]
step  15700  train 5.8714e-02  |g| 2.57e+00  [6756s]
step  15800  train 5.7566e-02  |g| 5.18e+00  [6796s]
step  15900  train 5.5486e-02  |g| 4.42e+00  [6837s]
step  16000  train 5.9620e-02  val 5.8358e-02  6d geo 1.478e-01 med 1.670e-01 p90 2.880e-01 (const 4.730e-02)  |g| 1.60e+00  [6877s]
           5d geo 1.622e-01 med 1.875e-01   postmu 6d geo 1.518e-01 med 1.724e-01 p90 2.922e-01   mu |dlog| 0.8470
           WARNING: prediction spread 0.006 of ground truth -- the output has collapsed to a constant (saturated tanh); lower --lr or raise --warmup-steps and restart
           corr(identifiable)  mu=+0.57  D_div_mu=+0.28  T0_div_mu=+0.36  Ly=+0.13  op_x=+0.02  op_y=+0.47   mean spread/GT 0.01
           err share           mu=6%  D_div_mu=1%  T0_div_mu=1%  Ly=32%  op_x=30%  op_y=29%
step  16100  train 5.6801e-02  |g| 2.70e+00  [6921s]
step  16200  train 5.9567e-02  |g| 7.47e+00  [6961s]
step  16300  train 5.8866e-02  |g| 1.00e+01  [7002s]
step  16400  train 5.5612e-02  |g| 8.18e+00  [7042s]
step  16500  train 5.9458e-02  |g| 3.96e+00  [7083s]
step  16600  train 5.9243e-02  |g| 3.59e+00  [7123s]
step  16700  train 6.0441e-02  |g| 6.95e+00  [7164s]
step  16800  train 5.9435e-02  |g| 1.11e+01  [7204s]
step  16900  train 5.9400e-02  |g| 9.17e-01  [7245s]
step  17000  train 5.5797e-02  |g| 5.93e+00  [7285s]
step  17100  train 5.8303e-02  |g| 9.16e-01  [7325s]
step  17200  train 5.9424e-02  |g| 1.10e+01  [7366s]
step  17300  train 5.7846e-02  |g| 4.15e+00  [7406s]
step  17400  train 5.6345e-02  |g| 7.57e+00  [7447s]
step  17500  train 5.5700e-02  |g| 3.60e+00  [7487s]
step  17600  train 5.7175e-02  |g| 2.32e+00  [7528s]
step  17700  train 6.1251e-02  |g| 7.88e+00  [7568s]
step  17800  train 5.7025e-02  |g| 3.45e+00  [7609s]
step  17900  train 5.8313e-02  |g| 3.60e+00  [7649s]
step  18000  train 5.8881e-02  val 5.8496e-02  6d geo 1.474e-01 med 1.667e-01 p90 2.876e-01 (const 4.730e-02)  |g| 3.55e+00  [7690s]
           5d geo 1.617e-01 med 1.873e-01   postmu 6d geo 1.522e-01 med 1.728e-01 p90 2.919e-01   mu |dlog| 0.8836
           WARNING: prediction spread 0.012 of ground truth -- the output has collapsed to a constant (saturated tanh); lower --lr or raise --warmup-steps and restart
           corr(identifiable)  mu=+0.49  D_div_mu=+0.29  T0_div_mu=+0.14  Ly=+0.29  op_x=+0.01  op_y=+0.40   mean spread/GT 0.01
           err share           mu=6%  D_div_mu=1%  T0_div_mu=1%  Ly=32%  op_x=30%  op_y=29%
step  18100  train 5.5600e-02  |g| 2.82e+00  [7733s]
step  18200  train 5.7242e-02  |g| 2.95e+00  [7774s]
step  18300  train 5.5675e-02  |g| 1.24e+00  [7814s]
step  18400  train 5.8032e-02  |g| 5.44e+00  [7855s]
step  18500  train 5.6321e-02  |g| 3.73e+00  [7895s]
step  18600  train 5.6983e-02  |g| 7.39e-01  [7936s]
step  18700  train 5.6996e-02  |g| 2.44e+00  [7976s]
step  18800  train 5.8994e-02  |g| 1.12e+00  [8016s]
step  18900  train 5.8763e-02  |g| 1.69e+00  [8057s]
step  19000  train 5.8899e-02  |g| 3.98e+00  [8097s]
step  19100  train 5.8962e-02  |g| 1.09e+01  [8138s]
step  19200  train 5.5011e-02  |g| 5.74e+00  [8178s]
step  19300  train 5.8582e-02  |g| 1.80e+00  [8219s]
step  19400  train 6.1558e-02  |g| 5.19e+00  [8259s]
step  19500  train 5.8801e-02  |g| 6.22e-01  [8300s]
step  19600  train 5.6492e-02  |g| 1.20e+00  [8340s]
step  19700  train 5.7234e-02  |g| 3.11e+00  [8380s]
step  19800  train 5.8619e-02  |g| 1.50e+00  [8421s]
step  19900  train 5.8733e-02  |g| 1.30e+00  [8461s]
step  20000  train 5.8599e-02  val 5.8734e-02  6d geo 1.476e-01 med 1.667e-01 p90 2.877e-01 (const 4.730e-02)  |g| 7.83e+00  [8502s]
           5d geo 1.619e-01 med 1.872e-01   postmu 6d geo 1.504e-01 med 1.703e-01 p90 2.900e-01   mu |dlog| 0.7567
           WARNING: prediction spread 0.007 of ground truth -- the output has collapsed to a constant (saturated tanh); lower --lr or raise --warmup-steps and restart
           corr(identifiable)  mu=+0.29  D_div_mu=+0.15  T0_div_mu=-0.32  Ly=+0.08  op_x=+0.01  op_y=+0.38   mean spread/GT 0.01
           err share           mu=6%  D_div_mu=1%  T0_div_mu=1%  Ly=32%  op_x=30%  op_y=29%
step  20100  train 5.7330e-02  |g| 7.35e+00  [8545s]
step  20200  train 5.7646e-02  |g| 7.59e+00  [8586s]
step  20300  train 5.7549e-02  |g| 3.88e+00  [8626s]
step  20400  train 5.8952e-02  |g| 2.28e+00  [8667s]
step  20500  train 5.9331e-02  |g| 2.48e+00  [8707s]
step  20600  train 5.8291e-02  |g| 2.55e+00  [8748s]
step  20700  train 5.7823e-02  |g| 2.16e+00  [8788s]
step  20800  train 5.6820e-02  |g| 3.93e+00  [8829s]
step  20900  train 5.7354e-02  |g| 6.13e+00  [8869s]
step  21000  train 5.6608e-02  |g| 5.82e-01  [8909s]
step  21100  train 5.8298e-02  |g| 1.37e+01  [8950s]
step  21200  train 5.9711e-02  |g| 4.66e+00  [8990s]
step  21300  train 5.7146e-02  |g| 3.73e+00  [9031s]
step  21400  train 5.6787e-02  |g| 6.79e+00  [9071s]
step  21500  train 5.7779e-02  |g| 1.12e+01  [9112s]
step  21600  train 5.6443e-02  |g| 3.14e+00  [9152s]
step  21700  train 5.9514e-02  |g| 3.69e+00  [9193s]
step  21800  train 5.6921e-02  |g| 1.02e+01  [9233s]
step  21900  train 5.6396e-02  |g| 4.86e+00  [9273s]
step  22000  train 5.7954e-02  val 5.8375e-02  6d geo 1.480e-01 med 1.671e-01 p90 2.881e-01 (const 4.730e-02)  |g| 2.40e+00  [9314s]
           5d geo 1.624e-01 med 1.879e-01   postmu 6d geo 1.520e-01 med 1.720e-01 p90 2.922e-01   mu |dlog| 0.8381
           WARNING: prediction spread 0.023 of ground truth -- the output has collapsed to a constant (saturated tanh); lower --lr or raise --warmup-steps and restart
           corr(identifiable)  mu=-0.24  D_div_mu=-0.07  T0_div_mu=-0.34  Ly=+0.11  op_x=+0.03  op_y=+0.43   mean spread/GT 0.02
           err share           mu=6%  D_div_mu=1%  T0_div_mu=1%  Ly=32%  op_x=30%  op_y=29%
step  22100  train 5.6891e-02  |g| 3.36e+00  [9358s]
step  22200  train 5.9515e-02  |g| 2.91e+00  [9398s]
step  22300  train 5.6323e-02  |g| 5.93e+00  [9438s]
step  22400  train 5.9683e-02  |g| 3.29e+00  [9479s]
step  22500  train 5.6578e-02  |g| 1.68e+00  [9519s]
step  22600  train 5.9158e-02  |g| 1.67e+00  [9560s]
step  22700  train 5.9306e-02  |g| 1.69e+00  [9600s]
step  22800  train 5.7038e-02  |g| 1.66e+00  [9641s]
step  22900  train 5.8786e-02  |g| 1.55e+00  [9681s]
step  23000  train 5.4979e-02  |g| 7.40e+00  [9722s]
step  23100  train 5.6878e-02  |g| 8.60e+00  [9762s]
step  23200  train 6.0058e-02  |g| 5.04e-01  [9803s]
step  23300  train 5.5888e-02  |g| 4.31e+00  [9843s]
step  23400  train 5.5962e-02  |g| 2.53e+00  [9884s]
step  23500  train 6.0160e-02  |g| 4.20e+00  [9924s]
step  23600  train 5.9061e-02  |g| 6.96e-01  [9965s]
step  23700  train 5.7076e-02  |g| 3.93e+00  [10005s]
step  23800  train 5.9489e-02  |g| 9.78e+00  [10045s]
step  23900  train 5.6822e-02  |g| 2.48e+00  [10086s]
step  24000  train 5.8006e-02  val 5.8301e-02  6d geo 1.479e-01 med 1.669e-01 p90 2.879e-01 (const 4.730e-02)  |g| 7.16e+00  [10126s]
           5d geo 1.623e-01 med 1.873e-01   postmu 6d geo 1.513e-01 med 1.718e-01 p90 2.908e-01   mu |dlog| 0.7972
           WARNING: prediction spread 0.005 of ground truth -- the output has collapsed to a constant (saturated tanh); lower --lr or raise --warmup-steps and restart
           corr(identifiable)  mu=-0.17  D_div_mu=-0.01  T0_div_mu=-0.31  Ly=+0.10  op_x=+0.03  op_y=+0.45   mean spread/GT 0.01
           err share           mu=6%  D_div_mu=1%  T0_div_mu=1%  Ly=32%  op_x=30%  op_y=29%
step  24100  train 5.9093e-02  |g| 4.48e+00  [10170s]
step  24200  train 5.6492e-02  |g| 4.81e+00  [10210s]
step  24300  train 5.6366e-02  |g| 2.90e+00  [10251s]
step  24400  train 5.7472e-02  |g| 3.15e+00  [10291s]
step  24500  train 5.8892e-02  |g| 4.94e+00  [10332s]
step  24600  train 6.1076e-02  |g| 1.35e+01  [10372s]
step  24700  train 5.4089e-02  |g| 2.92e+00  [10413s]
step  24800  train 6.0872e-02  |g| 9.22e-01  [10453s]
step  24900  train 5.7465e-02  |g| 2.80e+00  [10494s]
step  25000  train 5.6284e-02  |g| 6.88e-01  [10534s]
step  25100  train 5.8400e-02  |g| 1.17e+01  [10575s]
step  25200  train 5.9036e-02  |g| 1.22e+01  [10615s]
step  25300  train 5.7321e-02  |g| 1.35e+00  [10656s]
step  25400  train 5.7775e-02  |g| 7.84e+00  [10696s]
step  25500  train 5.8506e-02  |g| 1.38e+00  [10737s]
step  25600  train 5.7703e-02  |g| 4.50e+00  [10777s]
step  25700  train 5.7770e-02  |g| 6.36e+00  [10817s]
step  25800  train 5.7234e-02  |g| 3.63e+00  [10858s]
step  25900  train 5.9697e-02  |g| 8.41e+00  [10898s]
step  26000  train 5.7296e-02  val 5.8277e-02  6d geo 1.477e-01 med 1.669e-01 p90 2.879e-01 (const 4.730e-02)  |g| 3.40e+00  [10939s]
           5d geo 1.621e-01 med 1.876e-01   postmu 6d geo 1.515e-01 med 1.721e-01 p90 2.913e-01   mu |dlog| 0.8213
           WARNING: prediction spread 0.011 of ground truth -- the output has collapsed to a constant (saturated tanh); lower --lr or raise --warmup-steps and restart
           corr(identifiable)  mu=-0.21  D_div_mu=-0.04  T0_div_mu=-0.22  Ly=+0.14  op_x=+0.02  op_y=+0.42   mean spread/GT 0.01
           err share           mu=6%  D_div_mu=1%  T0_div_mu=1%  Ly=32%  op_x=30%  op_y=29%
step  26100  train 5.9507e-02  |g| 1.29e+00  [10982s]
step  26200  train 5.9381e-02  |g| 1.03e+01  [11023s]
step  26300  train 5.7990e-02  |g| 6.27e+00  [11063s]
step  26400  train 5.5914e-02  |g| 1.11e+01  [11104s]
step  26500  train 5.9711e-02  |g| 2.07e+00  [11144s]
step  26600  train 5.6941e-02  |g| 2.44e+00  [11185s]
step  26700  train 5.9203e-02  |g| 1.09e+00  [11225s]
step  26800  train 5.7849e-02  |g| 2.04e+00  [11266s]
step  26900  train 5.8381e-02  |g| 7.68e+00  [11306s]
step  27000  train 5.7738e-02  |g| 1.88e+00  [11346s]
step  27100  train 5.8699e-02  |g| 1.60e+00  [11387s]
step  27200  train 5.6719e-02  |g| 1.48e+00  [11427s]
step  27300  train 5.9470e-02  |g| 2.38e+00  [11468s]
step  27400  train 5.9671e-02  |g| 1.78e+00  [11508s]
step  27500  train 5.8410e-02  |g| 1.52e+00  [11549s]
step  27600  train 5.9747e-02  |g| 4.34e+00  [11589s]
step  27700  train 5.8628e-02  |g| 3.25e+00  [11630s]
step  27800  train 5.8303e-02  |g| 1.05e+01  [11670s]
step  27900  train 5.7694e-02  |g| 5.55e+00  [11710s]
step  28000  train 5.7892e-02  val 5.8301e-02  6d geo 1.478e-01 med 1.669e-01 p90 2.879e-01 (const 4.730e-02)  |g| 4.67e+00  [11751s]
           5d geo 1.622e-01 med 1.874e-01   postmu 6d geo 1.519e-01 med 1.721e-01 p90 2.913e-01   mu |dlog| 0.8530
           WARNING: prediction spread 0.012 of ground truth -- the output has collapsed to a constant (saturated tanh); lower --lr or raise --warmup-steps and restart
           corr(identifiable)  mu=-0.40  D_div_mu=-0.14  T0_div_mu=-0.18  Ly=+0.10  op_x=+0.02  op_y=+0.38   mean spread/GT 0.01
           err share           mu=6%  D_div_mu=1%  T0_div_mu=1%  Ly=32%  op_x=30%  op_y=29%
step  28100  train 5.8278e-02  |g| 4.77e+00  [11794s]
step  28200  train 5.8521e-02  |g| 6.19e+00  [11835s]
step  28300  train 5.8733e-02  |g| 3.77e+00  [11875s]
step  28400  train 5.9451e-02  |g| 7.54e+00  [11916s]
step  28500  train 6.0502e-02  |g| 1.91e+00  [11956s]
step  28600  train 5.8527e-02  |g| 9.84e-01  [11997s]
step  28700  train 5.6079e-02  |g| 2.44e+00  [12037s]
step  28800  train 5.5306e-02  |g| 1.89e+00  [12078s]
step  28900  train 5.8831e-02  |g| 1.48e+00  [12118s]
step  29000  train 5.7402e-02  |g| 3.06e+00  [12159s]
step  29100  train 5.9513e-02  |g| 2.09e+00  [12199s]
step  29200  train 5.6676e-02  |g| 5.31e+00  [12239s]
step  29300  train 5.8173e-02  |g| 3.38e+00  [12280s]
step  29400  train 5.6637e-02  |g| 1.55e+00  [12320s]
step  29500  train 5.7427e-02  |g| 9.32e+00  [12361s]
step  29600  train 5.6971e-02  |g| 2.26e+00  [12401s]
step  29700  train 6.0015e-02  |g| 4.48e+00  [12442s]
step  29800  train 5.9079e-02  |g| 1.12e+01  [12482s]
step  29900  train 5.7107e-02  |g| 8.44e-01  [12523s]
step  30000  train 5.8368e-02  val 5.8413e-02  6d geo 1.476e-01 med 1.668e-01 p90 2.880e-01 (const 4.730e-02)  |g| 4.64e+00  [12563s]
           5d geo 1.619e-01 med 1.871e-01   postmu 6d geo 1.513e-01 med 1.715e-01 p90 2.905e-01   mu |dlog| 0.7865
           WARNING: prediction spread 0.029 of ground truth -- the output has collapsed to a constant (saturated tanh); lower --lr or raise --warmup-steps and restart
           corr(identifiable)  mu=-0.26  D_div_mu=-0.05  T0_div_mu=-0.23  Ly=+0.23  op_x=+0.01  op_y=+0.27   mean spread/GT 0.03
           err share           mu=6%  D_div_mu=1%  T0_div_mu=1%  Ly=32%  op_x=30%  op_y=29%
step  30100  train 5.7134e-02  |g| 1.46e+00  [12607s]
step  30200  train 5.5781e-02  |g| 2.67e+00  [12647s]
step  30300  train 5.8472e-02  |g| 2.40e+00  [12687s]
step  30400  train 5.6715e-02  |g| 3.29e+00  [12728s]
step  30500  train 5.8374e-02  |g| 4.33e-01  [12768s]
step  30600  train 5.7489e-02  |g| 1.69e+00  [12809s]
step  30700  train 5.6922e-02  |g| 1.18e+00  [12849s]
step  30800  train 5.8446e-02  |g| 5.66e-01  [12890s]
step  30900  train 5.5958e-02  |g| 6.93e-01  [12930s]
step  31000  train 5.9880e-02  |g| 5.62e+00  [12971s]
step  31100  train 6.0529e-02  |g| 2.17e+00  [13011s]
step  31200  train 5.6321e-02  |g| 1.46e+00  [13052s]
step  31300  train 5.6731e-02  |g| 6.33e+00  [13092s]
step  31400  train 5.8807e-02  |g| 8.88e+00  [13132s]
step  31500  train 5.9052e-02  |g| 1.93e+00  [13173s]
step  31600  train 5.8220e-02  |g| 6.52e+00  [13213s]
step  31700  train 5.7581e-02  |g| 9.27e-01  [13254s]
step  31800  train 5.8442e-02  |g| 3.61e+00  [13294s]
step  31900  train 5.8607e-02  |g| 4.65e+00  [13335s]
step  32000  train 5.9141e-02  val 5.8218e-02  6d geo 1.477e-01 med 1.668e-01 p90 2.878e-01 (const 4.730e-02)  |g| 2.54e+00  [13375s]
           5d geo 1.620e-01 med 1.872e-01   postmu 6d geo 1.513e-01 med 1.717e-01 p90 2.910e-01   mu |dlog| 0.8119
           WARNING: prediction spread 0.007 of ground truth -- the output has collapsed to a constant (saturated tanh); lower --lr or raise --warmup-steps and restart
           corr(identifiable)  mu=-0.03  D_div_mu=-0.06  T0_div_mu=-0.00  Ly=+0.13  op_x=+0.02  op_y=+0.34   mean spread/GT 0.01
           err share           mu=6%  D_div_mu=1%  T0_div_mu=1%  Ly=32%  op_x=30%  op_y=29%
step  32100  train 5.7355e-02  |g| 4.87e+00  [13418s]
step  32200  train 5.7901e-02  |g| 1.80e+00  [13459s]
step  32300  train 5.9788e-02  |g| 6.21e-01  [13499s]
step  32400  train 5.6064e-02  |g| 1.91e+00  [13540s]
step  32500  train 5.7878e-02  |g| 3.84e+00  [13580s]
step  32600  train 5.7739e-02  |g| 2.19e+00  [13621s]
step  32700  train 5.7107e-02  |g| 3.75e+00  [13661s]
step  32800  train 5.7358e-02  |g| 2.84e+00  [13702s]
step  32900  train 5.7447e-02  |g| 4.03e+00  [13742s]
step  33000  train 5.5984e-02  |g| 6.42e+00  [13782s]
step  33100  train 6.1350e-02  |g| 1.72e+00  [13823s]
step  33200  train 5.7011e-02  |g| 8.78e+00  [13863s]
step  33300  train 5.7216e-02  |g| 1.86e-01  [13904s]
step  33400  train 5.7937e-02  |g| 1.15e+01  [13944s]
step  33500  train 5.8767e-02  |g| 1.64e+00  [13985s]
step  33600  train 6.1363e-02  |g| 2.27e+00  [14025s]
step  33700  train 5.8108e-02  |g| 2.66e+00  [14065s]
step  33800  train 5.5761e-02  |g| 4.86e+00  [14106s]
step  33900  train 5.9897e-02  |g| 1.56e+00  [14146s]
step  34000  train 5.7016e-02  val 5.8230e-02  6d geo 1.478e-01 med 1.669e-01 p90 2.880e-01 (const 4.730e-02)  |g| 3.65e+00  [14187s]
           5d geo 1.621e-01 med 1.873e-01   postmu 6d geo 1.517e-01 med 1.722e-01 p90 2.921e-01   mu |dlog| 0.8346
           WARNING: prediction spread 0.013 of ground truth -- the output has collapsed to a constant (saturated tanh); lower --lr or raise --warmup-steps and restart
           corr(identifiable)  mu=+0.14  D_div_mu=-0.04  T0_div_mu=-0.11  Ly=+0.08  op_x=+0.02  op_y=+0.31   mean spread/GT 0.01
           err share           mu=6%  D_div_mu=1%  T0_div_mu=1%  Ly=32%  op_x=30%  op_y=29%
step  34100  train 5.7902e-02  |g| 2.76e+00  [14230s]
step  34200  train 5.9571e-02  |g| 1.16e+01  [14271s]
step  34300  train 5.7245e-02  |g| 6.47e-01  [14311s]
step  34400  train 5.6836e-02  |g| 1.45e+00  [14352s]
step  34500  train 6.0905e-02  |g| 2.92e+00  [14392s]
step  34600  train 5.7647e-02  |g| 4.48e+00  [14433s]
step  34700  train 5.6265e-02  |g| 1.50e+00  [14473s]
step  34800  train 5.8686e-02  |g| 4.34e+00  [14513s]
step  34900  train 5.9957e-02  |g| 4.59e+00  [14554s]
step  35000  train 5.9453e-02  |g| 2.53e+00  [14594s]
step  35100  train 5.8508e-02  |g| 4.33e+00  [14635s]
step  35200  train 5.7001e-02  |g| 5.77e+00  [14675s]
step  35300  train 5.8747e-02  |g| 1.71e+00  [14716s]
step  35400  train 5.8771e-02  |g| 2.80e+00  [14756s]
step  35500  train 6.0232e-02  |g| 8.68e+00  [14796s]
step  35600  train 5.6680e-02  |g| 1.78e+00  [14837s]
step  35700  train 5.8484e-02  |g| 4.36e+00  [14877s]
step  35800  train 5.8903e-02  |g| 2.26e+00  [14918s]
step  35900  train 5.6758e-02  |g| 1.79e+00  [14958s]
step  36000  train 6.0338e-02  val 5.8279e-02  6d geo 1.479e-01 med 1.671e-01 p90 2.881e-01 (const 4.730e-02)  |g| 1.05e+00  [14998s]
           5d geo 1.623e-01 med 1.873e-01   postmu 6d geo 1.521e-01 med 1.725e-01 p90 2.921e-01   mu |dlog| 0.8632
           WARNING: prediction spread 0.010 of ground truth -- the output has collapsed to a constant (saturated tanh); lower --lr or raise --warmup-steps and restart
           corr(identifiable)  mu=+0.14  D_div_mu=-0.03  T0_div_mu=-0.09  Ly=+0.19  op_x=+0.02  op_y=+0.28   mean spread/GT 0.01
           err share           mu=6%  D_div_mu=1%  T0_div_mu=1%  Ly=32%  op_x=30%  op_y=29%
step  36100  train 5.9134e-02  |g| 4.30e+00  [15042s]
step  36200  train 5.9822e-02  |g| 3.95e+00  [15082s]
step  36300  train 6.0576e-02  |g| 2.80e+00  [15123s]
step  36400  train 5.7711e-02  |g| 3.95e+00  [15163s]
step  36500  train 5.7911e-02  |g| 4.08e+00  [15204s]
step  36600  train 5.8130e-02  |g| 2.11e+00  [15244s]
step  36700  train 5.7428e-02  |g| 1.72e+00  [15284s]
step  36800  train 5.7579e-02  |g| 7.24e-01  [15325s]
step  36900  train 5.8144e-02  |g| 2.23e+00  [15365s]
step  37000  train 5.8995e-02  |g| 2.62e+00  [15406s]
step  37100  train 5.6608e-02  |g| 2.05e+00  [15446s]
step  37200  train 5.6131e-02  |g| 1.41e+00  [15486s]
step  37300  train 5.6720e-02  |g| 1.35e+00  [15527s]
step  37400  train 5.9638e-02  |g| 5.93e+00  [15567s]
step  37500  train 5.9039e-02  |g| 3.60e+00  [15608s]
step  37600  train 5.7841e-02  |g| 6.39e+00  [15648s]
step  37700  train 5.6537e-02  |g| 2.83e+00  [15688s]
step  37800  train 5.5872e-02  |g| 2.54e+00  [15729s]
step  37900  train 5.5149e-02  |g| 4.78e+00  [15769s]
step  38000  train 6.0855e-02  val 5.8260e-02  6d geo 1.478e-01 med 1.669e-01 p90 2.879e-01 (const 4.730e-02)  |g| 7.79e-01  [15810s]
           5d geo 1.621e-01 med 1.872e-01   postmu 6d geo 1.514e-01 med 1.716e-01 p90 2.911e-01   mu |dlog| 0.8175
           WARNING: prediction spread 0.017 of ground truth -- the output has collapsed to a constant (saturated tanh); lower --lr or raise --warmup-steps and restart
           corr(identifiable)  mu=+0.14  D_div_mu=-0.02  T0_div_mu=-0.05  Ly=+0.16  op_x=+0.03  op_y=+0.33   mean spread/GT 0.02
           err share           mu=6%  D_div_mu=1%  T0_div_mu=1%  Ly=32%  op_x=30%  op_y=29%
step  38100  train 5.9120e-02  |g| 2.09e+00  [15853s]
step  38200  train 5.8110e-02  |g| 8.66e-01  [15894s]
step  38300  train 5.9460e-02  |g| 3.17e+00  [15934s]
step  38400  train 5.6223e-02  |g| 4.56e+00  [15974s]
step  38500  train 5.5420e-02  |g| 2.31e+00  [16015s]
step  38600  train 5.6696e-02  |g| 1.13e+00  [16055s]
step  38700  train 5.8602e-02  |g| 2.93e+00  [16096s]
step  38800  train 5.8209e-02  |g| 1.78e+00  [16136s]
step  38900  train 5.6733e-02  |g| 2.40e+00  [16176s]
step  39000  train 5.8472e-02  |g| 1.98e+00  [16217s]
step  39100  train 5.6814e-02  |g| 1.46e+00  [16257s]
step  39200  train 5.5751e-02  |g| 4.68e+00  [16298s]
step  39300  train 5.8416e-02  |g| 8.74e+00  [16338s]
step  39400  train 5.4605e-02  |g| 3.43e+00  [16378s]
step  39500  train 6.0113e-02  |g| 1.17e+00  [16419s]
step  39600  train 5.8459e-02  |g| 1.66e+00  [16459s]
step  39700  train 5.7869e-02  |g| 2.17e+00  [16500s]
step  39800  train 5.7520e-02  |g| 8.89e-01  [16540s]
step  39900  train 5.7447e-02  |g| 1.55e+00  [16580s]
step  40000  train 5.6531e-02  val 5.8202e-02  6d geo 1.475e-01 med 1.668e-01 p90 2.878e-01 (const 4.730e-02)  |g| 1.19e+00  [16621s]
           5d geo 1.619e-01 med 1.871e-01   postmu 6d geo 1.513e-01 med 1.716e-01 p90 2.911e-01   mu |dlog| 0.8170
           WARNING: prediction spread 0.018 of ground truth -- the output has collapsed to a constant (saturated tanh); lower --lr or raise --warmup-steps and restart
           corr(identifiable)  mu=+0.15  D_div_mu=-0.04  T0_div_mu=-0.01  Ly=+0.15  op_x=+0.03  op_y=+0.31   mean spread/GT 0.02
           err share           mu=6%  D_div_mu=1%  T0_div_mu=1%  Ly=32%  op_x=30%  op_y=29%
step  40100  train 5.8429e-02  |g| 2.31e+00  [16664s]
step  40200  train 5.7505e-02  |g| 5.53e+00  [16705s]
step  40300  train 5.5130e-02  |g| 2.90e+00  [16745s]
step  40400  train 5.4884e-02  |g| 1.53e+00  [16786s]
step  40500  train 5.7449e-02  |g| 8.89e-01  [16826s]
step  40600  train 5.7503e-02  |g| 2.00e+00  [16866s]
step  40700  train 5.5262e-02  |g| 1.11e+00  [16907s]
step  40800  train 5.7481e-02  |g| 1.51e+00  [16947s]
step  40900  train 5.7097e-02  |g| 1.68e+00  [16988s]
step  41000  train 5.6677e-02  |g| 1.33e+00  [17028s]
step  41100  train 5.9841e-02  |g| 3.24e+00  [17069s]
step  41200  train 5.5497e-02  |g| 3.99e+00  [17109s]
step  41300  train 5.6975e-02  |g| 4.12e-01  [17149s]
step  41400  train 5.4547e-02  |g| 2.13e+00  [17190s]
step  41500  train 5.9397e-02  |g| 4.22e+00  [17230s]
step  41600  train 5.7930e-02  |g| 3.59e+00  [17271s]
step  41700  train 5.8618e-02  |g| 7.14e+00  [17311s]
step  41800  train 5.9287e-02  |g| 1.99e+00  [17351s]
step  41900  train 5.7936e-02  |g| 4.42e+00  [17392s]
step  42000  train 5.7147e-02  val 5.8226e-02  6d geo 1.480e-01 med 1.670e-01 p90 2.880e-01 (const 4.730e-02)  |g| 1.90e+00  [17432s]
           5d geo 1.624e-01 med 1.873e-01   postmu 6d geo 1.516e-01 med 1.719e-01 p90 2.915e-01   mu |dlog| 0.8187
           WARNING: prediction spread 0.007 of ground truth -- the output has collapsed to a constant (saturated tanh); lower --lr or raise --warmup-steps and restart
           corr(identifiable)  mu=+0.24  D_div_mu=-0.17  T0_div_mu=+0.10  Ly=+0.15  op_x=+0.05  op_y=+0.34   mean spread/GT 0.01
           err share           mu=6%  D_div_mu=1%  T0_div_mu=1%  Ly=32%  op_x=30%  op_y=29%
step  42100  train 5.8173e-02  |g| 1.14e+00  [17476s]
step  42200  train 5.5892e-02  |g| 1.30e+00  [17516s]
step  42300  train 5.9274e-02  |g| 2.79e+00  [17556s]
step  42400  train 5.7906e-02  |g| 2.39e+00  [17597s]
step  42500  train 5.8929e-02  |g| 1.78e+00  [17637s]
step  42600  train 5.5656e-02  |g| 1.49e+00  [17678s]
step  42700  train 5.7611e-02  |g| 4.59e+00  [17718s]
step  42800  train 5.5499e-02  |g| 1.70e+00  [17758s]
step  42900  train 5.8022e-02  |g| 7.31e+00  [17799s]
step  43000  train 5.9734e-02  |g| 2.28e+00  [17839s]
step  43100  train 5.7499e-02  |g| 2.28e+00  [17880s]
step  43200  train 5.8004e-02  |g| 2.66e+00  [17920s]
step  43300  train 5.6233e-02  |g| 5.80e+00  [17960s]
step  43400  train 6.0451e-02  |g| 3.12e+00  [18001s]
step  43500  train 5.6306e-02  |g| 2.23e+00  [18041s]
step  43600  train 5.6837e-02  |g| 5.16e+00  [18082s]
step  43700  train 5.9622e-02  |g| 1.81e+00  [18122s]
step  43800  train 5.7843e-02  |g| 9.08e-01  [18162s]
step  43900  train 5.8374e-02  |g| 2.13e+00  [18203s]
step  44000  train 5.6942e-02  val 5.8216e-02  6d geo 1.476e-01 med 1.668e-01 p90 2.878e-01 (const 4.730e-02)  |g| 2.14e+00  [18243s]
           5d geo 1.620e-01 med 1.871e-01   postmu 6d geo 1.514e-01 med 1.717e-01 p90 2.910e-01   mu |dlog| 0.8314
           WARNING: prediction spread 0.011 of ground truth -- the output has collapsed to a constant (saturated tanh); lower --lr or raise --warmup-steps and restart
           corr(identifiable)  mu=+0.15  D_div_mu=-0.07  T0_div_mu=+0.04  Ly=+0.20  op_x=+0.03  op_y=+0.32   mean spread/GT 0.01
           err share           mu=6%  D_div_mu=1%  T0_div_mu=1%  Ly=32%  op_x=30%  op_y=29%
step  44100  train 5.5386e-02  |g| 1.81e+00  [18287s]
step  44200  train 5.9344e-02  |g| 2.35e+00  [18327s]
step  44300  train 5.8466e-02  |g| 4.92e+00  [18367s]
step  44400  train 5.8279e-02  |g| 8.13e-01  [18408s]
step  44500  train 5.6205e-02  |g| 2.57e+00  [18448s]
step  44600  train 5.8108e-02  |g| 3.34e+00  [18489s]
step  44700  train 5.6633e-02  |g| 1.57e+00  [18529s]
step  44800  train 5.9809e-02  |g| 5.14e+00  [18570s]
step  44900  train 5.7901e-02  |g| 6.10e-01  [18610s]
step  45000  train 5.7442e-02  |g| 1.39e+00  [18650s]
step  45100  train 5.7069e-02  |g| 1.60e+00  [18691s]
step  45200  train 5.7318e-02  |g| 3.20e+00  [18731s]
step  45300  train 5.9546e-02  |g| 4.57e+00  [18772s]
step  45400  train 5.9731e-02  |g| 3.00e+00  [18812s]
step  45500  train 5.8093e-02  |g| 1.74e+00  [18853s]
step  45600  train 5.7181e-02  |g| 3.02e+00  [18893s]
step  45700  train 5.7753e-02  |g| 1.13e+00  [18933s]
step  45800  train 5.9229e-02  |g| 5.26e+00  [18974s]
step  45900  train 5.8715e-02  |g| 1.58e+00  [19014s]
step  46000  train 5.7490e-02  val 5.8221e-02  6d geo 1.479e-01 med 1.669e-01 p90 2.880e-01 (const 4.730e-02)  |g| 1.49e+00  [19055s]
           5d geo 1.622e-01 med 1.872e-01   postmu 6d geo 1.519e-01 med 1.722e-01 p90 2.917e-01   mu |dlog| 0.8474
           WARNING: prediction spread 0.011 of ground truth -- the output has collapsed to a constant (saturated tanh); lower --lr or raise --warmup-steps and restart
           corr(identifiable)  mu=+0.13  D_div_mu=-0.10  T0_div_mu=+0.02  Ly=+0.12  op_x=+0.02  op_y=+0.31   mean spread/GT 0.01
           err share           mu=6%  D_div_mu=1%  T0_div_mu=1%  Ly=32%  op_x=30%  op_y=29%
step  46100  train 5.6860e-02  |g| 1.80e+00  [19098s]
step  46200  train 5.9154e-02  |g| 2.27e+00  [19139s]
step  46300  train 5.8441e-02  |g| 9.34e-01  [19179s]
step  46400  train 5.6355e-02  |g| 1.21e+00  [19219s]
step  46500  train 5.4541e-02  |g| 9.01e-01  [19260s]
step  46600  train 5.8607e-02  |g| 5.58e+00  [19300s]
step  46700  train 5.8646e-02  |g| 6.12e+00  [19341s]
step  46800  train 5.9714e-02  |g| 2.65e+00  [19381s]
step  46900  train 5.9783e-02  |g| 2.94e+00  [19421s]
step  47000  train 5.6775e-02  |g| 3.24e+00  [19462s]
step  47100  train 5.9599e-02  |g| 1.29e+00  [19502s]
step  47200  train 5.8355e-02  |g| 1.26e+00  [19543s]
step  47300  train 5.8374e-02  |g| 2.78e+00  [19583s]
step  47400  train 5.7991e-02  |g| 9.94e-01  [19624s]
step  47500  train 5.7256e-02  |g| 3.92e+00  [19664s]
step  47600  train 5.7184e-02  |g| 9.89e-01  [19705s]
step  47700  train 5.7850e-02  |g| 6.19e+00  [19745s]
step  47800  train 5.9315e-02  |g| 1.39e+00  [19785s]
step  47900  train 5.7863e-02  |g| 6.04e+00  [19826s]
step  48000  train 5.6859e-02  val 5.8288e-02  6d geo 1.476e-01 med 1.667e-01 p90 2.879e-01 (const 4.730e-02)  |g| 5.09e+00  [19866s]
           5d geo 1.619e-01 med 1.871e-01   postmu 6d geo 1.509e-01 med 1.714e-01 p90 2.904e-01   mu |dlog| 0.7951
           WARNING: prediction spread 0.020 of ground truth -- the output has collapsed to a constant (saturated tanh); lower --lr or raise --warmup-steps and restart
           corr(identifiable)  mu=+0.13  D_div_mu=-0.18  T0_div_mu=+0.03  Ly=+0.15  op_x=+0.02  op_y=+0.29   mean spread/GT 0.02
           err share           mu=6%  D_div_mu=1%  T0_div_mu=1%  Ly=32%  op_x=30%  op_y=29%
step  48100  train 5.7428e-02  |g| 9.48e-01  [19910s]
step  48200  train 5.6777e-02  |g| 3.68e+00  [19950s]
step  48300  train 5.7465e-02  |g| 7.62e-01  [19991s]
step  48400  train 5.6015e-02  |g| 2.59e+00  [20031s]
step  48500  train 5.7163e-02  |g| 4.43e+00  [20072s]
step  48600  train 5.6806e-02  |g| 9.29e+00  [20112s]
step  48700  train 5.7021e-02  |g| 1.66e+00  [20153s]
step  48800  train 5.6694e-02  |g| 1.48e+00  [20193s]
step  48900  train 5.6866e-02  |g| 3.44e+00  [20234s]
step  49000  train 5.5957e-02  |g| 4.71e+00  [20274s]
step  49100  train 5.7958e-02  |g| 4.11e+00  [20314s]
step  49200  train 5.7146e-02  |g| 3.66e+00  [20355s]
step  49300  train 5.7043e-02  |g| 3.06e+00  [20395s]
step  49400  train 5.7963e-02  |g| 2.88e+00  [20436s]
step  49500  train 5.7326e-02  |g| 2.70e+00  [20476s]
step  49600  train 6.0350e-02  |g| 1.03e+01  [20517s]
step  49700  train 5.9130e-02  |g| 1.79e+00  [20557s]
step  49800  train 5.6910e-02  |g| 1.24e+00  [20598s]
step  49900  train 5.5620e-02  |g| 5.86e-01  [20638s]
step  50000  train 5.6261e-02  val 5.8258e-02  6d geo 1.475e-01 med 1.669e-01 p90 2.879e-01 (const 4.730e-02)  |g| 1.40e+00  [20679s]
           5d geo 1.618e-01 med 1.872e-01   postmu 6d geo 1.511e-01 med 1.713e-01 p90 2.905e-01   mu |dlog| 0.7995
           WARNING: prediction spread 0.017 of ground truth -- the output has collapsed to a constant (saturated tanh); lower --lr or raise --warmup-steps and restart
           corr(identifiable)  mu=+0.16  D_div_mu=-0.07  T0_div_mu=+0.07  Ly=+0.14  op_x=+0.02  op_y=+0.26   mean spread/GT 0.02
           err share           mu=6%  D_div_mu=1%  T0_div_mu=1%  Ly=32%  op_x=30%  op_y=29%
step  50100  train 5.8654e-02  |g| 2.91e+00  [20723s]
step  50200  train 6.0635e-02  |g| 2.36e+00  [20763s]
step  50300  train 5.7444e-02  |g| 1.09e+00  [20803s]
step  50400  train 5.9916e-02  |g| 2.65e+00  [20844s]
step  50500  train 5.9252e-02  |g| 5.31e-01  [20884s]
step  50600  train 5.9119e-02  |g| 3.13e+00  [20925s]
step  50700  train 5.5441e-02  |g| 1.94e+00  [20965s]
step  50800  train 5.7540e-02  |g| 1.55e+00  [21006s]
step  50900  train 5.7255e-02  |g| 3.46e+00  [21046s]
step  51000  train 5.8863e-02  |g| 2.35e+00  [21087s]
step  51100  train 6.0430e-02  |g| 2.35e+00  [21127s]
step  51200  train 5.6440e-02  |g| 3.08e+00  [21168s]
step  51300  train 5.5739e-02  |g| 5.63e-01  [21208s]
step  51400  train 5.7917e-02  |g| 9.31e-01  [21249s]
step  51500  train 5.6506e-02  |g| 1.03e+00  [21289s]
step  51600  train 5.8411e-02  |g| 4.22e+00  [21330s]
step  51700  train 6.0438e-02  |g| 1.68e+00  [21370s]
step  51800  train 5.7313e-02  |g| 1.25e+00  [21411s]
step  51900  train 5.8530e-02  |g| 3.83e+00  [21451s]
step  52000  train 5.7568e-02  val 5.8249e-02  6d geo 1.479e-01 med 1.668e-01 p90 2.879e-01 (const 4.730e-02)  |g| 2.82e+00  [21492s]
           5d geo 1.623e-01 med 1.872e-01   postmu 6d geo 1.518e-01 med 1.720e-01 p90 2.916e-01   mu |dlog| 0.8366
           WARNING: prediction spread 0.011 of ground truth -- the output has collapsed to a constant (saturated tanh); lower --lr or raise --warmup-steps and restart
           corr(identifiable)  mu=+0.11  D_div_mu=-0.10  T0_div_mu=+0.13  Ly=+0.10  op_x=+0.04  op_y=+0.38   mean spread/GT 0.01
           err share           mu=6%  D_div_mu=1%  T0_div_mu=1%  Ly=32%  op_x=30%  op_y=29%
step  52100  train 5.5819e-02  |g| 1.95e+00  [21535s]
step  52200  train 6.0402e-02  |g| 3.29e+00  [21576s]
step  52300  train 5.5700e-02  |g| 1.84e+00  [21616s]
step  52400  train 5.8666e-02  |g| 8.83e-01  [21657s]
step  52500  train 5.9448e-02  |g| 1.56e-01  [21697s]
step  52600  train 5.9005e-02  |g| 3.60e+00  [21738s]
step  52700  train 5.6091e-02  |g| 2.59e+00  [21778s]
step  52800  train 5.5962e-02  |g| 4.20e+00  [21819s]
step  52900  train 5.9199e-02  |g| 3.86e+00  [21859s]
step  53000  train 5.7745e-02  |g| 2.17e+00  [21900s]
step  53100  train 6.0897e-02  |g| 3.54e+00  [21940s]
step  53200  train 5.6898e-02  |g| 1.14e+00  [21980s]
step  53300  train 6.0819e-02  |g| 1.57e+00  [22021s]
step  53400  train 5.7422e-02  |g| 2.40e+00  [22061s]
step  53500  train 5.7591e-02  |g| 2.44e+00  [22102s]
step  53600  train 5.9375e-02  |g| 4.99e+00  [22142s]
step  53700  train 5.7135e-02  |g| 2.57e+00  [22183s]
step  53800  train 5.8289e-02  |g| 6.27e+00  [22223s]
step  53900  train 5.4782e-02  |g| 4.53e+00  [22264s]
step  54000  train 5.6906e-02  val 5.8321e-02  6d geo 1.479e-01 med 1.669e-01 p90 2.880e-01 (const 4.730e-02)  |g| 2.86e+00  [22304s]
           5d geo 1.623e-01 med 1.872e-01   postmu 6d geo 1.511e-01 med 1.714e-01 p90 2.908e-01   mu |dlog| 0.7928
           WARNING: prediction spread 0.014 of ground truth -- the output has collapsed to a constant (saturated tanh); lower --lr or raise --warmup-steps and restart
           corr(identifiable)  mu=+0.16  D_div_mu=-0.34  T0_div_mu=+0.11  Ly=+0.13  op_x=+0.05  op_y=+0.31   mean spread/GT 0.01
           err share           mu=6%  D_div_mu=1%  T0_div_mu=1%  Ly=32%  op_x=30%  op_y=29%
step  54100  train 5.8159e-02  |g| 1.28e+00  [22348s]
step  54200  train 5.8273e-02  |g| 3.35e+00  [22388s]
step  54300  train 5.8551e-02  |g| 4.93e+00  [22429s]
step  54400  train 5.8426e-02  |g| 6.50e+00  [22469s]
step  54500  train 5.9102e-02  |g| 1.66e+00  [22510s]
step  54600  train 5.8908e-02  |g| 2.18e+00  [22550s]
step  54700  train 5.9327e-02  |g| 1.86e+00  [22590s]
step  54800  train 6.0192e-02  |g| 2.51e+00  [22631s]
step  54900  train 5.7414e-02  |g| 4.72e+00  [22671s]
step  55000  train 5.8359e-02  |g| 2.48e+00  [22712s]
step  55100  train 5.9133e-02  |g| 3.81e+00  [22752s]
step  55200  train 5.8163e-02  |g| 1.83e+00  [22793s]
step  55300  train 5.7327e-02  |g| 2.40e+00  [22833s]
step  55400  train 5.6881e-02  |g| 7.31e+00  [22874s]
step  55500  train 6.0160e-02  |g| 1.04e+00  [22914s]
step  55600  train 5.9915e-02  |g| 5.00e+00  [22955s]
step  55700  train 5.8480e-02  |g| 2.22e+00  [22995s]
step  55800  train 5.7920e-02  |g| 1.06e+00  [23036s]
step  55900  train 5.9207e-02  |g| 4.43e+00  [23076s]
step  56000  train 5.4544e-02  val 5.8348e-02  6d geo 1.480e-01 med 1.669e-01 p90 2.880e-01 (const 4.730e-02)  |g| 4.26e+00  [23117s]
           5d geo 1.624e-01 med 1.874e-01   postmu 6d geo 1.518e-01 med 1.721e-01 p90 2.917e-01   mu |dlog| 0.8396
           WARNING: prediction spread 0.004 of ground truth -- the output has collapsed to a constant (saturated tanh); lower --lr or raise --warmup-steps and restart
           corr(identifiable)  mu=-0.48  D_div_mu=-0.30  T0_div_mu=-0.16  Ly=+0.20  op_x=+0.05  op_y=+0.50   mean spread/GT 0.00
           err share           mu=6%  D_div_mu=1%  T0_div_mu=1%  Ly=32%  op_x=30%  op_y=29%
step  56100  train 5.8215e-02  |g| 2.16e+00  [23160s]
step  56200  train 5.4601e-02  |g| 1.55e+00  [23201s]
step  56300  train 5.7983e-02  |g| 1.96e+00  [23241s]
step  56400  train 5.8155e-02  |g| 3.25e+00  [23282s]
step  56500  train 5.8947e-02  |g| 3.82e+00  [23322s]
step  56600  train 5.8951e-02  |g| 3.05e+00  [23363s]
step  56700  train 5.8151e-02  |g| 1.35e+00  [23403s]
step  56800  train 5.4788e-02  |g| 7.71e-01  [23444s]
step  56900  train 5.8255e-02  |g| 2.18e+00  [23484s]
step  57000  train 5.7421e-02  |g| 1.72e+00  [23524s]
step  57100  train 5.8440e-02  |g| 3.14e+00  [23565s]
step  57200  train 6.0556e-02  |g| 1.52e+00  [23605s]
step  57300  train 5.8812e-02  |g| 2.51e+00  [23646s]
step  57400  train 6.0587e-02  |g| 2.17e-01  [23686s]
step  57500  train 5.6450e-02  |g| 6.56e-01  [23727s]
step  57600  train 5.9060e-02  |g| 3.32e+00  [23767s]
step  57700  train 5.7679e-02  |g| 4.78e+00  [23808s]
step  57800  train 5.7851e-02  |g| 4.18e+00  [23848s]
step  57900  train 5.9982e-02  |g| 2.62e+00  [23889s]
step  58000  train 5.7407e-02  val 5.8268e-02  6d geo 1.478e-01 med 1.667e-01 p90 2.878e-01 (const 4.730e-02)  |g| 1.50e+00  [23929s]
           5d geo 1.622e-01 med 1.870e-01   postmu 6d geo 1.513e-01 med 1.715e-01 p90 2.911e-01   mu |dlog| 0.8178
           WARNING: prediction spread 0.010 of ground truth -- the output has collapsed to a constant (saturated tanh); lower --lr or raise --warmup-steps and restart
           corr(identifiable)  mu=-0.41  D_div_mu=-0.26  T0_div_mu=-0.10  Ly=+0.15  op_x=+0.03  op_y=+0.34   mean spread/GT 0.01
           err share           mu=6%  D_div_mu=1%  T0_div_mu=1%  Ly=32%  op_x=30%  op_y=29%
step  58100  train 5.8825e-02  |g| 4.74e+00  [23973s]
step  58200  train 5.7833e-02  |g| 4.60e+00  [24013s]
step  58300  train 6.1062e-02  |g| 2.21e+00  [24054s]
step  58400  train 5.7022e-02  |g| 3.60e+00  [24094s]
step  58500  train 5.7116e-02  |g| 2.41e+00  [24135s]
step  58600  train 5.6436e-02  |g| 1.30e+00  [24175s]
step  58700  train 5.6514e-02  |g| 8.80e+00  [24216s]
step  58800  train 5.7863e-02  |g| 7.16e-01  [24256s]
step  58900  train 6.0116e-02  |g| 1.57e+00  [24297s]
step  59000  train 5.9799e-02  |g| 5.48e+00  [24337s]
step  59100  train 5.5340e-02  |g| 6.12e+00  [24378s]
step  59200  train 5.8518e-02  |g| 9.36e-01  [24418s]
step  59300  train 5.8296e-02  |g| 3.56e+00  [24459s]
step  59400  train 6.1733e-02  |g| 1.66e+00  [24499s]
step  59500  train 5.7575e-02  |g| 2.82e+00  [24540s]
step  59600  train 5.7507e-02  |g| 4.29e+00  [24580s]
step  59700  train 5.9469e-02  |g| 5.10e+00  [24621s]
step  59800  train 5.9985e-02  |g| 4.90e+00  [24661s]
step  59900  train 5.6262e-02  |g| 2.64e-01  [24702s]
step  60000  train 5.7964e-02  val 5.8216e-02  6d geo 1.477e-01 med 1.669e-01 p90 2.880e-01 (const 4.730e-02)  |g| 2.57e+00  [24742s]
           5d geo 1.620e-01 med 1.871e-01   postmu 6d geo 1.513e-01 med 1.717e-01 p90 2.915e-01   mu |dlog| 0.8107
           WARNING: prediction spread 0.012 of ground truth -- the output has collapsed to a constant (saturated tanh); lower --lr or raise --warmup-steps and restart
           corr(identifiable)  mu=+0.03  D_div_mu=-0.29  T0_div_mu=+0.04  Ly=+0.17  op_x=+0.02  op_y=+0.28   mean spread/GT 0.01
           err share           mu=6%  D_div_mu=1%  T0_div_mu=1%  Ly=32%  op_x=30%  op_y=29%
step  60100  train 5.6138e-02  |g| 1.96e+00  [24786s]
step  60200  train 5.8232e-02  |g| 3.13e+00  [24827s]
step  60300  train 5.7551e-02  |g| 5.35e+00  [24867s]
step  60400  train 5.8895e-02  |g| 5.85e+00  [24908s]
step  60500  train 5.8238e-02  |g| 4.07e+00  [24948s]
step  60600  train 5.9970e-02  |g| 3.41e+00  [24989s]
step  60700  train 5.7946e-02  |g| 1.70e+00  [25029s]
step  60800  train 5.8092e-02  |g| 2.18e+00  [25070s]
step  60900  train 5.8953e-02  |g| 2.98e+00  [25110s]
step  61000  train 5.8379e-02  |g| 1.37e+00  [25151s]
step  61100  train 5.5388e-02  |g| 2.18e+00  [25191s]
step  61200  train 5.6470e-02  |g| 1.04e+00  [25232s]
step  61300  train 5.9422e-02  |g| 6.07e+00  [25272s]
step  61400  train 5.8593e-02  |g| 1.96e+00  [25313s]
step  61500  train 5.8042e-02  |g| 5.75e+00  [25353s]
step  61600  train 5.8575e-02  |g| 1.48e+00  [25394s]
step  61700  train 5.7620e-02  |g| 2.05e+00  [25434s]
step  61800  train 5.7097e-02  |g| 1.29e+00  [25475s]
step  61900  train 5.7219e-02  |g| 2.74e+00  [25515s]
step  62000  train 5.9592e-02  val 5.8281e-02  6d geo 1.480e-01 med 1.670e-01 p90 2.881e-01 (const 4.730e-02)  |g| 2.35e+00  [25556s]
           5d geo 1.624e-01 med 1.873e-01   postmu 6d geo 1.520e-01 med 1.724e-01 p90 2.922e-01   mu |dlog| 0.8420
           WARNING: prediction spread 0.007 of ground truth -- the output has collapsed to a constant (saturated tanh); lower --lr or raise --warmup-steps and restart
           corr(identifiable)  mu=+0.13  D_div_mu=-0.01  T0_div_mu=+0.25  Ly=+0.06  op_x=+0.03  op_y=+0.35   mean spread/GT 0.01
           err share           mu=6%  D_div_mu=1%  T0_div_mu=1%  Ly=32%  op_x=30%  op_y=29%
step  62100  train 5.6568e-02  |g| 1.04e+00  [25599s]
step  62200  train 5.7904e-02  |g| 4.61e+00  [25640s]
step  62300  train 5.7302e-02  |g| 2.69e+00  [25680s]
step  62400  train 5.8598e-02  |g| 2.75e+00  [25721s]
step  62500  train 5.7815e-02  |g| 9.62e-01  [25761s]
step  62600  train 5.8997e-02  |g| 3.53e+00  [25802s]
step  62700  train 6.2076e-02  |g| 2.61e+00  [25842s]
step  62800  train 6.0604e-02  |g| 7.31e+00  [25883s]
step  62900  train 6.0659e-02  |g| 3.52e+00  [25923s]
step  63000  train 6.0894e-02  |g| 1.13e+00  [25964s]
step  63100  train 5.4705e-02  |g| 6.91e+00  [26004s]
step  63200  train 5.9042e-02  |g| 3.80e+00  [26045s]
step  63300  train 5.7511e-02  |g| 1.63e+00  [26085s]
step  63400  train 5.6062e-02  |g| 1.92e+00  [26126s]
step  63500  train 5.8977e-02  |g| 1.71e+00  [26166s]
step  63600  train 5.8607e-02  |g| 2.15e+00  [26207s]
step  63700  train 5.8866e-02  |g| 4.53e+00  [26247s]
step  63800  train 5.6004e-02  |g| 3.96e+00  [26288s]
step  63900  train 5.5846e-02  |g| 6.84e+00  [26328s]
step  64000  train 5.4638e-02  val 5.8230e-02  6d geo 1.475e-01 med 1.670e-01 p90 2.881e-01 (const 4.730e-02)  |g| 1.89e+00  [26368s]
           5d geo 1.618e-01 med 1.872e-01   postmu 6d geo 1.513e-01 med 1.718e-01 p90 2.913e-01   mu |dlog| 0.8164
           WARNING: prediction spread 0.020 of ground truth -- the output has collapsed to a constant (saturated tanh); lower --lr or raise --warmup-steps and restart
           corr(identifiable)  mu=+0.13  D_div_mu=-0.05  T0_div_mu=+0.07  Ly=+0.17  op_x=+0.02  op_y=+0.28   mean spread/GT 0.02
           err share           mu=6%  D_div_mu=1%  T0_div_mu=1%  Ly=32%  op_x=30%  op_y=29%
step  64100  train 5.8928e-02  |g| 9.95e-01  [26412s]
step  64200  train 5.9818e-02  |g| 5.61e+00  [26453s]
step  64300  train 5.8658e-02  |g| 1.73e+00  [26493s]
step  64400  train 5.8539e-02  |g| 4.01e+00  [26534s]
step  64500  train 5.8417e-02  |g| 2.01e+00  [26574s]
step  64600  train 5.6497e-02  |g| 2.03e+01  [26615s]
step  64700  train 5.6732e-02  |g| 3.71e+00  [26655s]
step  64800  train 5.9025e-02  |g| 3.86e+00  [26696s]
step  64900  train 5.9702e-02  |g| 1.00e+00  [26736s]
step  65000  train 5.9144e-02  |g| 1.87e+00  [26777s]
step  65100  train 5.8096e-02  |g| 2.95e+00  [26817s]
step  65200  train 5.8101e-02  |g| 2.74e+00  [26858s]
step  65300  train 6.0868e-02  |g| 5.59e-01  [26898s]
step  65400  train 5.9803e-02  |g| 1.49e+00  [26939s]
step  65500  train 5.6612e-02  |g| 1.53e+00  [26979s]
step  65600  train 5.7941e-02  |g| 1.29e+01  [27020s]
step  65700  train 5.5929e-02  |g| 2.55e+00  [27060s]
step  65800  train 5.6434e-02  |g| 8.71e-01  [27101s]
step  65900  train 5.8547e-02  |g| 5.41e-01  [27141s]
step  66000  train 5.6048e-02  val 5.8243e-02  6d geo 1.480e-01 med 1.669e-01 p90 2.880e-01 (const 4.730e-02)  |g| 1.81e+00  [27182s]
           5d geo 1.624e-01 med 1.873e-01   postmu 6d geo 1.519e-01 med 1.721e-01 p90 2.916e-01   mu |dlog| 0.8443
           WARNING: prediction spread 0.009 of ground truth -- the output has collapsed to a constant (saturated tanh); lower --lr or raise --warmup-steps and restart
           corr(identifiable)  mu=+0.20  D_div_mu=-0.28  T0_div_mu=+0.11  Ly=+0.13  op_x=+0.05  op_y=+0.38   mean spread/GT 0.01
           err share           mu=6%  D_div_mu=1%  T0_div_mu=1%  Ly=32%  op_x=30%  op_y=29%
step  66100  train 5.8383e-02  |g| 3.96e+00  [27226s]
step  66200  train 5.7967e-02  |g| 1.35e+00  [27266s]
step  66300  train 5.7568e-02  |g| 3.28e+00  [27307s]
step  66400  train 5.8680e-02  |g| 2.06e+00  [27347s]
step  66500  train 6.0575e-02  |g| 6.07e-01  [27388s]
step  66600  train 5.8244e-02  |g| 2.25e+00  [27428s]
step  66700  train 5.7297e-02  |g| 2.57e+00  [27469s]
step  66800  train 5.8036e-02  |g| 2.04e+00  [27509s]
step  66900  train 5.8997e-02  |g| 1.32e+01  [27550s]
step  67000  train 6.0223e-02  |g| 6.37e+00  [27590s]
step  67100  train 5.6237e-02  |g| 2.16e+00  [27631s]
step  67200  train 5.6753e-02  |g| 8.76e-01  [27671s]
step  67300  train 5.8769e-02  |g| 2.66e+00  [27712s]
step  67400  train 5.7167e-02  |g| 3.62e+00  [27752s]
step  67500  train 5.7599e-02  |g| 2.35e+00  [27793s]
step  67600  train 5.8504e-02  |g| 5.22e-01  [27833s]
step  67700  train 5.9846e-02  |g| 3.59e+00  [27874s]
step  67800  train 5.7981e-02  |g| 3.37e+00  [27914s]
step  67900  train 6.3911e-02  |g| 3.25e+01  [27954s]
step  68000  train 6.0256e-02  val 5.8265e-02  6d geo 1.479e-01 med 1.669e-01 p90 2.878e-01 (const 4.730e-02)  |g| 1.02e+01  [27995s]
           5d geo 1.622e-01 med 1.871e-01   postmu 6d geo 1.512e-01 med 1.716e-01 p90 2.908e-01   mu |dlog| 0.8049
           WARNING: prediction spread 0.015 of ground truth -- the output has collapsed to a constant (saturated tanh); lower --lr or raise --warmup-steps and restart
           corr(identifiable)  mu=-0.04  D_div_mu=-0.13  T0_div_mu=-0.05  Ly=+0.07  op_x=+0.04  op_y=+0.36   mean spread/GT 0.01
           err share           mu=6%  D_div_mu=1%  T0_div_mu=1%  Ly=32%  op_x=30%  op_y=29%
step  68100  train 6.2131e-02  |g| 3.46e+00  [28039s]
step  68200  train 5.7202e-02  |g| 5.51e+00  [28079s]
step  68300  train 5.5578e-02  |g| 4.37e-01  [28120s]
step  68400  train 5.8644e-02  |g| 3.54e+00  [28160s]
step  68500  train 5.8936e-02  |g| 3.07e+00  [28200s]
step  68600  train 5.8182e-02  |g| 1.55e+00  [28241s]
step  68700  train 5.5897e-02  |g| 4.02e+00  [28281s]
step  68800  train 5.5827e-02  |g| 2.30e+00  [28322s]
step  68900  train 5.6442e-02  |g| 2.00e+00  [28362s]
step  69000  train 5.6098e-02  |g| 1.15e+00  [28403s]
step  69100  train 5.6826e-02  |g| 6.90e-01  [28443s]
step  69200  train 5.7708e-02  |g| 2.55e+00  [28484s]
step  69300  train 5.7255e-02  |g| 2.04e+00  [28524s]
step  69400  train 5.9113e-02  |g| 5.42e+00  [28565s]
step  69500  train 6.0820e-02  |g| 5.26e+00  [28605s]
step  69600  train 5.9995e-02  |g| 6.64e-01  [28646s]
step  69700  train 5.8501e-02  |g| 1.72e+00  [28686s]
step  69800  train 5.9295e-02  |g| 2.85e+00  [28727s]
step  69900  train 5.9153e-02  |g| 8.51e+00  [28767s]
step  70000  train 5.5930e-02  val 5.8214e-02  6d geo 1.478e-01 med 1.670e-01 p90 2.880e-01 (const 4.730e-02)  |g| 5.04e+00  [28808s]
           5d geo 1.622e-01 med 1.872e-01   postmu 6d geo 1.517e-01 med 1.721e-01 p90 2.921e-01   mu |dlog| 0.8343
           WARNING: prediction spread 0.030 of ground truth -- the output has collapsed to a constant (saturated tanh); lower --lr or raise --warmup-steps and restart
           corr(identifiable)  mu=+0.13  D_div_mu=-0.01  T0_div_mu=-0.09  Ly=+0.18  op_x=+0.03  op_y=+0.31   mean spread/GT 0.03
           err share           mu=6%  D_div_mu=1%  T0_div_mu=1%  Ly=32%  op_x=30%  op_y=29%
step  70100  train 5.6079e-02  |g| 7.27e-01  [28851s]
step  70200  train 5.7359e-02  |g| 7.68e+00  [28892s]
step  70300  train 5.7074e-02  |g| 1.33e+00  [28932s]
step  70400  train 5.5557e-02  |g| 2.13e+00  [28973s]
step  70500  train 5.8273e-02  |g| 2.57e+00  [29014s]
step  70600  train 5.5262e-02  |g| 1.41e+00  [29054s]
step  70700  train 5.8067e-02  |g| 2.94e-01  [29095s]
step  70800  train 5.7623e-02  |g| 1.36e+00  [29135s]
step  70900  train 5.8497e-02  |g| 9.03e-01  [29176s]
step  71000  train 5.8905e-02  |g| 6.12e+00  [29216s]
step  71100  train 5.5572e-02  |g| 1.29e+00  [29257s]
step  71200  train 5.8289e-02  |g| 4.29e+00  [29297s]
step  71300  train 6.1649e-02  |g| 1.82e+01  [29338s]
step  71400  train 5.9101e-02  |g| 4.81e+00  [29378s]
step  71500  train 6.0648e-02  |g| 3.94e+00  [29419s]
step  71600  train 5.6742e-02  |g| 5.79e+00  [29459s]
step  71700  train 6.0292e-02  |g| 9.71e-01  [29500s]
step  71800  train 5.8991e-02  |g| 1.24e+00  [29540s]
step  71900  train 5.6520e-02  |g| 4.62e-01  [29581s]
step  72000  train 5.8285e-02  val 5.8223e-02  6d geo 1.476e-01 med 1.668e-01 p90 2.877e-01 (const 4.730e-02)  |g| 1.08e+00  [29622s]
           5d geo 1.620e-01 med 1.870e-01   postmu 6d geo 1.512e-01 med 1.716e-01 p90 2.911e-01   mu |dlog| 0.8143
           WARNING: prediction spread 0.025 of ground truth -- the output has collapsed to a constant (saturated tanh); lower --lr or raise --warmup-steps and restart
           corr(identifiable)  mu=+0.14  D_div_mu=-0.02  T0_div_mu=+0.04  Ly=+0.12  op_x=+0.03  op_y=+0.28   mean spread/GT 0.02
           err share           mu=6%  D_div_mu=1%  T0_div_mu=1%  Ly=32%  op_x=30%  op_y=29%
step  72100  train 5.7539e-02  |g| 1.32e+00  [29665s]
step  72200  train 5.9541e-02  |g| 1.68e+00  [29706s]
step  72300  train 6.0347e-02  |g| 5.99e+00  [29746s]
step  72400  train 5.7757e-02  |g| 4.08e+00  [29787s]
step  72500  train 5.6473e-02  |g| 1.01e+00  [29827s]
step  72600  train 5.6847e-02  |g| 1.68e+00  [29868s]
step  72700  train 5.8459e-02  |g| 1.67e+00  [29909s]
step  72800  train 5.5582e-02  |g| 2.19e+00  [29949s]
step  72900  train 5.7470e-02  |g| 5.88e+00  [29990s]
step  73000  train 5.7823e-02  |g| 4.28e+00  [30030s]
step  73100  train 6.0641e-02  |g| 3.44e+00  [30071s]
step  73200  train 5.6216e-02  |g| 9.09e-01  [30111s]
step  73300  train 5.8652e-02  |g| 2.44e+00  [30152s]
step  73400  train 5.8804e-02  |g| 1.54e+00  [30192s]
step  73500  train 5.9451e-02  |g| 9.83e-01  [30233s]
step  73600  train 5.4496e-02  |g| 1.23e+00  [30274s]
step  73700  train 5.9199e-02  |g| 1.30e+00  [30314s]
step  73800  train 6.0166e-02  |g| 2.17e+00  [30355s]
step  73900  train 6.0614e-02  |g| 1.58e+00  [30395s]
step  74000  train 5.7310e-02  val 5.8237e-02  6d geo 1.478e-01 med 1.668e-01 p90 2.878e-01 (const 4.730e-02)  |g| 3.14e+00  [30436s]
           5d geo 1.621e-01 med 1.871e-01   postmu 6d geo 1.514e-01 med 1.719e-01 p90 2.906e-01   mu |dlog| 0.8235
           WARNING: prediction spread 0.013 of ground truth -- the output has collapsed to a constant (saturated tanh); lower --lr or raise --warmup-steps and restart
           corr(identifiable)  mu=+0.11  D_div_mu=-0.06  T0_div_mu=+0.10  Ly=+0.03  op_x=+0.03  op_y=+0.34   mean spread/GT 0.01
           err share           mu=6%  D_div_mu=1%  T0_div_mu=1%  Ly=32%  op_x=30%  op_y=29%
step  74100  train 5.7588e-02  |g| 2.57e+00  [30480s]
step  74200  train 5.8422e-02  |g| 1.82e+00  [30520s]
step  74300  train 5.8656e-02  |g| 9.43e+00  [30561s]
step  74400  train 5.8256e-02  |g| 5.08e+00  [30601s]
step  74500  train 5.8338e-02  |g| 5.58e+00  [30642s]
step  74600  train 5.6765e-02  |g| 9.79e-01  [30682s]
step  74700  train 5.7518e-02  |g| 1.79e+00  [30723s]
step  74800  train 5.9102e-02  |g| 5.22e-01  [30764s]
step  74900  train 5.8104e-02  |g| 1.71e+00  [30804s]
step  75000  train 5.7948e-02  |g| 6.27e-01  [30845s]
step  75100  train 5.6971e-02  |g| 1.57e+00  [30885s]
step  75200  train 5.8171e-02  |g| 5.00e+00  [30926s]
step  75300  train 5.8141e-02  |g| 3.92e+00  [30966s]
step  75400  train 5.7172e-02  |g| 9.64e-01  [31007s]
step  75500  train 5.5599e-02  |g| 8.94e-01  [31048s]
step  75600  train 5.7821e-02  |g| 2.20e+00  [31088s]
step  75700  train 6.0496e-02  |g| 1.75e+00  [31129s]
step  75800  train 5.9343e-02  |g| 4.66e-01  [31169s]
step  75900  train 5.8766e-02  |g| 5.55e+00  [31210s]
step  76000  train 5.6431e-02  val 5.8194e-02  6d geo 1.477e-01 med 1.669e-01 p90 2.879e-01 (const 4.730e-02)  |g| 4.57e+00  [31250s]
           5d geo 1.621e-01 med 1.871e-01   postmu 6d geo 1.514e-01 med 1.717e-01 p90 2.907e-01   mu |dlog| 0.8276
           WARNING: prediction spread 0.014 of ground truth -- the output has collapsed to a constant (saturated tanh); lower --lr or raise --warmup-steps and restart
           corr(identifiable)  mu=+0.15  D_div_mu=-0.05  T0_div_mu=+0.08  Ly=+0.15  op_x=+0.03  op_y=+0.28   mean spread/GT 0.01
           err share           mu=6%  D_div_mu=1%  T0_div_mu=1%  Ly=32%  op_x=30%  op_y=29%
step  76100  train 5.8120e-02  |g| 1.81e+00  [31294s]
step  76200  train 5.7492e-02  |g| 1.02e+00  [31335s]
step  76300  train 5.9163e-02  |g| 4.85e+00  [31375s]
step  76400  train 5.8484e-02  |g| 2.34e+00  [31416s]
step  76500  train 5.7064e-02  |g| 4.86e+00  [31456s]
step  76600  train 5.9181e-02  |g| 4.39e+00  [31497s]
step  76700  train 5.7448e-02  |g| 2.24e+00  [31538s]
step  76800  train 5.6629e-02  |g| 8.75e-01  [31578s]
step  76900  train 5.8501e-02  |g| 5.31e+00  [31619s]
step  77000  train 5.8622e-02  |g| 6.07e-01  [31659s]
step  77100  train 5.7716e-02  |g| 1.28e+00  [31700s]
step  77200  train 6.0497e-02  |g| 2.04e+01  [31740s]
step  77300  train 5.7548e-02  |g| 1.49e+00  [31781s]
step  77400  train 5.6481e-02  |g| 1.41e+00  [31822s]
step  77500  train 5.8284e-02  |g| 2.47e+00  [31862s]
step  77600  train 5.7159e-02  |g| 8.42e-01  [31903s]
step  77700  train 5.6984e-02  |g| 1.28e+00  [31943s]
step  77800  train 5.9308e-02  |g| 1.08e+00  [31984s]
step  77900  train 5.4814e-02  |g| 3.58e+00  [32025s]
step  78000  train 5.7404e-02  val 5.8243e-02  6d geo 1.477e-01 med 1.668e-01 p90 2.878e-01 (const 4.730e-02)  |g| 6.96e-01  [32065s]
           5d geo 1.621e-01 med 1.870e-01   postmu 6d geo 1.512e-01 med 1.716e-01 p90 2.905e-01   mu |dlog| 0.8096
           WARNING: prediction spread 0.007 of ground truth -- the output has collapsed to a constant (saturated tanh); lower --lr or raise --warmup-steps and restart
           corr(identifiable)  mu=+0.13  D_div_mu=-0.03  T0_div_mu=+0.18  Ly=+0.10  op_x=+0.04  op_y=+0.32   mean spread/GT 0.01
           err share           mu=6%  D_div_mu=1%  T0_div_mu=1%  Ly=32%  op_x=30%  op_y=29%
step  78100  train 5.7663e-02  |g| 1.03e+00  [32109s]
step  78200  train 5.8637e-02  |g| 3.83e+00  [32149s]
step  78300  train 6.0394e-02  |g| 5.15e+00  [32190s]
step  78400  train 5.9067e-02  |g| 1.75e+00  [32231s]
step  78500  train 5.5355e-02  |g| 2.92e+00  [32271s]
step  78600  train 5.7485e-02  |g| 7.12e-01  [32312s]
step  78700  train 5.8263e-02  |g| 2.76e+00  [32352s]
step  78800  train 5.5168e-02  |g| 1.36e+00  [32393s]
step  78900  train 5.6636e-02  |g| 3.24e+00  [32434s]
step  79000  train 5.7907e-02  |g| 4.88e+00  [32474s]
step  79100  train 5.9979e-02  |g| 3.53e+00  [32515s]
step  79200  train 5.9023e-02  |g| 4.58e+00  [32555s]
step  79300  train 5.7601e-02  |g| 8.90e-01  [32596s]
step  79400  train 5.6501e-02  |g| 1.08e+01  [32637s]
step  79500  train 5.7662e-02  |g| 6.19e-01  [32677s]
step  79600  train 5.8218e-02  |g| 8.48e-01  [32718s]
step  79700  train 5.7349e-02  |g| 1.92e+00  [32758s]
step  79800  train 5.9424e-02  |g| 1.93e+00  [32799s]
step  79900  train 5.9147e-02  |g| 2.87e+00  [32839s]
step  80000  train 5.5940e-02  val 5.8483e-02  6d geo 1.479e-01 med 1.668e-01 p90 2.879e-01 (const 4.730e-02)  |g| 6.93e+00  [32880s]
           5d geo 1.623e-01 med 1.874e-01   postmu 6d geo 1.521e-01 med 1.721e-01 p90 2.917e-01   mu |dlog| 0.8488
           WARNING: prediction spread 0.005 of ground truth -- the output has collapsed to a constant (saturated tanh); lower --lr or raise --warmup-steps and restart
           corr(identifiable)  mu=+0.16  D_div_mu=-0.13  T0_div_mu=-0.07  Ly=+0.06  op_x=+0.06  op_y=+0.42   mean spread/GT 0.00
           err share           mu=6%  D_div_mu=1%  T0_div_mu=1%  Ly=32%  op_x=30%  op_y=29%
step  80100  train 5.9849e-02  |g| 2.17e+00  [32924s]
step  80200  train 5.7293e-02  |g| 6.12e-01  [32965s]
step  80300  train 5.9920e-02  |g| 5.20e-01  [33005s]
step  80400  train 5.8406e-02  |g| 7.46e+00  [33046s]
step  80500  train 5.8474e-02  |g| 7.46e-01  [33086s]
step  80600  train 5.7880e-02  |g| 3.71e+00  [33127s]
step  80700  train 5.6463e-02  |g| 6.56e-01  [33168s]
step  80800  train 5.9054e-02  |g| 5.42e+00  [33208s]
step  80900  train 5.6704e-02  |g| 2.28e+00  [33249s]
step  81000  train 5.6542e-02  |g| 2.15e+00  [33290s]
step  81100  train 5.7266e-02  |g| 8.68e-01  [33330s]
step  81200  train 5.6383e-02  |g| 2.74e+00  [33371s]
step  81300  train 5.7510e-02  |g| 1.98e+00  [33411s]
step  81400  train 5.7329e-02  |g| 1.09e+00  [33452s]
step  81500  train 6.0522e-02  |g| 4.80e+00  [33492s]
step  81600  train 5.6954e-02  |g| 2.67e+00  [33533s]
step  81700  train 5.8630e-02  |g| 2.46e+00  [33573s]
step  81800  train 5.9092e-02  |g| 3.69e+00  [33614s]
step  81900  train 5.8256e-02  |g| 2.44e+00  [33655s]
step  82000  train 5.8232e-02  val 5.8256e-02  6d geo 1.479e-01 med 1.668e-01 p90 2.879e-01 (const 4.730e-02)  |g| 1.01e+00  [33695s]
           5d geo 1.622e-01 med 1.872e-01   postmu 6d geo 1.514e-01 med 1.716e-01 p90 2.912e-01   mu |dlog| 0.8115
           WARNING: prediction spread 0.007 of ground truth -- the output has collapsed to a constant (saturated tanh); lower --lr or raise --warmup-steps and restart
           corr(identifiable)  mu=+0.35  D_div_mu=-0.00  T0_div_mu=+0.18  Ly=+0.15  op_x=+0.04  op_y=+0.31   mean spread/GT 0.01
           err share           mu=6%  D_div_mu=1%  T0_div_mu=1%  Ly=32%  op_x=30%  op_y=29%
step  82100  train 5.9253e-02  |g| 2.00e+00  [33739s]
step  82200  train 5.7562e-02  |g| 7.90e-01  [33779s]
step  82300  train 5.7400e-02  |g| 8.51e-01  [33820s]
step  82400  train 5.7810e-02  |g| 6.19e+00  [33861s]
step  82500  train 5.7650e-02  |g| 4.56e-01  [33901s]
step  82600  train 5.7732e-02  |g| 2.91e+00  [33942s]
step  82700  train 5.6548e-02  |g| 6.01e-01  [33982s]
step  82800  train 5.9374e-02  |g| 7.66e-01  [34023s]
step  82900  train 5.7093e-02  |g| 4.30e+00  [34063s]
step  83000  train 5.8127e-02  |g| 1.03e+00  [34104s]
step  83100  train 5.6410e-02  |g| 7.53e-01  [34145s]
step  83200  train 5.9052e-02  |g| 2.89e+00  [34185s]
step  83300  train 5.7703e-02  |g| 6.59e-01  [34226s]
step  83400  train 5.7477e-02  |g| 1.29e+00  [34266s]
step  83500  train 5.8561e-02  |g| 5.56e+00  [34307s]
step  83600  train 5.8165e-02  |g| 1.81e+00  [34347s]
step  83700  train 5.8943e-02  |g| 2.42e+00  [34388s]
step  83800  train 5.9727e-02  |g| 2.40e+00  [34429s]
step  83900  train 5.6802e-02  |g| 4.05e+00  [34469s]
step  84000  train 5.5540e-02  val 5.8225e-02  6d geo 1.478e-01 med 1.667e-01 p90 2.879e-01 (const 4.730e-02)  |g| 4.75e-01  [34510s]
           5d geo 1.621e-01 med 1.871e-01   postmu 6d geo 1.513e-01 med 1.717e-01 p90 2.911e-01   mu |dlog| 0.8119
           WARNING: prediction spread 0.011 of ground truth -- the output has collapsed to a constant (saturated tanh); lower --lr or raise --warmup-steps and restart
           corr(identifiable)  mu=+0.21  D_div_mu=-0.10  T0_div_mu=+0.19  Ly=+0.09  op_x=+0.03  op_y=+0.29   mean spread/GT 0.01
           err share           mu=6%  D_div_mu=1%  T0_div_mu=1%  Ly=32%  op_x=30%  op_y=29%
step  84100  train 5.9644e-02  |g| 1.12e+00  [34554s]
step  84200  train 5.8383e-02  |g| 1.32e+00  [34594s]
step  84300  train 5.6011e-02  |g| 3.91e+00  [34635s]
step  84400  train 5.6946e-02  |g| 4.44e+00  [34675s]
step  84500  train 5.7587e-02  |g| 5.51e+00  [34716s]
step  84600  train 5.6480e-02  |g| 1.28e+00  [34757s]
step  84700  train 5.4918e-02  |g| 3.31e+00  [34797s]
step  84800  train 5.8271e-02  |g| 4.64e+00  [34838s]
step  84900  train 5.9410e-02  |g| 2.13e+00  [34878s]
step  85000  train 5.8453e-02  |g| 2.11e+00  [34919s]
step  85100  train 5.8767e-02  |g| 2.35e+00  [34960s]
step  85200  train 5.8384e-02  |g| 1.09e+00  [35000s]
step  85300  train 5.8725e-02  |g| 2.92e+00  [35041s]
step  85400  train 5.8765e-02  |g| 1.74e+00  [35081s]
step  85500  train 5.8819e-02  |g| 2.10e+00  [35122s]
step  85600  train 5.6229e-02  |g| 3.39e+00  [35163s]
step  85700  train 5.6467e-02  |g| 1.55e+00  [35203s]
step  85800  train 5.7839e-02  |g| 1.95e+00  [35244s]
step  85900  train 5.7836e-02  |g| 2.74e+00  [35284s]
step  86000  train 5.7461e-02  val 5.8189e-02  6d geo 1.478e-01 med 1.669e-01 p90 2.880e-01 (const 4.730e-02)  |g| 2.45e+00  [35325s]
           5d geo 1.621e-01 med 1.872e-01   postmu 6d geo 1.515e-01 med 1.720e-01 p90 2.913e-01   mu |dlog| 0.8269
           WARNING: prediction spread 0.016 of ground truth -- the output has collapsed to a constant (saturated tanh); lower --lr or raise --warmup-steps and restart
           corr(identifiable)  mu=+0.14  D_div_mu=-0.01  T0_div_mu=+0.13  Ly=+0.14  op_x=+0.03  op_y=+0.32   mean spread/GT 0.02
           err share           mu=6%  D_div_mu=1%  T0_div_mu=1%  Ly=32%  op_x=30%  op_y=29%
step  86100  train 5.6713e-02  |g| 1.44e+00  [35369s]
step  86200  train 5.8700e-02  |g| 1.84e+00  [35409s]
step  86300  train 5.7750e-02  |g| 9.17e-01  [35450s]
step  86400  train 5.8079e-02  |g| 1.35e+00  [35490s]
step  86500  train 5.8435e-02  |g| 1.69e+00  [35531s]
step  86600  train 5.8104e-02  |g| 2.91e+00  [35571s]
step  86700  train 5.6976e-02  |g| 1.73e+00  [35611s]
step  86800  train 5.7293e-02  |g| 1.26e+00  [35652s]
step  86900  train 6.0541e-02  |g| 9.03e-01  [35692s]
step  87000  train 5.9341e-02  |g| 2.11e+00  [35733s]
step  87100  train 5.8981e-02  |g| 1.29e+00  [35773s]
step  87200  train 5.7721e-02  |g| 1.83e+00  [35814s]
step  87300  train 5.7586e-02  |g| 2.09e+00  [35854s]
step  87400  train 5.7963e-02  |g| 3.96e+00  [35895s]
step  87500  train 5.8582e-02  |g| 5.88e+00  [35935s]
step  87600  train 5.9343e-02  |g| 1.83e+00  [35976s]
step  87700  train 5.8827e-02  |g| 2.51e+00  [36016s]
step  87800  train 5.8827e-02  |g| 5.06e-01  [36057s]
step  87900  train 5.9554e-02  |g| 5.52e-01  [36097s]
step  88000  train 5.8544e-02  val 5.8285e-02  6d geo 1.479e-01 med 1.671e-01 p90 2.881e-01 (const 4.730e-02)  |g| 2.57e+00  [36137s]
           5d geo 1.623e-01 med 1.873e-01   postmu 6d geo 1.522e-01 med 1.725e-01 p90 2.921e-01   mu |dlog| 0.8596
           WARNING: prediction spread 0.012 of ground truth -- the output has collapsed to a constant (saturated tanh); lower --lr or raise --warmup-steps and restart
           corr(identifiable)  mu=+0.13  D_div_mu=-0.18  T0_div_mu=+0.10  Ly=+0.09  op_x=+0.02  op_y=+0.29   mean spread/GT 0.01
           err share           mu=6%  D_div_mu=1%  T0_div_mu=1%  Ly=32%  op_x=30%  op_y=29%
step  88100  train 5.5275e-02  |g| 1.27e+00  [36181s]
step  88200  train 5.7541e-02  |g| 6.05e-01  [36221s]
step  88300  train 5.9097e-02  |g| 5.38e-01  [36262s]
step  88400  train 6.0795e-02  |g| 5.43e+00  [36302s]
step  88500  train 5.8488e-02  |g| 2.62e+00  [36343s]
step  88600  train 6.0528e-02  |g| 2.56e+00  [36383s]
step  88700  train 5.4895e-02  |g| 1.45e+00  [36423s]
step  88800  train 5.6948e-02  |g| 3.34e+00  [36464s]
step  88900  train 5.9941e-02  |g| 3.15e+00  [36504s]
step  89000  train 5.9809e-02  |g| 1.19e+01  [36545s]
step  89100  train 5.7353e-02  |g| 1.74e+00  [36585s]
step  89200  train 5.7745e-02  |g| 3.20e+00  [36625s]
step  89300  train 5.6641e-02  |g| 1.59e+00  [36666s]
step  89400  train 5.6206e-02  |g| 2.57e+00  [36706s]
step  89500  train 6.1367e-02  |g| 2.68e+00  [36747s]
step  89600  train 6.0940e-02  |g| 7.11e+00  [36787s]
step  89700  train 5.8623e-02  |g| 3.05e+00  [36827s]
step  89800  train 5.8427e-02  |g| 4.22e+00  [36868s]
step  89900  train 5.6799e-02  |g| 2.40e+00  [36908s]
step  90000  train 5.5856e-02  val 5.8197e-02  6d geo 1.477e-01 med 1.669e-01 p90 2.879e-01 (const 4.730e-02)  |g| 4.18e+00  [36949s]
           5d geo 1.620e-01 med 1.871e-01   postmu 6d geo 1.517e-01 med 1.719e-01 p90 2.913e-01   mu |dlog| 0.8503
           WARNING: prediction spread 0.013 of ground truth -- the output has collapsed to a constant (saturated tanh); lower --lr or raise --warmup-steps and restart
           corr(identifiable)  mu=+0.10  D_div_mu=-0.18  T0_div_mu=+0.13  Ly=+0.11  op_x=+0.02  op_y=+0.23   mean spread/GT 0.01
           err share           mu=6%  D_div_mu=1%  T0_div_mu=1%  Ly=32%  op_x=30%  op_y=29%
step  90100  train 5.8017e-02  |g| 2.75e-01  [36992s]
step  90200  train 5.5751e-02  |g| 2.10e+00  [37033s]
step  90300  train 6.0388e-02  |g| 5.55e+00  [37074s]
step  90400  train 5.6891e-02  |g| 4.31e+00  [37114s]
step  90500  train 5.5428e-02  |g| 1.93e+00  [37155s]
step  90600  train 5.7302e-02  |g| 5.65e-01  [37195s]
step  90700  train 5.8818e-02  |g| 5.60e-01  [37236s]
step  90800  train 5.8900e-02  |g| 5.63e-01  [37276s]
step  90900  train 5.6169e-02  |g| 1.51e+00  [37317s]
step  91000  train 5.7037e-02  |g| 9.96e-01  [37357s]
step  91100  train 5.9985e-02  |g| 3.63e+00  [37398s]
step  91200  train 5.9034e-02  |g| 5.15e-01  [37438s]
step  91300  train 5.8861e-02  |g| 2.06e+00  [37479s]
step  91400  train 5.6829e-02  |g| 6.62e-01  [37519s]
step  91500  train 5.6983e-02  |g| 1.75e+00  [37560s]
step  91600  train 5.8266e-02  |g| 6.64e+00  [37600s]
step  91700  train 5.5524e-02  |g| 2.67e+00  [37641s]
step  91800  train 5.6330e-02  |g| 5.11e+00  [37681s]
step  91900  train 5.6739e-02  |g| 8.23e-01  [37721s]
step  92000  train 5.9148e-02  val 5.8186e-02  6d geo 1.477e-01 med 1.667e-01 p90 2.878e-01 (const 4.730e-02)  |g| 1.53e+00  [37762s]
           5d geo 1.620e-01 med 1.871e-01   postmu 6d geo 1.513e-01 med 1.718e-01 p90 2.909e-01   mu |dlog| 0.8230
           WARNING: prediction spread 0.021 of ground truth -- the output has collapsed to a constant (saturated tanh); lower --lr or raise --warmup-steps and restart
           corr(identifiable)  mu=+0.06  D_div_mu=-0.16  T0_div_mu=+0.10  Ly=+0.09  op_x=+0.02  op_y=+0.27   mean spread/GT 0.02
           err share           mu=6%  D_div_mu=1%  T0_div_mu=1%  Ly=32%  op_x=30%  op_y=29%
step  92100  train 5.7139e-02  |g| 3.36e+00  [37805s]
step  92200  train 5.6995e-02  |g| 2.33e+00  [37846s]
step  92300  train 5.6257e-02  |g| 3.35e+00  [37886s]
step  92400  train 5.9111e-02  |g| 5.17e-01  [37926s]
step  92500  train 5.7850e-02  |g| 4.75e+00  [37967s]
step  92600  train 5.7688e-02  |g| 1.86e+00  [38007s]
step  92700  train 5.8555e-02  |g| 2.23e+00  [38048s]
step  92800  train 5.8919e-02  |g| 6.79e-01  [38088s]
step  92900  train 6.1358e-02  |g| 3.97e+00  [38128s]
step  93000  train 6.3072e-02  |g| 8.14e-01  [38169s]
step  93100  train 5.8440e-02  |g| 1.90e+00  [38209s]
step  93200  train 5.7455e-02  |g| 2.51e+00  [38249s]
step  93300  train 5.9043e-02  |g| 3.44e+00  [38290s]
step  93400  train 6.1384e-02  |g| 2.68e+00  [38330s]
step  93500  train 5.7928e-02  |g| 9.92e-01  [38371s]
step  93600  train 5.7477e-02  |g| 1.75e+00  [38411s]
step  93700  train 5.6650e-02  |g| 1.48e+00  [38451s]
step  93800  train 5.7046e-02  |g| 1.02e+00  [38492s]
step  93900  train 5.6428e-02  |g| 9.30e-01  [38532s]
step  94000  train 5.8842e-02  val 5.8174e-02  6d geo 1.478e-01 med 1.668e-01 p90 2.880e-01 (const 4.730e-02)  |g| 1.13e+00  [38573s]
           5d geo 1.621e-01 med 1.872e-01   postmu 6d geo 1.515e-01 med 1.718e-01 p90 2.912e-01   mu |dlog| 0.8286
           WARNING: prediction spread 0.016 of ground truth -- the output has collapsed to a constant (saturated tanh); lower --lr or raise --warmup-steps and restart
           corr(identifiable)  mu=+0.06  D_div_mu=-0.15  T0_div_mu=+0.16  Ly=+0.13  op_x=+0.03  op_y=+0.29   mean spread/GT 0.02
           err share           mu=6%  D_div_mu=1%  T0_div_mu=1%  Ly=32%  op_x=30%  op_y=29%
step  94100  train 5.8517e-02  |g| 8.62e-01  [38616s]
step  94200  train 5.8508e-02  |g| 2.80e+00  [38656s]
step  94300  train 5.7077e-02  |g| 1.38e+00  [38697s]
step  94400  train 5.6897e-02  |g| 2.07e+00  [38737s]
step  94500  train 5.9469e-02  |g| 9.07e-01  [38778s]
step  94600  train 5.8296e-02  |g| 1.15e+00  [38818s]
step  94700  train 5.8574e-02  |g| 2.02e+00  [38859s]
step  94800  train 5.7819e-02  |g| 1.20e+00  [38899s]
step  94900  train 5.7739e-02  |g| 1.63e+00  [38939s]
step  95000  train 5.8340e-02  |g| 1.35e+00  [38980s]
step  95100  train 5.6832e-02  |g| 1.42e+00  [39020s]
step  95200  train 5.5309e-02  |g| 3.06e+00  [39061s]
step  95300  train 5.5601e-02  |g| 2.95e+00  [39101s]
step  95400  train 5.7467e-02  |g| 9.42e-01  [39142s]
step  95500  train 5.7971e-02  |g| 4.54e+00  [39182s]
step  95600  train 5.7858e-02  |g| 1.55e+00  [39223s]
step  95700  train 6.0083e-02  |g| 1.23e+00  [39263s]
step  95800  train 5.7546e-02  |g| 2.44e+00  [39303s]
step  95900  train 5.7381e-02  |g| 1.54e-01  [39344s]
step  96000  train 5.9640e-02  val 5.8237e-02  6d geo 1.477e-01 med 1.668e-01 p90 2.880e-01 (const 4.730e-02)  |g| 1.90e+00  [39384s]
           5d geo 1.621e-01 med 1.871e-01   postmu 6d geo 1.511e-01 med 1.716e-01 p90 2.905e-01   mu |dlog| 0.8087
           WARNING: prediction spread 0.018 of ground truth -- the output has collapsed to a constant (saturated tanh); lower --lr or raise --warmup-steps and restart
           corr(identifiable)  mu=+0.15  D_div_mu=-0.07  T0_div_mu=+0.11  Ly=+0.10  op_x=+0.04  op_y=+0.27   mean spread/GT 0.02
           err share           mu=6%  D_div_mu=1%  T0_div_mu=1%  Ly=32%  op_x=30%  op_y=29%
step  96100  train 5.7287e-02  |g| 2.81e+00  [39428s]
step  96200  train 5.8212e-02  |g| 7.62e-01  [39468s]
step  96300  train 5.8720e-02  |g| 2.59e+00  [39509s]
step  96400  train 5.7245e-02  |g| 1.33e+00  [39549s]
step  96500  train 5.8546e-02  |g| 3.38e+00  [39590s]
step  96600  train 5.5006e-02  |g| 1.82e+00  [39630s]
step  96700  train 5.6699e-02  |g| 1.23e+00  [39671s]
step  96800  train 5.8660e-02  |g| 1.00e+00  [39711s]
step  96900  train 5.7248e-02  |g| 4.09e+00  [39752s]
step  97000  train 5.6279e-02  |g| 1.47e+00  [39792s]
step  97100  train 5.8469e-02  |g| 6.26e+00  [39833s]
step  97200  train 5.8614e-02  |g| 1.99e+00  [39873s]
step  97300  train 5.9791e-02  |g| 2.23e+00  [39913s]
step  97400  train 5.8094e-02  |g| 1.32e+00  [39954s]
step  97500  train 5.6561e-02  |g| 2.54e+00  [39994s]
step  97600  train 5.8183e-02  |g| 9.90e-01  [40035s]
step  97700  train 5.8165e-02  |g| 2.81e+00  [40075s]
step  97800  train 6.0225e-02  |g| 5.24e-01  [40116s]
step  97900  train 5.7748e-02  |g| 9.22e-01  [40156s]
step  98000  train 5.8769e-02  val 5.8191e-02  6d geo 1.475e-01 med 1.666e-01 p90 2.877e-01 (const 4.730e-02)  |g| 4.18e+00  [40197s]
           5d geo 1.618e-01 med 1.869e-01   postmu 6d geo 1.512e-01 med 1.716e-01 p90 2.902e-01   mu |dlog| 0.8202
           WARNING: prediction spread 0.020 of ground truth -- the output has collapsed to a constant (saturated tanh); lower --lr or raise --warmup-steps and restart
           corr(identifiable)  mu=+0.14  D_div_mu=-0.05  T0_div_mu=+0.10  Ly=+0.15  op_x=+0.04  op_y=+0.27   mean spread/GT 0.02
           err share           mu=6%  D_div_mu=1%  T0_div_mu=1%  Ly=32%  op_x=30%  op_y=29%
step  98100  train 5.7117e-02  |g| 1.27e+00  [40240s]
step  98200  train 5.8087e-02  |g| 9.13e-01  [40281s]
step  98300  train 5.7305e-02  |g| 1.71e+00  [40322s]
step  98400  train 5.8751e-02  |g| 2.92e+00  [40362s]
step  98500  train 5.6891e-02  |g| 3.56e+00  [40403s]
step  98600  train 5.5772e-02  |g| 5.30e-01  [40443s]
step  98700  train 5.8012e-02  |g| 1.49e+00  [40484s]
step  98800  train 5.5968e-02  |g| 1.52e+00  [40524s]
step  98900  train 5.5212e-02  |g| 6.84e-01  [40565s]
step  99000  train 5.4256e-02  |g| 2.98e-01  [40605s]
step  99100  train 5.8297e-02  |g| 5.99e-01  [40646s]
step  99200  train 5.6665e-02  |g| 1.50e+00  [40686s]
step  99300  train 5.7051e-02  |g| 1.92e+00  [40727s]
step  99400  train 5.6031e-02  |g| 7.22e-01  [40767s]
step  99500  train 5.8607e-02  |g| 3.29e+00  [40808s]
step  99600  train 5.8269e-02  |g| 3.25e+00  [40848s]
step  99700  train 5.7777e-02  |g| 2.55e+00  [40889s]
step  99800  train 5.7560e-02  |g| 1.73e+00  [40929s]
step  99900  train 5.9129e-02  |g| 2.27e+00  [40970s]
step 100000  train 6.1859e-02  val 5.8161e-02  6d geo 1.476e-01 med 1.668e-01 p90 2.879e-01 (const 4.730e-02)  |g| 3.04e+00  [41011s]
           5d geo 1.619e-01 med 1.871e-01   postmu 6d geo 1.514e-01 med 1.719e-01 p90 2.913e-01   mu |dlog| 0.8386
           WARNING: prediction spread 0.019 of ground truth -- the output has collapsed to a constant (saturated tanh); lower --lr or raise --warmup-steps and restart
           corr(identifiable)  mu=+0.13  D_div_mu=-0.03  T0_div_mu=+0.15  Ly=+0.15  op_x=+0.03  op_y=+0.26   mean spread/GT 0.02
           err share           mu=6%  D_div_mu=1%  T0_div_mu=1%  Ly=32%  op_x=30%  op_y=29%
step 100100  train 5.7295e-02  |g| 1.58e+00  [41054s]
step 100200  train 6.0741e-02  |g| 1.18e+01  [41095s]
step 100300  train 5.9140e-02  |g| 1.87e+00  [41135s]
step 100400  train 5.8339e-02  |g| 8.18e-01  [41176s]
step 100500  train 5.6291e-02  |g| 3.05e+00  [41217s]
step 100600  train 6.1699e-02  |g| 1.68e+00  [41257s]
step 100700  train 5.7418e-02  |g| 5.55e-01  [41298s]
step 100800  train 5.9619e-02  |g| 8.48e-01  [41338s]
step 100900  train 5.6714e-02  |g| 2.51e+00  [41379s]
step 101000  train 5.9509e-02  |g| 6.09e-01  [41419s]
step 101100  train 5.7189e-02  |g| 3.86e-01  [41460s]
step 101200  train 5.8697e-02  |g| 1.24e+00  [41501s]
step 101300  train 5.7054e-02  |g| 1.53e+00  [41541s]
step 101400  train 5.7352e-02  |g| 8.88e-01  [41582s]
step 101500  train 5.8808e-02  |g| 2.40e+00  [41622s]
step 101600  train 5.7308e-02  |g| 8.70e-01  [41663s]
step 101700  train 5.5199e-02  |g| 1.11e+00  [41703s]
step 101800  train 5.6405e-02  |g| 1.46e-01  [41744s]
step 101900  train 5.5951e-02  |g| 2.05e+00  [41784s]
step 102000  train 5.6738e-02  val 5.8175e-02  6d geo 1.477e-01 med 1.667e-01 p90 2.879e-01 (const 4.730e-02)  |g| 1.56e+00  [41825s]
           5d geo 1.621e-01 med 1.872e-01   postmu 6d geo 1.513e-01 med 1.717e-01 p90 2.910e-01   mu |dlog| 0.8218
           WARNING: prediction spread 0.021 of ground truth -- the output has collapsed to a constant (saturated tanh); lower --lr or raise --warmup-steps and restart
           corr(identifiable)  mu=+0.12  D_div_mu=-0.05  T0_div_mu=+0.06  Ly=+0.08  op_x=+0.02  op_y=+0.28   mean spread/GT 0.02
           err share           mu=6%  D_div_mu=1%  T0_div_mu=1%  Ly=32%  op_x=30%  op_y=29%
step 102100  train 5.7195e-02  |g| 9.87e-01  [41869s]
step 102200  train 5.8386e-02  |g| 4.17e-01  [41909s]
step 102300  train 5.8850e-02  |g| 1.15e+00  [41950s]
step 102400  train 5.6799e-02  |g| 1.46e+00  [41990s]
step 102500  train 5.8320e-02  |g| 6.53e-01  [42031s]
step 102600  train 5.8166e-02  |g| 3.54e-01  [42071s]
step 102700  train 5.7698e-02  |g| 1.53e+00  [42112s]
step 102800  train 5.8439e-02  |g| 1.03e+00  [42153s]
step 102900  train 5.9149e-02  |g| 1.91e+00  [42193s]
step 103000  train 5.8841e-02  |g| 5.35e-01  [42234s]
step 103100  train 5.5651e-02  |g| 1.17e+00  [42274s]
step 103200  train 5.8231e-02  |g| 1.66e+00  [42315s]
step 103300  train 5.7193e-02  |g| 3.33e+00  [42355s]
step 103400  train 5.8952e-02  |g| 1.36e+00  [42396s]
step 103500  train 6.0194e-02  |g| 1.99e+00  [42437s]
step 103600  train 5.6499e-02  |g| 9.86e-01  [42477s]
step 103700  train 5.7592e-02  |g| 1.11e+00  [42518s]
step 103800  train 5.8357e-02  |g| 1.31e+00  [42558s]
step 103900  train 5.8701e-02  |g| 9.90e-01  [42599s]
step 104000  train 5.6669e-02  val 5.8190e-02  6d geo 1.477e-01 med 1.667e-01 p90 2.878e-01 (const 4.730e-02)  |g| 9.16e-01  [42639s]
           5d geo 1.620e-01 med 1.871e-01   postmu 6d geo 1.518e-01 med 1.722e-01 p90 2.914e-01   mu |dlog| 0.8615
           WARNING: prediction spread 0.021 of ground truth -- the output has collapsed to a constant (saturated tanh); lower --lr or raise --warmup-steps and restart
           corr(identifiable)  mu=+0.13  D_div_mu=-0.05  T0_div_mu=+0.03  Ly=+0.12  op_x=+0.03  op_y=+0.27   mean spread/GT 0.02
           err share           mu=6%  D_div_mu=1%  T0_div_mu=1%  Ly=32%  op_x=30%  op_y=29%
step 104100  train 5.6674e-02  |g| 1.47e+00  [42683s]
step 104200  train 5.8517e-02  |g| 4.56e-01  [42723s]
step 104300  train 5.6738e-02  |g| 2.63e+00  [42763s]
step 104400  train 5.8960e-02  |g| 2.85e+00  [42804s]
step 104500  train 5.8702e-02  |g| 1.21e+00  [42845s]
step 104600  train 5.6813e-02  |g| 2.31e+00  [42885s]
step 104700  train 5.7331e-02  |g| 1.29e+00  [42926s]
step 104800  train 5.7802e-02  |g| 2.20e+00  [42966s]
step 104900  train 5.8642e-02  |g| 7.59e-01  [43007s]
step 105000  train 5.5790e-02  |g| 5.70e-01  [43047s]
step 105100  train 5.6963e-02  |g| 2.10e-01  [43088s]
step 105200  train 5.9368e-02  |g| 1.44e+00  [43128s]
step 105300  train 5.7630e-02  |g| 3.25e-01  [43169s]
step 105400  train 5.6574e-02  |g| 7.58e-01  [43209s]
step 105500  train 6.0422e-02  |g| 5.91e-01  [43250s]
step 105600  train 5.8307e-02  |g| 2.90e+00  [43291s]
step 105700  train 5.8853e-02  |g| 5.02e-01  [43331s]
step 105800  train 5.7829e-02  |g| 2.16e+00  [43372s]
step 105900  train 5.6313e-02  |g| 7.70e-01  [43412s]
step 106000  train 5.8886e-02  val 5.8171e-02  6d geo 1.476e-01 med 1.668e-01 p90 2.879e-01 (const 4.730e-02)  |g| 4.02e+00  [43453s]
           5d geo 1.619e-01 med 1.871e-01   postmu 6d geo 1.516e-01 med 1.719e-01 p90 2.914e-01   mu |dlog| 0.8398
           WARNING: prediction spread 0.023 of ground truth -- the output has collapsed to a constant (saturated tanh); lower --lr or raise --warmup-steps and restart
           corr(identifiable)  mu=+0.13  D_div_mu=-0.02  T0_div_mu=+0.08  Ly=+0.14  op_x=+0.03  op_y=+0.27   mean spread/GT 0.02
           err share           mu=6%  D_div_mu=1%  T0_div_mu=1%  Ly=32%  op_x=30%  op_y=29%
step 106100  train 5.9213e-02  |g| 3.85e-01  [43496s]
step 106200  train 5.8076e-02  |g| 3.87e-01  [43537s]
step 106300  train 5.6913e-02  |g| 7.05e-01  [43577s]
step 106400  train 5.7308e-02  |g| 5.52e-01  [43618s]
step 106500  train 5.7441e-02  |g| 2.68e+00  [43658s]
step 106600  train 5.5722e-02  |g| 1.95e+00  [43699s]
step 106700  train 6.0097e-02  |g| 7.16e+00  [43739s]
step 106800  train 5.8532e-02  |g| 1.40e+00  [43780s]
step 106900  train 5.8876e-02  |g| 1.10e+00  [43820s]
step 107000  train 5.8348e-02  |g| 7.54e-01  [43861s]
step 107100  train 5.8596e-02  |g| 1.27e+00  [43901s]
step 107200  train 5.9087e-02  |g| 1.37e+00  [43942s]
step 107300  train 5.7658e-02  |g| 1.35e+00  [43982s]
step 107400  train 5.6043e-02  |g| 4.73e-01  [44023s]
step 107500  train 5.5512e-02  |g| 8.85e-01  [44063s]
step 107600  train 5.8427e-02  |g| 5.13e-01  [44104s]
step 107700  train 5.8860e-02  |g| 9.78e-01  [44144s]
step 107800  train 5.6360e-02  |g| 1.02e+00  [44185s]
step 107900  train 5.8535e-02  |g| 4.25e-01  [44225s]
step 108000  train 5.7588e-02  val 5.8156e-02  6d geo 1.476e-01 med 1.669e-01 p90 2.879e-01 (const 4.730e-02)  |g| 1.95e+00  [44266s]
           5d geo 1.620e-01 med 1.871e-01   postmu 6d geo 1.515e-01 med 1.718e-01 p90 2.914e-01   mu |dlog| 0.8406
           WARNING: prediction spread 0.019 of ground truth -- the output has collapsed to a constant (saturated tanh); lower --lr or raise --warmup-steps and restart
           corr(identifiable)  mu=+0.13  D_div_mu=-0.05  T0_div_mu=+0.05  Ly=+0.14  op_x=+0.03  op_y=+0.25   mean spread/GT 0.02
           err share           mu=6%  D_div_mu=1%  T0_div_mu=1%  Ly=32%  op_x=30%  op_y=29%
step 108100  train 5.6671e-02  |g| 5.18e-01  [44309s]
step 108200  train 5.7661e-02  |g| 9.49e-01  [44350s]
step 108300  train 5.7200e-02  |g| 7.20e-01  [44390s]
step 108400  train 5.8333e-02  |g| 1.36e+00  [44431s]
step 108500  train 6.0979e-02  |g| 6.40e-01  [44471s]
step 108600  train 5.8030e-02  |g| 1.97e+00  [44512s]
step 108700  train 5.7071e-02  |g| 1.66e+00  [44552s]
step 108800  train 5.9205e-02  |g| 2.31e+00  [44593s]
step 108900  train 5.8014e-02  |g| 6.40e-01  [44633s]
step 109000  train 5.7385e-02  |g| 1.07e+00  [44674s]
step 109100  train 5.9016e-02  |g| 2.59e+00  [44714s]
step 109200  train 5.5715e-02  |g| 7.07e-01  [44755s]
step 109300  train 5.8693e-02  |g| 5.07e-01  [44795s]
step 109400  train 6.0121e-02  |g| 8.81e-01  [44836s]
step 109500  train 5.6720e-02  |g| 1.78e+00  [44876s]
step 109600  train 5.6320e-02  |g| 5.36e-01  [44917s]
step 109700  train 5.9812e-02  |g| 1.06e+00  [44958s]
step 109800  train 5.8325e-02  |g| 3.28e+00  [44998s]
step 109900  train 5.5143e-02  |g| 1.33e+00  [45039s]
step 110000  train 6.0682e-02  val 5.8161e-02  6d geo 1.475e-01 med 1.667e-01 p90 2.878e-01 (const 4.730e-02)  |g| 2.26e+00  [45079s]
           5d geo 1.619e-01 med 1.871e-01   postmu 6d geo 1.515e-01 med 1.719e-01 p90 2.907e-01   mu |dlog| 0.8434
           WARNING: prediction spread 0.024 of ground truth -- the output has collapsed to a constant (saturated tanh); lower --lr or raise --warmup-steps and restart
           corr(identifiable)  mu=+0.14  D_div_mu=-0.03  T0_div_mu=+0.09  Ly=+0.17  op_x=+0.04  op_y=+0.29   mean spread/GT 0.02
           err share           mu=6%  D_div_mu=1%  T0_div_mu=1%  Ly=32%  op_x=30%  op_y=29%
step 110100  train 5.9220e-02  |g| 1.85e+00  [45123s]
step 110200  train 5.8064e-02  |g| 8.17e-01  [45163s]
step 110300  train 5.7521e-02  |g| 1.25e+00  [45204s]
step 110400  train 5.9980e-02  |g| 1.44e+00  [45244s]
step 110500  train 5.7175e-02  |g| 4.61e-01  [45285s]
step 110600  train 5.7216e-02  |g| 1.93e+00  [45326s]
step 110700  train 5.8136e-02  |g| 2.33e+00  [45366s]
step 110800  train 5.7578e-02  |g| 2.23e+00  [45407s]
step 110900  train 5.3843e-02  |g| 9.75e-01  [45447s]
step 111000  train 5.6127e-02  |g| 5.26e-01  [45488s]
step 111100  train 5.8034e-02  |g| 8.18e-01  [45528s]
step 111200  train 5.9915e-02  |g| 1.59e+00  [45569s]
step 111300  train 5.9891e-02  |g| 2.83e+00  [45610s]
step 111400  train 5.6772e-02  |g| 9.72e-01  [45650s]
step 111500  train 5.9172e-02  |g| 1.11e+00  [45691s]
step 111600  train 5.7561e-02  |g| 2.54e+00  [45731s]
step 111700  train 5.6157e-02  |g| 4.61e-01  [45772s]
step 111800  train 5.7516e-02  |g| 8.20e-01  [45812s]
step 111900  train 5.7928e-02  |g| 5.94e-01  [45853s]
step 112000  train 5.7519e-02  val 5.8162e-02  6d geo 1.475e-01 med 1.667e-01 p90 2.878e-01 (const 4.730e-02)  |g| 5.60e-01  [45894s]
           5d geo 1.618e-01 med 1.870e-01   postmu 6d geo 1.514e-01 med 1.718e-01 p90 2.909e-01   mu |dlog| 0.8312
           WARNING: prediction spread 0.028 of ground truth -- the output has collapsed to a constant (saturated tanh); lower --lr or raise --warmup-steps and restart
           corr(identifiable)  mu=+0.14  D_div_mu=-0.03  T0_div_mu=+0.09  Ly=+0.17  op_x=+0.03  op_y=+0.27   mean spread/GT 0.03
           err share           mu=6%  D_div_mu=1%  T0_div_mu=1%  Ly=32%  op_x=30%  op_y=29%
step 112100  train 5.4946e-02  |g| 4.30e-01  [45937s]
step 112200  train 5.7393e-02  |g| 6.75e-01  [45978s]
step 112300  train 5.8437e-02  |g| 1.03e+00  [46019s]
step 112400  train 5.7173e-02  |g| 2.26e+00  [46059s]
step 112500  train 5.9015e-02  |g| 1.56e+00  [46100s]
step 112600  train 5.7940e-02  |g| 6.44e-01  [46140s]
step 112700  train 5.6792e-02  |g| 1.46e+00  [46181s]
step 112800  train 5.6793e-02  |g| 6.62e-01  [46222s]
step 112900  train 5.8707e-02  |g| 1.42e+00  [46262s]
step 113000  train 5.7480e-02  |g| 1.55e+00  [46303s]
step 113100  train 5.9208e-02  |g| 7.24e-01  [46343s]
step 113200  train 5.9776e-02  |g| 6.27e-01  [46384s]
step 113300  train 5.8211e-02  |g| 5.52e-01  [46424s]
step 113400  train 5.9156e-02  |g| 1.56e+00  [46465s]
step 113500  train 5.7642e-02  |g| 7.97e-01  [46505s]
step 113600  train 5.4915e-02  |g| 1.45e+00  [46546s]
step 113700  train 5.9700e-02  |g| 9.35e-01  [46586s]
step 113800  train 5.5914e-02  |g| 2.76e-01  [46627s]
step 113900  train 5.7994e-02  |g| 3.88e-01  [46667s]
step 114000  train 5.4960e-02  val 5.8159e-02  6d geo 1.476e-01 med 1.668e-01 p90 2.879e-01 (const 4.730e-02)  |g| 1.24e+00  [46708s]
           5d geo 1.619e-01 med 1.871e-01   postmu 6d geo 1.515e-01 med 1.719e-01 p90 2.907e-01   mu |dlog| 0.8402
           WARNING: prediction spread 0.025 of ground truth -- the output has collapsed to a constant (saturated tanh); lower --lr or raise --warmup-steps and restart
           corr(identifiable)  mu=+0.14  D_div_mu=-0.03  T0_div_mu=+0.11  Ly=+0.16  op_x=+0.04  op_y=+0.27   mean spread/GT 0.02
           err share           mu=6%  D_div_mu=1%  T0_div_mu=1%  Ly=32%  op_x=30%  op_y=29%
step 114100  train 5.8517e-02  |g| 1.41e+00  [46751s]
step 114200  train 5.6019e-02  |g| 5.81e-01  [46792s]
step 114300  train 5.7734e-02  |g| 6.65e-01  [46832s]
step 114400  train 5.9328e-02  |g| 5.71e-01  [46873s]
step 114500  train 5.8129e-02  |g| 1.31e+00  [46913s]
step 114600  train 5.7569e-02  |g| 8.90e-01  [46954s]
step 114700  train 6.1676e-02  |g| 1.19e+00  [46994s]
step 114800  train 5.7615e-02  |g| 9.39e-01  [47035s]
step 114900  train 5.9072e-02  |g| 8.73e-01  [47076s]
step 115000  train 5.6638e-02  |g| 5.23e-01  [47116s]
step 115100  train 5.9895e-02  |g| 3.41e-01  [47157s]
step 115200  train 5.8618e-02  |g| 6.62e-01  [47197s]
step 115300  train 5.6423e-02  |g| 4.86e-01  [47238s]
step 115400  train 5.6860e-02  |g| 3.62e+00  [47278s]
step 115500  train 5.9571e-02  |g| 3.03e+00  [47319s]
step 115600  train 5.7338e-02  |g| 1.80e+00  [47359s]
step 115700  train 5.8960e-02  |g| 7.25e-01  [47400s]
step 115800  train 5.6394e-02  |g| 3.15e-01  [47440s]
step 115900  train 5.7773e-02  |g| 1.19e+00  [47481s]
step 116000  train 5.6383e-02  val 5.8159e-02  6d geo 1.477e-01 med 1.668e-01 p90 2.879e-01 (const 4.730e-02)  |g| 7.41e-01  [47521s]
           5d geo 1.621e-01 med 1.871e-01   postmu 6d geo 1.516e-01 med 1.720e-01 p90 2.913e-01   mu |dlog| 0.8380
           WARNING: prediction spread 0.025 of ground truth -- the output has collapsed to a constant (saturated tanh); lower --lr or raise --warmup-steps and restart
           corr(identifiable)  mu=+0.11  D_div_mu=-0.02  T0_div_mu=+0.10  Ly=+0.11  op_x=+0.03  op_y=+0.26   mean spread/GT 0.03
           err share           mu=6%  D_div_mu=1%  T0_div_mu=1%  Ly=32%  op_x=30%  op_y=29%
step 116100  train 5.7622e-02  |g| 1.11e+00  [47565s]
step 116200  train 5.5799e-02  |g| 7.19e-01  [47605s]
step 116300  train 5.5788e-02  |g| 4.79e-01  [47646s]
step 116400  train 5.7290e-02  |g| 1.67e+00  [47686s]
step 116500  train 5.8958e-02  |g| 4.90e-01  [47727s]
step 116600  train 5.5519e-02  |g| 6.24e-01  [47768s]
step 116700  train 5.7185e-02  |g| 1.07e+00  [47808s]
step 116800  train 6.0057e-02  |g| 6.50e-01  [47849s]
step 116900  train 5.8225e-02  |g| 2.93e-01  [47890s]
step 117000  train 5.6643e-02  |g| 8.14e-01  [47930s]
step 117100  train 5.7418e-02  |g| 6.17e-01  [47971s]
step 117200  train 5.8785e-02  |g| 5.82e-01  [48011s]
step 117300  train 5.8209e-02  |g| 1.70e-01  [48052s]
step 117400  train 6.0569e-02  |g| 9.72e-01  [48093s]
step 117500  train 5.9763e-02  |g| 6.63e-01  [48133s]
step 117600  train 5.7256e-02  |g| 5.01e-01  [48174s]
step 117700  train 5.6848e-02  |g| 7.42e-01  [48214s]
step 117800  train 5.8629e-02  |g| 4.71e-01  [48255s]
step 117900  train 5.6049e-02  |g| 7.17e-01  [48295s]
step 118000  train 5.8866e-02  val 5.8155e-02  6d geo 1.476e-01 med 1.667e-01 p90 2.879e-01 (const 4.730e-02)  |g| 1.98e+00  [48336s]
           5d geo 1.619e-01 med 1.871e-01   postmu 6d geo 1.514e-01 med 1.718e-01 p90 2.911e-01   mu |dlog| 0.8390
           WARNING: prediction spread 0.030 of ground truth -- the output has collapsed to a constant (saturated tanh); lower --lr or raise --warmup-steps and restart
           corr(identifiable)  mu=+0.13  D_div_mu=-0.02  T0_div_mu=+0.09  Ly=+0.16  op_x=+0.04  op_y=+0.27   mean spread/GT 0.03
           err share           mu=6%  D_div_mu=1%  T0_div_mu=1%  Ly=32%  op_x=30%  op_y=29%
step 118100  train 6.0703e-02  |g| 9.90e-01  [48380s]
step 118200  train 5.7036e-02  |g| 1.45e+00  [48420s]
step 118300  train 5.7340e-02  |g| 1.53e+00  [48461s]
step 118400  train 5.8560e-02  |g| 5.20e-01  [48501s]
step 118500  train 5.5482e-02  |g| 7.39e-01  [48542s]
step 118600  train 5.7579e-02  |g| 8.91e-01  [48583s]
step 118700  train 5.9765e-02  |g| 1.26e+00  [48623s]
step 118800  train 5.9739e-02  |g| 1.30e+00  [48664s]
