Device cuda | loss L1_STFT | duration 0.25s
Loading train targets from data/train-p99
Loading val targets from data/val-p99
  98304 train / 996 val in 395s   train tensor 4.34 GB
  training set held in host memory; batches transferred per step
reference levels:  gt_loss 0.0000e+00   saturation (unrelated IRs) 4.1194e+00
constant-predictor NMSE: 6d 4.730e-02  7d 7.959e-02  (the floor to beat)
training loss stuck near saturation = gradient uninformative; well below = learning

encoder: 3.74M params, width 32

loss scale (fixed): 1.9025e+00
step      1  train 1.9025e+00  val 1.3433e+01  6d geo 4.269e-02 med 4.728e-02 p90 8.123e-02 (const 4.730e-02)  |g| 7.58e+00  [11s]
           5d geo 4.193e-02 med 4.873e-02   postmu 6d geo 4.850e-02 med 5.093e-02 p90 1.243e-01   mu |dlog| 0.5330
           WARNING: prediction spread 0.004 of ground truth -- the output has collapsed to a constant (saturated tanh); lower --lr or raise --warmup-steps and restart
           corr(identifiable)  mu=+0.35  D_div_mu=+0.38  T0_div_mu=+0.14  Ly=+0.02  op_x=+0.13  op_y=+0.04   mean spread/GT 0.00
           err share           mu=16%  D_div_mu=2%  T0_div_mu=2%  Ly=26%  op_x=28%  op_y=26%
step    100  train 9.7954e-01  |g| 1.02e+00  [56s]
step    200  train 1.0732e+00  |g| 3.97e+00  [100s]
step    300  train 8.7923e-01  |g| 1.73e+01  [143s]
step    400  train 8.5285e-01  |g| 8.19e+00  [188s]
step    500  train 8.1210e-01  |g| 9.30e+00  [232s]
step    600  train 7.7087e-01  |g| 9.74e+00  [275s]
step    700  train 7.3416e-01  |g| 8.09e+00  [319s]
step    800  train 8.9072e-01  |g| 9.09e+00  [363s]
step    900  train 7.0168e-01  |g| 9.44e+00  [406s]
step   1000  train 7.2190e-01  |g| 7.09e+00  [450s]
step   1100  train 7.9850e-01  |g| 1.04e+01  [495s]
step   1200  train 7.0628e-01  |g| 2.94e+00  [538s]
step   1300  train 6.7420e-01  |g| 1.00e+01  [582s]
step   1400  train 6.9432e-01  |g| 1.25e+01  [626s]
step   1500  train 7.3238e-01  |g| 2.28e+00  [670s]
step   1600  train 7.5427e-01  |g| 1.31e+01  [713s]
step   1700  train 7.1066e-01  |g| 8.73e+00  [756s]
step   1800  train 6.9565e-01  |g| 1.20e+01  [800s]
step   1900  train 6.7518e-01  |g| 4.30e+00  [843s]
step   2000  train 6.6797e-01  val 6.9405e-01  6d geo 3.455e-02 med 3.791e-02 p90 9.518e-02 (const 4.730e-02)  |g| 1.61e+00  [887s]
           5d geo 3.384e-02 med 3.898e-02   postmu 6d geo 3.297e-02 med 3.646e-02 p90 9.183e-02   mu |dlog| 0.3873
           corr(identifiable)  mu=+0.71  D_div_mu=+0.48  T0_div_mu=+0.40  Ly=+0.28  op_x=+0.61  op_y=+0.42   mean spread/GT 0.63
           err share           mu=15%  D_div_mu=2%  T0_div_mu=2%  Ly=29%  op_x=23%  op_y=29%
step   2100  train 7.1275e-01  |g| 8.63e+00  [935s]
step   2200  train 6.6739e-01  |g| 6.54e+00  [978s]
step   2300  train 6.8962e-01  |g| 6.78e+00  [1021s]
step   2400  train 7.1374e-01  |g| 6.67e+00  [1065s]
step   2500  train 6.7136e-01  |g| 5.27e+00  [1109s]
step   2600  train 7.2249e-01  |g| 5.97e+00  [1151s]
step   2700  train 6.8734e-01  |g| 3.39e+00  [1194s]
step   2800  train 6.5273e-01  |g| 6.16e+00  [1237s]
step   2900  train 6.8966e-01  |g| 1.19e+01  [1281s]
step   3000  train 6.7243e-01  |g| 1.02e+01  [1323s]
step   3100  train 7.1145e-01  |g| 6.24e+00  [1366s]
step   3200  train 6.1953e-01  |g| 2.96e+00  [1410s]
step   3300  train 6.5276e-01  |g| 2.92e+00  [1454s]
step   3400  train 6.3164e-01  |g| 2.22e+00  [1498s]
step   3500  train 6.6422e-01  |g| 6.85e+00  [1542s]
step   3600  train 6.9213e-01  |g| 1.71e+00  [1586s]
step   3700  train 6.1967e-01  |g| 5.78e+00  [1631s]
step   3800  train 6.6178e-01  |g| 5.08e+00  [1676s]
step   3900  train 6.7227e-01  |g| 4.73e+00  [1720s]
step   4000  train 6.4158e-01  val 6.6552e-01  6d geo 3.077e-02 med 3.383e-02 p90 1.178e-01 (const 4.730e-02)  |g| 4.01e+00  [1764s]
           5d geo 3.133e-02 med 3.545e-02   postmu 6d geo 3.087e-02 med 3.463e-02 p90 1.185e-01   mu |dlog| 0.3678
           corr(identifiable)  mu=+0.71  D_div_mu=+0.72  T0_div_mu=+0.33  Ly=+0.31  op_x=+0.63  op_y=+0.59   mean spread/GT 0.79
           err share           mu=12%  D_div_mu=1%  T0_div_mu=6%  Ly=36%  op_x=21%  op_y=23%
step   4100  train 7.0618e-01  |g| 2.47e+00  [1812s]
step   4200  train 6.3915e-01  |g| 2.04e+00  [1856s]
step   4300  train 6.9486e-01  |g| 1.83e+00  [1902s]
step   4400  train 6.6009e-01  |g| 2.96e+00  [1946s]
step   4500  train 6.4983e-01  |g| 6.99e+00  [1991s]
step   4600  train 6.6322e-01  |g| 5.95e+00  [2037s]
step   4700  train 6.3504e-01  |g| 8.53e+00  [2083s]
step   4800  train 6.5992e-01  |g| 6.01e+00  [2126s]
step   4900  train 6.9868e-01  |g| 9.15e+00  [2171s]
step   5000  train 6.3690e-01  |g| 2.67e+00  [2218s]
step   5100  train 6.5385e-01  |g| 4.80e+00  [2262s]
step   5200  train 6.4779e-01  |g| 3.87e+00  [2306s]
step   5300  train 7.3639e-01  |g| 3.00e+00  [2353s]
step   5400  train 7.0226e-01  |g| 9.53e+00  [2399s]
  WARNING: 1 of 64 parameter sets need a finer grid than the pinned (86, 282) and are truncated. Raise --fixed-mode-grid; targets rendered under a pin that truncates them are not the plate's output at those parameters.
step   5500  train 6.5725e-01  |g| 7.12e+00  [2444s]
step   5600  train 6.7639e-01  |g| 3.16e+00  [2488s]
step   5700  train 6.6910e-01  |g| 6.07e+00  [2532s]
step   5800  train 6.6323e-01  |g| 6.81e+00  [2578s]
step   5900  train 6.6392e-01  |g| 1.01e+01  [2622s]
step   6000  train 6.9792e-01  val 6.9358e-01  6d geo 3.066e-02 med 3.293e-02 p90 8.514e-02 (const 4.730e-02)  |g| 6.59e+00  [2668s]
           5d geo 2.851e-02 med 3.183e-02   postmu 6d geo 2.911e-02 med 3.160e-02 p90 8.214e-02   mu |dlog| 0.3834
           corr(identifiable)  mu=+0.69  D_div_mu=+0.74  T0_div_mu=+0.38  Ly=+0.48  op_x=+0.63  op_y=+0.67   mean spread/GT 0.83
           err share           mu=19%  D_div_mu=3%  T0_div_mu=3%  Ly=26%  op_x=26%  op_y=23%
step   6100  train 6.6218e-01  |g| 2.83e+00  [2718s]
step   6200  train 6.0945e-01  |g| 7.75e+00  [2763s]
step   6300  train 6.2300e-01  |g| 2.77e+00  [2808s]
step   6400  train 7.0393e-01  |g| 1.40e+01  [2855s]
step   6500  train 6.5003e-01  |g| 1.18e+01  [2901s]
step   6600  train 6.3692e-01  |g| 7.11e+00  [2945s]
step   6700  train 6.5989e-01  |g| 2.92e+00  [2991s]
step   6800  train 6.2550e-01  |g| 2.66e+00  [3036s]
step   6900  train 6.9937e-01  |g| 3.85e+00  [3080s]
step   7000  train 5.9414e-01  |g| 2.39e+00  [3124s]
step   7100  train 6.4486e-01  |g| 5.42e+00  [3169s]
step   7200  train 6.3356e-01  |g| 2.72e+00  [3214s]
step   7300  train 6.7718e-01  |g| 8.53e+00  [3259s]
step   7400  train 6.2808e-01  |g| 2.64e+00  [3305s]
step   7500  train 6.3440e-01  |g| 6.42e+00  [3351s]
step   7600  train 6.3634e-01  |g| 5.79e+00  [3396s]
step   7700  train 6.1893e-01  |g| 1.98e+00  [3442s]
step   7800  train 6.9430e-01  |g| 3.62e+00  [3487s]
step   7900  train 6.0803e-01  |g| 3.71e+00  [3533s]
step   8000  train 6.2911e-01  val 6.3482e-01  6d geo 2.671e-02 med 2.945e-02 p90 9.918e-02 (const 4.730e-02)  |g| 2.32e+00  [3578s]
           5d geo 2.603e-02 med 3.039e-02   postmu 6d geo 2.789e-02 med 2.995e-02 p90 9.879e-02   mu |dlog| 0.3805
           corr(identifiable)  mu=+0.71  D_div_mu=+0.84  T0_div_mu=+0.36  Ly=+0.36  op_x=+0.65  op_y=+0.73   mean spread/GT 0.83
           err share           mu=14%  D_div_mu=2%  T0_div_mu=3%  Ly=43%  op_x=23%  op_y=16%
step   8100  train 6.6020e-01  |g| 2.97e+00  [3627s]
step   8200  train 7.0453e-01  |g| 4.22e+00  [3674s]
step   8300  train 6.6672e-01  |g| 7.48e+00  [3719s]
step   8400  train 6.2378e-01  |g| 1.68e+00  [3764s]
step   8500  train 6.0486e-01  |g| 9.25e+00  [3809s]
step   8600  train 6.0232e-01  |g| 1.22e+00  [3854s]
step   8700  train 6.6104e-01  |g| 2.08e+00  [3899s]
step   8800  train 6.2626e-01  |g| 2.12e+00  [3944s]
step   8900  train 6.8385e-01  |g| 6.97e+00  [3989s]
step   9000  train 6.1282e-01  |g| 4.25e+00  [4034s]
step   9100  train 6.6927e-01  |g| 2.73e+00  [4079s]
step   9200  train 6.2661e-01  |g| 6.47e+00  [4125s]
step   9300  train 5.9727e-01  |g| 5.03e+00  [4170s]
step   9400  train 6.5881e-01  |g| 6.80e+00  [4215s]
step   9500  train 6.2564e-01  |g| 2.18e+00  [4260s]
step   9600  train 6.3670e-01  |g| 2.64e+00  [4305s]
step   9700  train 5.9634e-01  |g| 3.48e+00  [4350s]
step   9800  train 6.3274e-01  |g| 3.11e+00  [4396s]
step   9900  train 6.3856e-01  |g| 2.18e+00  [4442s]
step  10000  train 6.6027e-01  val 6.2469e-01  6d geo 2.738e-02 med 3.060e-02 p90 1.237e-01 (const 4.730e-02)  |g| 1.01e+01  [4486s]
           5d geo 2.682e-02 med 3.178e-02   postmu 6d geo 2.716e-02 med 3.018e-02 p90 1.241e-01   mu |dlog| 0.3671
           corr(identifiable)  mu=+0.73  D_div_mu=+0.91  T0_div_mu=+0.40  Ly=+0.22  op_x=+0.69  op_y=+0.77   mean spread/GT 0.85
           err share           mu=12%  D_div_mu=1%  T0_div_mu=4%  Ly=49%  op_x=18%  op_y=16%
step  10100  train 6.1932e-01  |g| 2.39e+00  [4535s]
step  10200  train 6.3660e-01  |g| 1.71e+00  [4580s]
step  10300  train 6.1264e-01  |g| 5.60e+00  [4626s]
step  10400  train 5.9058e-01  |g| 3.54e+00  [4671s]
step  10500  train 6.2927e-01  |g| 2.92e+00  [4717s]
step  10600  train 6.3056e-01  |g| 1.59e+00  [4763s]
step  10700  train 6.2355e-01  |g| 2.29e+00  [4809s]
step  10800  train 6.0614e-01  |g| 3.14e+00  [4854s]
step  10900  train 6.7177e-01  |g| 3.48e+00  [4898s]
step  11000  train 6.3684e-01  |g| 4.55e+00  [4943s]
step  11100  train 6.2435e-01  |g| 2.62e+00  [4988s]
step  11200  train 6.2740e-01  |g| 2.03e+00  [5033s]
step  11300  train 6.0986e-01  |g| 3.25e+00  [5080s]
step  11400  train 6.2083e-01  |g| 1.66e+00  [5126s]
step  11500  train 6.5927e-01  |g| 3.81e+00  [5171s]
step  11600  train 5.9507e-01  |g| 2.57e+00  [5217s]
step  11700  train 6.5209e-01  |g| 2.68e+00  [5263s]
step  11800  train 6.3150e-01  |g| 4.52e+00  [5309s]
step  11900  train 6.3484e-01  |g| 5.90e+00  [5356s]
step  12000  train 6.2239e-01  val 6.1311e-01  6d geo 2.124e-02 med 2.355e-02 p90 8.651e-02 (const 4.730e-02)  |g| 2.17e+00  [5402s]
           5d geo 2.039e-02 med 2.436e-02   postmu 6d geo 2.116e-02 med 2.367e-02 p90 8.829e-02   mu |dlog| 0.3377
           corr(identifiable)  mu=+0.73  D_div_mu=+0.93  T0_div_mu=+0.41  Ly=+0.49  op_x=+0.71  op_y=+0.76   mean spread/GT 0.82
           err share           mu=14%  D_div_mu=1%  T0_div_mu=2%  Ly=39%  op_x=23%  op_y=21%
step  12100  train 6.1993e-01  |g| 1.18e+00  [5451s]
step  12200  train 5.8917e-01  |g| 5.31e+00  [5496s]
step  12300  train 6.4321e-01  |g| 1.87e+00  [5542s]
step  12400  train 6.5654e-01  |g| 3.53e+00  [5587s]
step  12500  train 6.4576e-01  |g| 4.19e+00  [5634s]
step  12600  train 6.2049e-01  |g| 2.01e+00  [5681s]
step  12700  train 6.3898e-01  |g| 2.10e+00  [5727s]
step  12800  train 6.1816e-01  |g| 2.49e+00  [5773s]
step  12900  train 6.1681e-01  |g| 3.63e+00  [5820s]
step  13000  train 6.2131e-01  |g| 1.99e+00  [5865s]
step  13100  train 6.2002e-01  |g| 2.03e+00  [5910s]
step  13200  train 6.3804e-01  |g| 2.49e+00  [5955s]
step  13300  train 6.3868e-01  |g| 4.07e+00  [6000s]
step  13400  train 5.9472e-01  |g| 4.03e+00  [6047s]
step  13500  train 6.0377e-01  |g| 8.05e+00  [6094s]
step  13600  train 6.2029e-01  |g| 5.75e+00  [6141s]
step  13700  train 5.7477e-01  |g| 3.48e+00  [6189s]
step  13800  train 6.5777e-01  |g| 4.38e+00  [6235s]
step  13900  train 5.8014e-01  |g| 1.94e+00  [6282s]
step  14000  train 6.5089e-01  val 6.1624e-01  6d geo 1.874e-02 med 2.133e-02 p90 8.211e-02 (const 4.730e-02)  |g| 2.35e+00  [6329s]
           5d geo 1.759e-02 med 2.080e-02   postmu 6d geo 1.978e-02 med 2.207e-02 p90 8.162e-02   mu |dlog| 0.3422
           corr(identifiable)  mu=+0.74  D_div_mu=+0.94  T0_div_mu=+0.45  Ly=+0.48  op_x=+0.74  op_y=+0.79   mean spread/GT 0.84
           err share           mu=15%  D_div_mu=1%  T0_div_mu=3%  Ly=40%  op_x=22%  op_y=20%
step  14100  train 6.0489e-01  |g| 3.98e+00  [6379s]
step  14200  train 6.6304e-01  |g| 2.02e+00  [6426s]
step  14300  train 5.2113e-01  |g| 1.54e+00  [6471s]
step  14400  train 5.9378e-01  |g| 1.66e+00  [6517s]
step  14500  train 5.7274e-01  |g| 3.89e+00  [6564s]
step  14600  train 6.2104e-01  |g| 2.96e+00  [6610s]
step  14700  train 6.3223e-01  |g| 2.04e+00  [6657s]
step  14800  train 6.3904e-01  |g| 1.73e+00  [6704s]
step  14900  train 6.4106e-01  |g| 4.94e+00  [6751s]
step  15000  train 5.8774e-01  |g| 1.30e+00  [6798s]
step  15100  train 6.3897e-01  |g| 2.94e+00  [6844s]
step  15200  train 5.9812e-01  |g| 3.75e+00  [6891s]
step  15300  train 5.9580e-01  |g| 1.54e+00  [6937s]
step  15400  train 5.4794e-01  |g| 3.71e+00  [6985s]
step  15500  train 6.1213e-01  |g| 4.69e+00  [7033s]
step  15600  train 5.7599e-01  |g| 9.39e+00  [7082s]
step  15700  train 6.0045e-01  |g| 2.50e+00  [7131s]
step  15800  train 6.0797e-01  |g| 4.55e+00  [7179s]
step  15900  train 5.8119e-01  |g| 2.89e+00  [7227s]
step  16000  train 6.2738e-01  val 6.1577e-01  6d geo 1.902e-02 med 2.059e-02 p90 7.343e-02 (const 4.730e-02)  |g| 3.52e+00  [7276s]
           5d geo 1.753e-02 med 1.997e-02   postmu 6d geo 1.915e-02 med 2.083e-02 p90 7.357e-02   mu |dlog| 0.3356
           corr(identifiable)  mu=+0.74  D_div_mu=+0.93  T0_div_mu=+0.46  Ly=+0.55  op_x=+0.73  op_y=+0.80   mean spread/GT 0.82
           err share           mu=16%  D_div_mu=1%  T0_div_mu=2%  Ly=35%  op_x=25%  op_y=21%
step  16100  train 5.8456e-01  |g| 6.28e+00  [7328s]
step  16200  train 6.1511e-01  |g| 1.61e+00  [7375s]
step  16300  train 5.8706e-01  |g| 3.11e+00  [7423s]
step  16400  train 5.7898e-01  |g| 1.38e+00  [7470s]
step  16500  train 6.3035e-01  |g| 3.18e+00  [7519s]
step  16600  train 6.1212e-01  |g| 3.67e+00  [7567s]
step  16700  train 6.5206e-01  |g| 3.97e+00  [7616s]
step  16800  train 6.1366e-01  |g| 7.63e+00  [7663s]
step  16900  train 6.0875e-01  |g| 2.20e+00  [7710s]
step  17000  train 5.6277e-01  |g| 2.29e+00  [7757s]
step  17100  train 6.0264e-01  |g| 3.84e+00  [7804s]
step  17200  train 6.1580e-01  |g| 1.80e+00  [7850s]
step  17300  train 5.7920e-01  |g| 1.50e+00  [7897s]
step  17400  train 5.7098e-01  |g| 8.45e+00  [7943s]
step  17500  train 5.7359e-01  |g| 1.82e+00  [7990s]
step  17600  train 6.1560e-01  |g| 6.72e+00  [8037s]
step  17700  train 6.5850e-01  |g| 4.91e+00  [8083s]
step  17800  train 5.8305e-01  |g| 6.63e+00  [8129s]
step  17900  train 6.0958e-01  |g| 3.13e+00  [8176s]
step  18000  train 6.1764e-01  val 6.0015e-01  6d geo 1.824e-02 med 2.083e-02 p90 8.264e-02 (const 4.730e-02)  |g| 3.86e+00  [8223s]
           5d geo 1.675e-02 med 2.077e-02   postmu 6d geo 1.853e-02 med 2.062e-02 p90 8.285e-02   mu |dlog| 0.3209
           corr(identifiable)  mu=+0.76  D_div_mu=+0.89  T0_div_mu=+0.47  Ly=+0.57  op_x=+0.72  op_y=+0.76   mean spread/GT 0.82
           err share           mu=13%  D_div_mu=1%  T0_div_mu=2%  Ly=38%  op_x=26%  op_y=21%
step  18100  train 5.4748e-01  |g| 3.27e+00  [8273s]
step  18200  train 6.0411e-01  |g| 6.71e+00  [8320s]
step  18300  train 5.5599e-01  |g| 2.69e+00  [8367s]
step  18400  train 6.0527e-01  |g| 2.74e+00  [8415s]
step  18500  train 5.7138e-01  |g| 1.56e+00  [8462s]
step  18600  train 5.6727e-01  |g| 5.73e+00  [8510s]
step  18700  train 5.7201e-01  |g| 3.94e+00  [8557s]
step  18800  train 6.1440e-01  |g| 3.06e+00  [8605s]
step  18900  train 6.0265e-01  |g| 2.25e+00  [8652s]
step  19000  train 6.1207e-01  |g| 4.27e+00  [8702s]
step  19100  train 6.2644e-01  |g| 1.34e+00  [8749s]
step  19200  train 5.4090e-01  |g| 4.44e+00  [8796s]
step  19300  train 6.1062e-01  |g| 2.91e+00  [8844s]
step  19400  train 6.2648e-01  |g| 1.91e+00  [8891s]
step  19500  train 6.1519e-01  |g| 1.98e+00  [8938s]
step  19600  train 5.6861e-01  |g| 1.30e+00  [8986s]
step  19700  train 5.8819e-01  |g| 3.23e+00  [9033s]
step  19800  train 5.7620e-01  |g| 4.32e+00  [9080s]
step  19900  train 6.0125e-01  |g| 3.22e+00  [9127s]
step  20000  train 5.9748e-01  val 5.9466e-01  6d geo 1.634e-02 med 1.860e-02 p90 7.378e-02 (const 4.730e-02)  |g| 4.18e+00  [9174s]
           5d geo 1.391e-02 med 1.753e-02   postmu 6d geo 1.502e-02 med 1.801e-02 p90 7.427e-02   mu |dlog| 0.3037
           corr(identifiable)  mu=+0.77  D_div_mu=+0.93  T0_div_mu=+0.49  Ly=+0.58  op_x=+0.74  op_y=+0.84   mean spread/GT 0.84
           err share           mu=14%  D_div_mu=1%  T0_div_mu=3%  Ly=40%  op_x=26%  op_y=16%
step  20100  train 5.8628e-01  |g| 3.03e+00  [9226s]
step  20200  train 5.9194e-01  |g| 2.15e+00  [9275s]
step  20300  train 5.8634e-01  |g| 5.93e+00  [9323s]
step  20400  train 6.0310e-01  |g| 7.87e+00  [9370s]
step  20500  train 6.0403e-01  |g| 3.27e+00  [9417s]
step  20600  train 5.9912e-01  |g| 2.49e+00  [9466s]
step  20700  train 5.7044e-01  |g| 1.26e+00  [9513s]
step  20800  train 5.6618e-01  |g| 3.46e+00  [9560s]
step  20900  train 5.6737e-01  |g| 2.44e+00  [9607s]
step  21000  train 5.7128e-01  |g| 2.46e+00  [9655s]
step  21100  train 5.7193e-01  |g| 2.63e+00  [9703s]
step  21200  train 6.1503e-01  |g| 2.50e+00  [9750s]
step  21300  train 5.7019e-01  |g| 2.85e+00  [9798s]
step  21400  train 5.6508e-01  |g| 2.56e+00  [9845s]
step  21500  train 5.7373e-01  |g| 1.90e+00  [9892s]
step  21600  train 5.7367e-01  |g| 3.36e+00  [9938s]
step  21700  train 6.1525e-01  |g| 3.06e+00  [9985s]
step  21800  train 5.5975e-01  |g| 2.93e+00  [10032s]
step  21900  train 5.8559e-01  |g| 4.80e+00  [10079s]
step  22000  train 5.9564e-01  val 6.1111e-01  6d geo 1.775e-02 med 1.713e-02 p90 6.860e-02 (const 4.730e-02)  |g| 3.89e+00  [10126s]
           5d geo 1.463e-02 med 1.589e-02   postmu 6d geo 1.508e-02 med 1.594e-02 p90 6.900e-02   mu |dlog| 0.2690
           corr(identifiable)  mu=+0.78  D_div_mu=+0.96  T0_div_mu=+0.47  Ly=+0.67  op_x=+0.76  op_y=+0.81   mean spread/GT 0.88
           err share           mu=15%  D_div_mu=1%  T0_div_mu=2%  Ly=38%  op_x=24%  op_y=19%
step  22100  train 5.6968e-01  |g| 2.96e+00  [10178s]
step  22200  train 5.7491e-01  |g| 2.62e+00  [10226s]
step  22300  train 5.3456e-01  |g| 1.71e+00  [10273s]
step  22400  train 5.9550e-01  |g| 2.04e+00  [10321s]
step  22500  train 5.6825e-01  |g| 2.73e+00  [10369s]
step  22600  train 6.1863e-01  |g| 2.45e+00  [10416s]
step  22700  train 5.8677e-01  |g| 6.54e+00  [10463s]
step  22800  train 5.4891e-01  |g| 2.33e+00  [10511s]
step  22900  train 5.8940e-01  |g| 2.37e+00  [10559s]
step  23000  train 5.1873e-01  |g| 3.33e+00  [10606s]
step  23100  train 5.7111e-01  |g| 3.84e+00  [10654s]
step  23200  train 6.2081e-01  |g| 1.92e+00  [10701s]
step  23300  train 5.4546e-01  |g| 2.56e+00  [10748s]
step  23400  train 5.5466e-01  |g| 5.43e+00  [10796s]
step  23500  train 6.0856e-01  |g| 2.35e+00  [10843s]
step  23600  train 5.9396e-01  |g| 2.32e+00  [10891s]
step  23700  train 5.6612e-01  |g| 2.43e+00  [10938s]
step  23800  train 5.9541e-01  |g| 3.09e+00  [10985s]
step  23900  train 5.5236e-01  |g| 3.22e+00  [11033s]
step  24000  train 5.5492e-01  val 5.7908e-01  6d geo 1.380e-02 med 1.511e-02 p90 6.814e-02 (const 4.730e-02)  |g| 2.64e+00  [11079s]
           5d geo 1.222e-02 med 1.469e-02   postmu 6d geo 1.374e-02 med 1.520e-02 p90 6.737e-02   mu |dlog| 0.2813
           corr(identifiable)  mu=+0.78  D_div_mu=+0.95  T0_div_mu=+0.50  Ly=+0.65  op_x=+0.77  op_y=+0.82   mean spread/GT 0.85
           err share           mu=15%  D_div_mu=1%  T0_div_mu=3%  Ly=38%  op_x=23%  op_y=20%
step  24100  train 5.8917e-01  |g| 4.12e+00  [11130s]
step  24200  train 5.5647e-01  |g| 2.53e+00  [11177s]
step  24300  train 5.4922e-01  |g| 4.01e+00  [11224s]
step  24400  train 5.7037e-01  |g| 2.07e+00  [11272s]
step  24500  train 5.8283e-01  |g| 2.67e+00  [11318s]
step  24600  train 6.0134e-01  |g| 3.10e+00  [11365s]
step  24700  train 5.2920e-01  |g| 1.73e+00  [11413s]
step  24800  train 5.9452e-01  |g| 1.87e+00  [11460s]
step  24900  train 5.7973e-01  |g| 2.94e+00  [11507s]
step  25000  train 5.4172e-01  |g| 3.28e+00  [11554s]
step  25100  train 5.9290e-01  |g| 7.50e+00  [11602s]
step  25200  train 6.1829e-01  |g| 4.28e+00  [11649s]
step  25300  train 5.6224e-01  |g| 2.79e+00  [11697s]
step  25400  train 5.6111e-01  |g| 2.37e+00  [11744s]
step  25500  train 5.7839e-01  |g| 2.06e+00  [11791s]
step  25600  train 5.8656e-01  |g| 5.75e+00  [11839s]
step  25700  train 5.6359e-01  |g| 1.97e+00  [11886s]
step  25800  train 5.6000e-01  |g| 2.03e+00  [11934s]
step  25900  train 5.9547e-01  |g| 2.32e+00  [11981s]
step  26000  train 5.5928e-01  val 5.7529e-01  6d geo 1.434e-02 med 1.438e-02 p90 6.802e-02 (const 4.730e-02)  |g| 2.21e+00  [12029s]
           5d geo 1.215e-02 med 1.318e-02   postmu 6d geo 1.367e-02 med 1.411e-02 p90 6.831e-02   mu |dlog| 0.2783
           corr(identifiable)  mu=+0.79  D_div_mu=+0.95  T0_div_mu=+0.49  Ly=+0.67  op_x=+0.78  op_y=+0.82   mean spread/GT 0.86
           err share           mu=15%  D_div_mu=1%  T0_div_mu=2%  Ly=37%  op_x=24%  op_y=20%
step  26100  train 5.6762e-01  |g| 3.36e+00  [12080s]
step  26200  train 5.6658e-01  |g| 1.77e+00  [12128s]
step  26300  train 5.7813e-01  |g| 1.11e+00  [12175s]
step  26400  train 5.4143e-01  |g| 3.22e+00  [12221s]
step  26500  train 5.9254e-01  |g| 4.80e+00  [12268s]
step  26600  train 5.3034e-01  |g| 2.72e+00  [12315s]
step  26700  train 5.7486e-01  |g| 2.31e+00  [12363s]
step  26800  train 5.5956e-01  |g| 3.86e+00  [12410s]
step  26900  train 5.5431e-01  |g| 2.90e+00  [12459s]
step  27000  train 5.3968e-01  |g| 2.56e+00  [12508s]
step  27100  train 5.7982e-01  |g| 1.34e+00  [12557s]
step  27200  train 5.3856e-01  |g| 3.74e+00  [12605s]
step  27300  train 6.1978e-01  |g| 2.39e+00  [12654s]
step  27400  train 5.7946e-01  |g| 6.66e+00  [12702s]
step  27500  train 5.7311e-01  |g| 7.34e+00  [12751s]
step  27600  train 5.8753e-01  |g| 4.89e+00  [12800s]
step  27700  train 5.6264e-01  |g| 1.88e+00  [12848s]
step  27800  train 5.5333e-01  |g| 3.09e+00  [12896s]
step  27900  train 5.6321e-01  |g| 1.76e+00  [12943s]
step  28000  train 5.7466e-01  val 5.6255e-01  6d geo 1.150e-02 med 1.240e-02 p90 6.325e-02 (const 4.730e-02)  |g| 3.85e+00  [12992s]
           5d geo 1.022e-02 med 1.146e-02   postmu 6d geo 1.123e-02 med 1.231e-02 p90 6.128e-02   mu |dlog| 0.2737
           corr(identifiable)  mu=+0.79  D_div_mu=+0.95  T0_div_mu=+0.50  Ly=+0.69  op_x=+0.78  op_y=+0.84   mean spread/GT 0.84
           err share           mu=16%  D_div_mu=1%  T0_div_mu=3%  Ly=36%  op_x=26%  op_y=19%
step  28100  train 5.6638e-01  |g| 1.62e+00  [13044s]
step  28200  train 5.8074e-01  |g| 2.16e+00  [13092s]
step  28300  train 6.0241e-01  |g| 1.25e+01  [13140s]
step  28400  train 6.0186e-01  |g| 5.12e+00  [13188s]
step  28500  train 5.9172e-01  |g| 3.23e+00  [13235s]
step  28600  train 5.6420e-01  |g| 2.38e+00  [13284s]
step  28700  train 5.3183e-01  |g| 2.12e+00  [13331s]
step  28800  train 5.1538e-01  |g| 1.99e+00  [13380s]
step  28900  train 5.8965e-01  |g| 4.94e+00  [13428s]
step  29000  train 5.5224e-01  |g| 3.26e+00  [13477s]
step  29100  train 5.7949e-01  |g| 2.12e+00  [13525s]
step  29200  train 5.3948e-01  |g| 2.31e+00  [13574s]
step  29300  train 5.7015e-01  |g| 2.59e+00  [13622s]
step  29400  train 5.3387e-01  |g| 4.63e+00  [13671s]
step  29500  train 5.5993e-01  |g| 4.11e+00  [13719s]
step  29600  train 5.3577e-01  |g| 2.59e+00  [13767s]
step  29700  train 5.7819e-01  |g| 2.68e+00  [13816s]
step  29800  train 5.5430e-01  |g| 4.56e+00  [13863s]
step  29900  train 5.4764e-01  |g| 5.17e+00  [13911s]
step  30000  train 5.6095e-01  val 5.5598e-01  6d geo 1.207e-02 med 1.280e-02 p90 6.253e-02 (const 4.730e-02)  |g| 2.52e+00  [13959s]
           5d geo 1.010e-02 med 1.091e-02   postmu 6d geo 1.135e-02 med 1.248e-02 p90 6.135e-02   mu |dlog| 0.2627
           corr(identifiable)  mu=+0.80  D_div_mu=+0.96  T0_div_mu=+0.51  Ly=+0.66  op_x=+0.78  op_y=+0.86   mean spread/GT 0.88
           err share           mu=16%  D_div_mu=1%  T0_div_mu=3%  Ly=37%  op_x=27%  op_y=16%
step  30100  train 5.3782e-01  |g| 2.41e+00  [14011s]
step  30200  train 5.2121e-01  |g| 1.76e+00  [14059s]
step  30300  train 5.5493e-01  |g| 2.65e+00  [14106s]
step  30400  train 5.2396e-01  |g| 2.45e+00  [14153s]
step  30500  train 5.6423e-01  |g| 1.83e+00  [14201s]
step  30600  train 5.4350e-01  |g| 1.77e+00  [14248s]
step  30700  train 5.6065e-01  |g| 1.50e+00  [14296s]
step  30800  train 5.9359e-01  |g| 5.62e+00  [14343s]
step  30900  train 5.2978e-01  |g| 1.79e+00  [14392s]
step  31000  train 5.5916e-01  |g| 2.41e+00  [14440s]
step  31100  train 5.8752e-01  |g| 3.03e+00  [14488s]
step  31200  train 5.3803e-01  |g| 2.08e+00  [14536s]
step  31300  train 5.3143e-01  |g| 1.87e+00  [14583s]
step  31400  train 5.5502e-01  |g| 5.05e+00  [14631s]
step  31500  train 5.6127e-01  |g| 2.11e+00  [14679s]
step  31600  train 5.3838e-01  |g| 2.81e+00  [14727s]
step  31700  train 5.3278e-01  |g| 3.85e+00  [14775s]
step  31800  train 5.5655e-01  |g| 2.46e+00  [14823s]
step  31900  train 5.6321e-01  |g| 3.06e+00  [14870s]
step  32000  train 5.6635e-01  val 5.4492e-01  6d geo 9.893e-03 med 1.028e-02 p90 5.823e-02 (const 4.730e-02)  |g| 1.16e+00  [14918s]
           5d geo 8.108e-03 med 8.678e-03   postmu 6d geo 9.310e-03 med 9.910e-03 p90 5.831e-02   mu |dlog| 0.2435
           corr(identifiable)  mu=+0.80  D_div_mu=+0.97  T0_div_mu=+0.51  Ly=+0.75  op_x=+0.79  op_y=+0.85   mean spread/GT 0.87
           err share           mu=17%  D_div_mu=1%  T0_div_mu=3%  Ly=33%  op_x=28%  op_y=19%
step  32100  train 5.5516e-01  |g| 1.58e+00  [14971s]
step  32200  train 5.4380e-01  |g| 1.26e+00  [15019s]
step  32300  train 5.6383e-01  |g| 2.65e+00  [15069s]
step  32400  train 5.2014e-01  |g| 3.14e+00  [15117s]
step  32500  train 5.3261e-01  |g| 1.98e+00  [15166s]
step  32600  train 5.5995e-01  |g| 1.65e+00  [15214s]
step  32700  train 5.3844e-01  |g| 1.43e+00  [15262s]
step  32800  train 5.2658e-01  |g| 2.72e+00  [15310s]
step  32900  train 5.2506e-01  |g| 2.73e+00  [15358s]
step  33000  train 5.1188e-01  |g| 4.19e+00  [15406s]
step  33100  train 5.9322e-01  |g| 1.89e+00  [15454s]
step  33200  train 5.0767e-01  |g| 4.05e+00  [15502s]
step  33300  train 5.3386e-01  |g| 4.54e+00  [15550s]
step  33400  train 5.3405e-01  |g| 2.07e+00  [15597s]
step  33500  train 5.5572e-01  |g| 3.44e+00  [15646s]
step  33600  train 5.9513e-01  |g| 2.06e+00  [15694s]
step  33700  train 5.2930e-01  |g| 1.80e+00  [15743s]
step  33800  train 5.1304e-01  |g| 3.21e+00  [15792s]
step  33900  train 5.5750e-01  |g| 3.39e+00  [15841s]
step  34000  train 5.0929e-01  val 5.4336e-01  6d geo 9.409e-03 med 9.735e-03 p90 5.771e-02 (const 4.730e-02)  |g| 1.38e+00  [15890s]
           5d geo 7.913e-03 med 8.084e-03   postmu 6d geo 9.403e-03 med 9.936e-03 p90 5.626e-02   mu |dlog| 0.2645
           corr(identifiable)  mu=+0.81  D_div_mu=+0.97  T0_div_mu=+0.50  Ly=+0.72  op_x=+0.79  op_y=+0.87   mean spread/GT 0.87
           err share           mu=17%  D_div_mu=1%  T0_div_mu=3%  Ly=35%  op_x=28%  op_y=17%
step  34100  train 5.4590e-01  |g| 2.28e+00  [15941s]
step  34200  train 5.4702e-01  |g| 4.34e+00  [15990s]
step  34300  train 5.3480e-01  |g| 4.14e+00  [16039s]
step  34400  train 5.2932e-01  |g| 4.88e+00  [16088s]
step  34500  train 5.9116e-01  |g| 4.39e+00  [16137s]
step  34600  train 5.5934e-01  |g| 3.43e+00  [16185s]
step  34700  train 5.1714e-01  |g| 2.78e+00  [16234s]
step  34800  train 5.5101e-01  |g| 2.54e+00  [16282s]
step  34900  train 5.7358e-01  |g| 2.22e+00  [16331s]
step  35000  train 5.8651e-01  |g| 3.33e+00  [16380s]
step  35100  train 5.4516e-01  |g| 2.49e+00  [16429s]
step  35200  train 5.2306e-01  |g| 3.21e+00  [16478s]
step  35300  train 5.5536e-01  |g| 2.23e+00  [16527s]
step  35400  train 5.3550e-01  |g| 1.89e+00  [16575s]
step  35500  train 6.0145e-01  |g| 4.83e+00  [16624s]
step  35600  train 5.3220e-01  |g| 3.62e+00  [16673s]
step  35700  train 5.4511e-01  |g| 1.57e+00  [16722s]
step  35800  train 5.5880e-01  |g| 1.92e+00  [16772s]
step  35900  train 5.2239e-01  |g| 1.63e+00  [16821s]
step  36000  train 5.6164e-01  val 5.4716e-01  6d geo 1.027e-02 med 9.957e-03 p90 4.517e-02 (const 4.730e-02)  |g| 3.80e+00  [16872s]
           5d geo 6.842e-03 med 6.873e-03   postmu 6d geo 8.509e-03 med 8.477e-03 p90 4.364e-02   mu |dlog| 0.2629
           corr(identifiable)  mu=+0.82  D_div_mu=+0.97  T0_div_mu=+0.51  Ly=+0.79  op_x=+0.80  op_y=+0.89   mean spread/GT 0.90
           err share           mu=23%  D_div_mu=1%  T0_div_mu=2%  Ly=27%  op_x=31%  op_y=15%
step  36100  train 5.5482e-01  |g| 1.52e+00  [16926s]
step  36200  train 5.5257e-01  |g| 2.81e+00  [16976s]
step  36300  train 5.7656e-01  |g| 6.67e+00  [17027s]
step  36400  train 5.3629e-01  |g| 1.45e+00  [17077s]
step  36500  train 5.4665e-01  |g| 2.15e+00  [17126s]
step  36600  train 5.1644e-01  |g| 2.46e+00  [17175s]
step  36700  train 5.1676e-01  |g| 3.82e+00  [17224s]
step  36800  train 5.4087e-01  |g| 1.72e+00  [17273s]
step  36900  train 5.3661e-01  |g| 2.70e+00  [17322s]
step  37000  train 5.5543e-01  |g| 2.05e+00  [17370s]
step  37100  train 5.1394e-01  |g| 4.42e+00  [17418s]
step  37200  train 4.8882e-01  |g| 2.67e+00  [17467s]
step  37300  train 5.0701e-01  |g| 2.57e+00  [17516s]
step  37400  train 5.3483e-01  |g| 2.24e+00  [17564s]
step  37500  train 5.5106e-01  |g| 7.39e+00  [17612s]
step  37600  train 4.8548e-01  |g| 1.79e+00  [17661s]
step  37700  train 4.9992e-01  |g| 4.13e+00  [17710s]
step  37800  train 4.9642e-01  |g| 1.93e+00  [17759s]
step  37900  train 4.8447e-01  |g| 1.99e+00  [17808s]
step  38000  train 5.9823e-01  val 5.3024e-01  6d geo 7.787e-03 med 8.119e-03 p90 6.163e-02 (const 4.730e-02)  |g| 1.62e+00  [17857s]
           5d geo 6.616e-03 med 6.986e-03   postmu 6d geo 7.675e-03 med 7.999e-03 p90 6.156e-02   mu |dlog| 0.2163
           corr(identifiable)  mu=+0.82  D_div_mu=+0.97  T0_div_mu=+0.49  Ly=+0.73  op_x=+0.80  op_y=+0.84   mean spread/GT 0.86
           err share           mu=15%  D_div_mu=1%  T0_div_mu=2%  Ly=34%  op_x=28%  op_y=20%
step  38100  train 5.4824e-01  |g| 4.00e+00  [17909s]
step  38200  train 5.4019e-01  |g| 1.88e+00  [17958s]
step  38300  train 5.7023e-01  |g| 1.79e+00  [18006s]
step  38400  train 4.9859e-01  |g| 1.76e+00  [18054s]
step  38500  train 4.8672e-01  |g| 4.13e+00  [18103s]
step  38600  train 5.0018e-01  |g| 3.20e+00  [18151s]
step  38700  train 5.3300e-01  |g| 2.50e+00  [18200s]
step  38800  train 5.5904e-01  |g| 4.27e+00  [18248s]
step  38900  train 4.9901e-01  |g| 1.75e+00  [18298s]
step  39000  train 5.1993e-01  |g| 3.96e+00  [18347s]
step  39100  train 5.2601e-01  |g| 2.34e+00  [18395s]
step  39200  train 4.9112e-01  |g| 3.69e+00  [18443s]
step  39300  train 5.1371e-01  |g| 2.76e+00  [18491s]
step  39400  train 4.6677e-01  |g| 1.95e+00  [18539s]
step  39500  train 5.4929e-01  |g| 4.01e+00  [18588s]
step  39600  train 5.1917e-01  |g| 1.80e+00  [18636s]
step  39700  train 5.3350e-01  |g| 2.55e+00  [18684s]
step  39800  train 5.1274e-01  |g| 1.47e+00  [18733s]
step  39900  train 5.5104e-01  |g| 2.40e+00  [18781s]
step  40000  train 5.1001e-01  val 5.2074e-01  6d geo 7.031e-03 med 7.122e-03 p90 5.651e-02 (const 4.730e-02)  |g| 3.33e+00  [18829s]
           5d geo 5.659e-03 med 6.331e-03   postmu 6d geo 6.684e-03 med 7.301e-03 p90 5.745e-02   mu |dlog| 0.2161
           corr(identifiable)  mu=+0.83  D_div_mu=+0.97  T0_div_mu=+0.50  Ly=+0.77  op_x=+0.81  op_y=+0.89   mean spread/GT 0.88
           err share           mu=16%  D_div_mu=1%  T0_div_mu=3%  Ly=35%  op_x=29%  op_y=17%
step  40100  train 5.2553e-01  |g| 2.21e+00  [18881s]
step  40200  train 5.1205e-01  |g| 2.45e+00  [18929s]
step  40300  train 4.7995e-01  |g| 3.24e+00  [18978s]
step  40400  train 4.7781e-01  |g| 2.83e+00  [19026s]
step  40500  train 5.1947e-01  |g| 1.89e+00  [19075s]
step  40600  train 4.9809e-01  |g| 4.12e+00  [19124s]
step  40700  train 4.8267e-01  |g| 3.47e+00  [19173s]
step  40800  train 4.9721e-01  |g| 1.57e+00  [19222s]
step  40900  train 4.9720e-01  |g| 6.87e+00  [19270s]
step  41000  train 4.9368e-01  |g| 4.50e+00  [19319s]
step  41100  train 5.4959e-01  |g| 2.25e+00  [19367s]
step  41200  train 4.7156e-01  |g| 1.91e+00  [19415s]
step  41300  train 5.0886e-01  |g| 3.67e+00  [19464s]
step  41400  train 4.9381e-01  |g| 1.71e+00  [19512s]
step  41500  train 5.3910e-01  |g| 3.42e+00  [19561s]
step  41600  train 5.1845e-01  |g| 2.84e+00  [19610s]
step  41700  train 5.2240e-01  |g| 3.57e+00  [19659s]
step  41800  train 5.5252e-01  |g| 4.48e+00  [19708s]
step  41900  train 4.9560e-01  |g| 2.90e+00  [19757s]
step  42000  train 4.9665e-01  val 5.1885e-01  6d geo 7.822e-03 med 7.251e-03 p90 5.266e-02 (const 4.730e-02)  |g| 1.80e+00  [19806s]
           5d geo 6.270e-03 med 5.863e-03   postmu 6d geo 7.501e-03 med 6.933e-03 p90 5.279e-02   mu |dlog| 0.2142
           corr(identifiable)  mu=+0.83  D_div_mu=+0.98  T0_div_mu=+0.51  Ly=+0.79  op_x=+0.81  op_y=+0.86   mean spread/GT 0.88
           err share           mu=17%  D_div_mu=1%  T0_div_mu=2%  Ly=32%  op_x=30%  op_y=18%
step  42100  train 5.1563e-01  |g| 3.23e+00  [19859s]
step  42200  train 4.6967e-01  |g| 2.45e+00  [19908s]
step  42300  train 5.5172e-01  |g| 5.03e+00  [19958s]
step  42400  train 5.1567e-01  |g| 1.85e+00  [20007s]
step  42500  train 5.3018e-01  |g| 4.29e+00  [20057s]
step  42600  train 4.7755e-01  |g| 2.92e+00  [20106s]
step  42700  train 4.8594e-01  |g| 3.82e+00  [20155s]
step  42800  train 4.7383e-01  |g| 1.94e+00  [20205s]
step  42900  train 5.0136e-01  |g| 3.28e+00  [20255s]
step  43000  train 5.2490e-01  |g| 3.54e+00  [20305s]
step  43100  train 4.8225e-01  |g| 1.86e+00  [20355s]
step  43200  train 4.8872e-01  |g| 3.55e+00  [20403s]
step  43300  train 4.8634e-01  |g| 3.15e+00  [20452s]
step  43400  train 5.3688e-01  |g| 3.40e+00  [20501s]
step  43500  train 4.6999e-01  |g| 6.77e+00  [20551s]
step  43600  train 4.9082e-01  |g| 3.17e+00  [20600s]
step  43700  train 5.2390e-01  |g| 2.25e+00  [20650s]
step  43800  train 5.1277e-01  |g| 4.46e+00  [20699s]
step  43900  train 5.1786e-01  |g| 2.05e+00  [20748s]
step  44000  train 5.0657e-01  val 5.0924e-01  6d geo 5.491e-03 med 5.545e-03 p90 4.891e-02 (const 4.730e-02)  |g| 2.84e+00  [20797s]
           5d geo 4.397e-03 med 4.661e-03   postmu 6d geo 5.156e-03 med 5.186e-03 p90 4.764e-02   mu |dlog| 0.1881
           corr(identifiable)  mu=+0.82  D_div_mu=+0.98  T0_div_mu=+0.51  Ly=+0.81  op_x=+0.81  op_y=+0.90   mean spread/GT 0.87
           err share           mu=19%  D_div_mu=1%  T0_div_mu=3%  Ly=30%  op_x=31%  op_y=16%
step  44100  train 4.8260e-01  |g| 6.32e+00  [20851s]
step  44200  train 5.3402e-01  |g| 4.46e+00  [20900s]
step  44300  train 4.8994e-01  |g| 1.48e+00  [20950s]
step  44400  train 5.2399e-01  |g| 2.47e+00  [21000s]
step  44500  train 4.6617e-01  |g| 3.84e+00  [21049s]
step  44600  train 4.9378e-01  |g| 1.53e+00  [21099s]
step  44700  train 4.8661e-01  |g| 1.60e+00  [21149s]
step  44800  train 5.0328e-01  |g| 2.18e+00  [21198s]
step  44900  train 5.0788e-01  |g| 4.12e+00  [21248s]
step  45000  train 5.2900e-01  |g| 7.42e+00  [21297s]
step  45100  train 4.8696e-01  |g| 4.19e+00  [21347s]
step  45200  train 4.9144e-01  |g| 4.27e+00  [21397s]
step  45300  train 5.0852e-01  |g| 3.77e+00  [21447s]
step  45400  train 5.4490e-01  |g| 5.81e+00  [21498s]
step  45500  train 5.2169e-01  |g| 2.14e+00  [21547s]
step  45600  train 4.7815e-01  |g| 2.60e+00  [21597s]
step  45700  train 4.9953e-01  |g| 2.78e+00  [21647s]
step  45800  train 5.2155e-01  |g| 1.65e+00  [21697s]
step  45900  train 5.0017e-01  |g| 1.63e+00  [21747s]
step  46000  train 5.4101e-01  val 5.1809e-01  6d geo 7.921e-03 med 6.980e-03 p90 6.725e-02 (const 4.730e-02)  |g| 3.79e+00  [21797s]
           5d geo 5.028e-03 med 4.747e-03   postmu 6d geo 6.235e-03 med 5.743e-03 p90 6.765e-02   mu |dlog| 0.2180
           corr(identifiable)  mu=+0.81  D_div_mu=+0.98  T0_div_mu=+0.50  Ly=+0.73  op_x=+0.81  op_y=+0.88   mean spread/GT 0.89
           err share           mu=18%  D_div_mu=0%  T0_div_mu=3%  Ly=35%  op_x=26%  op_y=17%
step  46100  train 4.8889e-01  |g| 2.27e+00  [21850s]
step  46200  train 5.4110e-01  |g| 3.23e+00  [21900s]
step  46300  train 5.1696e-01  |g| 4.39e+00  [21949s]
step  46400  train 4.6276e-01  |g| 3.69e+00  [21999s]
step  46500  train 4.5052e-01  |g| 2.56e+00  [22049s]
step  46600  train 5.2080e-01  |g| 1.81e+00  [22099s]
step  46700  train 5.1418e-01  |g| 3.63e+00  [22149s]
step  46800  train 5.1998e-01  |g| 3.63e+00  [22199s]
step  46900  train 5.0751e-01  |g| 2.01e+00  [22249s]
step  47000  train 4.8834e-01  |g| 5.13e+00  [22300s]
step  47100  train 5.3547e-01  |g| 2.60e+00  [22350s]
step  47200  train 5.2599e-01  |g| 2.78e+00  [22400s]
step  47300  train 4.9525e-01  |g| 2.51e+00  [22450s]
step  47400  train 5.1530e-01  |g| 3.52e+00  [22500s]
step  47500  train 4.8773e-01  |g| 3.55e+00  [22552s]
step  47600  train 4.8366e-01  |g| 7.13e+00  [22603s]
step  47700  train 5.0918e-01  |g| 2.89e+00  [22653s]
step  47800  train 5.1610e-01  |g| 5.33e+00  [22703s]
step  47900  train 4.8997e-01  |g| 3.46e+00  [22754s]
step  48000  train 4.7150e-01  val 5.0489e-01  6d geo 5.742e-03 med 5.196e-03 p90 4.282e-02 (const 4.730e-02)  |g| 2.95e+00  [22805s]
           5d geo 3.561e-03 med 3.467e-03   postmu 6d geo 4.591e-03 med 4.275e-03 p90 4.193e-02   mu |dlog| 0.1850
           corr(identifiable)  mu=+0.83  D_div_mu=+0.97  T0_div_mu=+0.51  Ly=+0.84  op_x=+0.83  op_y=+0.93   mean spread/GT 0.90
           err share           mu=24%  D_div_mu=1%  T0_div_mu=3%  Ly=28%  op_x=33%  op_y=12%
step  48100  train 4.7586e-01  |g| 2.08e+00  [22859s]
step  48200  train 4.7175e-01  |g| 2.27e+00  [22909s]
step  48300  train 5.0022e-01  |g| 4.47e+00  [22959s]
step  48400  train 4.7230e-01  |g| 1.79e+00  [23009s]
step  48500  train 4.7825e-01  |g| 2.39e+00  [23059s]
step  48600  train 4.6786e-01  |g| 1.75e+00  [23110s]
step  48700  train 4.8554e-01  |g| 2.83e+00  [23161s]
step  48800  train 4.9092e-01  |g| 4.06e+00  [23212s]
step  48900  train 4.5471e-01  |g| 6.02e+00  [23264s]
step  49000  train 4.7071e-01  |g| 1.51e+00  [23315s]
step  49100  train 5.0471e-01  |g| 2.38e+00  [23366s]
step  49200  train 4.7339e-01  |g| 2.61e+00  [23418s]
step  49300  train 4.9728e-01  |g| 2.89e+00  [23469s]
step  49400  train 4.6130e-01  |g| 2.15e+00  [23521s]
step  49500  train 4.6102e-01  |g| 4.98e+00  [23572s]
step  49600  train 5.2107e-01  |g| 1.81e+00  [23624s]
step  49700  train 5.0555e-01  |g| 3.62e+00  [23675s]
step  49800  train 4.6229e-01  |g| 4.53e+00  [23727s]
step  49900  train 4.5615e-01  |g| 2.82e+00  [23779s]
step  50000  train 4.6193e-01  val 4.9941e-01  6d geo 3.795e-03 med 3.518e-03 p90 4.304e-02 (const 4.730e-02)  |g| 3.45e+00  [23830s]
           5d geo 3.096e-03 med 2.917e-03   postmu 6d geo 3.996e-03 med 3.684e-03 p90 4.402e-02   mu |dlog| 0.1760
           corr(identifiable)  mu=+0.83  D_div_mu=+0.98  T0_div_mu=+0.53  Ly=+0.84  op_x=+0.83  op_y=+0.93   mean spread/GT 0.87
           err share           mu=20%  D_div_mu=1%  T0_div_mu=3%  Ly=29%  op_x=33%  op_y=14%
step  50100  train 4.8580e-01  |g| 3.72e+00  [23885s]
step  50200  train 5.1172e-01  |g| 3.31e+00  [23937s]
step  50300  train 5.0340e-01  |g| 2.22e+00  [23988s]
step  50400  train 4.9103e-01  |g| 4.32e+00  [24039s]
step  50500  train 5.0151e-01  |g| 2.01e+00  [24089s]
step  50600  train 4.9551e-01  |g| 2.55e+00  [24140s]
step  50700  train 4.4518e-01  |g| 3.73e+00  [24191s]
step  50800  train 4.7323e-01  |g| 2.40e+00  [24242s]
step  50900  train 4.9239e-01  |g| 2.47e+00  [24294s]
step  51000  train 5.0349e-01  |g| 3.22e+00  [24345s]
step  51100  train 5.2673e-01  |g| 2.65e+00  [24395s]
step  51200  train 4.5242e-01  |g| 4.07e+00  [24446s]
step  51300  train 4.3394e-01  |g| 3.40e+00  [24498s]
step  51400  train 4.8762e-01  |g| 3.04e+00  [24548s]
step  51500  train 4.6405e-01  |g| 2.18e+00  [24600s]
step  51600  train 4.9184e-01  |g| 4.12e+00  [24652s]
step  51700  train 5.2781e-01  |g| 5.30e+00  [24703s]
step  51800  train 4.4371e-01  |g| 3.46e+00  [24754s]
step  51900  train 5.0459e-01  |g| 2.82e+00  [24805s]
step  52000  train 4.6268e-01  val 4.8268e-01  6d geo 3.798e-03 med 3.465e-03 p90 4.430e-02 (const 4.730e-02)  |g| 3.46e+00  [24856s]
           5d geo 3.064e-03 med 2.888e-03   postmu 6d geo 3.763e-03 med 3.504e-03 p90 4.483e-02   mu |dlog| 0.1401
           corr(identifiable)  mu=+0.86  D_div_mu=+0.98  T0_div_mu=+0.54  Ly=+0.85  op_x=+0.83  op_y=+0.93   mean spread/GT 0.88
           err share           mu=17%  D_div_mu=0%  T0_div_mu=3%  Ly=28%  op_x=38%  op_y=13%
step  52100  train 4.4771e-01  |g| 1.84e+00  [24912s]
step  52200  train 5.3666e-01  |g| 3.67e+00  [24964s]
step  52300  train 4.7347e-01  |g| 3.83e+00  [25015s]
step  52400  train 5.0991e-01  |g| 2.98e+00  [25066s]
step  52500  train 4.8057e-01  |g| 2.65e+00  [25117s]
step  52600  train 4.9970e-01  |g| 4.43e+00  [25169s]
step  52700  train 4.4406e-01  |g| 5.00e+00  [25220s]
step  52800  train 4.2433e-01  |g| 3.02e+00  [25271s]
step  52900  train 4.9022e-01  |g| 4.23e+00  [25322s]
step  53000  train 4.7722e-01  |g| 3.66e+00  [25374s]
step  53100  train 5.2277e-01  |g| 2.84e+00  [25425s]
step  53200  train 4.4800e-01  |g| 2.84e+00  [25476s]
step  53300  train 5.3170e-01  |g| 3.90e+00  [25528s]
step  53400  train 4.6903e-01  |g| 4.12e+00  [25579s]
step  53500  train 4.6520e-01  |g| 1.95e+00  [25631s]
step  53600  train 5.0134e-01  |g| 3.36e+00  [25682s]
step  53700  train 4.4600e-01  |g| 1.29e+00  [25734s]
step  53800  train 4.7408e-01  |g| 3.46e+00  [25786s]
step  53900  train 4.2051e-01  |g| 2.57e+00  [25838s]
step  54000  train 4.5216e-01  val 4.7286e-01  6d geo 3.191e-03 med 2.604e-03 p90 3.833e-02 (const 4.730e-02)  |g| 1.96e+00  [25889s]
           5d geo 2.515e-03 med 2.055e-03   postmu 6d geo 3.330e-03 med 2.702e-03 p90 3.909e-02   mu |dlog| 0.1511
           corr(identifiable)  mu=+0.86  D_div_mu=+0.98  T0_div_mu=+0.55  Ly=+0.87  op_x=+0.84  op_y=+0.93   mean spread/GT 0.88
           err share           mu=20%  D_div_mu=1%  T0_div_mu=3%  Ly=27%  op_x=36%  op_y=14%
step  54100  train 4.6170e-01  |g| 6.05e+00  [25945s]
step  54200  train 4.6980e-01  |g| 1.90e+00  [25996s]
step  54300  train 4.4956e-01  |g| 4.20e+00  [26047s]
step  54400  train 4.6875e-01  |g| 3.09e+00  [26099s]
step  54500  train 4.8704e-01  |g| 3.62e+00  [26150s]
step  54600  train 4.9817e-01  |g| 2.41e+00  [26201s]
step  54700  train 4.8808e-01  |g| 3.52e+00  [26253s]
step  54800  train 4.9050e-01  |g| 3.64e+00  [26306s]
step  54900  train 4.8325e-01  |g| 2.38e+00  [26358s]
step  55000  train 5.0210e-01  |g| 6.78e+00  [26410s]
step  55100  train 4.8010e-01  |g| 4.81e+00  [26463s]
step  55200  train 4.6401e-01  |g| 3.53e+00  [26515s]
step  55300  train 4.4187e-01  |g| 2.67e+00  [26568s]
step  55400  train 4.2688e-01  |g| 2.62e+00  [26620s]
step  55500  train 4.9754e-01  |g| 5.55e+00  [26671s]
step  55600  train 5.0397e-01  |g| 3.45e+00  [26723s]
step  55700  train 4.4020e-01  |g| 4.13e+00  [26775s]
step  55800  train 4.7966e-01  |g| 4.01e+00  [26826s]
step  55900  train 4.5480e-01  |g| 4.27e+00  [26878s]
step  56000  train 4.0732e-01  val 4.6964e-01  6d geo 3.250e-03 med 2.729e-03 p90 3.558e-02 (const 4.730e-02)  |g| 5.12e+00  [26930s]
           5d geo 2.067e-03 med 1.696e-03   postmu 6d geo 2.625e-03 med 2.202e-03 p90 3.489e-02   mu |dlog| 0.1244
           corr(identifiable)  mu=+0.87  D_div_mu=+0.98  T0_div_mu=+0.55  Ly=+0.87  op_x=+0.85  op_y=+0.94   mean spread/GT 0.89
           err share           mu=22%  D_div_mu=0%  T0_div_mu=3%  Ly=26%  op_x=35%  op_y=14%
step  56100  train 4.9081e-01  |g| 4.95e+00  [26986s]
step  56200  train 3.9534e-01  |g| 3.38e+00  [27037s]
step  56300  train 4.6494e-01  |g| 3.25e+00  [27089s]
step  56400  train 4.9730e-01  |g| 4.86e+00  [27141s]
step  56500  train 4.7495e-01  |g| 2.93e+00  [27193s]
step  56600  train 4.6516e-01  |g| 2.88e+00  [27246s]
step  56700  train 4.8428e-01  |g| 5.75e+00  [27298s]
step  56800  train 3.9913e-01  |g| 2.97e+00  [27349s]
step  56900  train 4.7942e-01  |g| 3.22e+00  [27401s]
step  57000  train 4.6333e-01  |g| 2.34e+00  [27453s]
step  57100  train 4.5657e-01  |g| 3.26e+00  [27506s]
step  57200  train 4.9617e-01  |g| 2.53e+00  [27558s]
step  57300  train 4.5878e-01  |g| 4.07e+00  [27610s]
step  57400  train 4.9421e-01  |g| 3.12e+00  [27661s]
step  57500  train 4.1634e-01  |g| 5.02e+00  [27713s]
step  57600  train 4.6787e-01  |g| 2.95e+00  [27764s]
step  57700  train 4.6455e-01  |g| 3.64e+00  [27816s]
step  57800  train 4.3623e-01  |g| 2.34e+00  [27869s]
step  57900  train 4.9320e-01  |g| 3.15e+00  [27921s]
step  58000  train 4.6527e-01  val 4.6443e-01  6d geo 2.682e-03 med 2.175e-03 p90 3.368e-02 (const 4.730e-02)  |g| 3.64e+00  [27974s]
           5d geo 2.011e-03 med 1.569e-03   postmu 6d geo 2.755e-03 med 2.328e-03 p90 3.427e-02   mu |dlog| 0.1564
           corr(identifiable)  mu=+0.88  D_div_mu=+0.98  T0_div_mu=+0.57  Ly=+0.89  op_x=+0.86  op_y=+0.94   mean spread/GT 0.87
           err share           mu=20%  D_div_mu=0%  T0_div_mu=3%  Ly=26%  op_x=36%  op_y=15%
step  58100  train 4.5662e-01  |g| 3.20e+00  [28030s]
step  58200  train 4.5207e-01  |g| 3.32e+00  [28082s]
step  58300  train 4.8986e-01  |g| 4.69e+00  [28133s]
step  58400  train 4.2939e-01  |g| 4.72e+00  [28186s]
step  58500  train 4.3181e-01  |g| 3.86e+00  [28238s]
step  58600  train 4.1537e-01  |g| 3.87e+00  [28291s]
step  58700  train 4.3405e-01  |g| 2.75e+00  [28342s]
step  58800  train 4.3527e-01  |g| 4.42e+00  [28394s]
step  58900  train 4.8217e-01  |g| 2.31e+00  [28446s]
step  59000  train 4.5720e-01  |g| 3.17e+00  [28498s]
step  59100  train 4.0055e-01  |g| 4.85e+00  [28550s]
step  59200  train 4.7010e-01  |g| 4.50e+00  [28602s]
step  59300  train 4.8477e-01  |g| 2.75e+00  [28654s]
step  59400  train 5.1318e-01  |g| 2.53e+00  [28707s]
step  59500  train 4.5918e-01  |g| 1.99e+00  [28759s]
step  59600  train 4.7292e-01  |g| 2.34e+00  [28811s]
step  59700  train 4.8759e-01  |g| 1.85e+00  [28862s]
step  59800  train 5.1015e-01  |g| 4.01e+00  [28914s]
step  59900  train 4.2444e-01  |g| 3.68e+00  [28965s]
step  60000  train 4.6901e-01  val 4.5342e-01  6d geo 2.319e-03 med 1.789e-03 p90 3.399e-02 (const 4.730e-02)  |g| 3.85e+00  [29017s]
           5d geo 1.729e-03 med 1.425e-03   postmu 6d geo 2.170e-03 med 1.718e-03 p90 3.405e-02   mu |dlog| 0.1132
           corr(identifiable)  mu=+0.88  D_div_mu=+0.98  T0_div_mu=+0.58  Ly=+0.88  op_x=+0.86  op_y=+0.94   mean spread/GT 0.88
           err share           mu=19%  D_div_mu=0%  T0_div_mu=3%  Ly=28%  op_x=36%  op_y=14%
step  60100  train 4.2398e-01  |g| 2.83e+00  [29074s]
step  60200  train 4.5716e-01  |g| 3.20e+00  [29126s]
step  60300  train 4.2987e-01  |g| 3.49e+00  [29178s]
step  60400  train 4.4288e-01  |g| 4.13e+00  [29230s]
step  60500  train 4.3194e-01  |g| 4.52e+00  [29282s]
step  60600  train 4.9815e-01  |g| 2.67e+00  [29333s]
step  60700  train 4.3266e-01  |g| 2.18e+00  [29386s]
step  60800  train 4.7287e-01  |g| 2.54e+00  [29438s]
step  60900  train 4.6974e-01  |g| 5.62e+00  [29490s]
step  61000  train 4.7387e-01  |g| 2.67e+00  [29542s]
step  61100  train 4.2264e-01  |g| 3.88e+00  [29594s]
step  61200  train 4.3212e-01  |g| 2.48e+00  [29647s]
step  61300  train 4.7977e-01  |g| 4.11e+00  [29699s]
step  61400  train 4.5156e-01  |g| 3.99e+00  [29752s]
step  61500  train 4.5303e-01  |g| 5.45e+00  [29804s]
step  61600  train 4.7632e-01  |g| 3.83e+00  [29856s]
step  61700  train 4.3399e-01  |g| 2.34e+00  [29908s]
step  61800  train 4.4527e-01  |g| 3.84e+00  [29960s]
step  61900  train 4.3491e-01  |g| 4.24e+00  [30012s]
step  62000  train 4.8952e-01  val 4.6103e-01  6d geo 2.980e-03 med 2.232e-03 p90 3.466e-02 (const 4.730e-02)  |g| 5.63e+00  [30065s]
           5d geo 1.844e-03 med 1.378e-03   postmu 6d geo 2.558e-03 med 1.909e-03 p90 3.341e-02   mu |dlog| 0.1408
           corr(identifiable)  mu=+0.88  D_div_mu=+0.98  T0_div_mu=+0.57  Ly=+0.89  op_x=+0.86  op_y=+0.94   mean spread/GT 0.90
           err share           mu=24%  D_div_mu=0%  T0_div_mu=3%  Ly=25%  op_x=35%  op_y=13%
step  62100  train 4.3683e-01  |g| 2.31e+00  [30122s]
step  62200  train 4.2380e-01  |g| 2.82e+00  [30174s]
step  62300  train 4.3231e-01  |g| 2.22e+00  [30226s]
step  62400  train 4.5098e-01  |g| 3.63e+00  [30278s]
step  62500  train 4.2744e-01  |g| 5.70e+00  [30331s]
step  62600  train 4.5204e-01  |g| 4.13e+00  [30384s]
step  62700  train 5.3013e-01  |g| 4.21e+00  [30437s]
step  62800  train 4.8796e-01  |g| 3.46e+00  [30489s]
step  62900  train 4.7633e-01  |g| 8.86e+00  [30542s]
step  63000  train 4.8437e-01  |g| 3.52e+00  [30594s]
step  63100  train 3.6922e-01  |g| 3.20e+00  [30647s]
step  63200  train 4.7994e-01  |g| 4.66e+00  [30700s]
step  63300  train 4.4472e-01  |g| 1.72e+00  [30752s]
step  63400  train 4.1764e-01  |g| 5.47e+00  [30805s]
step  63500  train 4.6108e-01  |g| 2.31e+00  [30857s]
step  63600  train 4.4539e-01  |g| 4.19e+00  [30910s]
step  63700  train 4.2824e-01  |g| 2.20e+00  [30962s]
step  63800  train 4.1875e-01  |g| 3.57e+00  [31015s]
step  63900  train 4.0667e-01  |g| 2.65e+00  [31068s]
step  64000  train 4.1949e-01  val 4.5431e-01  6d geo 2.997e-03 med 2.480e-03 p90 3.112e-02 (const 4.730e-02)  |g| 2.40e+00  [31121s]
           5d geo 1.939e-03 med 1.633e-03   postmu 6d geo 2.580e-03 med 2.167e-03 p90 3.122e-02   mu |dlog| 0.1267
           corr(identifiable)  mu=+0.89  D_div_mu=+0.99  T0_div_mu=+0.59  Ly=+0.90  op_x=+0.87  op_y=+0.94   mean spread/GT 0.90
           err share           mu=21%  D_div_mu=0%  T0_div_mu=3%  Ly=25%  op_x=36%  op_y=14%
step  64100  train 4.5572e-01  |g| 2.92e+00  [31177s]
step  64200  train 4.7251e-01  |g| 2.80e+00  [31230s]
step  64300  train 4.3466e-01  |g| 4.90e+00  [31283s]
step  64400  train 4.2657e-01  |g| 2.02e+00  [31335s]
step  64500  train 4.3049e-01  |g| 3.18e+00  [31387s]
step  64600  train 4.0704e-01  |g| 4.66e+00  [31440s]
step  64700  train 4.2485e-01  |g| 4.35e+00  [31492s]
step  64800  train 4.7097e-01  |g| 4.28e+00  [31545s]
step  64900  train 4.8597e-01  |g| 3.08e+00  [31597s]
step  65000  train 4.6748e-01  |g| 1.88e+00  [31650s]
step  65100  train 4.3544e-01  |g| 2.13e+00  [31703s]
step  65200  train 4.5664e-01  |g| 5.56e+00  [31756s]
step  65300  train 4.6435e-01  |g| 5.37e+00  [31809s]
step  65400  train 4.4275e-01  |g| 3.24e+00  [31862s]
step  65500  train 4.3504e-01  |g| 3.86e+00  [31915s]
step  65600  train 4.3371e-01  |g| 3.62e+00  [31968s]
step  65700  train 3.9635e-01  |g| 2.73e+00  [32022s]
step  65800  train 4.2624e-01  |g| 5.81e+00  [32074s]
step  65900  train 4.4248e-01  |g| 1.68e+00  [32127s]
step  66000  train 4.2883e-01  val 4.4696e-01  6d geo 2.335e-03 med 1.850e-03 p90 2.614e-02 (const 4.730e-02)  |g| 4.07e+00  [32180s]
           5d geo 1.524e-03 med 1.201e-03   postmu 6d geo 1.964e-03 med 1.590e-03 p90 2.514e-02   mu |dlog| 0.1068
           corr(identifiable)  mu=+0.89  D_div_mu=+0.98  T0_div_mu=+0.60  Ly=+0.90  op_x=+0.88  op_y=+0.95   mean spread/GT 0.90
           err share           mu=23%  D_div_mu=0%  T0_div_mu=3%  Ly=25%  op_x=35%  op_y=14%
step  66100  train 4.4398e-01  |g| 2.74e+00  [32237s]
step  66200  train 4.6589e-01  |g| 4.00e+00  [32290s]
step  66300  train 4.0492e-01  |g| 4.94e+00  [32343s]
step  66400  train 4.2316e-01  |g| 2.86e+00  [32396s]
step  66500  train 4.8790e-01  |g| 2.79e+00  [32448s]
step  66600  train 4.4387e-01  |g| 3.76e+00  [32501s]
step  66700  train 4.2425e-01  |g| 4.23e+00  [32554s]
step  66800  train 4.1800e-01  |g| 3.46e+00  [32607s]
step  66900  train 4.3174e-01  |g| 2.12e+00  [32660s]
step  67000  train 4.6335e-01  |g| 3.24e+00  [32713s]
step  67100  train 3.8832e-01  |g| 5.74e+00  [32767s]
step  67200  train 3.9049e-01  |g| 2.35e+00  [32819s]
step  67300  train 4.2178e-01  |g| 3.52e+00  [32872s]
step  67400  train 4.2268e-01  |g| 2.64e+00  [32925s]
step  67500  train 4.2604e-01  |g| 4.76e+00  [32978s]
step  67600  train 4.1559e-01  |g| 5.38e+00  [33031s]
step  67700  train 4.7394e-01  |g| 2.84e+00  [33084s]
step  67800  train 3.9521e-01  |g| 3.28e+00  [33137s]
step  67900  train 4.4472e-01  |g| 3.63e+00  [33190s]
step  68000  train 4.3323e-01  val 4.4468e-01  6d geo 1.978e-03 med 1.619e-03 p90 2.121e-02 (const 4.730e-02)  |g| 2.02e+00  [33243s]
           5d geo 1.488e-03 med 1.205e-03   postmu 6d geo 2.121e-03 med 1.866e-03 p90 2.260e-02   mu |dlog| 0.1265
           corr(identifiable)  mu=+0.90  D_div_mu=+0.99  T0_div_mu=+0.61  Ly=+0.92  op_x=+0.89  op_y=+0.95   mean spread/GT 0.89
           err share           mu=19%  D_div_mu=0%  T0_div_mu=3%  Ly=24%  op_x=37%  op_y=16%
step  68100  train 4.5675e-01  |g| 6.88e+00  [33300s]
step  68200  train 4.2296e-01  |g| 4.77e+00  [33353s]
step  68300  train 3.9948e-01  |g| 4.34e+00  [33406s]
step  68400  train 4.4440e-01  |g| 3.83e+00  [33459s]
step  68500  train 4.8324e-01  |g| 3.35e+00  [33512s]
step  68600  train 4.4074e-01  |g| 4.04e+00  [33564s]
step  68700  train 3.8130e-01  |g| 2.47e+00  [33617s]
step  68800  train 3.8587e-01  |g| 3.21e+00  [33670s]
step  68900  train 4.3046e-01  |g| 2.02e+00  [33723s]
step  69000  train 3.7912e-01  |g| 2.70e+00  [33776s]
step  69100  train 4.0760e-01  |g| 4.21e+00  [33829s]
step  69200  train 4.3230e-01  |g| 2.89e+00  [33882s]
step  69300  train 3.9636e-01  |g| 2.43e+00  [33935s]
step  69400  train 4.2458e-01  |g| 3.66e+00  [33988s]
step  69500  train 4.6654e-01  |g| 2.86e+00  [34042s]
step  69600  train 4.4652e-01  |g| 4.69e+00  [34094s]
step  69700  train 4.3446e-01  |g| 5.27e+00  [34146s]
step  69800  train 4.6368e-01  |g| 3.42e+00  [34199s]
step  69900  train 4.2958e-01  |g| 5.29e+00  [34252s]
step  70000  train 3.9095e-01  val 4.3431e-01  6d geo 1.886e-03 med 1.659e-03 p90 2.114e-02 (const 4.730e-02)  |g| 4.12e+00  [34305s]
           5d geo 1.390e-03 med 1.200e-03   postmu 6d geo 1.994e-03 med 1.789e-03 p90 2.259e-02   mu |dlog| 0.1128
           corr(identifiable)  mu=+0.91  D_div_mu=+0.99  T0_div_mu=+0.63  Ly=+0.92  op_x=+0.90  op_y=+0.95   mean spread/GT 0.91
           err share           mu=21%  D_div_mu=0%  T0_div_mu=3%  Ly=25%  op_x=34%  op_y=17%
step  70100  train 3.6496e-01  |g| 3.05e+00  [34362s]
step  70200  train 4.1132e-01  |g| 5.70e+00  [34415s]
step  70300  train 4.1455e-01  |g| 5.08e+00  [34468s]
step  70400  train 3.9227e-01  |g| 4.05e+00  [34521s]
step  70500  train 4.4706e-01  |g| 5.61e+00  [34574s]
step  70600  train 3.8926e-01  |g| 4.55e+00  [34627s]
step  70700  train 4.1329e-01  |g| 3.79e+00  [34680s]
step  70800  train 4.1874e-01  |g| 2.93e+00  [34733s]
step  70900  train 4.2864e-01  |g| 4.27e+00  [34786s]
step  71000  train 4.5887e-01  |g| 5.02e+00  [34839s]
step  71100  train 3.7644e-01  |g| 4.16e+00  [34892s]
step  71200  train 4.2350e-01  |g| 6.63e+00  [34945s]
step  71300  train 4.5925e-01  |g| 6.41e+00  [34998s]
step  71400  train 4.2661e-01  |g| 6.32e+00  [35051s]
step  71500  train 4.4206e-01  |g| 2.82e+00  [35104s]
step  71600  train 3.5626e-01  |g| 3.60e+00  [35157s]
step  71700  train 4.3897e-01  |g| 4.66e+00  [35210s]
step  71800  train 4.4175e-01  |g| 3.91e+00  [35263s]
step  71900  train 3.8973e-01  |g| 3.34e+00  [35316s]
step  72000  train 4.2662e-01  val 4.2232e-01  6d geo 1.689e-03 med 1.401e-03 p90 2.232e-02 (const 4.730e-02)  |g| 5.54e+00  [35369s]
           5d geo 1.176e-03 med 9.791e-04   postmu 6d geo 1.645e-03 med 1.370e-03 p90 2.219e-02   mu |dlog| 0.1054
           corr(identifiable)  mu=+0.91  D_div_mu=+0.99  T0_div_mu=+0.63  Ly=+0.92  op_x=+0.89  op_y=+0.94   mean spread/GT 0.91
           err share           mu=19%  D_div_mu=0%  T0_div_mu=3%  Ly=25%  op_x=35%  op_y=17%
step  72100  train 4.1216e-01  |g| 3.40e+00  [35427s]
step  72200  train 4.1682e-01  |g| 7.11e+00  [35480s]
step  72300  train 4.0867e-01  |g| 3.64e+00  [35532s]
step  72400  train 3.9088e-01  |g| 3.26e+00  [35585s]
step  72500  train 3.9723e-01  |g| 5.34e+00  [35637s]
step  72600  train 3.9196e-01  |g| 2.83e+00  [35690s]
step  72700  train 4.3107e-01  |g| 3.48e+00  [35743s]
step  72800  train 3.7511e-01  |g| 5.24e+00  [35796s]
step  72900  train 3.8348e-01  |g| 3.08e+00  [35850s]
step  73000  train 4.0003e-01  |g| 3.18e+00  [35903s]
step  73100  train 4.1143e-01  |g| 5.27e+00  [35957s]
step  73200  train 3.6255e-01  |g| 2.18e+00  [36010s]
step  73300  train 4.2852e-01  |g| 3.04e+00  [36063s]
step  73400  train 4.1422e-01  |g| 4.03e+00  [36115s]
step  73500  train 4.4688e-01  |g| 2.94e+00  [36169s]
step  73600  train 3.6424e-01  |g| 2.68e+00  [36222s]
step  73700  train 4.6063e-01  |g| 3.79e+00  [36275s]
step  73800  train 4.3398e-01  |g| 3.18e+00  [36328s]
step  73900  train 4.0745e-01  |g| 4.19e+00  [36380s]
step  74000  train 4.2449e-01  val 4.2550e-01  6d geo 1.397e-03 med 1.174e-03 p90 1.977e-02 (const 4.730e-02)  |g| 9.25e+00  [36433s]
           5d geo 9.580e-04 med 7.552e-04   postmu 6d geo 1.414e-03 med 1.167e-03 p90 2.202e-02   mu |dlog| 0.0946
           corr(identifiable)  mu=+0.90  D_div_mu=+0.99  T0_div_mu=+0.64  Ly=+0.93  op_x=+0.90  op_y=+0.96   mean spread/GT 0.89
           err share           mu=23%  D_div_mu=1%  T0_div_mu=3%  Ly=24%  op_x=35%  op_y=15%
step  74100  train 4.0365e-01  |g| 6.22e+00  [36490s]
step  74200  train 4.5018e-01  |g| 4.10e+00  [36543s]
step  74300  train 4.2544e-01  |g| 4.94e+00  [36596s]
step  74400  train 3.8648e-01  |g| 2.85e+00  [36648s]
step  74500  train 4.1625e-01  |g| 4.46e+00  [36701s]
step  74600  train 3.9741e-01  |g| 3.49e+00  [36754s]
step  74700  train 3.9820e-01  |g| 4.39e+00  [36807s]
step  74800  train 4.1840e-01  |g| 2.60e+00  [36860s]
step  74900  train 4.1094e-01  |g| 5.99e+00  [36913s]
step  75000  train 4.0930e-01  |g| 3.64e+00  [36967s]
step  75100  train 4.1009e-01  |g| 2.09e+00  [37020s]
step  75200  train 4.2218e-01  |g| 5.81e+00  [37073s]
step  75300  train 4.2139e-01  |g| 4.70e+00  [37126s]
step  75400  train 4.0407e-01  |g| 2.66e+00  [37180s]
step  75500  train 3.8536e-01  |g| 3.50e+00  [37233s]
step  75600  train 4.2497e-01  |g| 3.35e+00  [37286s]
step  75700  train 4.3679e-01  |g| 6.53e+00  [37339s]
step  75800  train 4.4608e-01  |g| 3.98e+00  [37393s]
step  75900  train 4.2156e-01  |g| 3.25e+00  [37445s]
step  76000  train 3.5636e-01  val 4.1118e-01  6d geo 1.265e-03 med 1.044e-03 p90 1.719e-02 (const 4.730e-02)  |g| 2.81e+00  [37499s]
           5d geo 8.510e-04 med 7.021e-04   postmu 6d geo 1.206e-03 med 9.836e-04 p90 1.743e-02   mu |dlog| 0.0886
           corr(identifiable)  mu=+0.92  D_div_mu=+0.99  T0_div_mu=+0.65  Ly=+0.95  op_x=+0.91  op_y=+0.96   mean spread/GT 0.90
           err share           mu=23%  D_div_mu=0%  T0_div_mu=3%  Ly=20%  op_x=38%  op_y=15%
step  76100  train 4.1025e-01  |g| 7.35e+00  [37556s]
step  76200  train 3.9055e-01  |g| 5.60e+00  [37609s]
step  76300  train 4.2093e-01  |g| 5.68e+00  [37662s]
step  76400  train 3.9855e-01  |g| 4.16e+00  [37715s]
step  76500  train 3.8808e-01  |g| 3.93e+00  [37768s]
step  76600  train 3.8822e-01  |g| 4.27e+00  [37820s]
step  76700  train 3.9075e-01  |g| 4.50e+00  [37874s]
step  76800  train 4.0621e-01  |g| 3.22e+00  [37926s]
step  76900  train 4.1220e-01  |g| 5.71e+00  [37979s]
step  77000  train 4.1270e-01  |g| 6.69e+00  [38032s]
step  77100  train 3.9944e-01  |g| 5.04e+00  [38084s]
step  77200  train 3.8300e-01  |g| 7.03e+00  [38137s]
step  77300  train 3.9254e-01  |g| 2.30e+00  [38190s]
step  77400  train 3.8639e-01  |g| 2.54e+00  [38243s]
step  77500  train 3.9986e-01  |g| 2.58e+00  [38296s]
step  77600  train 3.9645e-01  |g| 5.02e+00  [38350s]
step  77700  train 3.8651e-01  |g| 4.06e+00  [38403s]
step  77800  train 4.0698e-01  |g| 3.56e+00  [38456s]
step  77900  train 3.7591e-01  |g| 5.41e+00  [38509s]
step  78000  train 3.9765e-01  val 4.0666e-01  6d geo 1.337e-03 med 1.091e-03 p90 1.735e-02 (const 4.730e-02)  |g| 3.45e+00  [38561s]
           5d geo 8.992e-04 med 7.156e-04   postmu 6d geo 1.224e-03 med 9.750e-04 p90 1.780e-02   mu |dlog| 0.0804
           corr(identifiable)  mu=+0.91  D_div_mu=+0.99  T0_div_mu=+0.64  Ly=+0.93  op_x=+0.90  op_y=+0.96   mean spread/GT 0.91
           err share           mu=23%  D_div_mu=0%  T0_div_mu=3%  Ly=22%  op_x=36%  op_y=15%
step  78100  train 4.0288e-01  |g| 6.43e+00  [38618s]
step  78200  train 3.8688e-01  |g| 3.18e+00  [38671s]
step  78300  train 4.0619e-01  |g| 5.42e+00  [38724s]
step  78400  train 3.9912e-01  |g| 4.73e+00  [38777s]
step  78500  train 3.7262e-01  |g| 4.00e+00  [38830s]
step  78600  train 3.7478e-01  |g| 5.20e+00  [38883s]
step  78700  train 3.8955e-01  |g| 3.91e+00  [38936s]
step  78800  train 3.9733e-01  |g| 1.99e+00  [38989s]
step  78900  train 3.7122e-01  |g| 3.94e+00  [39043s]
step  79000  train 3.8581e-01  |g| 7.68e+00  [39096s]
step  79100  train 4.4132e-01  |g| 4.65e+00  [39148s]
step  79200  train 4.0908e-01  |g| 6.10e+00  [39201s]
step  79300  train 3.7698e-01  |g| 6.80e+00  [39255s]
step  79400  train 3.7898e-01  |g| 4.78e+00  [39308s]
step  79500  train 4.2679e-01  |g| 3.38e+00  [39361s]
step  79600  train 3.7864e-01  |g| 1.02e+01  [39414s]
step  79700  train 3.5697e-01  |g| 4.20e+00  [39466s]
step  79800  train 4.1440e-01  |g| 6.56e+00  [39520s]
step  79900  train 3.9849e-01  |g| 8.22e+00  [39573s]
step  80000  train 3.5793e-01  val 4.0550e-01  6d geo 1.300e-03 med 9.933e-04 p90 1.635e-02 (const 4.730e-02)  |g| 3.99e+00  [39626s]
           5d geo 8.220e-04 med 6.391e-04   postmu 6d geo 1.145e-03 med 8.976e-04 p90 1.578e-02   mu |dlog| 0.0753
           corr(identifiable)  mu=+0.92  D_div_mu=+0.99  T0_div_mu=+0.66  Ly=+0.95  op_x=+0.91  op_y=+0.96   mean spread/GT 0.91
           err share           mu=25%  D_div_mu=0%  T0_div_mu=3%  Ly=20%  op_x=37%  op_y=15%
step  80100  train 4.5945e-01  |g| 4.56e+00  [39683s]
step  80200  train 3.8638e-01  |g| 5.01e+00  [39736s]
step  80300  train 4.4866e-01  |g| 8.46e+00  [39789s]
step  80400  train 3.9833e-01  |g| 5.12e+00  [39842s]
step  80500  train 3.8734e-01  |g| 6.43e+00  [39895s]
step  80600  train 3.5878e-01  |g| 4.93e+00  [39949s]
step  80700  train 3.5740e-01  |g| 2.71e+00  [40002s]
step  80800  train 3.8042e-01  |g| 7.24e+00  [40055s]
step  80900  train 3.8301e-01  |g| 3.67e+00  [40108s]
step  81000  train 3.5657e-01  |g| 3.98e+00  [40161s]
step  81100  train 3.8120e-01  |g| 6.21e+00  [40214s]
step  81200  train 3.5255e-01  |g| 3.67e+00  [40267s]
step  81300  train 3.9127e-01  |g| 2.86e+00  [40320s]
step  81400  train 3.9898e-01  |g| 3.33e+00  [40373s]
step  81500  train 3.9806e-01  |g| 5.69e+00  [40426s]
step  81600  train 3.6600e-01  |g| 2.77e+00  [40479s]
step  81700  train 3.8338e-01  |g| 2.80e+00  [40533s]
step  81800  train 3.9205e-01  |g| 5.03e+00  [40586s]
step  81900  train 3.9644e-01  |g| 2.59e+00  [40639s]
step  82000  train 3.6297e-01  val 3.9360e-01  6d geo 1.140e-03 med 8.396e-04 p90 1.915e-02 (const 4.730e-02)  |g| 5.75e+00  [40692s]
           5d geo 7.541e-04 med 5.545e-04   postmu 6d geo 1.043e-03 med 7.764e-04 p90 1.969e-02   mu |dlog| 0.0745
           corr(identifiable)  mu=+0.91  D_div_mu=+0.99  T0_div_mu=+0.66  Ly=+0.92  op_x=+0.91  op_y=+0.95   mean spread/GT 0.91
           err share           mu=21%  D_div_mu=0%  T0_div_mu=3%  Ly=28%  op_x=32%  op_y=16%
step  82100  train 4.1311e-01  |g| 4.62e+00  [40749s]
step  82200  train 4.2380e-01  |g| 6.71e+00  [40802s]
step  82300  train 3.8989e-01  |g| 5.18e+00  [40855s]
step  82400  train 3.8163e-01  |g| 4.93e+00  [40908s]
step  82500  train 3.8494e-01  |g| 3.75e+00  [40961s]
step  82600  train 3.8819e-01  |g| 1.02e+01  [41015s]
step  82700  train 3.5032e-01  |g| 7.03e+00  [41068s]
step  82800  train 3.9590e-01  |g| 3.49e+00  [41121s]
step  82900  train 3.7879e-01  |g| 7.70e+00  [41174s]
step  83000  train 3.7583e-01  |g| 3.08e+00  [41228s]
step  83100  train 3.6838e-01  |g| 5.33e+00  [41281s]
step  83200  train 4.1658e-01  |g| 5.05e+00  [41334s]
step  83300  train 3.7218e-01  |g| 3.44e+00  [41387s]
step  83400  train 3.5321e-01  |g| 3.66e+00  [41440s]
step  83500  train 3.6226e-01  |g| 3.64e+00  [41493s]
step  83600  train 3.6868e-01  |g| 6.75e+00  [41546s]
step  83700  train 3.6362e-01  |g| 5.64e+00  [41599s]
step  83800  train 3.9973e-01  |g| 3.97e+00  [41652s]
step  83900  train 3.5234e-01  |g| 4.85e+00  [41706s]
step  84000  train 3.5996e-01  val 3.8668e-01  6d geo 1.016e-03 med 7.624e-04 p90 1.515e-02 (const 4.730e-02)  |g| 2.55e+00  [41759s]
           5d geo 6.922e-04 med 5.381e-04   postmu 6d geo 9.505e-04 med 7.483e-04 p90 1.528e-02   mu |dlog| 0.0677
           corr(identifiable)  mu=+0.92  D_div_mu=+0.99  T0_div_mu=+0.66  Ly=+0.93  op_x=+0.92  op_y=+0.95   mean spread/GT 0.92
           err share           mu=23%  D_div_mu=0%  T0_div_mu=3%  Ly=25%  op_x=32%  op_y=17%
step  84100  train 3.6456e-01  |g| 4.12e+00  [41816s]
step  84200  train 3.6774e-01  |g| 3.39e+00  [41869s]
step  84300  train 3.3738e-01  |g| 3.98e+00  [41923s]
step  84400  train 3.5099e-01  |g| 5.31e+00  [41976s]
step  84500  train 3.8509e-01  |g| 4.81e+00  [42029s]
step  84600  train 3.9325e-01  |g| 3.51e+00  [42082s]
step  84700  train 3.6217e-01  |g| 7.77e+00  [42136s]
step  84800  train 3.7014e-01  |g| 4.11e+00  [42189s]
step  84900  train 4.3337e-01  |g| 5.11e+00  [42242s]
step  85000  train 3.5932e-01  |g| 5.44e+00  [42295s]
step  85100  train 3.9117e-01  |g| 5.04e+00  [42348s]
step  85200  train 3.7367e-01  |g| 3.34e+00  [42401s]
step  85300  train 3.7863e-01  |g| 5.24e+00  [42454s]
step  85400  train 3.9516e-01  |g| 5.72e+00  [42508s]
step  85500  train 3.6469e-01  |g| 6.35e+00  [42561s]
step  85600  train 3.3667e-01  |g| 7.44e+00  [42614s]
step  85700  train 3.3230e-01  |g| 3.13e+00  [42668s]
step  85800  train 3.8873e-01  |g| 4.75e+00  [42721s]
step  85900  train 3.7669e-01  |g| 5.34e+00  [42774s]
step  86000  train 3.6874e-01  val 3.7930e-01  6d geo 1.109e-03 med 8.616e-04 p90 1.678e-02 (const 4.730e-02)  |g| 5.13e+00  [42828s]
           5d geo 6.705e-04 med 4.939e-04   postmu 6d geo 9.929e-04 med 7.372e-04 p90 1.693e-02   mu |dlog| 0.0775
           corr(identifiable)  mu=+0.92  D_div_mu=+0.99  T0_div_mu=+0.67  Ly=+0.94  op_x=+0.92  op_y=+0.96   mean spread/GT 0.92
           err share           mu=24%  D_div_mu=0%  T0_div_mu=3%  Ly=23%  op_x=34%  op_y=17%
step  86100  train 3.7020e-01  |g| 5.11e+00  [42885s]
step  86200  train 3.8702e-01  |g| 3.51e+00  [42938s]
step  86300  train 3.5607e-01  |g| 5.09e+00  [42992s]
step  86400  train 3.6309e-01  |g| 4.74e+00  [43044s]
step  86500  train 3.4807e-01  |g| 4.98e+00  [43098s]
step  86600  train 3.6429e-01  |g| 5.70e+00  [43151s]
step  86700  train 3.7794e-01  |g| 4.81e+00  [43204s]
step  86800  train 3.5080e-01  |g| 5.32e+00  [43257s]
step  86900  train 4.2800e-01  |g| 8.84e+00  [43311s]
step  87000  train 3.9541e-01  |g| 7.04e+00  [43364s]
step  87100  train 3.6752e-01  |g| 4.37e+00  [43417s]
step  87200  train 3.6129e-01  |g| 9.19e+00  [43470s]
step  87300  train 3.5823e-01  |g| 4.93e+00  [43523s]
step  87400  train 3.6956e-01  |g| 3.57e+00  [43576s]
step  87500  train 3.8436e-01  |g| 7.46e+00  [43629s]
step  87600  train 3.7012e-01  |g| 5.28e+00  [43683s]
step  87700  train 3.7757e-01  |g| 3.91e+00  [43736s]
step  87800  train 3.9589e-01  |g| 3.65e+00  [43789s]
step  87900  train 3.6507e-01  |g| 3.61e+00  [43842s]
step  88000  train 3.8335e-01  val 3.8234e-01  6d geo 1.010e-03 med 7.549e-04 p90 1.353e-02 (const 4.730e-02)  |g| 4.31e+00  [43895s]
           5d geo 6.369e-04 med 4.819e-04   postmu 6d geo 8.278e-04 med 6.370e-04 p90 1.333e-02   mu |dlog| 0.0558
           corr(identifiable)  mu=+0.93  D_div_mu=+0.99  T0_div_mu=+0.68  Ly=+0.94  op_x=+0.91  op_y=+0.96   mean spread/GT 0.92
           err share           mu=19%  D_div_mu=0%  T0_div_mu=3%  Ly=24%  op_x=37%  op_y=17%
step  88100  train 3.3718e-01  |g| 3.51e+00  [43952s]
step  88200  train 3.7453e-01  |g| 3.41e+00  [44005s]
step  88300  train 3.6781e-01  |g| 3.42e+00  [44059s]
step  88400  train 3.7508e-01  |g| 6.96e+00  [44112s]
step  88500  train 3.3818e-01  |g| 4.97e+00  [44165s]
step  88600  train 3.9386e-01  |g| 3.16e+00  [44218s]
step  88700  train 3.3931e-01  |g| 5.54e+00  [44271s]
step  88800  train 3.5441e-01  |g| 5.00e+00  [44324s]
step  88900  train 3.9671e-01  |g| 5.53e+00  [44377s]
step  89000  train 4.0409e-01  |g| 2.05e+00  [44431s]
step  89100  train 3.5087e-01  |g| 3.32e+00  [44484s]
step  89200  train 3.9367e-01  |g| 3.93e+00  [44537s]
step  89300  train 3.5137e-01  |g| 3.10e+00  [44591s]
step  89400  train 3.4295e-01  |g| 3.94e+00  [44644s]
step  89500  train 3.8284e-01  |g| 4.02e+00  [44697s]
step  89600  train 3.8514e-01  |g| 4.53e+00  [44751s]
step  89700  train 3.7744e-01  |g| 7.55e+00  [44804s]
step  89800  train 3.6551e-01  |g| 6.97e+00  [44857s]
step  89900  train 3.6000e-01  |g| 3.76e+00  [44910s]
step  90000  train 3.4464e-01  val 3.7557e-01  6d geo 8.985e-04 med 6.898e-04 p90 1.464e-02 (const 4.730e-02)  |g| 3.42e+00  [44964s]
           5d geo 5.924e-04 med 4.432e-04   postmu 6d geo 8.177e-04 med 6.235e-04 p90 1.495e-02   mu |dlog| 0.0665
           corr(identifiable)  mu=+0.92  D_div_mu=+0.99  T0_div_mu=+0.68  Ly=+0.95  op_x=+0.92  op_y=+0.96   mean spread/GT 0.92
           err share           mu=22%  D_div_mu=0%  T0_div_mu=3%  Ly=22%  op_x=36%  op_y=16%
step  90100  train 3.5856e-01  |g| 4.96e+00  [45021s]
step  90200  train 3.1990e-01  |g| 3.46e+00  [45075s]
step  90300  train 3.8012e-01  |g| 3.04e+00  [45128s]
step  90400  train 3.2562e-01  |g| 3.42e+00  [45182s]
step  90500  train 3.0700e-01  |g| 8.61e+00  [45235s]
step  90600  train 3.6601e-01  |g| 4.57e+00  [45288s]
step  90700  train 3.7338e-01  |g| 3.88e+00  [45342s]
step  90800  train 3.5901e-01  |g| 4.10e+00  [45395s]
step  90900  train 3.3957e-01  |g| 5.50e+00  [45448s]
step  91000  train 3.3203e-01  |g| 5.01e+00  [45501s]
step  91100  train 3.7736e-01  |g| 7.51e+00  [45555s]
step  91200  train 3.7765e-01  |g| 7.75e+00  [45608s]
step  91300  train 3.9878e-01  |g| 4.97e+00  [45661s]
step  91400  train 3.3314e-01  |g| 3.86e+00  [45714s]
step  91500  train 3.3397e-01  |g| 7.17e+00  [45767s]
step  91600  train 3.2085e-01  |g| 5.13e+00  [45820s]
step  91700  train 3.3527e-01  |g| 3.74e+00  [45874s]
step  91800  train 3.2334e-01  |g| 6.21e+00  [45927s]
step  91900  train 3.3671e-01  |g| 5.33e+00  [45980s]
step  92000  train 3.6107e-01  val 3.6697e-01  6d geo 8.505e-04 med 6.639e-04 p90 1.364e-02 (const 4.730e-02)  |g| 2.87e+00  [46033s]
           5d geo 5.758e-04 med 4.391e-04   postmu 6d geo 8.266e-04 med 6.575e-04 p90 1.443e-02   mu |dlog| 0.0693
           corr(identifiable)  mu=+0.93  D_div_mu=+0.99  T0_div_mu=+0.69  Ly=+0.95  op_x=+0.92  op_y=+0.96   mean spread/GT 0.92
           err share           mu=22%  D_div_mu=0%  T0_div_mu=3%  Ly=21%  op_x=38%  op_y=16%
step  92100  train 3.3604e-01  |g| 3.81e+00  [46091s]
step  92200  train 3.3558e-01  |g| 4.40e+00  [46144s]
step  92300  train 3.1502e-01  |g| 4.54e+00  [46197s]
step  92400  train 3.7566e-01  |g| 4.99e+00  [46250s]
step  92500  train 3.6644e-01  |g| 4.92e+00  [46304s]
step  92600  train 3.4790e-01  |g| 6.58e+00  [46357s]
step  92700  train 3.5809e-01  |g| 3.40e+00  [46410s]
step  92800  train 3.7500e-01  |g| 4.64e+00  [46463s]
step  92900  train 3.8653e-01  |g| 4.25e+00  [46516s]
step  93000  train 4.1798e-01  |g| 4.76e+00  [46569s]
step  93100  train 3.6737e-01  |g| 5.78e+00  [46621s]
step  93200  train 3.2389e-01  |g| 6.26e+00  [46675s]
step  93300  train 3.4161e-01  |g| 3.90e+00  [46727s]
step  93400  train 3.4697e-01  |g| 9.05e+00  [46781s]
step  93500  train 3.4108e-01  |g| 3.90e+00  [46834s]
step  93600  train 3.2167e-01  |g| 5.67e+00  [46887s]
step  93700  train 3.5430e-01  |g| 8.69e+00  [46940s]
step  93800  train 3.3439e-01  |g| 5.05e+00  [46993s]
step  93900  train 3.0371e-01  |g| 3.75e+00  [47046s]
step  94000  train 3.3478e-01  val 3.6551e-01  6d geo 7.896e-04 med 6.250e-04 p90 1.281e-02 (const 4.730e-02)  |g| 4.16e+00  [47099s]
           5d geo 5.431e-04 med 4.004e-04   postmu 6d geo 7.987e-04 med 6.466e-04 p90 1.376e-02   mu |dlog| 0.0678
           corr(identifiable)  mu=+0.93  D_div_mu=+0.99  T0_div_mu=+0.69  Ly=+0.95  op_x=+0.93  op_y=+0.96   mean spread/GT 0.92
           err share           mu=22%  D_div_mu=0%  T0_div_mu=3%  Ly=22%  op_x=36%  op_y=16%
step  94100  train 3.5861e-01  |g| 4.54e+00  [47156s]
step  94200  train 3.3441e-01  |g| 4.65e+00  [47209s]
step  94300  train 3.1752e-01  |g| 4.27e+00  [47262s]
step  94400  train 3.3676e-01  |g| 5.94e+00  [47315s]
step  94500  train 3.6507e-01  |g| 7.78e+00  [47368s]
step  94600  train 3.2961e-01  |g| 5.23e+00  [47421s]
step  94700  train 3.4964e-01  |g| 5.40e+00  [47474s]
step  94800  train 3.5897e-01  |g| 5.60e+00  [47527s]
step  94900  train 3.5979e-01  |g| 6.98e+00  [47580s]
step  95000  train 3.7772e-01  |g| 8.44e+00  [47634s]
step  95100  train 3.2409e-01  |g| 5.24e+00  [47687s]
step  95200  train 3.0542e-01  |g| 7.00e+00  [47740s]
step  95300  train 2.8779e-01  |g| 6.10e+00  [47794s]
step  95400  train 3.1457e-01  |g| 7.28e+00  [47847s]
step  95500  train 3.5096e-01  |g| 5.40e+00  [47900s]
step  95600  train 3.1363e-01  |g| 4.66e+00  [47954s]
step  95700  train 3.4771e-01  |g| 4.21e+00  [48007s]
step  95800  train 3.1974e-01  |g| 4.40e+00  [48061s]
step  95900  train 3.3734e-01  |g| 9.13e+00  [48114s]
step  96000  train 3.8673e-01  val 3.5882e-01  6d geo 7.397e-04 med 5.703e-04 p90 1.319e-02 (const 4.730e-02)  |g| 4.88e+00  [48167s]
           5d geo 5.087e-04 med 3.647e-04   postmu 6d geo 6.725e-04 med 5.023e-04 p90 1.376e-02   mu |dlog| 0.0510
           corr(identifiable)  mu=+0.93  D_div_mu=+0.99  T0_div_mu=+0.70  Ly=+0.95  op_x=+0.92  op_y=+0.96   mean spread/GT 0.92
           err share           mu=21%  D_div_mu=0%  T0_div_mu=3%  Ly=23%  op_x=37%  op_y=16%
step  96100  train 3.5740e-01  |g| 2.81e+00  [48224s]
step  96200  train 3.2293e-01  |g| 4.56e+00  [48277s]
step  96300  train 3.1180e-01  |g| 4.64e+00  [48330s]
step  96400  train 3.0553e-01  |g| 6.64e+00  [48383s]
step  96500  train 3.4063e-01  |g| 5.05e+00  [48436s]
step  96600  train 3.0147e-01  |g| 3.20e+00  [48490s]
step  96700  train 3.2635e-01  |g| 6.91e+00  [48544s]
step  96800  train 3.7841e-01  |g| 4.29e+00  [48597s]
step  96900  train 3.0560e-01  |g| 8.20e+00  [48650s]
step  97000  train 3.3363e-01  |g| 3.14e+00  [48704s]
step  97100  train 3.1325e-01  |g| 5.54e+00  [48757s]
step  97200  train 3.2295e-01  |g| 6.70e+00  [48811s]
step  97300  train 3.2026e-01  |g| 5.70e+00  [48864s]
step  97400  train 3.7440e-01  |g| 3.86e+00  [48917s]
step  97500  train 3.4440e-01  |g| 7.47e+00  [48970s]
step  97600  train 3.5863e-01  |g| 5.27e+00  [49023s]
step  97700  train 3.1432e-01  |g| 4.17e+00  [49077s]
step  97800  train 3.4701e-01  |g| 3.80e+00  [49130s]
step  97900  train 3.1566e-01  |g| 5.47e+00  [49184s]
step  98000  train 3.3966e-01  val 3.5807e-01  6d geo 7.531e-04 med 5.730e-04 p90 1.167e-02 (const 4.730e-02)  |g| 4.84e+00  [49237s]
           5d geo 5.038e-04 med 3.549e-04   postmu 6d geo 6.685e-04 med 5.042e-04 p90 1.184e-02   mu |dlog| 0.0544
           corr(identifiable)  mu=+0.93  D_div_mu=+0.99  T0_div_mu=+0.69  Ly=+0.95  op_x=+0.93  op_y=+0.96   mean spread/GT 0.92
           err share           mu=21%  D_div_mu=0%  T0_div_mu=3%  Ly=23%  op_x=35%  op_y=17%
step  98100  train 3.0913e-01  |g| 5.06e+00  [49295s]
step  98200  train 3.3554e-01  |g| 6.80e+00  [49348s]
step  98300  train 3.3828e-01  |g| 5.20e+00  [49401s]
step  98400  train 3.3500e-01  |g| 6.93e+00  [49454s]
step  98500  train 3.2115e-01  |g| 7.48e+00  [49508s]
step  98600  train 3.1513e-01  |g| 3.89e+00  [49560s]
step  98700  train 3.4263e-01  |g| 6.72e+00  [49613s]
step  98800  train 2.7241e-01  |g| 8.81e+00  [49667s]
step  98900  train 3.1067e-01  |g| 7.90e+00  [49720s]
step  99000  train 2.6070e-01  |g| 7.86e+00  [49773s]
step  99100  train 3.3634e-01  |g| 5.50e+00  [49826s]
step  99200  train 3.3038e-01  |g| 4.30e+00  [49880s]
step  99300  train 2.9495e-01  |g| 5.63e+00  [49933s]
step  99400  train 2.9723e-01  |g| 4.93e+00  [49986s]
step  99500  train 2.9374e-01  |g| 5.34e+00  [50040s]
step  99600  train 3.3606e-01  |g| 4.80e+00  [50093s]
step  99700  train 3.4839e-01  |g| 4.85e+00  [50146s]
step  99800  train 3.2511e-01  |g| 7.12e+00  [50199s]
step  99900  train 3.4764e-01  |g| 4.88e+00  [50253s]
step 100000  train 4.0812e-01  val 3.4947e-01  6d geo 7.351e-04 med 5.969e-04 p90 1.076e-02 (const 4.730e-02)  |g| 7.35e+00  [50306s]
           5d geo 4.613e-04 med 3.492e-04   postmu 6d geo 6.487e-04 med 4.910e-04 p90 1.084e-02   mu |dlog| 0.0571
           corr(identifiable)  mu=+0.93  D_div_mu=+0.99  T0_div_mu=+0.70  Ly=+0.95  op_x=+0.92  op_y=+0.96   mean spread/GT 0.93
           err share           mu=22%  D_div_mu=0%  T0_div_mu=3%  Ly=22%  op_x=37%  op_y=16%
step 100100  train 2.8841e-01  |g| 7.41e+00  [50364s]
step 100200  train 3.5469e-01  |g| 4.20e+00  [50417s]
step 100300  train 3.4552e-01  |g| 7.87e+00  [50471s]
step 100400  train 3.1936e-01  |g| 6.64e+00  [50524s]
step 100500  train 2.7338e-01  |g| 3.91e+00  [50577s]
step 100600  train 3.5269e-01  |g| 7.48e+00  [50630s]
step 100700  train 3.0303e-01  |g| 9.04e+00  [50683s]
step 100800  train 3.3130e-01  |g| 5.14e+00  [50737s]
step 100900  train 2.8120e-01  |g| 1.01e+01  [50790s]
step 101000  train 3.4439e-01  |g| 5.71e+00  [50843s]
step 101100  train 3.1197e-01  |g| 6.48e+00  [50896s]
step 101200  train 3.5005e-01  |g| 4.36e+00  [50949s]
step 101300  train 2.8907e-01  |g| 5.73e+00  [51002s]
step 101400  train 3.0667e-01  |g| 4.47e+00  [51056s]
step 101500  train 2.9607e-01  |g| 8.60e+00  [51109s]
step 101600  train 3.2258e-01  |g| 3.92e+00  [51162s]
step 101700  train 2.7207e-01  |g| 6.21e+00  [51215s]
step 101800  train 3.0278e-01  |g| 6.42e+00  [51268s]
step 101900  train 2.8727e-01  |g| 6.58e+00  [51321s]
step 102000  train 2.9085e-01  val 3.4665e-01  6d geo 6.454e-04 med 4.964e-04 p90 1.140e-02 (const 4.730e-02)  |g| 3.31e+00  [51374s]
           5d geo 4.447e-04 med 3.220e-04   postmu 6d geo 6.176e-04 med 4.715e-04 p90 1.165e-02   mu |dlog| 0.0585
           corr(identifiable)  mu=+0.93  D_div_mu=+0.99  T0_div_mu=+0.71  Ly=+0.95  op_x=+0.93  op_y=+0.96   mean spread/GT 0.92
           err share           mu=21%  D_div_mu=0%  T0_div_mu=3%  Ly=22%  op_x=37%  op_y=16%
step 102100  train 2.9007e-01  |g| 5.64e+00  [51432s]
step 102200  train 3.2304e-01  |g| 4.72e+00  [51485s]
step 102300  train 3.1923e-01  |g| 8.29e+00  [51539s]
step 102400  train 3.0266e-01  |g| 5.29e+00  [51592s]
step 102500  train 3.3599e-01  |g| 5.79e+00  [51645s]
step 102600  train 2.9977e-01  |g| 5.24e+00  [51698s]
step 102700  train 3.1838e-01  |g| 6.70e+00  [51751s]
step 102800  train 3.0857e-01  |g| 9.75e+00  [51804s]
step 102900  train 3.3542e-01  |g| 5.87e+00  [51857s]
step 103000  train 3.2837e-01  |g| 8.31e+00  [51911s]
step 103100  train 2.7657e-01  |g| 3.89e+00  [51964s]
step 103200  train 2.8473e-01  |g| 5.54e+00  [52017s]
step 103300  train 2.9886e-01  |g| 6.52e+00  [52071s]
step 103400  train 3.0636e-01  |g| 5.99e+00  [52124s]
step 103500  train 3.0683e-01  |g| 8.17e+00  [52177s]
step 103600  train 2.7995e-01  |g| 3.25e+00  [52230s]
step 103700  train 2.9708e-01  |g| 5.75e+00  [52283s]
step 103800  train 3.0254e-01  |g| 8.86e+00  [52337s]
step 103900  train 3.0337e-01  |g| 4.47e+00  [52390s]
step 104000  train 3.1034e-01  val 3.4563e-01  6d geo 6.416e-04 med 4.696e-04 p90 1.024e-02 (const 4.730e-02)  |g| 4.77e+00  [52443s]
           5d geo 4.417e-04 med 3.179e-04   postmu 6d geo 6.139e-04 med 4.623e-04 p90 1.043e-02   mu |dlog| 0.0566
           corr(identifiable)  mu=+0.93  D_div_mu=+0.99  T0_div_mu=+0.71  Ly=+0.95  op_x=+0.92  op_y=+0.96   mean spread/GT 0.92
           err share           mu=21%  D_div_mu=0%  T0_div_mu=3%  Ly=21%  op_x=38%  op_y=17%
step 104100  train 3.0741e-01  |g| 4.68e+00  [52501s]
step 104200  train 3.2670e-01  |g| 3.33e+00  [52554s]
step 104300  train 2.8803e-01  |g| 6.01e+00  [52607s]
step 104400  train 2.9288e-01  |g| 1.14e+01  [52660s]
step 104500  train 3.0006e-01  |g| 5.91e+00  [52713s]
step 104600  train 2.8490e-01  |g| 5.42e+00  [52767s]
step 104700  train 3.2659e-01  |g| 5.59e+00  [52820s]
step 104800  train 3.1879e-01  |g| 5.81e+00  [52873s]
step 104900  train 3.2502e-01  |g| 4.09e+00  [52926s]
step 105000  train 2.8903e-01  |g| 6.14e+00  [52979s]
step 105100  train 3.0734e-01  |g| 4.08e+00  [53032s]
step 105200  train 2.9985e-01  |g| 6.00e+00  [53086s]
step 105300  train 2.9643e-01  |g| 4.12e+00  [53139s]
step 105400  train 3.0058e-01  |g| 8.39e+00  [53192s]
step 105500  train 3.2215e-01  |g| 5.72e+00  [53246s]
step 105600  train 3.2553e-01  |g| 4.06e+00  [53299s]
step 105700  train 3.1774e-01  |g| 5.96e+00  [53352s]
step 105800  train 3.0625e-01  |g| 6.24e+00  [53405s]
step 105900  train 2.8940e-01  |g| 4.67e+00  [53459s]
step 106000  train 2.8360e-01  val 3.3684e-01  6d geo 6.142e-04 med 4.458e-04 p90 1.015e-02 (const 4.730e-02)  |g| 6.48e+00  [53512s]
           5d geo 4.147e-04 med 2.895e-04   postmu 6d geo 5.475e-04 med 3.923e-04 p90 1.058e-02   mu |dlog| 0.0473
           corr(identifiable)  mu=+0.94  D_div_mu=+0.99  T0_div_mu=+0.71  Ly=+0.95  op_x=+0.93  op_y=+0.96   mean spread/GT 0.93
           err share           mu=21%  D_div_mu=0%  T0_div_mu=3%  Ly=22%  op_x=38%  op_y=16%
step 106100  train 2.7617e-01  |g| 5.00e+00  [53570s]
step 106200  train 2.9474e-01  |g| 5.07e+00  [53623s]
step 106300  train 2.6149e-01  |g| 5.63e+00  [53676s]
step 106400  train 2.9981e-01  |g| 5.13e+00  [53730s]
step 106500  train 2.8814e-01  |g| 6.79e+00  [53783s]
step 106600  train 2.7760e-01  |g| 7.09e+00  [53837s]
step 106700  train 3.1609e-01  |g| 8.10e+00  [53890s]
step 106800  train 3.1174e-01  |g| 4.47e+00  [53943s]
step 106900  train 3.3508e-01  |g| 6.02e+00  [53996s]
step 107000  train 3.0491e-01  |g| 7.98e+00  [54050s]
step 107100  train 2.9257e-01  |g| 7.48e+00  [54103s]
step 107200  train 2.8421e-01  |g| 7.14e+00  [54156s]
step 107300  train 2.8504e-01  |g| 4.26e+00  [54210s]
step 107400  train 2.9530e-01  |g| 4.27e+00  [54263s]
step 107500  train 2.5543e-01  |g| 5.52e+00  [54316s]
step 107600  train 3.2202e-01  |g| 5.65e+00  [54369s]
step 107700  train 2.7884e-01  |g| 6.08e+00  [54423s]
step 107800  train 2.8525e-01  |g| 9.35e+00  [54476s]
step 107900  train 3.0254e-01  |g| 8.79e+00  [54529s]
step 108000  train 3.0380e-01  val 3.3487e-01  6d geo 6.291e-04 med 4.884e-04 p90 8.458e-03 (const 4.730e-02)  |g| 7.05e+00  [54582s]
           5d geo 4.101e-04 med 3.038e-04   postmu 6d geo 5.568e-04 med 4.210e-04 p90 9.689e-03   mu |dlog| 0.0514
           corr(identifiable)  mu=+0.94  D_div_mu=+0.99  T0_div_mu=+0.71  Ly=+0.95  op_x=+0.92  op_y=+0.97   mean spread/GT 0.93
           err share           mu=21%  D_div_mu=0%  T0_div_mu=3%  Ly=21%  op_x=39%  op_y=16%
step 108100  train 3.1278e-01  |g| 5.82e+00  [54639s]
step 108200  train 2.8495e-01  |g| 5.33e+00  [54693s]
step 108300  train 2.8366e-01  |g| 6.28e+00  [54746s]
step 108400  train 2.8816e-01  |g| 6.74e+00  [54799s]
step 108500  train 3.1609e-01  |g| 5.63e+00  [54853s]
step 108600  train 2.8536e-01  |g| 6.06e+00  [54907s]
step 108700  train 3.0111e-01  |g| 5.66e+00  [54960s]
step 108800  train 2.8096e-01  |g| 6.10e+00  [55013s]
step 108900  train 2.3727e-01  |g| 1.00e+01  [55067s]
step 109000  train 2.7883e-01  |g| 6.77e+00  [55120s]
step 109100  train 3.1166e-01  |g| 6.09e+00  [55174s]
step 109200  train 2.7391e-01  |g| 5.17e+00  [55227s]
step 109300  train 2.5049e-01  |g| 6.09e+00  [55280s]
step 109400  train 3.1656e-01  |g| 1.17e+01  [55333s]
step 109500  train 3.1189e-01  |g| 3.27e+00  [55386s]
step 109600  train 2.4630e-01  |g| 4.21e+00  [55439s]
step 109700  train 3.3122e-01  |g| 6.96e+00  [55493s]
step 109800  train 3.0422e-01  |g| 8.69e+00  [55546s]
step 109900  train 2.4562e-01  |g| 6.31e+00  [55599s]
step 110000  train 2.7225e-01  val 3.3393e-01  6d geo 5.662e-04 med 4.194e-04 p90 9.925e-03 (const 4.730e-02)  |g| 7.09e+00  [55652s]
           5d geo 3.921e-04 med 2.905e-04   postmu 6d geo 5.223e-04 med 3.856e-04 p90 1.033e-02   mu |dlog| 0.0492
           corr(identifiable)  mu=+0.94  D_div_mu=+0.99  T0_div_mu=+0.71  Ly=+0.96  op_x=+0.93  op_y=+0.97   mean spread/GT 0.93
           err share           mu=20%  D_div_mu=0%  T0_div_mu=3%  Ly=21%  op_x=39%  op_y=16%
step 110100  train 3.0524e-01  |g| 4.03e+00  [55710s]
step 110200  train 2.5336e-01  |g| 1.07e+01  [55763s]
step 110300  train 2.6629e-01  |g| 7.25e+00  [55817s]
step 110400  train 3.0063e-01  |g| 8.37e+00  [55870s]
step 110500  train 2.6537e-01  |g| 8.41e+00  [55923s]
step 110600  train 2.5197e-01  |g| 1.16e+01  [55977s]
step 110700  train 2.5343e-01  |g| 1.21e+01  [56030s]
step 110800  train 2.5873e-01  |g| 5.13e+00  [56084s]
step 110900  train 2.2189e-01  |g| 8.69e+00  [56137s]
step 111000  train 2.9461e-01  |g| 5.39e+00  [56191s]
step 111100  train 2.7217e-01  |g| 9.54e+00  [56244s]
step 111200  train 2.8687e-01  |g| 6.06e+00  [56297s]
step 111300  train 2.8927e-01  |g| 6.99e+00  [56351s]
step 111400  train 2.8052e-01  |g| 6.70e+00  [56404s]
step 111500  train 2.9541e-01  |g| 5.13e+00  [56457s]
step 111600  train 2.8967e-01  |g| 6.16e+00  [56511s]
step 111700  train 2.6932e-01  |g| 6.17e+00  [56564s]
step 111800  train 3.0226e-01  |g| 7.39e+00  [56617s]
step 111900  train 2.9371e-01  |g| 1.00e+01  [56671s]
step 112000  train 2.8929e-01  val 3.3296e-01  6d geo 5.735e-04 med 4.379e-04 p90 8.634e-03 (const 4.730e-02)  |g| 5.40e+00  [56724s]
           5d geo 3.953e-04 med 2.942e-04   postmu 6d geo 5.209e-04 med 4.016e-04 p90 9.385e-03   mu |dlog| 0.0481
           corr(identifiable)  mu=+0.94  D_div_mu=+0.99  T0_div_mu=+0.71  Ly=+0.96  op_x=+0.93  op_y=+0.97   mean spread/GT 0.93
           err share           mu=20%  D_div_mu=0%  T0_div_mu=3%  Ly=21%  op_x=39%  op_y=16%
step 112100  train 2.5135e-01  |g| 4.51e+00  [56781s]
step 112200  train 2.5752e-01  |g| 6.89e+00  [56835s]
step 112300  train 2.6286e-01  |g| 6.10e+00  [56888s]
step 112400  train 2.6064e-01  |g| 6.60e+00  [56942s]
step 112500  train 3.0770e-01  |g| 7.02e+00  [56995s]
step 112600  train 2.3880e-01  |g| 5.92e+00  [57049s]
step 112700  train 2.5202e-01  |g| 4.79e+00  [57102s]
step 112800  train 2.3906e-01  |g| 5.97e+00  [57155s]
step 112900  train 2.6930e-01  |g| 1.14e+01  [57209s]
step 113000  train 2.5471e-01  |g| 9.59e+00  [57262s]
step 113100  train 2.7461e-01  |g| 3.83e+00  [57315s]
step 113200  train 2.6124e-01  |g| 1.40e+01  [57369s]
step 113300  train 2.7161e-01  |g| 6.75e+00  [57422s]
step 113400  train 2.8478e-01  |g| 5.42e+00  [57476s]
step 113500  train 2.3937e-01  |g| 6.67e+00  [57529s]
step 113600  train 2.8024e-01  |g| 4.70e+00  [57582s]
step 113700  train 3.1122e-01  |g| 8.64e+00  [57636s]
step 113800  train 2.3639e-01  |g| 5.99e+00  [57689s]
step 113900  train 2.4920e-01  |g| 1.07e+01  [57743s]
step 114000  train 2.4866e-01  val 3.3120e-01  6d geo 5.596e-04 med 4.150e-04 p90 8.599e-03 (const 4.730e-02)  |g| 5.45e+00  [57796s]
           5d geo 3.878e-04 med 2.904e-04   postmu 6d geo 5.154e-04 med 3.907e-04 p90 9.508e-03   mu |dlog| 0.0465
           corr(identifiable)  mu=+0.94  D_div_mu=+0.99  T0_div_mu=+0.71  Ly=+0.96  op_x=+0.93  op_y=+0.97   mean spread/GT 0.92
           err share           mu=20%  D_div_mu=0%  T0_div_mu=3%  Ly=22%  op_x=39%  op_y=16%
step 114100  train 2.6652e-01  |g| 4.02e+00  [57854s]
step 114200  train 2.4478e-01  |g| 5.91e+00  [57907s]
step 114300  train 2.7253e-01  |g| 5.47e+00  [57961s]
step 114400  train 2.6191e-01  |g| 6.76e+00  [58015s]
step 114500  train 2.6184e-01  |g| 7.71e+00  [58068s]
step 114600  train 2.4929e-01  |g| 7.71e+00  [58121s]
step 114700  train 3.0909e-01  |g| 1.14e+01  [58174s]
step 114800  train 2.6533e-01  |g| 1.15e+01  [58228s]
step 114900  train 2.5526e-01  |g| 5.95e+00  [58281s]
step 115000  train 2.6752e-01  |g| 3.92e+00  [58335s]
step 115100  train 2.9354e-01  |g| 1.32e+01  [58388s]
step 115200  train 2.6709e-01  |g| 7.98e+00  [58441s]
step 115300  train 2.9195e-01  |g| 4.56e+00  [58495s]
step 115400  train 2.5992e-01  |g| 8.33e+00  [58548s]
step 115500  train 2.7912e-01  |g| 9.48e+00  [58601s]
step 115600  train 2.9405e-01  |g| 5.15e+00  [58655s]
step 115700  train 3.0384e-01  |g| 7.34e+00  [58708s]
step 115800  train 2.4649e-01  |g| 4.57e+00  [58762s]
step 115900  train 2.9150e-01  |g| 7.32e+00  [58815s]
step 116000  train 2.4700e-01  val 3.3113e-01  6d geo 5.621e-04 med 4.296e-04 p90 8.639e-03 (const 4.730e-02)  |g| 1.07e+01  [58868s]
           5d geo 3.879e-04 med 2.888e-04   postmu 6d geo 5.124e-04 med 3.883e-04 p90 9.423e-03   mu |dlog| 0.0475
           corr(identifiable)  mu=+0.94  D_div_mu=+0.99  T0_div_mu=+0.71  Ly=+0.96  op_x=+0.93  op_y=+0.97   mean spread/GT 0.93
           err share           mu=20%  D_div_mu=0%  T0_div_mu=3%  Ly=21%  op_x=39%  op_y=16%
step 116100  train 2.5644e-01  |g| 7.34e+00  [58926s]
step 116200  train 2.6064e-01  |g| 8.98e+00  [58979s]
step 116300  train 2.5923e-01  |g| 7.14e+00  [59032s]
step 116400  train 2.3554e-01  |g| 5.02e+00  [59086s]
step 116500  train 2.6440e-01  |g| 1.12e+01  [59139s]
step 116600  train 2.7472e-01  |g| 9.21e+00  [59192s]
step 116700  train 2.6806e-01  |g| 5.96e+00  [59246s]
step 116800  train 2.6887e-01  |g| 7.49e+00  [59299s]
step 116900  train 2.5514e-01  |g| 6.23e+00  [59353s]
step 117000  train 2.3813e-01  |g| 6.15e+00  [59406s]
step 117100  train 2.5553e-01  |g| 5.36e+00  [59460s]
step 117200  train 2.6987e-01  |g| 1.09e+01  [59513s]
step 117300  train 2.6914e-01  |g| 8.30e+00  [59567s]
step 117400  train 2.8282e-01  |g| 5.17e+00  [59620s]
step 117500  train 2.7590e-01  |g| 7.08e+00  [59673s]
step 117600  train 2.7430e-01  |g| 5.59e+00  [59726s]
step 117700  train 2.7392e-01  |g| 4.80e+00  [59778s]
step 117800  train 2.7737e-01  |g| 8.13e+00  [59832s]
step 117900  train 2.5362e-01  |g| 5.77e+00  [59885s]
step 118000  train 2.8022e-01  val 3.3087e-01  6d geo 5.525e-04 med 4.221e-04 p90 8.503e-03 (const 4.730e-02)  |g| 6.73e+00  [59938s]
           5d geo 3.832e-04 med 2.785e-04   postmu 6d geo 5.086e-04 med 3.771e-04 p90 9.127e-03   mu |dlog| 0.0487
           corr(identifiable)  mu=+0.94  D_div_mu=+0.99  T0_div_mu=+0.71  Ly=+0.96  op_x=+0.93  op_y=+0.97   mean spread/GT 0.93
           err share           mu=20%  D_div_mu=0%  T0_div_mu=3%  Ly=21%  op_x=39%  op_y=17%
step 118100  train 3.0455e-01  |g| 5.09e+00  [59996s]
step 118200  train 2.5968e-01  |g| 4.70e+00  [60049s]
step 118300  train 2.6137e-01  |g| 6.10e+00  [60103s]
step 118400  train 2.8051e-01  |g| 9.83e+00  [60157s]
step 118500  train 2.1629e-01  |g| 5.27e+00  [60210s]
step 118600  train 2.5215e-01  |g| 1.06e+01  [60264s]
step 118700  train 3.1317e-01  |g| 5.22e+00  [60317s]
step 118800  train 2.3520e-01  |g| 1.20e+01  [60371s]
step 118900  train 2.5656e-01  |g| 7.34e+00  [60424s]
step 119000  train 2.5392e-01  |g| 3.67e+00  [60477s]
step 119100  train 2.8407e-01  |g| 6.27e+00  [60531s]
step 119200  train 2.5297e-01  |g| 6.08e+00  [60584s]
step 119300  train 2.3094e-01  |g| 5.12e+00  [60638s]
step 119400  train 2.5632e-01  |g| 1.40e+01  [60691s]
step 119500  train 2.7936e-01  |g| 6.67e+00  [60744s]
step 119600  train 2.5179e-01  |g| 6.52e+00  [60798s]
step 119700  train 2.4144e-01  |g| 7.25e+00  [60851s]
step 119800  train 2.7026e-01  |g| 7.00e+00  [60904s]
step 119900  train 2.4884e-01  |g| 4.59e+00  [60958s]
step 120000  train 2.7196e-01  val 3.3097e-01  6d geo 5.561e-04 med 4.278e-04 p90 8.968e-03 (const 4.730e-02)  |g| 5.86e+00  [61012s]
           5d geo 3.870e-04 med 2.838e-04   postmu 6d geo 5.139e-04 med 3.961e-04 p90 9.426e-03   mu |dlog| 0.0490
           corr(identifiable)  mu=+0.94  D_div_mu=+0.99  T0_div_mu=+0.71  Ly=+0.96  op_x=+0.93  op_y=+0.97   mean spread/GT 0.93
           err share           mu=20%  D_div_mu=0%  T0_div_mu=3%  Ly=22%  op_x=39%  op_y=16%
best val_nmse_6d_postmu_geo 5.0855e-04 (encoder_best.pt)

Done. Outputs written to /home/bhpark3/dafx_ddsp/results/ddsp/sweep120k_L1_STFT
