Device cuda | loss MSS | duration 0.25s
Loading train targets from data/train-p99
Loading val targets from data/val-p99
  98304 train / 996 val in 42s   train tensor 4.34 GB
  training set held in host memory; batches transferred per step
reference levels:  gt_loss 0.0000e+00   saturation (unrelated IRs) 6.3173e+00
constant-predictor NMSE: 6d 4.730e-02  7d 7.959e-02  (the floor to beat)
training loss stuck near saturation = gradient uninformative; well below = learning

encoder: 3.74M params, width 32

loss scale (fixed): 3.7580e+00
step      1  train 3.7580e+00  val 2.1373e+01  6d geo 4.269e-02 med 4.727e-02 p90 8.121e-02 (const 4.730e-02)  |g| 1.68e+01  [4s]
           5d geo 4.193e-02 med 4.873e-02   postmu 6d geo 5.183e-02 med 5.478e-02 p90 1.360e-01   mu |dlog| 0.6053
           WARNING: prediction spread 0.004 of ground truth -- the output has collapsed to a constant (saturated tanh); lower --lr or raise --warmup-steps and restart
           corr(identifiable)  mu=+0.35  D_div_mu=+0.38  T0_div_mu=+0.14  Ly=+0.02  op_x=+0.13  op_y=+0.04   mean spread/GT 0.00
           err share           mu=16%  D_div_mu=2%  T0_div_mu=2%  Ly=26%  op_x=28%  op_y=26%
step    100  train 2.4100e+00  |g| 3.18e+01  [49s]
step    200  train 2.5349e+00  |g| 1.27e+02  [94s]
step    300  train 2.4351e+00  |g| 5.61e+01  [158s]
step    400  train 4.9820e+00  |g| 6.00e+01  [225s]
step    500  train 2.2488e+00  |g| 6.10e+01  [275s]
  WARNING: 64 of 64 parameter sets need a finer grid than the pinned (86, 282) and are truncated. Raise --fixed-mode-grid; targets rendered under a pin that truncates them are not the plate's output at those parameters.
step    600  train 3.1043e+00  |g| 4.74e+01  [323s]
step    700  train 2.6221e+00  |g| 9.01e+01  [369s]
step    800  train 2.8044e+00  |g| 1.01e+02  [425s]
step    900  train 2.9210e+00  |g| 3.76e+02  [492s]
step   1000  train 2.3426e+00  |g| 7.63e+00  [566s]
step   1100  train 3.8311e+00  |g| 2.76e+01  [641s]
step   1200  train 2.4781e+00  |g| 3.67e+01  [715s]
step   1300  train 2.8578e+00  |g| 2.99e+01  [807s]
step   1400  train 2.2583e+00  |g| 5.06e+00  [943s]
step   1500  train 2.1996e+00  |g| 1.43e+01  [1080s]
step   1600  train 2.3705e+00  |g| 1.80e+01  [1216s]
step   1700  train 2.1534e+00  |g| 1.04e+01  [1352s]
step   1800  train 1.3015e+01  |g| 3.41e+02  [1477s]
step   1900  train 2.0836e+00  |g| 2.07e+01  [1528s]
step   2000  train 2.0630e+00  val 2.0967e+00  6d geo 1.301e-01 med 1.448e-01 p90 2.608e-01 (const 4.730e-02)  |g| 3.26e+01  [1579s]
           5d geo 1.357e-01 med 1.527e-01   postmu 6d geo 1.262e-01 med 1.404e-01 p90 2.573e-01   mu |dlog| 1.0814
           corr(identifiable)  mu=+0.32  D_div_mu=+0.47  T0_div_mu=-0.05  Ly=+0.15  op_x=+0.55  op_y=+0.21   mean spread/GT 0.06
           err share           mu=11%  D_div_mu=6%  T0_div_mu=1%  Ly=35%  op_x=12%  op_y=36%
step   2100  train 2.0696e+00  |g| 1.05e+00  [1635s]
step   2200  train 1.9460e+00  |g| 1.87e+01  [1686s]
step   2300  train 1.9828e+00  |g| 6.00e+00  [1737s]
step   2400  train 2.2631e+00  |g| 6.17e+00  [1788s]
step   2500  train 2.0209e+00  |g| 4.75e+00  [1839s]
step   2600  train 1.9789e+00  |g| 2.09e+01  [1890s]
step   2700  train 2.2278e+00  |g| 2.49e+01  [1941s]
step   2800  train 2.1258e+00  |g| 4.13e+01  [1992s]
step   2900  train 2.3212e+00  |g| 1.08e+01  [2043s]
step   3000  train 2.0088e+00  |g| 1.82e+01  [2094s]
step   3100  train 2.0741e+00  |g| 2.27e+01  [2145s]
step   3200  train 2.1528e+00  |g| 7.08e+00  [2197s]
step   3300  train 2.1782e+00  |g| 3.47e+01  [2248s]
step   3400  train 2.0405e+00  |g| 4.75e+00  [2299s]
step   3500  train 2.0676e+00  |g| 4.36e+00  [2350s]
step   3600  train 5.7637e+00  |g| 7.38e+01  [2402s]
step   3700  train 2.6832e+00  |g| 1.80e+01  [2457s]
step   3800  train 2.5070e+00  |g| 8.77e+00  [2508s]
step   3900  train 2.2617e+00  |g| 1.92e+01  [2559s]
step   4000  train 5.6778e+00  val 3.8223e+00  6d geo 1.598e-01 med 1.787e-01 p90 2.940e-01 (const 4.730e-02)  |g| 7.50e+01  [2610s]
           5d geo 1.706e-01 med 1.952e-01   postmu 6d geo 1.664e-01 med 1.863e-01 p90 3.034e-01   mu |dlog| 2.2517
           WARNING: prediction spread 0.000 of ground truth -- the output has collapsed to a constant (saturated tanh); lower --lr or raise --warmup-steps and restart
           corr(identifiable)  mu=-0.23  D_div_mu=-0.21  T0_div_mu=+0.21  Ly=+0.20  op_x=-0.53  op_y=+0.52   mean spread/GT 0.00
           err share           mu=9%  D_div_mu=5%  T0_div_mu=1%  Ly=29%  op_x=26%  op_y=30%
step   4100  train 2.3532e+00  |g| 5.50e+00  [2666s]
step   4200  train 2.7313e+00  |g| 1.24e+01  [2718s]
step   4300  train 2.5316e+00  |g| 8.55e+00  [2769s]
step   4400  train 5.0147e+00  |g| 2.69e+01  [2820s]
step   4500  train 4.8947e+00  |g| 2.55e+01  [2871s]
step   4600  train 2.8850e+00  |g| 1.45e+00  [2922s]
step   4700  train 2.5105e+00  |g| 1.51e+01  [2973s]
step   4800  train 2.7984e+00  |g| 2.50e+01  [3024s]
step   4900  train 2.8733e+00  |g| 2.11e+00  [3076s]
step   5000  train 8.0038e+00  |g| 9.54e-04  [3127s]
step   5100  train 7.9388e+00  |g| 8.28e-04  [3178s]
step   5200  train 8.0041e+00  |g| 1.16e-03  [3229s]
step   5300  train 8.1053e+00  |g| 1.22e-03  [3280s]
step   5400  train 8.1040e+00  |g| 2.25e-03  [3331s]
step   5500  train 8.0701e+00  |g| 3.05e-03  [3382s]
step   5600  train 8.0277e+00  |g| 5.79e-03  [3434s]
step   5700  train 8.0584e+00  |g| 6.83e-04  [3485s]
step   5800  train 8.0123e+00  |g| 5.14e-03  [3536s]
step   5900  train 8.0513e+00  |g| 3.82e-04  [3587s]
/home/bhpark3/dafxenv/lib/python3.12/site-packages/numpy/lib/_function_base_impl.py:3023: RuntimeWarning: invalid value encountered in divide
  c /= stddev[:, None]
/home/bhpark3/dafxenv/lib/python3.12/site-packages/numpy/lib/_function_base_impl.py:3024: RuntimeWarning: invalid value encountered in divide
  c /= stddev[None, :]
step   6000  train 8.0510e+00  val 8.0269e+00  6d geo 1.674e-01 med 1.861e-01 p90 3.058e-01 (const 4.730e-02)  |g| 2.81e-03  [3638s]
           5d geo 1.801e-01 med 2.040e-01   postmu 6d geo 1.810e-01 med 1.995e-01 p90 3.345e-01   mu |dlog| 2.2122
           WARNING: prediction spread 0.000 of ground truth -- the output has collapsed to a constant (saturated tanh); lower --lr or raise --warmup-steps and restart
           corr(identifiable)  mu=+0.00  D_div_mu=+0.00  T0_div_mu=+0.31  Ly=+0.00  op_x=+0.00  op_y=-0.02   mean spread/GT 0.00
           err share           mu=9%  D_div_mu=5%  T0_div_mu=1%  Ly=28%  op_x=28%  op_y=29%
step   6100  train 8.0664e+00  |g| 1.37e-03  [3694s]
step   6200  train 7.9277e+00  |g| 3.07e-03  [3745s]
step   6300  train 7.9862e+00  |g| 4.80e-03  [3796s]
step   6400  train 8.0973e+00  |g| 1.45e-03  [3848s]
step   6500  train 8.0378e+00  |g| 1.20e-03  [3899s]
step   6600  train 7.9361e+00  |g| 4.01e-03  [3950s]
step   6700  train 8.0520e+00  |g| 2.46e-03  [4001s]
step   6800  train 7.9222e+00  |g| 1.42e-03  [4052s]
step   6900  train 8.1263e+00  |g| 1.36e-03  [4103s]
step   7000  train 7.9353e+00  |g| 7.88e-03  [4154s]
step   7100  train 8.0065e+00  |g| 8.95e-04  [4206s]
step   7200  train 7.9569e+00  |g| 1.31e-03  [4257s]
step   7300  train 8.0894e+00  |g| 4.66e-03  [4308s]
step   7400  train 8.0182e+00  |g| 7.50e-04  [4359s]
step   7500  train 8.0382e+00  |g| 1.97e-03  [4410s]
step   7600  train 8.0822e+00  |g| 3.99e-03  [4461s]
step   7700  train 8.0105e+00  |g| 3.19e-03  [4512s]
step   7800  train 8.1065e+00  |g| 7.47e-03  [4563s]
step   7900  train 7.9878e+00  |g| 4.04e-04  [4614s]
step   8000  train 8.0540e+00  val 8.0269e+00  6d geo 1.674e-01 med 1.861e-01 p90 3.058e-01 (const 4.730e-02)  |g| 1.52e-03  [4666s]
           5d geo 1.801e-01 med 2.040e-01   postmu 6d geo 1.810e-01 med 1.995e-01 p90 3.345e-01   mu |dlog| 2.2121
           WARNING: prediction spread 0.000 of ground truth -- the output has collapsed to a constant (saturated tanh); lower --lr or raise --warmup-steps and restart
           corr(identifiable)  mu=+0.00  D_div_mu=-0.05  T0_div_mu=+0.31  Ly=+0.00  op_x=+0.00  op_y=+0.00   mean spread/GT 0.00
           err share           mu=9%  D_div_mu=5%  T0_div_mu=1%  Ly=28%  op_x=28%  op_y=29%
step   8100  train 8.0257e+00  |g| 6.36e-03  [4721s]
step   8200  train 8.1082e+00  |g| 1.39e-02  [4773s]
step   8300  train 8.0475e+00  |g| 3.21e-03  [4824s]
step   8400  train 7.9932e+00  |g| 3.32e-04  [4875s]
step   8500  train 7.9872e+00  |g| 8.29e-04  [4926s]
step   8600  train 7.9969e+00  |g| 2.54e-03  [4977s]
step   8700  train 8.1379e+00  |g| 1.71e-03  [5028s]
step   8800  train 8.0289e+00  |g| 1.28e-02  [5079s]
step   8900  train 8.0923e+00  |g| 3.45e-03  [5130s]
step   9000  train 7.9910e+00  |g| 6.92e-03  [5182s]
step   9100  train 8.1238e+00  |g| 3.45e-03  [5233s]
step   9200  train 7.9917e+00  |g| 2.31e-03  [5284s]
step   9300  train 7.9445e+00  |g| 3.40e-04  [5335s]
step   9400  train 8.0437e+00  |g| 7.10e-03  [5386s]
step   9500  train 8.0259e+00  |g| 6.59e-04  [5437s]
step   9600  train 8.1250e+00  |g| 6.97e-04  [5488s]
step   9700  train 7.9750e+00  |g| 8.21e-04  [5539s]
step   9800  train 8.0631e+00  |g| 4.23e-03  [5590s]
step   9900  train 8.0079e+00  |g| 5.68e-03  [5642s]
step  10000  train 8.0570e+00  val 8.0269e+00  6d geo 1.657e-01 med 1.854e-01 p90 3.046e-01 (const 4.730e-02)  |g| 6.40e-03  [5693s]
           5d geo 1.777e-01 med 2.017e-01   postmu 6d geo 1.790e-01 med 1.974e-01 p90 3.343e-01   mu |dlog| 2.2282
           WARNING: prediction spread 0.000 of ground truth -- the output has collapsed to a constant (saturated tanh); lower --lr or raise --warmup-steps and restart
           corr(identifiable)  mu=+0.00  D_div_mu=+0.00  T0_div_mu=+0.31  Ly=+0.00  op_x=+0.00  op_y=+0.00   mean spread/GT 0.00
           err share           mu=9%  D_div_mu=5%  T0_div_mu=0%  Ly=28%  op_x=28%  op_y=29%
step  10100  train 8.0174e+00  |g| 1.45e-03  [5749s]
step  10200  train 8.0659e+00  |g| 2.69e-04  [5800s]
step  10300  train 7.9944e+00  |g| 3.09e-03  [5851s]
step  10400  train 7.9174e+00  |g| 1.53e-03  [5902s]
step  10500  train 8.0477e+00  |g| 3.18e-03  [5953s]
step  10600  train 8.0296e+00  |g| 9.62e-04  [6004s]
step  10700  train 8.0216e+00  |g| 2.16e-04  [6055s]
step  10800  train 7.9907e+00  |g| 1.23e-03  [6106s]
step  10900  train 8.0892e+00  |g| 1.34e-03  [6158s]
step  11000  train 8.0298e+00  |g| 4.44e-03  [6209s]
step  11100  train 8.0303e+00  |g| 1.35e-03  [6260s]
step  11200  train 8.0611e+00  |g| 1.22e-04  [6311s]
step  11300  train 8.0346e+00  |g| 1.89e-03  [6362s]
step  11400  train 8.0465e+00  |g| 7.39e-03  [6413s]
step  11500  train 8.0428e+00  |g| 1.67e-03  [6464s]
step  11600  train 7.9811e+00  |g| 4.20e-03  [6515s]
step  11700  train 8.0629e+00  |g| 4.06e-04  [6567s]
step  11800  train 8.0188e+00  |g| 1.67e-03  [6618s]
step  11900  train 7.9923e+00  |g| 5.21e-04  [6669s]
step  12000  train 8.0159e+00  val 8.0268e+00  6d geo 1.662e-01 med 1.854e-01 p90 3.046e-01 (const 4.730e-02)  |g| 5.36e-04  [6720s]
           5d geo 1.783e-01 med 2.027e-01   postmu 6d geo 1.795e-01 med 1.975e-01 p90 3.346e-01   mu |dlog| 2.2195
           WARNING: prediction spread 0.000 of ground truth -- the output has collapsed to a constant (saturated tanh); lower --lr or raise --warmup-steps and restart
           corr(identifiable)  mu=+0.00  D_div_mu=-0.05  T0_div_mu=+0.31  Ly=+0.00  op_x=+0.00  op_y=+0.00   mean spread/GT 0.00
           err share           mu=9%  D_div_mu=5%  T0_div_mu=1%  Ly=28%  op_x=28%  op_y=29%
step  12100  train 8.0841e+00  |g| 1.25e-04  [6776s]
step  12200  train 7.9298e+00  |g| 2.93e-04  [6827s]
step  12300  train 8.0603e+00  |g| 1.76e-04  [6878s]
step  12400  train 8.0275e+00  |g| 7.10e-04  [6929s]
step  12500  train 7.9816e+00  |g| 2.27e-03  [6980s]
step  12600  train 7.9957e+00  |g| 8.04e-05  [7031s]
step  12700  train 8.0985e+00  |g| 1.22e-04  [7083s]
step  12800  train 8.0958e+00  |g| 1.07e-04  [7134s]
step  12900  train 8.0275e+00  |g| 4.07e-04  [7185s]
step  13000  train 8.0794e+00  |g| 1.33e-04  [7236s]
step  13100  train 8.0387e+00  |g| 7.52e-05  [7287s]
step  13200  train 8.0198e+00  |g| 1.07e-04  [7338s]
step  13300  train 8.0786e+00  |g| 1.31e-03  [7389s]
step  13400  train 8.0463e+00  |g| 1.52e-04  [7440s]
step  13500  train 7.9701e+00  |g| 4.18e-04  [7492s]
step  13600  train 8.0666e+00  |g| 1.18e-04  [7543s]
step  13700  train 7.9659e+00  |g| 2.66e-04  [7594s]
step  13800  train 8.1080e+00  |g| 5.17e-04  [7645s]
step  13900  train 8.0202e+00  |g| 2.41e-04  [7696s]
step  14000  train 8.0388e+00  val 8.0268e+00  6d geo 1.662e-01 med 1.854e-01 p90 3.046e-01 (const 4.730e-02)  |g| 8.80e-04  [7747s]
           5d geo 1.782e-01 med 2.027e-01   postmu 6d geo 1.796e-01 med 1.975e-01 p90 3.347e-01   mu |dlog| 2.2200
           WARNING: prediction spread 0.000 of ground truth -- the output has collapsed to a constant (saturated tanh); lower --lr or raise --warmup-steps and restart
           corr(identifiable)  mu=-0.10  D_div_mu=+0.03  T0_div_mu=+0.31  Ly=+0.00  op_x=+0.00  op_y=+0.00   mean spread/GT 0.00
           err share           mu=9%  D_div_mu=5%  T0_div_mu=1%  Ly=28%  op_x=28%  op_y=29%
step  14100  train 8.0624e+00  |g| 3.13e-04  [7803s]
step  14200  train 8.1389e+00  |g| 4.75e-04  [7854s]
step  14300  train 7.9010e+00  |g| 5.36e-04  [7905s]
step  14400  train 7.9797e+00  |g| 1.59e-04  [7956s]
step  14500  train 7.9841e+00  |g| 1.84e-04  [8007s]
step  14600  train 8.0754e+00  |g| 1.09e-03  [8059s]
step  14700  train 8.0872e+00  |g| 2.00e-04  [8110s]
step  14800  train 8.0956e+00  |g| 5.29e-04  [8161s]
step  14900  train 8.0772e+00  |g| 4.86e-04  [8212s]
step  15000  train 7.9988e+00  |g| 4.50e-04  [8263s]
step  15100  train 8.1313e+00  |g| 1.66e-04  [8314s]
step  15200  train 7.9443e+00  |g| 1.26e-04  [8365s]
step  15300  train 8.0556e+00  |g| 1.58e-04  [8416s]
step  15400  train 7.8349e+00  |g| 2.46e-04  [8467s]
step  15500  train 7.9884e+00  |g| 1.14e-03  [8519s]
step  15600  train 7.9750e+00  |g| 3.43e-04  [8570s]
step  15700  train 7.9670e+00  |g| 7.77e-04  [8621s]
step  15800  train 7.9454e+00  |g| 1.77e-03  [8672s]
step  15900  train 7.9900e+00  |g| 8.45e-04  [8723s]
step  16000  train 8.0371e+00  val 8.0267e+00  6d geo 1.662e-01 med 1.854e-01 p90 3.046e-01 (const 4.730e-02)  |g| 7.34e-03  [8774s]
           5d geo 1.783e-01 med 2.027e-01   postmu 6d geo 1.794e-01 med 1.973e-01 p90 3.345e-01   mu |dlog| 2.2180
           WARNING: prediction spread 0.000 of ground truth -- the output has collapsed to a constant (saturated tanh); lower --lr or raise --warmup-steps and restart
           corr(identifiable)  mu=+0.00  D_div_mu=-0.05  T0_div_mu=+0.31  Ly=+0.29  op_x=+0.00  op_y=+0.00   mean spread/GT 0.00
           err share           mu=9%  D_div_mu=5%  T0_div_mu=1%  Ly=28%  op_x=28%  op_y=29%
step  16100  train 7.9876e+00  |g| 1.23e-06  [8830s]
step  16200  train 8.0519e+00  |g| 2.08e-06  [8881s]
step  16300  train 8.0964e+00  |g| 1.61e-07  [8932s]
step  16400  train 7.9656e+00  |g| 6.08e-07  [8983s]
step  16500  train 8.0834e+00  |g| 1.72e-06  [9034s]
step  16600  train 8.0301e+00  |g| 8.20e-06  [9085s]
step  16700  train 8.1512e+00  |g| 1.75e-06  [9136s]
step  16800  train 8.0460e+00  |g| 1.82e-06  [9187s]
step  16900  train 8.0372e+00  |g| 1.36e-06  [9239s]
step  17000  train 7.9562e+00  |g| 2.99e-06  [9290s]
step  17100  train 7.9929e+00  |g| 1.70e-06  [9341s]
step  17200  train 8.0899e+00  |g| 4.51e-06  [9392s]
step  17300  train 8.0352e+00  |g| 4.11e-06  [9443s]
step  17400  train 7.9665e+00  |g| 6.76e-07  [9494s]
step  17500  train 7.9873e+00  |g| 3.07e-07  [9545s]
step  17600  train 8.0105e+00  |g| 1.82e-06  [9596s]
step  17700  train 8.1106e+00  |g| 1.46e-06  [9647s]
step  17800  train 7.9975e+00  |g| 1.51e-06  [9698s]
step  17900  train 8.0532e+00  |g| 1.42e-06  [9749s]
step  18000  train 8.0780e+00  val 8.0269e+00  6d geo 1.664e-01 med 1.854e-01 p90 3.047e-01 (const 4.730e-02)  |g| 1.83e-06  [9801s]
           5d geo 1.784e-01 med 2.030e-01   postmu 6d geo 1.797e-01 med 1.975e-01 p90 3.346e-01   mu |dlog| 2.2268
           WARNING: prediction spread 0.000 of ground truth -- the output has collapsed to a constant (saturated tanh); lower --lr or raise --warmup-steps and restart
           corr(identifiable)  mu=+0.00  D_div_mu=+0.00  T0_div_mu=+0.00  Ly=+0.00  op_x=+0.00  op_y=+0.00   mean spread/GT 0.00
           err share           mu=9%  D_div_mu=5%  T0_div_mu=1%  Ly=28%  op_x=28%  op_y=29%
step  18100  train 7.9479e+00  |g| 3.99e-07  [9856s]
step  18200  train 8.0103e+00  |g| 1.07e-06  [9908s]
step  18300  train 8.0194e+00  |g| 8.48e-07  [9959s]
step  18400  train 8.0462e+00  |g| 1.50e-06  [10010s]
step  18500  train 7.9717e+00  |g| 1.83e-07  [10061s]
step  18600  train 8.0069e+00  |g| 9.73e-07  [10112s]
step  18700  train 8.0017e+00  |g| 1.15e-06  [10163s]
step  18800  train 8.1103e+00  |g| 6.75e-06  [10214s]
step  18900  train 8.0637e+00  |g| 3.29e-06  [10265s]
step  19000  train 8.0603e+00  |g| 1.50e-05  [10316s]
step  19100  train 8.0810e+00  |g| 2.08e-06  [10367s]
step  19200  train 7.9705e+00  |g| 8.17e-07  [10418s]
step  19300  train 8.0860e+00  |g| 1.47e-03  [10470s]
step  19400  train 8.0607e+00  |g| 0.00e+00  [10521s]
step  19500  train 8.0963e+00  |g| 0.00e+00  [10572s]
step  19600  train 8.0146e+00  |g| 0.00e+00  [10623s]
step  19700  train 7.9597e+00  |g| 0.00e+00  [10674s]
step  19800  train 8.0430e+00  |g| 0.00e+00  [10725s]
step  19900  train 8.0160e+00  |g| 0.00e+00  [10776s]
step  20000  train 8.0401e+00  val 8.0273e+00  6d geo 1.696e-01 med 1.881e-01 p90 3.065e-01 (const 4.730e-02)  |g| 0.00e+00  [10827s]
           5d geo 1.830e-01 med 2.061e-01   postmu 6d geo 1.832e-01 med 2.017e-01 p90 3.357e-01   mu |dlog| 2.1914
           WARNING: prediction spread 0.000 of ground truth -- the output has collapsed to a constant (saturated tanh); lower --lr or raise --warmup-steps and restart
           corr(identifiable)  mu=+0.00  D_div_mu=+0.00  T0_div_mu=+0.00  Ly=+0.00  op_x=+0.00  op_y=+0.00   mean spread/GT 0.00
           err share           mu=9%  D_div_mu=5%  T0_div_mu=2%  Ly=28%  op_x=28%  op_y=29%
step  20100  train 8.0360e+00  |g| 0.00e+00  [10883s]
step  20200  train 8.0701e+00  |g| 0.00e+00  [10934s]
step  20300  train 8.0389e+00  |g| 0.00e+00  [10985s]
step  20400  train 8.1187e+00  |g| 0.00e+00  [11036s]
step  20500  train 8.1019e+00  |g| 0.00e+00  [11087s]
step  20600  train 7.9940e+00  |g| 0.00e+00  [11138s]
step  20700  train 8.0319e+00  |g| 0.00e+00  [11189s]
step  20800  train 7.9947e+00  |g| 0.00e+00  [11240s]
step  20900  train 7.9659e+00  |g| 0.00e+00  [11291s]
step  21000  train 7.9894e+00  |g| 0.00e+00  [11342s]
step  21100  train 8.0672e+00  |g| 0.00e+00  [11393s]
step  21200  train 8.1165e+00  |g| 0.00e+00  [11444s]
step  21300  train 7.9932e+00  |g| 0.00e+00  [11495s]
step  21400  train 7.9690e+00  |g| 0.00e+00  [11546s]
step  21500  train 8.0646e+00  |g| 0.00e+00  [11597s]
step  21600  train 8.0254e+00  |g| 0.00e+00  [11648s]
step  21700  train 8.0630e+00  |g| 0.00e+00  [11699s]
step  21800  train 8.0225e+00  |g| 0.00e+00  [11750s]
step  21900  train 7.9926e+00  |g| 0.00e+00  [11801s]
step  22000  train 7.9954e+00  val 8.0273e+00  6d geo 1.696e-01 med 1.881e-01 p90 3.065e-01 (const 4.730e-02)  |g| 0.00e+00  [11852s]
           5d geo 1.830e-01 med 2.061e-01   postmu 6d geo 1.832e-01 med 2.017e-01 p90 3.357e-01   mu |dlog| 2.1914
           WARNING: prediction spread 0.000 of ground truth -- the output has collapsed to a constant (saturated tanh); lower --lr or raise --warmup-steps and restart
           corr(identifiable)  mu=+0.00  D_div_mu=+0.00  T0_div_mu=+0.00  Ly=+0.00  op_x=+0.00  op_y=+0.00   mean spread/GT 0.00
           err share           mu=9%  D_div_mu=5%  T0_div_mu=2%  Ly=28%  op_x=28%  op_y=29%
step  22100  train 8.0237e+00  |g| 0.00e+00  [11908s]
step  22200  train 8.0836e+00  |g| 0.00e+00  [11959s]
step  22300  train 8.0308e+00  |g| 0.00e+00  [12010s]
step  22400  train 8.0781e+00  |g| 0.00e+00  [12061s]
step  22500  train 8.0022e+00  |g| 0.00e+00  [12112s]
step  22600  train 8.0603e+00  |g| 0.00e+00  [12163s]
step  22700  train 8.0800e+00  |g| 0.00e+00  [12214s]
step  22800  train 8.0225e+00  |g| 0.00e+00  [12265s]
step  22900  train 8.0911e+00  |g| 0.00e+00  [12316s]
step  23000  train 7.9246e+00  |g| 0.00e+00  [12367s]
step  23100  train 8.0146e+00  |g| 0.00e+00  [12418s]
step  23200  train 8.0635e+00  |g| 0.00e+00  [12469s]
step  23300  train 8.0152e+00  |g| 0.00e+00  [12520s]
step  23400  train 7.9635e+00  |g| 0.00e+00  [12571s]
step  23500  train 8.0819e+00  |g| 0.00e+00  [12622s]
step  23600  train 8.0704e+00  |g| 0.00e+00  [12673s]
step  23700  train 8.0273e+00  |g| 0.00e+00  [12724s]
step  23800  train 8.0884e+00  |g| 0.00e+00  [12775s]
step  23900  train 8.0038e+00  |g| 0.00e+00  [12826s]
step  24000  train 8.0760e+00  val 8.0273e+00  6d geo 1.696e-01 med 1.881e-01 p90 3.065e-01 (const 4.730e-02)  |g| 0.00e+00  [12877s]
           5d geo 1.830e-01 med 2.061e-01   postmu 6d geo 1.832e-01 med 2.017e-01 p90 3.357e-01   mu |dlog| 2.1914
           WARNING: prediction spread 0.000 of ground truth -- the output has collapsed to a constant (saturated tanh); lower --lr or raise --warmup-steps and restart
           corr(identifiable)  mu=+0.00  D_div_mu=+0.00  T0_div_mu=+0.00  Ly=+0.00  op_x=+0.00  op_y=+0.00   mean spread/GT 0.00
           err share           mu=9%  D_div_mu=5%  T0_div_mu=2%  Ly=28%  op_x=28%  op_y=29%
step  24100  train 7.9904e+00  |g| 0.00e+00  [12933s]
step  24200  train 8.0186e+00  |g| 0.00e+00  [12984s]
step  24300  train 8.0358e+00  |g| 0.00e+00  [13035s]
step  24400  train 8.0306e+00  |g| 0.00e+00  [13086s]
step  24500  train 7.9994e+00  |g| 0.00e+00  [13137s]
step  24600  train 8.0674e+00  |g| 0.00e+00  [13189s]
step  24700  train 7.9371e+00  |g| 0.00e+00  [13239s]
step  24800  train 8.0794e+00  |g| 0.00e+00  [13290s]
step  24900  train 8.0042e+00  |g| 0.00e+00  [13341s]
step  25000  train 7.9811e+00  |g| 0.00e+00  [13393s]
step  25100  train 8.0652e+00  |g| 0.00e+00  [13444s]
step  25200  train 8.1290e+00  |g| 0.00e+00  [13495s]
step  25300  train 8.0504e+00  |g| 0.00e+00  [13546s]
step  25400  train 8.0802e+00  |g| 0.00e+00  [13597s]
step  25500  train 8.0298e+00  |g| 0.00e+00  [13648s]
step  25600  train 7.9239e+00  |g| 0.00e+00  [13699s]
step  25700  train 7.9963e+00  |g| 0.00e+00  [13750s]
step  25800  train 8.0081e+00  |g| 0.00e+00  [13801s]
step  25900  train 8.0465e+00  |g| 0.00e+00  [13852s]
step  26000  train 8.0171e+00  val 8.0273e+00  6d geo 1.696e-01 med 1.881e-01 p90 3.065e-01 (const 4.730e-02)  |g| 0.00e+00  [13903s]
           5d geo 1.830e-01 med 2.061e-01   postmu 6d geo 1.832e-01 med 2.017e-01 p90 3.357e-01   mu |dlog| 2.1914
           WARNING: prediction spread 0.000 of ground truth -- the output has collapsed to a constant (saturated tanh); lower --lr or raise --warmup-steps and restart
           corr(identifiable)  mu=+0.00  D_div_mu=+0.00  T0_div_mu=+0.00  Ly=+0.00  op_x=+0.00  op_y=+0.00   mean spread/GT 0.00
           err share           mu=9%  D_div_mu=5%  T0_div_mu=2%  Ly=28%  op_x=28%  op_y=29%
step  26100  train 8.0327e+00  |g| 0.00e+00  [13959s]
step  26200  train 8.0457e+00  |g| 0.00e+00  [14010s]
step  26300  train 8.0431e+00  |g| 0.00e+00  [14061s]
step  26400  train 7.9643e+00  |g| 0.00e+00  [14112s]
step  26500  train 8.0638e+00  |g| 0.00e+00  [14163s]
step  26600  train 7.9306e+00  |g| 0.00e+00  [14214s]
step  26700  train 8.0847e+00  |g| 0.00e+00  [14265s]
step  26800  train 8.0026e+00  |g| 0.00e+00  [14316s]
step  26900  train 8.0478e+00  |g| 0.00e+00  [14367s]
step  27000  train 8.0189e+00  |g| 0.00e+00  [14418s]
step  27100  train 8.0389e+00  |g| 0.00e+00  [14469s]
step  27200  train 8.0091e+00  |g| 0.00e+00  [14520s]
step  27300  train 8.0382e+00  |g| 0.00e+00  [14571s]
step  27400  train 8.0533e+00  |g| 0.00e+00  [14622s]
step  27500  train 7.9634e+00  |g| 0.00e+00  [14673s]
step  27600  train 8.0753e+00  |g| 0.00e+00  [14724s]
step  27700  train 8.0013e+00  |g| 0.00e+00  [14774s]
step  27800  train 8.0281e+00  |g| 0.00e+00  [14825s]
step  27900  train 8.0205e+00  |g| 0.00e+00  [14876s]
step  28000  train 8.1220e+00  val 8.0273e+00  6d geo 1.696e-01 med 1.881e-01 p90 3.065e-01 (const 4.730e-02)  |g| 0.00e+00  [14927s]
           5d geo 1.830e-01 med 2.061e-01   postmu 6d geo 1.832e-01 med 2.017e-01 p90 3.357e-01   mu |dlog| 2.1914
           WARNING: prediction spread 0.000 of ground truth -- the output has collapsed to a constant (saturated tanh); lower --lr or raise --warmup-steps and restart
           corr(identifiable)  mu=+0.00  D_div_mu=+0.00  T0_div_mu=+0.00  Ly=+0.00  op_x=+0.00  op_y=+0.00   mean spread/GT 0.00
           err share           mu=9%  D_div_mu=5%  T0_div_mu=2%  Ly=28%  op_x=28%  op_y=29%
step  28100  train 8.0545e+00  |g| 0.00e+00  [14983s]
step  28200  train 8.0809e+00  |g| 0.00e+00  [15034s]
step  28300  train 8.0235e+00  |g| 0.00e+00  [15085s]
step  28400  train 8.1064e+00  |g| 0.00e+00  [15136s]
step  28500  train 8.1020e+00  |g| 0.00e+00  [15187s]
step  28600  train 7.9970e+00  |g| 0.00e+00  [15238s]
step  28700  train 7.9227e+00  |g| 0.00e+00  [15289s]
step  28800  train 7.9915e+00  |g| 0.00e+00  [15340s]
step  28900  train 8.0386e+00  |g| 0.00e+00  [15391s]
step  29000  train 8.0190e+00  |g| 0.00e+00  [15442s]
step  29100  train 8.0745e+00  |g| 0.00e+00  [15493s]
step  29200  train 7.9444e+00  |g| 0.00e+00  [15544s]
step  29300  train 8.0219e+00  |g| 0.00e+00  [15595s]
step  29400  train 7.9575e+00  |g| 0.00e+00  [15646s]
step  29500  train 7.9284e+00  |g| 0.00e+00  [15697s]
step  29600  train 7.9860e+00  |g| 0.00e+00  [15748s]
step  29700  train 8.0693e+00  |g| 0.00e+00  [15799s]
step  29800  train 8.0487e+00  |g| 0.00e+00  [15850s]
step  29900  train 7.9998e+00  |g| 0.00e+00  [15901s]
step  30000  train 8.0611e+00  val 8.0273e+00  6d geo 1.696e-01 med 1.881e-01 p90 3.065e-01 (const 4.730e-02)  |g| 0.00e+00  [15952s]
           5d geo 1.830e-01 med 2.061e-01   postmu 6d geo 1.832e-01 med 2.017e-01 p90 3.357e-01   mu |dlog| 2.1914
           WARNING: prediction spread 0.000 of ground truth -- the output has collapsed to a constant (saturated tanh); lower --lr or raise --warmup-steps and restart
           corr(identifiable)  mu=+0.00  D_div_mu=+0.00  T0_div_mu=+0.00  Ly=+0.00  op_x=+0.00  op_y=+0.00   mean spread/GT 0.00
           err share           mu=9%  D_div_mu=5%  T0_div_mu=2%  Ly=28%  op_x=28%  op_y=29%
step  30100  train 8.0341e+00  |g| 0.00e+00  [16008s]
step  30200  train 7.9698e+00  |g| 0.00e+00  [16058s]
step  30300  train 7.9973e+00  |g| 0.00e+00  [16109s]
step  30400  train 7.9716e+00  |g| 0.00e+00  [16160s]
step  30500  train 8.0854e+00  |g| 0.00e+00  [16211s]
step  30600  train 7.9797e+00  |g| 0.00e+00  [16262s]
step  30700  train 7.9940e+00  |g| 0.00e+00  [16313s]
step  30800  train 8.0287e+00  |g| 0.00e+00  [16364s]
step  30900  train 7.9572e+00  |g| 0.00e+00  [16415s]
step  31000  train 8.0975e+00  |g| 0.00e+00  [16466s]
step  31100  train 8.0378e+00  |g| 0.00e+00  [16517s]
step  31200  train 8.0360e+00  |g| 0.00e+00  [16568s]
step  31300  train 7.9957e+00  |g| 0.00e+00  [16619s]
step  31400  train 8.0646e+00  |g| 0.00e+00  [16670s]
step  31500  train 8.1194e+00  |g| 0.00e+00  [16721s]
step  31600  train 8.0236e+00  |g| 0.00e+00  [16772s]
step  31700  train 7.9939e+00  |g| 0.00e+00  [16823s]
step  31800  train 8.0392e+00  |g| 0.00e+00  [16874s]
step  31900  train 8.0119e+00  |g| 0.00e+00  [16925s]
step  32000  train 8.0136e+00  val 8.0273e+00  6d geo 1.696e-01 med 1.881e-01 p90 3.065e-01 (const 4.730e-02)  |g| 0.00e+00  [16976s]
           5d geo 1.830e-01 med 2.061e-01   postmu 6d geo 1.832e-01 med 2.017e-01 p90 3.357e-01   mu |dlog| 2.1914
           WARNING: prediction spread 0.000 of ground truth -- the output has collapsed to a constant (saturated tanh); lower --lr or raise --warmup-steps and restart
           corr(identifiable)  mu=+0.00  D_div_mu=+0.00  T0_div_mu=+0.00  Ly=+0.00  op_x=+0.00  op_y=+0.00   mean spread/GT 0.00
           err share           mu=9%  D_div_mu=5%  T0_div_mu=2%  Ly=28%  op_x=28%  op_y=29%
step  32100  train 8.0354e+00  |g| 0.00e+00  [17032s]
step  32200  train 8.0174e+00  |g| 0.00e+00  [17083s]
step  32300  train 8.0789e+00  |g| 0.00e+00  [17134s]
step  32400  train 7.9822e+00  |g| 0.00e+00  [17185s]
step  32500  train 8.0240e+00  |g| 0.00e+00  [17236s]
step  32600  train 8.0790e+00  |g| 0.00e+00  [17287s]
step  32700  train 8.0336e+00  |g| 0.00e+00  [17338s]
step  32800  train 8.0186e+00  |g| 0.00e+00  [17388s]
step  32900  train 8.0097e+00  |g| 0.00e+00  [17439s]
step  33000  train 7.9979e+00  |g| 0.00e+00  [17490s]
step  33100  train 8.1000e+00  |g| 0.00e+00  [17541s]
step  33200  train 8.0046e+00  |g| 0.00e+00  [17592s]
step  33300  train 8.0098e+00  |g| 0.00e+00  [17643s]
step  33400  train 8.0200e+00  |g| 0.00e+00  [17694s]
step  33500  train 7.9987e+00  |g| 0.00e+00  [17745s]
step  33600  train 8.1017e+00  |g| 0.00e+00  [17796s]
step  33700  train 8.0342e+00  |g| 0.00e+00  [17847s]
step  33800  train 8.0167e+00  |g| 0.00e+00  [17898s]
step  33900  train 8.0760e+00  |g| 0.00e+00  [17949s]
step  34000  train 8.0256e+00  val 8.0273e+00  6d geo 1.696e-01 med 1.881e-01 p90 3.065e-01 (const 4.730e-02)  |g| 0.00e+00  [18000s]
           5d geo 1.830e-01 med 2.061e-01   postmu 6d geo 1.832e-01 med 2.017e-01 p90 3.357e-01   mu |dlog| 2.1914
           WARNING: prediction spread 0.000 of ground truth -- the output has collapsed to a constant (saturated tanh); lower --lr or raise --warmup-steps and restart
           corr(identifiable)  mu=+0.00  D_div_mu=+0.00  T0_div_mu=+0.00  Ly=+0.00  op_x=+0.00  op_y=+0.00   mean spread/GT 0.00
           err share           mu=9%  D_div_mu=5%  T0_div_mu=2%  Ly=28%  op_x=28%  op_y=29%
step  34100  train 8.0283e+00  |g| 0.00e+00  [18056s]
step  34200  train 8.0790e+00  |g| 0.00e+00  [18107s]
step  34300  train 7.9901e+00  |g| 0.00e+00  [18158s]
step  34400  train 7.9755e+00  |g| 0.00e+00  [18209s]
step  34500  train 8.0941e+00  |g| 0.00e+00  [18260s]
step  34600  train 8.0259e+00  |g| 0.00e+00  [18311s]
step  34700  train 7.9671e+00  |g| 0.00e+00  [18362s]
step  34800  train 8.0768e+00  |g| 0.00e+00  [18413s]
step  34900  train 8.0644e+00  |g| 0.00e+00  [18464s]
step  35000  train 8.1304e+00  |g| 0.00e+00  [18515s]
step  35100  train 8.0886e+00  |g| 0.00e+00  [18566s]
step  35200  train 7.9949e+00  |g| 0.00e+00  [18617s]
step  35300  train 8.0372e+00  |g| 0.00e+00  [18668s]
step  35400  train 8.0614e+00  |g| 0.00e+00  [18719s]
step  35500  train 8.1151e+00  |g| 0.00e+00  [18770s]
step  35600  train 8.0174e+00  |g| 0.00e+00  [18821s]
step  35700  train 8.0719e+00  |g| 0.00e+00  [18872s]
step  35800  train 8.0277e+00  |g| 0.00e+00  [18923s]
step  35900  train 8.0014e+00  |g| 0.00e+00  [18974s]
step  36000  train 8.0697e+00  val 8.0273e+00  6d geo 1.696e-01 med 1.881e-01 p90 3.065e-01 (const 4.730e-02)  |g| 0.00e+00  [19025s]
           5d geo 1.830e-01 med 2.061e-01   postmu 6d geo 1.832e-01 med 2.017e-01 p90 3.357e-01   mu |dlog| 2.1914
           WARNING: prediction spread 0.000 of ground truth -- the output has collapsed to a constant (saturated tanh); lower --lr or raise --warmup-steps and restart
           corr(identifiable)  mu=+0.00  D_div_mu=+0.00  T0_div_mu=+0.00  Ly=+0.00  op_x=+0.00  op_y=+0.00   mean spread/GT 0.00
           err share           mu=9%  D_div_mu=5%  T0_div_mu=2%  Ly=28%  op_x=28%  op_y=29%
step  36100  train 8.0579e+00  |g| 0.00e+00  [19080s]
step  36200  train 8.0610e+00  |g| 0.00e+00  [19131s]
step  36300  train 8.0348e+00  |g| 0.00e+00  [19182s]
step  36400  train 8.0191e+00  |g| 0.00e+00  [19233s]
step  36500  train 8.0650e+00  |g| 0.00e+00  [19284s]
step  36600  train 7.9842e+00  |g| 0.00e+00  [19335s]
step  36700  train 7.9573e+00  |g| 0.00e+00  [19386s]
step  36800  train 8.0714e+00  |g| 0.00e+00  [19437s]
step  36900  train 8.0648e+00  |g| 0.00e+00  [19488s]
step  37000  train 8.0458e+00  |g| 0.00e+00  [19539s]
step  37100  train 8.0423e+00  |g| 0.00e+00  [19590s]
step  37200  train 7.9491e+00  |g| 0.00e+00  [19641s]
step  37300  train 7.9978e+00  |g| 0.00e+00  [19692s]
step  37400  train 8.0343e+00  |g| 0.00e+00  [19743s]
step  37500  train 8.0639e+00  |g| 0.00e+00  [19794s]
step  37600  train 8.0123e+00  |g| 0.00e+00  [19845s]
step  37700  train 8.0176e+00  |g| 0.00e+00  [19896s]
step  37800  train 7.9674e+00  |g| 0.00e+00  [19947s]
step  37900  train 7.8736e+00  |g| 0.00e+00  [19998s]
step  38000  train 8.1245e+00  val 8.0273e+00  6d geo 1.696e-01 med 1.881e-01 p90 3.065e-01 (const 4.730e-02)  |g| 0.00e+00  [20049s]
           5d geo 1.830e-01 med 2.061e-01   postmu 6d geo 1.832e-01 med 2.017e-01 p90 3.357e-01   mu |dlog| 2.1914
           WARNING: prediction spread 0.000 of ground truth -- the output has collapsed to a constant (saturated tanh); lower --lr or raise --warmup-steps and restart
           corr(identifiable)  mu=+0.00  D_div_mu=+0.00  T0_div_mu=+0.00  Ly=+0.00  op_x=+0.00  op_y=+0.00   mean spread/GT 0.00
           err share           mu=9%  D_div_mu=5%  T0_div_mu=2%  Ly=28%  op_x=28%  op_y=29%
step  38100  train 8.0150e+00  |g| 0.00e+00  [20105s]
step  38200  train 8.0834e+00  |g| 0.00e+00  [20156s]
step  38300  train 8.0583e+00  |g| 0.00e+00  [20207s]
step  38400  train 8.0216e+00  |g| 0.00e+00  [20258s]
step  38500  train 7.9424e+00  |g| 0.00e+00  [20309s]
step  38600  train 7.9931e+00  |g| 0.00e+00  [20360s]
step  38700  train 8.0331e+00  |g| 0.00e+00  [20411s]
step  38800  train 8.0357e+00  |g| 0.00e+00  [20463s]
step  38900  train 8.0341e+00  |g| 0.00e+00  [20514s]
step  39000  train 8.0197e+00  |g| 0.00e+00  [20565s]
step  39100  train 7.9936e+00  |g| 0.00e+00  [20616s]
step  39200  train 7.9584e+00  |g| 0.00e+00  [20667s]
step  39300  train 8.0421e+00  |g| 0.00e+00  [20718s]
step  39400  train 7.9125e+00  |g| 0.00e+00  [20769s]
step  39500  train 8.0749e+00  |g| 0.00e+00  [20820s]
step  39600  train 8.0396e+00  |g| 0.00e+00  [20871s]
step  39700  train 8.0439e+00  |g| 0.00e+00  [20922s]
step  39800  train 7.9448e+00  |g| 0.00e+00  [20973s]
step  39900  train 8.0778e+00  |g| 0.00e+00  [21024s]
step  40000  train 8.0562e+00  val 8.0273e+00  6d geo 1.696e-01 med 1.881e-01 p90 3.065e-01 (const 4.730e-02)  |g| 0.00e+00  [21075s]
           5d geo 1.830e-01 med 2.061e-01   postmu 6d geo 1.832e-01 med 2.017e-01 p90 3.357e-01   mu |dlog| 2.1914
           WARNING: prediction spread 0.000 of ground truth -- the output has collapsed to a constant (saturated tanh); lower --lr or raise --warmup-steps and restart
           corr(identifiable)  mu=+0.00  D_div_mu=+0.00  T0_div_mu=+0.00  Ly=+0.00  op_x=+0.00  op_y=+0.00   mean spread/GT 0.00
           err share           mu=9%  D_div_mu=5%  T0_div_mu=2%  Ly=28%  op_x=28%  op_y=29%
step  40100  train 8.0164e+00  |g| 0.00e+00  [21131s]
step  40200  train 7.8809e+00  |g| 0.00e+00  [21182s]
step  40300  train 7.9197e+00  |g| 0.00e+00  [21233s]
step  40400  train 7.9513e+00  |g| 0.00e+00  [21284s]
step  40500  train 7.9967e+00  |g| 0.00e+00  [21335s]
step  40600  train 7.9908e+00  |g| 0.00e+00  [21386s]
step  40700  train 7.9936e+00  |g| 0.00e+00  [21437s]
step  40800  train 8.0042e+00  |g| 0.00e+00  [21488s]
step  40900  train 7.9500e+00  |g| 0.00e+00  [21539s]
step  41000  train 7.9798e+00  |g| 0.00e+00  [21590s]
step  41100  train 8.0801e+00  |g| 0.00e+00  [21641s]
step  41200  train 7.9719e+00  |g| 0.00e+00  [21692s]
step  41300  train 8.0294e+00  |g| 0.00e+00  [21743s]
step  41400  train 7.9272e+00  |g| 0.00e+00  [21794s]
step  41500  train 8.0340e+00  |g| 0.00e+00  [21845s]
step  41600  train 8.0673e+00  |g| 0.00e+00  [21896s]
step  41700  train 8.0499e+00  |g| 0.00e+00  [21947s]
step  41800  train 8.1044e+00  |g| 0.00e+00  [21998s]
step  41900  train 8.0125e+00  |g| 0.00e+00  [22049s]
step  42000  train 7.9448e+00  val 8.0273e+00  6d geo 1.696e-01 med 1.881e-01 p90 3.065e-01 (const 4.730e-02)  |g| 0.00e+00  [22100s]
           5d geo 1.830e-01 med 2.061e-01   postmu 6d geo 1.832e-01 med 2.017e-01 p90 3.357e-01   mu |dlog| 2.1914
           WARNING: prediction spread 0.000 of ground truth -- the output has collapsed to a constant (saturated tanh); lower --lr or raise --warmup-steps and restart
           corr(identifiable)  mu=+0.00  D_div_mu=+0.00  T0_div_mu=+0.00  Ly=+0.00  op_x=+0.00  op_y=+0.00   mean spread/GT 0.00
           err share           mu=9%  D_div_mu=5%  T0_div_mu=2%  Ly=28%  op_x=28%  op_y=29%
step  42100  train 7.9988e+00  |g| 0.00e+00  [22156s]
step  42200  train 8.0134e+00  |g| 0.00e+00  [22207s]
step  42300  train 8.0353e+00  |g| 0.00e+00  [22258s]
step  42400  train 8.0451e+00  |g| 0.00e+00  [22309s]
step  42500  train 8.0609e+00  |g| 0.00e+00  [22360s]
step  42600  train 7.9484e+00  |g| 0.00e+00  [22411s]
step  42700  train 7.9740e+00  |g| 0.00e+00  [22462s]
step  42800  train 7.9673e+00  |g| 0.00e+00  [22513s]
step  42900  train 8.0239e+00  |g| 0.00e+00  [22564s]
step  43000  train 8.0325e+00  |g| 0.00e+00  [22615s]
step  43100  train 8.0090e+00  |g| 0.00e+00  [22666s]
step  43200  train 8.0562e+00  |g| 0.00e+00  [22717s]
step  43300  train 7.9599e+00  |g| 0.00e+00  [22768s]
step  43400  train 7.9958e+00  |g| 0.00e+00  [22819s]
step  43500  train 7.9904e+00  |g| 0.00e+00  [22870s]
step  43600  train 7.9855e+00  |g| 0.00e+00  [22921s]
step  43700  train 8.0676e+00  |g| 0.00e+00  [22972s]
step  43800  train 8.0640e+00  |g| 0.00e+00  [23023s]
step  43900  train 8.0704e+00  |g| 0.00e+00  [23074s]
step  44000  train 7.9738e+00  val 8.0273e+00  6d geo 1.696e-01 med 1.881e-01 p90 3.065e-01 (const 4.730e-02)  |g| 0.00e+00  [23125s]
           5d geo 1.830e-01 med 2.061e-01   postmu 6d geo 1.832e-01 med 2.017e-01 p90 3.357e-01   mu |dlog| 2.1914
           WARNING: prediction spread 0.000 of ground truth -- the output has collapsed to a constant (saturated tanh); lower --lr or raise --warmup-steps and restart
           corr(identifiable)  mu=+0.00  D_div_mu=+0.00  T0_div_mu=+0.00  Ly=+0.00  op_x=+0.00  op_y=+0.00   mean spread/GT 0.00
           err share           mu=9%  D_div_mu=5%  T0_div_mu=2%  Ly=28%  op_x=28%  op_y=29%
step  44100  train 7.9732e+00  |g| 0.00e+00  [23181s]
step  44200  train 8.0712e+00  |g| 0.00e+00  [23232s]
step  44300  train 8.0630e+00  |g| 0.00e+00  [23283s]
step  44400  train 8.0584e+00  |g| 0.00e+00  [23334s]
step  44500  train 7.9612e+00  |g| 0.00e+00  [23385s]
step  44600  train 7.9732e+00  |g| 0.00e+00  [23436s]
step  44700  train 8.0312e+00  |g| 0.00e+00  [23487s]
step  44800  train 8.0822e+00  |g| 0.00e+00  [23538s]
step  44900  train 8.0403e+00  |g| 0.00e+00  [23589s]
step  45000  train 8.0410e+00  |g| 0.00e+00  [23640s]
step  45100  train 8.0582e+00  |g| 0.00e+00  [23691s]
step  45200  train 8.0356e+00  |g| 0.00e+00  [23742s]
step  45300  train 8.0116e+00  |g| 0.00e+00  [23793s]
step  45400  train 8.0931e+00  |g| 0.00e+00  [23845s]
step  45500  train 8.0469e+00  |g| 0.00e+00  [23896s]
step  45600  train 8.0110e+00  |g| 0.00e+00  [23947s]
step  45700  train 8.0025e+00  |g| 0.00e+00  [23998s]
step  45800  train 8.0702e+00  |g| 0.00e+00  [24049s]
step  45900  train 8.0049e+00  |g| 0.00e+00  [24100s]
step  46000  train 8.0448e+00  val 8.0273e+00  6d geo 1.696e-01 med 1.881e-01 p90 3.065e-01 (const 4.730e-02)  |g| 0.00e+00  [24151s]
           5d geo 1.830e-01 med 2.061e-01   postmu 6d geo 1.832e-01 med 2.017e-01 p90 3.357e-01   mu |dlog| 2.1914
           WARNING: prediction spread 0.000 of ground truth -- the output has collapsed to a constant (saturated tanh); lower --lr or raise --warmup-steps and restart
           corr(identifiable)  mu=+0.00  D_div_mu=+0.00  T0_div_mu=+0.00  Ly=+0.00  op_x=+0.00  op_y=+0.00   mean spread/GT 0.00
           err share           mu=9%  D_div_mu=5%  T0_div_mu=2%  Ly=28%  op_x=28%  op_y=29%
step  46100  train 8.0147e+00  |g| 0.00e+00  [24207s]
step  46200  train 8.0849e+00  |g| 0.00e+00  [24258s]
step  46300  train 8.0629e+00  |g| 0.00e+00  [24309s]
step  46400  train 7.9648e+00  |g| 0.00e+00  [24360s]
step  46500  train 7.9655e+00  |g| 0.00e+00  [24411s]
step  46600  train 8.0867e+00  |g| 0.00e+00  [24462s]
step  46700  train 8.0605e+00  |g| 0.00e+00  [24513s]
step  46800  train 8.0999e+00  |g| 0.00e+00  [24564s]
step  46900  train 8.0422e+00  |g| 0.00e+00  [24615s]
step  47000  train 8.0297e+00  |g| 0.00e+00  [24666s]
step  47100  train 8.1120e+00  |g| 0.00e+00  [24717s]
step  47200  train 7.9556e+00  |g| 0.00e+00  [24768s]
step  47300  train 8.0197e+00  |g| 0.00e+00  [24819s]
step  47400  train 8.0576e+00  |g| 0.00e+00  [24870s]
step  47500  train 8.0079e+00  |g| 0.00e+00  [24921s]
step  47600  train 7.9364e+00  |g| 0.00e+00  [24972s]
step  47700  train 8.0890e+00  |g| 0.00e+00  [25023s]
step  47800  train 8.0827e+00  |g| 0.00e+00  [25074s]
step  47900  train 8.0246e+00  |g| 0.00e+00  [25125s]
step  48000  train 7.9966e+00  val 8.0273e+00  6d geo 1.696e-01 med 1.881e-01 p90 3.065e-01 (const 4.730e-02)  |g| 0.00e+00  [25176s]
           5d geo 1.830e-01 med 2.061e-01   postmu 6d geo 1.832e-01 med 2.017e-01 p90 3.357e-01   mu |dlog| 2.1914
           WARNING: prediction spread 0.000 of ground truth -- the output has collapsed to a constant (saturated tanh); lower --lr or raise --warmup-steps and restart
           corr(identifiable)  mu=+0.00  D_div_mu=+0.00  T0_div_mu=+0.00  Ly=+0.00  op_x=+0.00  op_y=+0.00   mean spread/GT 0.00
           err share           mu=9%  D_div_mu=5%  T0_div_mu=2%  Ly=28%  op_x=28%  op_y=29%
step  48100  train 8.0064e+00  |g| 0.00e+00  [25232s]
step  48200  train 7.9646e+00  |g| 0.00e+00  [25283s]
step  48300  train 8.0089e+00  |g| 0.00e+00  [25334s]
step  48400  train 8.0068e+00  |g| 0.00e+00  [25385s]
step  48500  train 7.9646e+00  |g| 0.00e+00  [25436s]
step  48600  train 8.0042e+00  |g| 0.00e+00  [25487s]
step  48700  train 8.0004e+00  |g| 0.00e+00  [25538s]
step  48800  train 8.0477e+00  |g| 0.00e+00  [25589s]
step  48900  train 7.9964e+00  |g| 0.00e+00  [25640s]
step  49000  train 7.9729e+00  |g| 0.00e+00  [25691s]
step  49100  train 8.0405e+00  |g| 0.00e+00  [25742s]
step  49200  train 8.0233e+00  |g| 0.00e+00  [25793s]
step  49300  train 8.0348e+00  |g| 0.00e+00  [25844s]
step  49400  train 8.0243e+00  |g| 0.00e+00  [25895s]
step  49500  train 8.0155e+00  |g| 0.00e+00  [25946s]
step  49600  train 8.0300e+00  |g| 0.00e+00  [25997s]
step  49700  train 8.0653e+00  |g| 0.00e+00  [26048s]
step  49800  train 7.9765e+00  |g| 0.00e+00  [26099s]
step  49900  train 7.9738e+00  |g| 0.00e+00  [26150s]
step  50000  train 8.0013e+00  val 8.0273e+00  6d geo 1.696e-01 med 1.881e-01 p90 3.065e-01 (const 4.730e-02)  |g| 0.00e+00  [26201s]
           5d geo 1.830e-01 med 2.061e-01   postmu 6d geo 1.832e-01 med 2.017e-01 p90 3.357e-01   mu |dlog| 2.1914
           WARNING: prediction spread 0.000 of ground truth -- the output has collapsed to a constant (saturated tanh); lower --lr or raise --warmup-steps and restart
           corr(identifiable)  mu=+0.00  D_div_mu=+0.00  T0_div_mu=+0.00  Ly=+0.00  op_x=+0.00  op_y=+0.00   mean spread/GT 0.00
           err share           mu=9%  D_div_mu=5%  T0_div_mu=2%  Ly=28%  op_x=28%  op_y=29%
step  50100  train 8.0526e+00  |g| 0.00e+00  [26257s]
step  50200  train 8.1067e+00  |g| 0.00e+00  [26308s]
step  50300  train 8.0160e+00  |g| 0.00e+00  [26359s]
step  50400  train 8.0845e+00  |g| 0.00e+00  [26410s]
step  50500  train 8.0612e+00  |g| 0.00e+00  [26461s]
step  50600  train 8.0345e+00  |g| 0.00e+00  [26512s]
step  50700  train 7.9482e+00  |g| 0.00e+00  [26564s]
step  50800  train 7.9966e+00  |g| 0.00e+00  [26615s]
step  50900  train 7.9906e+00  |g| 0.00e+00  [26666s]
step  51000  train 8.0750e+00  |g| 0.00e+00  [26717s]
step  51100  train 8.0911e+00  |g| 0.00e+00  [26768s]
step  51200  train 7.9846e+00  |g| 0.00e+00  [26819s]
step  51300  train 7.9609e+00  |g| 0.00e+00  [26870s]
step  51400  train 8.0365e+00  |g| 0.00e+00  [26921s]
step  51500  train 7.9827e+00  |g| 0.00e+00  [26972s]
step  51600  train 8.0188e+00  |g| 0.00e+00  [27023s]
step  51700  train 8.0612e+00  |g| 0.00e+00  [27074s]
step  51800  train 8.0173e+00  |g| 0.00e+00  [27125s]
step  51900  train 8.0622e+00  |g| 0.00e+00  [27176s]
step  52000  train 8.0358e+00  val 8.0273e+00  6d geo 1.696e-01 med 1.881e-01 p90 3.065e-01 (const 4.730e-02)  |g| 0.00e+00  [27227s]
           5d geo 1.830e-01 med 2.061e-01   postmu 6d geo 1.832e-01 med 2.017e-01 p90 3.357e-01   mu |dlog| 2.1914
           WARNING: prediction spread 0.000 of ground truth -- the output has collapsed to a constant (saturated tanh); lower --lr or raise --warmup-steps and restart
           corr(identifiable)  mu=+0.00  D_div_mu=+0.00  T0_div_mu=+0.00  Ly=+0.00  op_x=+0.00  op_y=+0.00   mean spread/GT 0.00
           err share           mu=9%  D_div_mu=5%  T0_div_mu=2%  Ly=28%  op_x=28%  op_y=29%
step  52100  train 8.0053e+00  |g| 0.00e+00  [27283s]
step  52200  train 8.0990e+00  |g| 0.00e+00  [27334s]
step  52300  train 7.9982e+00  |g| 0.00e+00  [27385s]
step  52400  train 8.0746e+00  |g| 0.00e+00  [27436s]
step  52500  train 8.0453e+00  |g| 0.00e+00  [27487s]
step  52600  train 8.0773e+00  |g| 0.00e+00  [27538s]
step  52700  train 7.9744e+00  |g| 0.00e+00  [27589s]
step  52800  train 7.9563e+00  |g| 0.00e+00  [27640s]
step  52900  train 8.1251e+00  |g| 0.00e+00  [27691s]
step  53000  train 8.0683e+00  |g| 0.00e+00  [27743s]
step  53100  train 8.0685e+00  |g| 0.00e+00  [27794s]
step  53200  train 8.0153e+00  |g| 0.00e+00  [27845s]
step  53300  train 8.1835e+00  |g| 0.00e+00  [27896s]
step  53400  train 8.0288e+00  |g| 0.00e+00  [27947s]
step  53500  train 8.0032e+00  |g| 0.00e+00  [27998s]
step  53600  train 8.0708e+00  |g| 0.00e+00  [28049s]
step  53700  train 8.0024e+00  |g| 0.00e+00  [28100s]
step  53800  train 8.0103e+00  |g| 0.00e+00  [28151s]
step  53900  train 7.9418e+00  |g| 0.00e+00  [28202s]
step  54000  train 7.9973e+00  val 8.0273e+00  6d geo 1.696e-01 med 1.881e-01 p90 3.065e-01 (const 4.730e-02)  |g| 0.00e+00  [28253s]
           5d geo 1.830e-01 med 2.061e-01   postmu 6d geo 1.832e-01 med 2.017e-01 p90 3.357e-01   mu |dlog| 2.1914
           WARNING: prediction spread 0.000 of ground truth -- the output has collapsed to a constant (saturated tanh); lower --lr or raise --warmup-steps and restart
           corr(identifiable)  mu=+0.00  D_div_mu=+0.00  T0_div_mu=+0.00  Ly=+0.00  op_x=+0.00  op_y=+0.00   mean spread/GT 0.00
           err share           mu=9%  D_div_mu=5%  T0_div_mu=2%  Ly=28%  op_x=28%  op_y=29%
step  54100  train 8.0249e+00  |g| 0.00e+00  [28309s]
step  54200  train 7.9949e+00  |g| 0.00e+00  [28360s]
step  54300  train 8.0370e+00  |g| 0.00e+00  [28411s]
step  54400  train 8.0781e+00  |g| 0.00e+00  [28462s]
step  54500  train 8.0552e+00  |g| 0.00e+00  [28513s]
step  54600  train 8.1009e+00  |g| 0.00e+00  [28564s]
step  54700  train 8.0959e+00  |g| 0.00e+00  [28615s]
step  54800  train 8.0125e+00  |g| 0.00e+00  [28666s]
step  54900  train 8.0209e+00  |g| 0.00e+00  [28717s]
step  55000  train 8.0931e+00  |g| 0.00e+00  [28768s]
step  55100  train 8.1021e+00  |g| 0.00e+00  [28819s]
step  55200  train 7.9984e+00  |g| 0.00e+00  [28870s]
step  55300  train 7.9790e+00  |g| 0.00e+00  [28921s]
step  55400  train 7.9558e+00  |g| 0.00e+00  [28972s]
step  55500  train 8.1247e+00  |g| 0.00e+00  [29023s]
step  55600  train 8.1346e+00  |g| 0.00e+00  [29075s]
step  55700  train 7.9638e+00  |g| 0.00e+00  [29126s]
step  55800  train 7.9731e+00  |g| 0.00e+00  [29177s]
step  55900  train 8.0238e+00  |g| 0.00e+00  [29228s]
step  56000  train 7.8833e+00  val 8.0273e+00  6d geo 1.696e-01 med 1.881e-01 p90 3.065e-01 (const 4.730e-02)  |g| 0.00e+00  [29279s]
           5d geo 1.830e-01 med 2.061e-01   postmu 6d geo 1.832e-01 med 2.017e-01 p90 3.357e-01   mu |dlog| 2.1914
           WARNING: prediction spread 0.000 of ground truth -- the output has collapsed to a constant (saturated tanh); lower --lr or raise --warmup-steps and restart
           corr(identifiable)  mu=+0.00  D_div_mu=+0.00  T0_div_mu=+0.00  Ly=+0.00  op_x=+0.00  op_y=+0.00   mean spread/GT 0.00
           err share           mu=9%  D_div_mu=5%  T0_div_mu=2%  Ly=28%  op_x=28%  op_y=29%
step  56100  train 8.0587e+00  |g| 0.00e+00  [29334s]
step  56200  train 7.9079e+00  |g| 0.00e+00  [29386s]
step  56300  train 8.0459e+00  |g| 0.00e+00  [29437s]
step  56400  train 8.0408e+00  |g| 0.00e+00  [29488s]
step  56500  train 8.0381e+00  |g| 0.00e+00  [29539s]
step  56600  train 8.0243e+00  |g| 0.00e+00  [29590s]
step  56700  train 7.9889e+00  |g| 0.00e+00  [29641s]
step  56800  train 7.9739e+00  |g| 0.00e+00  [29692s]
step  56900  train 8.0866e+00  |g| 0.00e+00  [29743s]
step  57000  train 7.9859e+00  |g| 0.00e+00  [29794s]
step  57100  train 8.0584e+00  |g| 0.00e+00  [29845s]
step  57200  train 8.1149e+00  |g| 0.00e+00  [29896s]
step  57300  train 8.0585e+00  |g| 0.00e+00  [29947s]
step  57400  train 8.0861e+00  |g| 0.00e+00  [29998s]
step  57500  train 7.9691e+00  |g| 0.00e+00  [30049s]
step  57600  train 8.0376e+00  |g| 0.00e+00  [30100s]
step  57700  train 8.0413e+00  |g| 0.00e+00  [30151s]
step  57800  train 8.0125e+00  |g| 0.00e+00  [30202s]
step  57900  train 8.0353e+00  |g| 0.00e+00  [30254s]
step  58000  train 8.0085e+00  val 8.0273e+00  6d geo 1.696e-01 med 1.881e-01 p90 3.065e-01 (const 4.730e-02)  |g| 0.00e+00  [30305s]
           5d geo 1.830e-01 med 2.061e-01   postmu 6d geo 1.832e-01 med 2.017e-01 p90 3.357e-01   mu |dlog| 2.1914
           WARNING: prediction spread 0.000 of ground truth -- the output has collapsed to a constant (saturated tanh); lower --lr or raise --warmup-steps and restart
           corr(identifiable)  mu=+0.00  D_div_mu=+0.00  T0_div_mu=+0.00  Ly=+0.00  op_x=+0.00  op_y=+0.00   mean spread/GT 0.00
           err share           mu=9%  D_div_mu=5%  T0_div_mu=2%  Ly=28%  op_x=28%  op_y=29%
step  58100  train 8.0018e+00  |g| 0.00e+00  [30360s]
step  58200  train 8.0317e+00  |g| 0.00e+00  [30411s]
step  58300  train 8.0456e+00  |g| 0.00e+00  [30463s]
step  58400  train 8.0319e+00  |g| 0.00e+00  [30514s]
step  58500  train 7.9950e+00  |g| 0.00e+00  [30565s]
step  58600  train 7.9860e+00  |g| 0.00e+00  [30616s]
step  58700  train 8.0058e+00  |g| 0.00e+00  [30667s]
step  58800  train 8.0343e+00  |g| 0.00e+00  [30718s]
step  58900  train 8.0952e+00  |g| 0.00e+00  [30769s]
step  59000  train 8.1163e+00  |g| 0.00e+00  [30820s]
step  59100  train 7.9046e+00  |g| 0.00e+00  [30871s]
step  59200  train 8.0140e+00  |g| 0.00e+00  [30922s]
step  59300  train 8.0159e+00  |g| 0.00e+00  [30973s]
step  59400  train 8.1424e+00  |g| 0.00e+00  [31024s]
step  59500  train 8.0745e+00  |g| 0.00e+00  [31075s]
step  59600  train 8.0761e+00  |g| 0.00e+00  [31126s]
step  59700  train 8.1076e+00  |g| 0.00e+00  [31177s]
step  59800  train 8.0613e+00  |g| 0.00e+00  [31229s]
step  59900  train 8.0086e+00  |g| 0.00e+00  [31280s]
step  60000  train 8.0752e+00  val 8.0273e+00  6d geo 1.696e-01 med 1.881e-01 p90 3.065e-01 (const 4.730e-02)  |g| 0.00e+00  [31331s]
           5d geo 1.830e-01 med 2.061e-01   postmu 6d geo 1.832e-01 med 2.017e-01 p90 3.357e-01   mu |dlog| 2.1914
           WARNING: prediction spread 0.000 of ground truth -- the output has collapsed to a constant (saturated tanh); lower --lr or raise --warmup-steps and restart
           corr(identifiable)  mu=+0.00  D_div_mu=+0.00  T0_div_mu=+0.00  Ly=+0.00  op_x=+0.00  op_y=+0.00   mean spread/GT 0.00
           err share           mu=9%  D_div_mu=5%  T0_div_mu=2%  Ly=28%  op_x=28%  op_y=29%
step  60100  train 7.9550e+00  |g| 0.00e+00  [31387s]
step  60200  train 8.0595e+00  |g| 0.00e+00  [31438s]
step  60300  train 7.9674e+00  |g| 0.00e+00  [31489s]
step  60400  train 8.0491e+00  |g| 0.00e+00  [31540s]
step  60500  train 8.0494e+00  |g| 0.00e+00  [31591s]
step  60600  train 8.0867e+00  |g| 0.00e+00  [31642s]
step  60700  train 7.9945e+00  |g| 0.00e+00  [31693s]
step  60800  train 8.0484e+00  |g| 0.00e+00  [31744s]
step  60900  train 8.0779e+00  |g| 0.00e+00  [31795s]
step  61000  train 8.0444e+00  |g| 0.00e+00  [31846s]
step  61100  train 7.9577e+00  |g| 0.00e+00  [31897s]
step  61200  train 8.0040e+00  |g| 0.00e+00  [31948s]
step  61300  train 8.1124e+00  |g| 0.00e+00  [31999s]
step  61400  train 8.0248e+00  |g| 0.00e+00  [32051s]
step  61500  train 8.0481e+00  |g| 0.00e+00  [32102s]
step  61600  train 8.0813e+00  |g| 0.00e+00  [32153s]
step  61700  train 8.0563e+00  |g| 0.00e+00  [32204s]
step  61800  train 8.0048e+00  |g| 0.00e+00  [32255s]
step  61900  train 8.0563e+00  |g| 0.00e+00  [32306s]
step  62000  train 8.1208e+00  val 8.0273e+00  6d geo 1.696e-01 med 1.881e-01 p90 3.065e-01 (const 4.730e-02)  |g| 0.00e+00  [32357s]
           5d geo 1.830e-01 med 2.061e-01   postmu 6d geo 1.832e-01 med 2.017e-01 p90 3.357e-01   mu |dlog| 2.1914
           WARNING: prediction spread 0.000 of ground truth -- the output has collapsed to a constant (saturated tanh); lower --lr or raise --warmup-steps and restart
           corr(identifiable)  mu=+0.00  D_div_mu=+0.00  T0_div_mu=+0.00  Ly=+0.00  op_x=+0.00  op_y=+0.00   mean spread/GT 0.00
           err share           mu=9%  D_div_mu=5%  T0_div_mu=2%  Ly=28%  op_x=28%  op_y=29%
step  62100  train 7.9317e+00  |g| 0.00e+00  [32413s]
step  62200  train 8.0278e+00  |g| 0.00e+00  [32464s]
step  62300  train 7.9623e+00  |g| 0.00e+00  [32515s]
step  62400  train 8.0515e+00  |g| 0.00e+00  [32566s]
step  62500  train 7.9237e+00  |g| 0.00e+00  [32617s]
step  62600  train 8.0708e+00  |g| 0.00e+00  [32668s]
step  62700  train 8.1251e+00  |g| 0.00e+00  [32720s]
step  62800  train 8.0632e+00  |g| 0.00e+00  [32771s]
step  62900  train 8.0889e+00  |g| 0.00e+00  [32822s]
step  63000  train 8.0504e+00  |g| 0.00e+00  [32873s]
step  63100  train 7.9274e+00  |g| 0.00e+00  [32924s]
step  63200  train 8.0819e+00  |g| 0.00e+00  [32975s]
step  63300  train 8.0661e+00  |g| 0.00e+00  [33026s]
step  63400  train 7.9440e+00  |g| 0.00e+00  [33077s]
step  63500  train 8.0836e+00  |g| 0.00e+00  [33128s]
step  63600  train 8.0362e+00  |g| 0.00e+00  [33179s]
step  63700  train 8.0198e+00  |g| 0.00e+00  [33231s]
step  63800  train 7.9890e+00  |g| 0.00e+00  [33282s]
step  63900  train 8.0252e+00  |g| 0.00e+00  [33333s]
step  64000  train 8.0022e+00  val 8.0273e+00  6d geo 1.696e-01 med 1.881e-01 p90 3.065e-01 (const 4.730e-02)  |g| 0.00e+00  [33384s]
           5d geo 1.830e-01 med 2.061e-01   postmu 6d geo 1.832e-01 med 2.017e-01 p90 3.357e-01   mu |dlog| 2.1914
           WARNING: prediction spread 0.000 of ground truth -- the output has collapsed to a constant (saturated tanh); lower --lr or raise --warmup-steps and restart
           corr(identifiable)  mu=+0.00  D_div_mu=+0.00  T0_div_mu=+0.00  Ly=+0.00  op_x=+0.00  op_y=+0.00   mean spread/GT 0.00
           err share           mu=9%  D_div_mu=5%  T0_div_mu=2%  Ly=28%  op_x=28%  op_y=29%
step  64100  train 8.0790e+00  |g| 0.00e+00  [33440s]
step  64200  train 8.0308e+00  |g| 0.00e+00  [33491s]
step  64300  train 8.0510e+00  |g| 0.00e+00  [33542s]
step  64400  train 8.0084e+00  |g| 0.00e+00  [33593s]
step  64500  train 8.0516e+00  |g| 0.00e+00  [33644s]
step  64600  train 8.0052e+00  |g| 0.00e+00  [33695s]
step  64700  train 8.0486e+00  |g| 0.00e+00  [33746s]
step  64800  train 8.1193e+00  |g| 0.00e+00  [33797s]
step  64900  train 8.0617e+00  |g| 0.00e+00  [33848s]
step  65000  train 8.0469e+00  |g| 0.00e+00  [33899s]
step  65100  train 8.0223e+00  |g| 0.00e+00  [33950s]
step  65200  train 8.0571e+00  |g| 0.00e+00  [34001s]
step  65300  train 8.1102e+00  |g| 0.00e+00  [34052s]
step  65400  train 8.0202e+00  |g| 0.00e+00  [34103s]
step  65500  train 7.9647e+00  |g| 0.00e+00  [34155s]
step  65600  train 8.0095e+00  |g| 0.00e+00  [34206s]
step  65700  train 7.9934e+00  |g| 0.00e+00  [34257s]
step  65800  train 8.0269e+00  |g| 0.00e+00  [34308s]
step  65900  train 8.0706e+00  |g| 0.00e+00  [34359s]
step  66000  train 7.9961e+00  val 8.0273e+00  6d geo 1.696e-01 med 1.881e-01 p90 3.065e-01 (const 4.730e-02)  |g| 0.00e+00  [34410s]
           5d geo 1.830e-01 med 2.061e-01   postmu 6d geo 1.832e-01 med 2.017e-01 p90 3.357e-01   mu |dlog| 2.1914
           WARNING: prediction spread 0.000 of ground truth -- the output has collapsed to a constant (saturated tanh); lower --lr or raise --warmup-steps and restart
           corr(identifiable)  mu=+0.00  D_div_mu=+0.00  T0_div_mu=+0.00  Ly=+0.00  op_x=+0.00  op_y=+0.00   mean spread/GT 0.00
           err share           mu=9%  D_div_mu=5%  T0_div_mu=2%  Ly=28%  op_x=28%  op_y=29%
step  66100  train 8.0851e+00  |g| 0.00e+00  [34466s]
step  66200  train 8.0123e+00  |g| 0.00e+00  [34517s]
step  66300  train 7.9942e+00  |g| 0.00e+00  [34568s]
step  66400  train 7.9933e+00  |g| 0.00e+00  [34619s]
step  66500  train 8.0684e+00  |g| 0.00e+00  [34670s]
step  66600  train 7.9942e+00  |g| 0.00e+00  [34721s]
step  66700  train 8.0441e+00  |g| 0.00e+00  [34772s]
step  66800  train 8.0397e+00  |g| 0.00e+00  [34823s]
step  66900  train 8.0068e+00  |g| 0.00e+00  [34874s]
step  67000  train 8.1359e+00  |g| 0.00e+00  [34926s]
step  67100  train 7.9647e+00  |g| 0.00e+00  [34977s]
step  67200  train 7.9713e+00  |g| 0.00e+00  [35028s]
step  67300  train 8.0638e+00  |g| 0.00e+00  [35079s]
step  67400  train 8.0484e+00  |g| 0.00e+00  [35130s]
step  67500  train 7.9991e+00  |g| 0.00e+00  [35181s]
step  67600  train 7.9739e+00  |g| 0.00e+00  [35232s]
step  67700  train 8.1019e+00  |g| 0.00e+00  [35283s]
step  67800  train 7.9922e+00  |g| 0.00e+00  [35334s]
step  67900  train 8.1383e+00  |g| 0.00e+00  [35385s]
step  68000  train 8.1556e+00  val 8.0273e+00  6d geo 1.696e-01 med 1.881e-01 p90 3.065e-01 (const 4.730e-02)  |g| 0.00e+00  [35436s]
           5d geo 1.830e-01 med 2.061e-01   postmu 6d geo 1.832e-01 med 2.017e-01 p90 3.357e-01   mu |dlog| 2.1914
           WARNING: prediction spread 0.000 of ground truth -- the output has collapsed to a constant (saturated tanh); lower --lr or raise --warmup-steps and restart
           corr(identifiable)  mu=+0.00  D_div_mu=+0.00  T0_div_mu=+0.00  Ly=+0.00  op_x=+0.00  op_y=+0.00   mean spread/GT 0.00
           err share           mu=9%  D_div_mu=5%  T0_div_mu=2%  Ly=28%  op_x=28%  op_y=29%
step  68100  train 8.0695e+00  |g| 0.00e+00  [35492s]
step  68200  train 8.0458e+00  |g| 0.00e+00  [35543s]
step  68300  train 7.9932e+00  |g| 0.00e+00  [35594s]
step  68400  train 8.0728e+00  |g| 0.00e+00  [35645s]
step  68500  train 8.1091e+00  |g| 0.00e+00  [35696s]
step  68600  train 8.1114e+00  |g| 0.00e+00  [35747s]
step  68700  train 8.0132e+00  |g| 0.00e+00  [35798s]
step  68800  train 7.9524e+00  |g| 0.00e+00  [35849s]
step  68900  train 8.0225e+00  |g| 0.00e+00  [35900s]
step  69000  train 7.9485e+00  |g| 0.00e+00  [35951s]
step  69100  train 7.9998e+00  |g| 0.00e+00  [36002s]
step  69200  train 8.0036e+00  |g| 0.00e+00  [36052s]
step  69300  train 8.0163e+00  |g| 0.00e+00  [36103s]
step  69400  train 8.0588e+00  |g| 0.00e+00  [36154s]
step  69500  train 8.0859e+00  |g| 0.00e+00  [36205s]
step  69600  train 8.0613e+00  |g| 0.00e+00  [36256s]
step  69700  train 8.0538e+00  |g| 0.00e+00  [36307s]
step  69800  train 8.0846e+00  |g| 0.00e+00  [36358s]
step  69900  train 8.0900e+00  |g| 0.00e+00  [36409s]
step  70000  train 7.9822e+00  val 8.0273e+00  6d geo 1.696e-01 med 1.881e-01 p90 3.065e-01 (const 4.730e-02)  |g| 0.00e+00  [36460s]
           5d geo 1.830e-01 med 2.061e-01   postmu 6d geo 1.832e-01 med 2.017e-01 p90 3.357e-01   mu |dlog| 2.1914
           WARNING: prediction spread 0.000 of ground truth -- the output has collapsed to a constant (saturated tanh); lower --lr or raise --warmup-steps and restart
           corr(identifiable)  mu=+0.00  D_div_mu=+0.00  T0_div_mu=+0.00  Ly=+0.00  op_x=+0.00  op_y=+0.00   mean spread/GT 0.00
           err share           mu=9%  D_div_mu=5%  T0_div_mu=2%  Ly=28%  op_x=28%  op_y=29%
step  70100  train 7.9186e+00  |g| 0.00e+00  [36515s]
step  70200  train 8.0118e+00  |g| 0.00e+00  [36566s]
step  70300  train 8.0195e+00  |g| 0.00e+00  [36617s]
step  70400  train 8.0552e+00  |g| 0.00e+00  [36668s]
step  70500  train 8.1110e+00  |g| 0.00e+00  [36719s]
step  70600  train 7.9340e+00  |g| 0.00e+00  [36770s]
step  70700  train 8.0112e+00  |g| 0.00e+00  [36821s]
step  70800  train 7.9970e+00  |g| 0.00e+00  [36872s]
step  70900  train 8.0432e+00  |g| 0.00e+00  [36923s]
step  71000  train 8.1547e+00  |g| 0.00e+00  [36974s]
step  71100  train 7.9069e+00  |g| 0.00e+00  [37025s]
step  71200  train 7.9996e+00  |g| 0.00e+00  [37076s]
step  71300  train 8.1489e+00  |g| 0.00e+00  [37127s]
step  71400  train 8.0287e+00  |g| 0.00e+00  [37178s]
step  71500  train 8.0953e+00  |g| 0.00e+00  [37229s]
step  71600  train 8.0216e+00  |g| 0.00e+00  [37280s]
step  71700  train 8.1020e+00  |g| 0.00e+00  [37331s]
step  71800  train 8.0275e+00  |g| 0.00e+00  [37382s]
step  71900  train 8.0289e+00  |g| 0.00e+00  [37433s]
step  72000  train 8.0133e+00  val 8.0273e+00  6d geo 1.696e-01 med 1.881e-01 p90 3.065e-01 (const 4.730e-02)  |g| 0.00e+00  [37484s]
           5d geo 1.830e-01 med 2.061e-01   postmu 6d geo 1.832e-01 med 2.017e-01 p90 3.357e-01   mu |dlog| 2.1914
           WARNING: prediction spread 0.000 of ground truth -- the output has collapsed to a constant (saturated tanh); lower --lr or raise --warmup-steps and restart
           corr(identifiable)  mu=+0.00  D_div_mu=+0.00  T0_div_mu=+0.00  Ly=+0.00  op_x=+0.00  op_y=+0.00   mean spread/GT 0.00
           err share           mu=9%  D_div_mu=5%  T0_div_mu=2%  Ly=28%  op_x=28%  op_y=29%
step  72100  train 8.0478e+00  |g| 0.00e+00  [37540s]
step  72200  train 8.0609e+00  |g| 0.00e+00  [37591s]
step  72300  train 8.0862e+00  |g| 0.00e+00  [37642s]
step  72400  train 8.0102e+00  |g| 0.00e+00  [37693s]
step  72500  train 7.8998e+00  |g| 0.00e+00  [37744s]
step  72600  train 7.9443e+00  |g| 0.00e+00  [37795s]
step  72700  train 8.0658e+00  |g| 0.00e+00  [37846s]
step  72800  train 7.9585e+00  |g| 0.00e+00  [37897s]
step  72900  train 8.0371e+00  |g| 0.00e+00  [37948s]
step  73000  train 7.9791e+00  |g| 0.00e+00  [37998s]
step  73100  train 8.1278e+00  |g| 0.00e+00  [38049s]
step  73200  train 7.9288e+00  |g| 0.00e+00  [38100s]
step  73300  train 8.0319e+00  |g| 0.00e+00  [38151s]
step  73400  train 8.0194e+00  |g| 0.00e+00  [38202s]
step  73500  train 8.1490e+00  |g| 0.00e+00  [38253s]
step  73600  train 7.9062e+00  |g| 0.00e+00  [38304s]
step  73700  train 8.0553e+00  |g| 0.00e+00  [38355s]
step  73800  train 8.1333e+00  |g| 0.00e+00  [38406s]
step  73900  train 8.0197e+00  |g| 0.00e+00  [38457s]
step  74000  train 8.0154e+00  val 8.0273e+00  6d geo 1.696e-01 med 1.881e-01 p90 3.065e-01 (const 4.730e-02)  |g| 0.00e+00  [38508s]
           5d geo 1.830e-01 med 2.061e-01   postmu 6d geo 1.832e-01 med 2.017e-01 p90 3.357e-01   mu |dlog| 2.1914
           WARNING: prediction spread 0.000 of ground truth -- the output has collapsed to a constant (saturated tanh); lower --lr or raise --warmup-steps and restart
           corr(identifiable)  mu=+0.00  D_div_mu=+0.00  T0_div_mu=+0.00  Ly=+0.00  op_x=+0.00  op_y=+0.00   mean spread/GT 0.00
           err share           mu=9%  D_div_mu=5%  T0_div_mu=2%  Ly=28%  op_x=28%  op_y=29%
step  74100  train 8.0320e+00  |g| 0.00e+00  [38563s]
step  74200  train 8.0464e+00  |g| 0.00e+00  [38614s]
step  74300  train 7.9840e+00  |g| 0.00e+00  [38665s]
step  74400  train 7.9853e+00  |g| 0.00e+00  [38716s]
step  74500  train 8.0299e+00  |g| 0.00e+00  [38767s]
step  74600  train 8.0183e+00  |g| 0.00e+00  [38818s]
step  74700  train 8.0106e+00  |g| 0.00e+00  [38869s]
step  74800  train 8.0766e+00  |g| 0.00e+00  [38920s]
step  74900  train 8.0366e+00  |g| 0.00e+00  [38971s]
step  75000  train 8.0544e+00  |g| 0.00e+00  [39022s]
step  75100  train 8.0027e+00  |g| 0.00e+00  [39073s]
step  75200  train 8.0484e+00  |g| 0.00e+00  [39124s]
step  75300  train 8.1138e+00  |g| 0.00e+00  [39175s]
step  75400  train 8.0328e+00  |g| 0.00e+00  [39226s]
step  75500  train 7.9736e+00  |g| 0.00e+00  [39277s]
step  75600  train 8.0105e+00  |g| 0.00e+00  [39328s]
step  75700  train 8.1461e+00  |g| 0.00e+00  [39379s]
step  75800  train 8.0457e+00  |g| 0.00e+00  [39430s]
step  75900  train 8.0279e+00  |g| 0.00e+00  [39480s]
step  76000  train 7.9474e+00  val 8.0273e+00  6d geo 1.696e-01 med 1.881e-01 p90 3.065e-01 (const 4.730e-02)  |g| 0.00e+00  [39531s]
           5d geo 1.830e-01 med 2.061e-01   postmu 6d geo 1.832e-01 med 2.017e-01 p90 3.357e-01   mu |dlog| 2.1914
           WARNING: prediction spread 0.000 of ground truth -- the output has collapsed to a constant (saturated tanh); lower --lr or raise --warmup-steps and restart
           corr(identifiable)  mu=+0.00  D_div_mu=+0.00  T0_div_mu=+0.00  Ly=+0.00  op_x=+0.00  op_y=+0.00   mean spread/GT 0.00
           err share           mu=9%  D_div_mu=5%  T0_div_mu=2%  Ly=28%  op_x=28%  op_y=29%
step  76100  train 8.1232e+00  |g| 0.00e+00  [39587s]
step  76200  train 8.0655e+00  |g| 0.00e+00  [39638s]
step  76300  train 8.0580e+00  |g| 0.00e+00  [39689s]
step  76400  train 8.0158e+00  |g| 0.00e+00  [39740s]
step  76500  train 8.0137e+00  |g| 0.00e+00  [39791s]
step  76600  train 8.0551e+00  |g| 0.00e+00  [39842s]
step  76700  train 8.0321e+00  |g| 0.00e+00  [39893s]
step  76800  train 8.0945e+00  |g| 0.00e+00  [39944s]
step  76900  train 8.0691e+00  |g| 0.00e+00  [39995s]
step  77000  train 8.0311e+00  |g| 0.00e+00  [40046s]
step  77100  train 7.9800e+00  |g| 0.00e+00  [40097s]
step  77200  train 8.1187e+00  |g| 0.00e+00  [40148s]
step  77300  train 8.0337e+00  |g| 0.00e+00  [40199s]
step  77400  train 8.0151e+00  |g| 0.00e+00  [40250s]
step  77500  train 7.9984e+00  |g| 0.00e+00  [40301s]
step  77600  train 8.0419e+00  |g| 0.00e+00  [40352s]
step  77700  train 8.0028e+00  |g| 0.00e+00  [40403s]
step  77800  train 8.0687e+00  |g| 0.00e+00  [40454s]
step  77900  train 7.9642e+00  |g| 0.00e+00  [40505s]
step  78000  train 8.0342e+00  val 8.0273e+00  6d geo 1.696e-01 med 1.881e-01 p90 3.065e-01 (const 4.730e-02)  |g| 0.00e+00  [40556s]
           5d geo 1.830e-01 med 2.061e-01   postmu 6d geo 1.832e-01 med 2.017e-01 p90 3.357e-01   mu |dlog| 2.1914
           WARNING: prediction spread 0.000 of ground truth -- the output has collapsed to a constant (saturated tanh); lower --lr or raise --warmup-steps and restart
           corr(identifiable)  mu=+0.00  D_div_mu=+0.00  T0_div_mu=+0.00  Ly=+0.00  op_x=+0.00  op_y=+0.00   mean spread/GT 0.00
           err share           mu=9%  D_div_mu=5%  T0_div_mu=2%  Ly=28%  op_x=28%  op_y=29%
step  78100  train 8.0534e+00  |g| 0.00e+00  [40612s]
step  78200  train 8.0455e+00  |g| 0.00e+00  [40663s]
step  78300  train 8.0498e+00  |g| 0.00e+00  [40714s]
step  78400  train 8.0064e+00  |g| 0.00e+00  [40765s]
step  78500  train 8.0081e+00  |g| 0.00e+00  [40816s]
step  78600  train 8.0026e+00  |g| 0.00e+00  [40867s]
step  78700  train 8.0183e+00  |g| 0.00e+00  [40918s]
step  78800  train 7.9592e+00  |g| 0.00e+00  [40969s]
step  78900  train 7.9861e+00  |g| 0.00e+00  [41020s]
step  79000  train 8.0256e+00  |g| 0.00e+00  [41071s]
step  79100  train 8.0560e+00  |g| 0.00e+00  [41122s]
step  79200  train 8.1216e+00  |g| 0.00e+00  [41173s]
step  79300  train 8.0236e+00  |g| 0.00e+00  [41224s]
step  79400  train 7.9668e+00  |g| 0.00e+00  [41276s]
step  79500  train 7.9805e+00  |g| 0.00e+00  [41327s]
step  79600  train 8.0341e+00  |g| 0.00e+00  [41378s]
step  79700  train 7.9940e+00  |g| 0.00e+00  [41429s]
step  79800  train 8.1042e+00  |g| 0.00e+00  [41480s]
step  79900  train 8.0789e+00  |g| 0.00e+00  [41531s]
step  80000  train 7.9285e+00  val 8.0273e+00  6d geo 1.696e-01 med 1.881e-01 p90 3.065e-01 (const 4.730e-02)  |g| 0.00e+00  [41582s]
           5d geo 1.830e-01 med 2.061e-01   postmu 6d geo 1.832e-01 med 2.017e-01 p90 3.357e-01   mu |dlog| 2.1914
           WARNING: prediction spread 0.000 of ground truth -- the output has collapsed to a constant (saturated tanh); lower --lr or raise --warmup-steps and restart
           corr(identifiable)  mu=+0.00  D_div_mu=+0.00  T0_div_mu=+0.00  Ly=+0.00  op_x=+0.00  op_y=+0.00   mean spread/GT 0.00
           err share           mu=9%  D_div_mu=5%  T0_div_mu=2%  Ly=28%  op_x=28%  op_y=29%
step  80100  train 8.1028e+00  |g| 0.00e+00  [41638s]
step  80200  train 8.0016e+00  |g| 0.00e+00  [41689s]
step  80300  train 8.1125e+00  |g| 0.00e+00  [41740s]
step  80400  train 8.0062e+00  |g| 0.00e+00  [41791s]
step  80500  train 8.0263e+00  |g| 0.00e+00  [41842s]
step  80600  train 7.9907e+00  |g| 0.00e+00  [41893s]
step  80700  train 7.8965e+00  |g| 0.00e+00  [41944s]
step  80800  train 7.9767e+00  |g| 0.00e+00  [41995s]
step  80900  train 8.0027e+00  |g| 0.00e+00  [42046s]
step  81000  train 8.0029e+00  |g| 0.00e+00  [42097s]
step  81100  train 8.0098e+00  |g| 0.00e+00  [42148s]
step  81200  train 8.0080e+00  |g| 0.00e+00  [42199s]
step  81300  train 7.9648e+00  |g| 0.00e+00  [42250s]
step  81400  train 8.0595e+00  |g| 0.00e+00  [42301s]
step  81500  train 8.1110e+00  |g| 0.00e+00  [42353s]
step  81600  train 7.9865e+00  |g| 0.00e+00  [42404s]
step  81700  train 8.0289e+00  |g| 0.00e+00  [42455s]
step  81800  train 7.9909e+00  |g| 0.00e+00  [42506s]
step  81900  train 8.0040e+00  |g| 0.00e+00  [42557s]
step  82000  train 8.0499e+00  val 8.0273e+00  6d geo 1.696e-01 med 1.881e-01 p90 3.065e-01 (const 4.730e-02)  |g| 0.00e+00  [42608s]
           5d geo 1.830e-01 med 2.061e-01   postmu 6d geo 1.832e-01 med 2.017e-01 p90 3.357e-01   mu |dlog| 2.1914
           WARNING: prediction spread 0.000 of ground truth -- the output has collapsed to a constant (saturated tanh); lower --lr or raise --warmup-steps and restart
           corr(identifiable)  mu=+0.00  D_div_mu=+0.00  T0_div_mu=+0.00  Ly=+0.00  op_x=+0.00  op_y=+0.00   mean spread/GT 0.00
           err share           mu=9%  D_div_mu=5%  T0_div_mu=2%  Ly=28%  op_x=28%  op_y=29%
step  82100  train 8.0387e+00  |g| 0.00e+00  [42664s]
step  82200  train 8.0482e+00  |g| 0.00e+00  [42715s]
step  82300  train 8.0100e+00  |g| 0.00e+00  [42765s]
step  82400  train 8.0440e+00  |g| 0.00e+00  [42817s]
step  82500  train 8.0108e+00  |g| 0.00e+00  [42868s]
step  82600  train 8.0330e+00  |g| 0.00e+00  [42919s]
step  82700  train 7.9706e+00  |g| 0.00e+00  [42970s]
step  82800  train 8.0868e+00  |g| 0.00e+00  [43021s]
step  82900  train 8.0155e+00  |g| 0.00e+00  [43072s]
step  83000  train 8.0483e+00  |g| 0.00e+00  [43123s]
step  83100  train 7.9780e+00  |g| 0.00e+00  [43174s]
step  83200  train 8.0888e+00  |g| 0.00e+00  [43225s]
step  83300  train 8.0272e+00  |g| 0.00e+00  [43276s]
step  83400  train 8.0119e+00  |g| 0.00e+00  [43327s]
step  83500  train 8.0610e+00  |g| 0.00e+00  [43378s]
step  83600  train 7.9762e+00  |g| 0.00e+00  [43429s]
step  83700  train 8.0650e+00  |g| 0.00e+00  [43480s]
step  83800  train 8.0887e+00  |g| 0.00e+00  [43531s]
step  83900  train 7.9834e+00  |g| 0.00e+00  [43582s]
step  84000  train 7.9968e+00  val 8.0273e+00  6d geo 1.696e-01 med 1.881e-01 p90 3.065e-01 (const 4.730e-02)  |g| 0.00e+00  [43633s]
           5d geo 1.830e-01 med 2.061e-01   postmu 6d geo 1.832e-01 med 2.017e-01 p90 3.357e-01   mu |dlog| 2.1914
           WARNING: prediction spread 0.000 of ground truth -- the output has collapsed to a constant (saturated tanh); lower --lr or raise --warmup-steps and restart
           corr(identifiable)  mu=+0.00  D_div_mu=+0.00  T0_div_mu=+0.00  Ly=+0.00  op_x=+0.00  op_y=+0.00   mean spread/GT 0.00
           err share           mu=9%  D_div_mu=5%  T0_div_mu=2%  Ly=28%  op_x=28%  op_y=29%
step  84100  train 8.0180e+00  |g| 0.00e+00  [43689s]
step  84200  train 8.0351e+00  |g| 0.00e+00  [43740s]
step  84300  train 7.9782e+00  |g| 0.00e+00  [43791s]
step  84400  train 8.0208e+00  |g| 0.00e+00  [43842s]
step  84500  train 7.9898e+00  |g| 0.00e+00  [43893s]
step  84600  train 8.0311e+00  |g| 0.00e+00  [43944s]
step  84700  train 7.9374e+00  |g| 0.00e+00  [43995s]
step  84800  train 8.0581e+00  |g| 0.00e+00  [44046s]
step  84900  train 8.1119e+00  |g| 0.00e+00  [44097s]
step  85000  train 8.0186e+00  |g| 0.00e+00  [44148s]
step  85100  train 8.0733e+00  |g| 0.00e+00  [44200s]
step  85200  train 8.0691e+00  |g| 0.00e+00  [44251s]
step  85300  train 8.0916e+00  |g| 0.00e+00  [44302s]
step  85400  train 8.0607e+00  |g| 0.00e+00  [44353s]
step  85500  train 8.0929e+00  |g| 0.00e+00  [44404s]
step  85600  train 7.9734e+00  |g| 0.00e+00  [44455s]
step  85700  train 7.9565e+00  |g| 0.00e+00  [44506s]
step  85800  train 8.0152e+00  |g| 0.00e+00  [44557s]
step  85900  train 8.0114e+00  |g| 0.00e+00  [44608s]
step  86000  train 8.0275e+00  val 8.0273e+00  6d geo 1.696e-01 med 1.881e-01 p90 3.065e-01 (const 4.730e-02)  |g| 0.00e+00  [44659s]
           5d geo 1.830e-01 med 2.061e-01   postmu 6d geo 1.832e-01 med 2.017e-01 p90 3.357e-01   mu |dlog| 2.1914
           WARNING: prediction spread 0.000 of ground truth -- the output has collapsed to a constant (saturated tanh); lower --lr or raise --warmup-steps and restart
           corr(identifiable)  mu=+0.00  D_div_mu=+0.00  T0_div_mu=+0.00  Ly=+0.00  op_x=+0.00  op_y=+0.00   mean spread/GT 0.00
           err share           mu=9%  D_div_mu=5%  T0_div_mu=2%  Ly=28%  op_x=28%  op_y=29%
step  86100  train 8.0180e+00  |g| 0.00e+00  [44715s]
step  86200  train 8.0359e+00  |g| 0.00e+00  [44766s]
step  86300  train 8.0203e+00  |g| 0.00e+00  [44817s]
step  86400  train 8.0386e+00  |g| 0.00e+00  [44868s]
step  86500  train 7.9721e+00  |g| 0.00e+00  [44919s]
step  86600  train 7.9745e+00  |g| 0.00e+00  [44970s]
step  86700  train 8.0232e+00  |g| 0.00e+00  [45021s]
step  86800  train 8.0460e+00  |g| 0.00e+00  [45072s]
step  86900  train 8.1231e+00  |g| 0.00e+00  [45123s]
step  87000  train 8.0918e+00  |g| 0.00e+00  [45174s]
step  87100  train 7.9978e+00  |g| 0.00e+00  [45225s]
step  87200  train 8.0167e+00  |g| 0.00e+00  [45276s]
step  87300  train 7.9949e+00  |g| 0.00e+00  [45327s]
step  87400  train 8.0491e+00  |g| 0.00e+00  [45378s]
step  87500  train 8.0635e+00  |g| 0.00e+00  [45429s]
step  87600  train 8.0664e+00  |g| 0.00e+00  [45481s]
step  87700  train 8.0487e+00  |g| 0.00e+00  [45532s]
step  87800  train 8.0700e+00  |g| 0.00e+00  [45583s]
step  87900  train 8.1006e+00  |g| 0.00e+00  [45634s]
step  88000  train 8.0314e+00  val 8.0273e+00  6d geo 1.696e-01 med 1.881e-01 p90 3.065e-01 (const 4.730e-02)  |g| 0.00e+00  [45685s]
           5d geo 1.830e-01 med 2.061e-01   postmu 6d geo 1.832e-01 med 2.017e-01 p90 3.357e-01   mu |dlog| 2.1914
           WARNING: prediction spread 0.000 of ground truth -- the output has collapsed to a constant (saturated tanh); lower --lr or raise --warmup-steps and restart
           corr(identifiable)  mu=+0.00  D_div_mu=+0.00  T0_div_mu=+0.00  Ly=+0.00  op_x=+0.00  op_y=+0.00   mean spread/GT 0.00
           err share           mu=9%  D_div_mu=5%  T0_div_mu=2%  Ly=28%  op_x=28%  op_y=29%
step  88100  train 7.9582e+00  |g| 0.00e+00  [45741s]
step  88200  train 8.0848e+00  |g| 0.00e+00  [45792s]
step  88300  train 8.0916e+00  |g| 0.00e+00  [45843s]
step  88400  train 8.0182e+00  |g| 0.00e+00  [45894s]
step  88500  train 8.0652e+00  |g| 0.00e+00  [45945s]
step  88600  train 8.1120e+00  |g| 0.00e+00  [45996s]
step  88700  train 7.9274e+00  |g| 0.00e+00  [46047s]
step  88800  train 7.9978e+00  |g| 0.00e+00  [46098s]
step  88900  train 8.0832e+00  |g| 0.00e+00  [46150s]
step  89000  train 8.0270e+00  |g| 0.00e+00  [46201s]
step  89100  train 8.0004e+00  |g| 0.00e+00  [46252s]
step  89200  train 7.9668e+00  |g| 0.00e+00  [46303s]
step  89300  train 7.9782e+00  |g| 0.00e+00  [46354s]
step  89400  train 8.0180e+00  |g| 0.00e+00  [46405s]
step  89500  train 8.1422e+00  |g| 0.00e+00  [46456s]
step  89600  train 8.1072e+00  |g| 0.00e+00  [46507s]
step  89700  train 8.0499e+00  |g| 0.00e+00  [46558s]
step  89800  train 8.0561e+00  |g| 0.00e+00  [46609s]
step  89900  train 8.0188e+00  |g| 0.00e+00  [46660s]
step  90000  train 7.9980e+00  val 8.0273e+00  6d geo 1.696e-01 med 1.881e-01 p90 3.065e-01 (const 4.730e-02)  |g| 0.00e+00  [46711s]
           5d geo 1.830e-01 med 2.061e-01   postmu 6d geo 1.832e-01 med 2.017e-01 p90 3.357e-01   mu |dlog| 2.1914
           WARNING: prediction spread 0.000 of ground truth -- the output has collapsed to a constant (saturated tanh); lower --lr or raise --warmup-steps and restart
           corr(identifiable)  mu=+0.00  D_div_mu=+0.00  T0_div_mu=+0.00  Ly=+0.00  op_x=+0.00  op_y=+0.00   mean spread/GT 0.00
           err share           mu=9%  D_div_mu=5%  T0_div_mu=2%  Ly=28%  op_x=28%  op_y=29%
step  90100  train 8.0250e+00  |g| 0.00e+00  [46767s]
step  90200  train 7.9532e+00  |g| 0.00e+00  [46818s]
step  90300  train 8.1339e+00  |g| 0.00e+00  [46869s]
step  90400  train 7.9068e+00  |g| 0.00e+00  [46920s]
step  90500  train 7.9392e+00  |g| 0.00e+00  [46971s]
step  90600  train 8.0434e+00  |g| 0.00e+00  [47022s]
step  90700  train 8.1308e+00  |g| 0.00e+00  [47073s]
step  90800  train 8.0191e+00  |g| 0.00e+00  [47124s]
step  90900  train 7.9790e+00  |g| 0.00e+00  [47175s]
step  91000  train 7.9850e+00  |g| 0.00e+00  [47226s]
step  91100  train 8.0324e+00  |g| 0.00e+00  [47277s]
step  91200  train 8.0838e+00  |g| 0.00e+00  [47328s]
step  91300  train 8.0678e+00  |g| 0.00e+00  [47379s]
step  91400  train 8.0417e+00  |g| 0.00e+00  [47430s]
step  91500  train 7.9922e+00  |g| 0.00e+00  [47481s]
step  91600  train 8.0189e+00  |g| 0.00e+00  [47532s]
step  91700  train 7.9934e+00  |g| 0.00e+00  [47583s]
step  91800  train 7.9262e+00  |g| 0.00e+00  [47634s]
step  91900  train 8.0203e+00  |g| 0.00e+00  [47685s]
step  92000  train 8.0856e+00  val 8.0273e+00  6d geo 1.696e-01 med 1.881e-01 p90 3.065e-01 (const 4.730e-02)  |g| 0.00e+00  [47736s]
           5d geo 1.830e-01 med 2.061e-01   postmu 6d geo 1.832e-01 med 2.017e-01 p90 3.357e-01   mu |dlog| 2.1914
           WARNING: prediction spread 0.000 of ground truth -- the output has collapsed to a constant (saturated tanh); lower --lr or raise --warmup-steps and restart
           corr(identifiable)  mu=+0.00  D_div_mu=+0.00  T0_div_mu=+0.00  Ly=+0.00  op_x=+0.00  op_y=+0.00   mean spread/GT 0.00
           err share           mu=9%  D_div_mu=5%  T0_div_mu=2%  Ly=28%  op_x=28%  op_y=29%
step  92100  train 8.0196e+00  |g| 0.00e+00  [47792s]
step  92200  train 8.0473e+00  |g| 0.00e+00  [47843s]
step  92300  train 7.9881e+00  |g| 0.00e+00  [47894s]
step  92400  train 8.0507e+00  |g| 0.00e+00  [47946s]
step  92500  train 7.9983e+00  |g| 0.00e+00  [47997s]
step  92600  train 7.9927e+00  |g| 0.00e+00  [48048s]
step  92700  train 8.0258e+00  |g| 0.00e+00  [48099s]
step  92800  train 8.1008e+00  |g| 0.00e+00  [48150s]
step  92900  train 8.1411e+00  |g| 0.00e+00  [48201s]
step  93000  train 8.1679e+00  |g| 0.00e+00  [48252s]
step  93100  train 8.0322e+00  |g| 0.00e+00  [48303s]
step  93200  train 8.0147e+00  |g| 0.00e+00  [48354s]
step  93300  train 8.0498e+00  |g| 0.00e+00  [48405s]
step  93400  train 8.1390e+00  |g| 0.00e+00  [48456s]
step  93500  train 8.0404e+00  |g| 0.00e+00  [48508s]
step  93600  train 8.0166e+00  |g| 0.00e+00  [48559s]
step  93700  train 8.0320e+00  |g| 0.00e+00  [48610s]
step  93800  train 7.9918e+00  |g| 0.00e+00  [48661s]
