Device cuda | loss L1_STFT_log | duration 0.25s
Loading train targets from data/train-p99
Loading val targets from data/val-p99
  98304 train / 996 val in 155s   train tensor 4.34 GB
  training set held in host memory; batches transferred per step
reference levels:  gt_loss 0.0000e+00   saturation (unrelated IRs) 1.5265e+00
constant-predictor NMSE: 6d 4.730e-02  7d 7.959e-02  (the floor to beat)
training loss stuck near saturation = gradient uninformative; well below = learning

encoder: 3.74M params, width 32

loss scale (fixed): 1.2021e+00
step      1  train 1.2021e+00  val 1.2599e+00  6d geo 4.269e-02 med 4.729e-02 p90 8.123e-02 (const 4.730e-02)  |g| 7.53e+01  [11s]
           5d geo 4.193e-02 med 4.867e-02   postmu 6d geo 4.212e-02 med 4.676e-02 p90 9.136e-02   mu |dlog| 0.4225
           WARNING: prediction spread 0.004 of ground truth -- the output has collapsed to a constant (saturated tanh); lower --lr or raise --warmup-steps and restart
           corr(identifiable)  mu=+0.35  D_div_mu=+0.38  T0_div_mu=+0.14  Ly=+0.02  op_x=+0.13  op_y=+0.04   mean spread/GT 0.00
           err share           mu=16%  D_div_mu=2%  T0_div_mu=2%  Ly=26%  op_x=28%  op_y=26%
step    100  train 1.4063e+00  |g| 1.54e+02  [57s]
step    200  train 1.2673e+00  |g| 1.89e+02  [132s]
step    300  train 1.4033e+00  |g| 3.10e+02  [238s]
step    400  train 1.6305e+00  |g| 4.82e+02  [360s]
step    500  train 1.6901e+00  |g| 1.34e+02  [496s]
step    600  train 1.3895e+00  |g| 5.18e+02  [628s]
step    700  train 1.4502e+00  |g| 6.17e+01  [764s]
step    800  train 1.5551e+00  |g| 5.11e+01  [902s]
step    900  train 1.4027e+00  |g| 1.54e+01  [1039s]
step   1000  train 1.3527e+00  |g| 3.04e+00  [1177s]
step   1100  train 1.4122e+00  |g| 4.85e+01  [1315s]
step   1200  train 1.3954e+00  |g| 8.32e+00  [1452s]
step   1300  train 1.5047e+00  |g| 1.61e+01  [1590s]
step   1400  train 1.5083e+00  |g| 1.36e+01  [1728s]
step   1500  train 1.3532e+00  |g| 5.34e+01  [1866s]
step   1600  train 1.2827e+00  |g| 5.09e+01  [2003s]
step   1700  train 1.5723e+00  |g| 7.50e+01  [2141s]
step   1800  train 1.6060e+00  |g| 1.44e+02  [2279s]
step   1900  train 1.4849e+00  |g| 3.22e+00  [2417s]
step   2000  train 1.4669e+00  val 1.4846e+00  6d geo 3.071e-01 med 3.149e-01 p90 4.404e-01 (const 4.730e-02)  |g| 4.86e+01  [2555s]
           5d geo 3.496e-01 med 3.543e-01   postmu 6d geo 3.014e-01 med 3.042e-01 p90 4.413e-01   mu |dlog| 0.4671
           WARNING: prediction spread 0.000 of ground truth -- the output has collapsed to a constant (saturated tanh); lower --lr or raise --warmup-steps and restart
           corr(identifiable)  mu=-0.41  D_div_mu=-0.02  T0_div_mu=+0.27  Ly=-0.06  op_x=+0.31  op_y=-0.00   mean spread/GT 0.00
           err share           mu=5%  D_div_mu=45%  T0_div_mu=0%  Ly=17%  op_x=18%  op_y=14%
step   2100  train 1.5131e+00  |g| 7.12e+00  [2702s]
step   2200  train 1.3444e+00  |g| 2.70e+01  [2840s]
step   2300  train 1.3017e+00  |g| 1.79e+01  [2978s]
step   2400  train 1.5146e+00  |g| 3.77e+01  [3116s]
step   2500  train 1.2323e+00  |g| 1.47e+01  [3254s]
step   2600  train 1.7984e+00  |g| 3.73e-01  [3393s]
step   2700  train 1.6734e+00  |g| 4.63e-01  [3531s]
step   2800  train 1.7376e+00  |g| 7.92e-01  [3669s]
step   2900  train 1.7355e+00  |g| 5.90e-01  [3807s]
step   3000  train 1.6716e+00  |g| 4.68e-01  [3945s]
step   3100  train 1.5756e+00  |g| 5.90e+01  [4083s]
step   3200  train 1.6558e+00  |g| 1.91e+00  [4221s]
step   3300  train 1.6366e+00  |g| 2.10e+01  [4359s]
step   3400  train 1.6473e+00  |g| 1.10e+01  [4497s]
step   3500  train 1.6540e+00  |g| 3.11e-02  [4635s]
step   3600  train 1.7372e+00  |g| 2.89e-02  [4773s]
step   3700  train 1.7762e+00  |g| 3.52e-02  [4911s]
step   3800  train 1.7624e+00  |g| 3.25e-02  [5049s]
step   3900  train 1.6672e+00  |g| 4.09e-02  [5187s]
/home/bhpark3/dafxenv/lib/python3.12/site-packages/numpy/lib/_function_base_impl.py:3023: RuntimeWarning: invalid value encountered in divide
  c /= stddev[:, None]
/home/bhpark3/dafxenv/lib/python3.12/site-packages/numpy/lib/_function_base_impl.py:3024: RuntimeWarning: invalid value encountered in divide
  c /= stddev[None, :]
step   4000  train 1.6575e+00  val 1.7567e+00  6d geo 3.210e-01 med 3.292e-01 p90 4.555e-01 (const 4.730e-02)  |g| 5.36e-02  [5325s]
           5d geo 3.662e-01 med 3.774e-01   postmu 6d geo 3.294e-01 med 3.420e-01 p90 4.796e-01   mu |dlog| 0.6536
           WARNING: prediction spread 0.000 of ground truth -- the output has collapsed to a constant (saturated tanh); lower --lr or raise --warmup-steps and restart
           corr(identifiable)  mu=+0.09  D_div_mu=-0.14  T0_div_mu=+0.06  Ly=-0.04  op_x=+0.52  op_y=-0.42   mean spread/GT 0.00
           err share           mu=5%  D_div_mu=43%  T0_div_mu=1%  Ly=17%  op_x=17%  op_y=17%
step   4100  train 1.8414e+00  |g| 5.67e-02  [5472s]
step   4200  train 1.7070e+00  |g| 2.74e-02  [5610s]
step   4300  train 1.7402e+00  |g| 3.15e-03  [5748s]
step   4400  train 1.7063e+00  |g| 1.20e-02  [5886s]
step   4500  train 1.7578e+00  |g| 1.26e-02  [6024s]
step   4600  train 1.7694e+00  |g| 4.81e-03  [6162s]
step   4700  train 1.6866e+00  |g| 1.47e-02  [6300s]
step   4800  train 1.6914e+00  |g| 4.80e-03  [6438s]
step   4900  train 1.8372e+00  |g| 1.47e-02  [6576s]
step   5000  train 1.7859e+00  |g| 2.07e-02  [6714s]
step   5100  train 1.7101e+00  |g| 3.37e-02  [6852s]
step   5200  train 1.7929e+00  |g| 3.07e-02  [6990s]
step   5300  train 1.6706e+00  |g| 1.28e-02  [7128s]
step   5400  train 1.7320e+00  |g| 4.41e-02  [7266s]
step   5500  train 1.6446e+00  |g| 2.48e-02  [7404s]
step   5600  train 1.7153e+00  |g| 9.65e-03  [7542s]
step   5700  train 1.8010e+00  |g| 3.44e-03  [7680s]
step   5800  train 1.6709e+00  |g| 1.18e-02  [7818s]
step   5900  train 1.7287e+00  |g| 1.43e-02  [7956s]
step   6000  train 1.7115e+00  val 1.7539e+00  6d geo 3.210e-01 med 3.292e-01 p90 4.555e-01 (const 4.730e-02)  |g| 8.35e-03  [8094s]
           5d geo 3.662e-01 med 3.774e-01   postmu 6d geo 3.294e-01 med 3.420e-01 p90 4.796e-01   mu |dlog| 0.6529
           WARNING: prediction spread 0.000 of ground truth -- the output has collapsed to a constant (saturated tanh); lower --lr or raise --warmup-steps and restart
           corr(identifiable)  mu=+0.06  D_div_mu=-0.08  T0_div_mu=+0.01  Ly=+0.01  op_x=+0.51  op_y=-0.43   mean spread/GT 0.00
           err share           mu=5%  D_div_mu=43%  T0_div_mu=1%  Ly=17%  op_x=17%  op_y=17%
step   6100  train 1.8134e+00  |g| 3.05e-02  [8241s]
step   6200  train 1.6517e+00  |g| 4.28e-03  [8379s]
step   6300  train 1.7198e+00  |g| 9.60e-03  [8517s]
step   6400  train 1.7564e+00  |g| 2.91e-02  [8655s]
step   6500  train 1.7725e+00  |g| 2.30e-02  [8793s]
step   6600  train 1.7615e+00  |g| 1.90e-02  [8931s]
step   6700  train 1.7036e+00  |g| 5.72e-03  [9069s]
step   6800  train 1.7993e+00  |g| 3.17e-02  [9207s]
step   6900  train 1.6733e+00  |g| 1.82e-02  [9345s]
step   7000  train 1.7703e+00  |g| 5.21e-02  [9482s]
step   7100  train 1.7371e+00  |g| 5.12e-02  [9620s]
step   7200  train 1.8049e+00  |g| 1.22e-01  [9758s]
step   7300  train 1.6192e+00  |g| 8.94e-02  [9896s]
step   7400  train 1.7422e+00  |g| 1.67e-01  [10034s]
step   7500  train 1.6757e+00  |g| 8.11e-02  [10171s]
step   7600  train 1.7163e+00  |g| 5.02e-01  [10309s]
step   7700  train 1.6888e+00  |g| 2.67e-02  [10447s]
step   7800  train 1.8085e+00  |g| 1.05e-01  [10585s]
step   7900  train 1.7326e+00  |g| 1.54e-01  [10723s]
step   8000  train 1.7430e+00  val 1.7518e+00  6d geo 3.209e-01 med 3.292e-01 p90 4.555e-01 (const 4.730e-02)  |g| 6.74e-01  [10861s]
           5d geo 3.661e-01 med 3.773e-01   postmu 6d geo 3.292e-01 med 3.419e-01 p90 4.795e-01   mu |dlog| 0.6517
           WARNING: prediction spread 0.000 of ground truth -- the output has collapsed to a constant (saturated tanh); lower --lr or raise --warmup-steps and restart
           corr(identifiable)  mu=+0.00  D_div_mu=-0.22  T0_div_mu=+0.01  Ly=+0.03  op_x=+0.17  op_y=-0.37   mean spread/GT 0.00
           err share           mu=5%  D_div_mu=43%  T0_div_mu=1%  Ly=17%  op_x=17%  op_y=17%
step   8100  train 1.7487e+00  |g| 1.99e-02  [11008s]
step   8200  train 1.9673e+00  |g| 2.16e-02  [11146s]
step   8300  train 1.7561e+00  |g| 3.00e-02  [11284s]
step   8400  train 1.8386e+00  |g| 1.16e-02  [11422s]
step   8500  train 1.8314e+00  |g| 4.16e-01  [11560s]
step   8600  train 1.7171e+00  |g| 7.75e-03  [11697s]
step   8700  train 1.7332e+00  |g| 1.36e-02  [11835s]
step   8800  train 1.7129e+00  |g| 5.64e-02  [11973s]
step   8900  train 1.7508e+00  |g| 2.94e-03  [12111s]
step   9000  train 1.7887e+00  |g| 1.48e-02  [12248s]
step   9100  train 1.6598e+00  |g| 1.55e-02  [12386s]
step   9200  train 1.7301e+00  |g| 3.02e-02  [12524s]
step   9300  train 1.7900e+00  |g| 3.76e-02  [12662s]
step   9400  train 1.6585e+00  |g| 1.31e-02  [12800s]
step   9500  train 1.7674e+00  |g| 9.14e-03  [12937s]
step   9600  train 1.6665e+00  |g| 2.73e-02  [13075s]
step   9700  train 1.7303e+00  |g| 1.44e-02  [13213s]
step   9800  train 1.6436e+00  |g| 2.48e-02  [13351s]
step   9900  train 1.7890e+00  |g| 1.39e-02  [13489s]
step  10000  train 1.7858e+00  val 1.7552e+00  6d geo 3.210e-01 med 3.292e-01 p90 4.555e-01 (const 4.730e-02)  |g| 4.08e-03  [13627s]
           5d geo 3.662e-01 med 3.774e-01   postmu 6d geo 3.294e-01 med 3.420e-01 p90 4.796e-01   mu |dlog| 0.6529
           WARNING: prediction spread 0.000 of ground truth -- the output has collapsed to a constant (saturated tanh); lower --lr or raise --warmup-steps and restart
           corr(identifiable)  mu=+0.00  D_div_mu=+0.00  T0_div_mu=+0.00  Ly=+0.00  op_x=-0.57  op_y=+0.00   mean spread/GT 0.00
           err share           mu=5%  D_div_mu=43%  T0_div_mu=1%  Ly=17%  op_x=17%  op_y=17%
step  10100  train 1.7238e+00  |g| 2.74e-03  [13774s]
step  10200  train 1.6844e+00  |g| 1.78e-02  [13912s]
step  10300  train 1.8646e+00  |g| 3.10e-02  [14050s]
step  10400  train 1.7557e+00  |g| 3.63e-03  [14188s]
step  10500  train 1.6975e+00  |g| 1.41e-02  [14326s]
step  10600  train 1.6846e+00  |g| 2.65e-03  [14464s]
step  10700  train 1.6865e+00  |g| 5.40e-03  [14602s]
step  10800  train 1.7553e+00  |g| 1.81e-02  [14739s]
step  10900  train 1.7143e+00  |g| 3.84e-02  [14877s]
step  11000  train 1.8010e+00  |g| 1.27e-02  [15015s]
step  11100  train 1.6448e+00  |g| 1.63e-02  [15153s]
step  11200  train 1.7505e+00  |g| 1.35e-03  [15291s]
step  11300  train 1.7323e+00  |g| 1.31e-02  [15429s]
step  11400  train 1.7406e+00  |g| 2.76e-02  [15567s]
step  11500  train 1.9101e+00  |g| 1.80e-03  [15705s]
step  11600  train 1.8403e+00  |g| 1.52e-02  [15842s]
step  11700  train 1.7400e+00  |g| 3.79e-02  [15980s]
step  11800  train 1.8141e+00  |g| 4.28e-02  [16118s]
step  11900  train 1.6233e+00  |g| 3.17e-03  [16256s]
step  12000  train 1.8226e+00  val 1.7554e+00  6d geo 3.210e-01 med 3.292e-01 p90 4.555e-01 (const 4.730e-02)  |g| 1.71e-02  [16394s]
           5d geo 3.662e-01 med 3.774e-01   postmu 6d geo 3.294e-01 med 3.420e-01 p90 4.796e-01   mu |dlog| 0.6527
           WARNING: prediction spread 0.000 of ground truth -- the output has collapsed to a constant (saturated tanh); lower --lr or raise --warmup-steps and restart
           corr(identifiable)  mu=+0.00  D_div_mu=+0.00  T0_div_mu=+0.00  Ly=+0.00  op_x=+0.47  op_y=+0.00   mean spread/GT 0.00
           err share           mu=5%  D_div_mu=43%  T0_div_mu=1%  Ly=17%  op_x=17%  op_y=17%
step  12100  train 1.7131e+00  |g| 8.65e-03  [16541s]
step  12200  train 1.7386e+00  |g| 1.58e-02  [16679s]
step  12300  train 1.7828e+00  |g| 1.20e-02  [16817s]
step  12400  train 1.8340e+00  |g| 4.74e-02  [16955s]
step  12500  train 1.9957e+00  |g| 3.53e-02  [17093s]
step  12600  train 1.7627e+00  |g| 3.11e-02  [17231s]
step  12700  train 1.7005e+00  |g| 3.12e-02  [17369s]
step  12800  train 1.7683e+00  |g| 2.90e-02  [17507s]
step  12900  train 1.7285e+00  |g| 1.87e-02  [17645s]
step  13000  train 1.7296e+00  |g| 1.04e-02  [17783s]
step  13100  train 1.8428e+00  |g| 2.58e-02  [17920s]
step  13200  train 1.7884e+00  |g| 5.89e-02  [18058s]
step  13300  train 1.8223e+00  |g| 7.38e-04  [18196s]
step  13400  train 1.7167e+00  |g| 1.65e-02  [18334s]
step  13500  train 1.7833e+00  |g| 3.45e-02  [18472s]
step  13600  train 1.6693e+00  |g| 5.73e-03  [18610s]
step  13700  train 1.7319e+00  |g| 3.71e-02  [18748s]
step  13800  train 1.6680e+00  |g| 1.09e-03  [18886s]
step  13900  train 1.6935e+00  |g| 1.41e-02  [19024s]
step  14000  train 1.8474e+00  val 1.7555e+00  6d geo 3.210e-01 med 3.292e-01 p90 4.555e-01 (const 4.730e-02)  |g| 3.62e-02  [19162s]
           5d geo 3.662e-01 med 3.774e-01   postmu 6d geo 3.294e-01 med 3.420e-01 p90 4.796e-01   mu |dlog| 0.6528
           WARNING: prediction spread 0.000 of ground truth -- the output has collapsed to a constant (saturated tanh); lower --lr or raise --warmup-steps and restart
           corr(identifiable)  mu=+0.00  D_div_mu=+0.00  T0_div_mu=+0.01  Ly=+0.00  op_x=+0.57  op_y=+0.00   mean spread/GT 0.00
           err share           mu=5%  D_div_mu=43%  T0_div_mu=1%  Ly=17%  op_x=17%  op_y=17%
step  14100  train 1.7075e+00  |g| 8.60e-02  [19309s]
step  14200  train 1.7979e+00  |g| 2.09e-02  [19447s]
step  14300  train 1.7340e+00  |g| 2.11e-02  [19585s]
step  14400  train 1.7207e+00  |g| 1.81e-02  [19723s]
step  14500  train 1.6773e+00  |g| 1.72e-02  [19861s]
step  14600  train 1.6382e+00  |g| 5.63e-02  [19999s]
step  14700  train 1.7772e+00  |g| 0.00e+00  [20137s]
step  14800  train 1.7706e+00  |g| 0.00e+00  [20275s]
step  14900  train 1.8148e+00  |g| 0.00e+00  [20414s]
step  15000  train 1.6992e+00  |g| 0.00e+00  [20552s]
step  15100  train 1.6676e+00  |g| 0.00e+00  [20690s]
step  15200  train 1.7865e+00  |g| 0.00e+00  [20828s]
step  15300  train 1.6788e+00  |g| 0.00e+00  [20966s]
step  15400  train 1.8118e+00  |g| 0.00e+00  [21104s]
step  15500  train 1.7776e+00  |g| 0.00e+00  [21242s]
step  15600  train 1.8167e+00  |g| 0.00e+00  [21380s]
step  15700  train 1.8660e+00  |g| 0.00e+00  [21518s]
step  15800  train 1.9327e+00  |g| 0.00e+00  [21656s]
step  15900  train 1.7719e+00  |g| 0.00e+00  [21794s]
step  16000  train 1.8497e+00  val 1.7558e+00  6d geo 3.210e-01 med 3.292e-01 p90 4.556e-01 (const 4.730e-02)  |g| 0.00e+00  [21932s]
           5d geo 3.662e-01 med 3.774e-01   postmu 6d geo 3.294e-01 med 3.420e-01 p90 4.796e-01   mu |dlog| 0.6555
           WARNING: prediction spread 0.000 of ground truth -- the output has collapsed to a constant (saturated tanh); lower --lr or raise --warmup-steps and restart
           corr(identifiable)  mu=+0.00  D_div_mu=+0.00  T0_div_mu=+0.00  Ly=+0.00  op_x=+0.00  op_y=+0.00   mean spread/GT 0.00
           err share           mu=5%  D_div_mu=43%  T0_div_mu=1%  Ly=17%  op_x=17%  op_y=17%
step  16100  train 1.7263e+00  |g| 0.00e+00  [22079s]
step  16200  train 1.7539e+00  |g| 0.00e+00  [22217s]
step  16300  train 1.6037e+00  |g| 0.00e+00  [22355s]
step  16400  train 1.6837e+00  |g| 0.00e+00  [22493s]
step  16500  train 1.7645e+00  |g| 0.00e+00  [22631s]
step  16600  train 1.8218e+00  |g| 0.00e+00  [22769s]
step  16700  train 1.7434e+00  |g| 0.00e+00  [22907s]
step  16800  train 1.7803e+00  |g| 0.00e+00  [23046s]
step  16900  train 1.8246e+00  |g| 0.00e+00  [23184s]
step  17000  train 1.6828e+00  |g| 0.00e+00  [23322s]
step  17100  train 1.7177e+00  |g| 0.00e+00  [23460s]
step  17200  train 1.7603e+00  |g| 0.00e+00  [23598s]
step  17300  train 1.7370e+00  |g| 0.00e+00  [23736s]
step  17400  train 1.7344e+00  |g| 0.00e+00  [23874s]
step  17500  train 1.6992e+00  |g| 0.00e+00  [24012s]
step  17600  train 1.6735e+00  |g| 0.00e+00  [24150s]
step  17700  train 1.6526e+00  |g| 0.00e+00  [24288s]
step  17800  train 1.6802e+00  |g| 0.00e+00  [24427s]
step  17900  train 1.7034e+00  |g| 0.00e+00  [24565s]
step  18000  train 1.7425e+00  val 1.7558e+00  6d geo 3.210e-01 med 3.292e-01 p90 4.556e-01 (const 4.730e-02)  |g| 0.00e+00  [24703s]
           5d geo 3.662e-01 med 3.774e-01   postmu 6d geo 3.294e-01 med 3.420e-01 p90 4.796e-01   mu |dlog| 0.6555
           WARNING: prediction spread 0.000 of ground truth -- the output has collapsed to a constant (saturated tanh); lower --lr or raise --warmup-steps and restart
           corr(identifiable)  mu=+0.00  D_div_mu=+0.00  T0_div_mu=+0.00  Ly=+0.00  op_x=+0.00  op_y=+0.00   mean spread/GT 0.00
           err share           mu=5%  D_div_mu=43%  T0_div_mu=1%  Ly=17%  op_x=17%  op_y=17%
step  18100  train 1.6652e+00  |g| 0.00e+00  [24850s]
step  18200  train 1.7375e+00  |g| 0.00e+00  [24988s]
step  18300  train 1.7417e+00  |g| 0.00e+00  [25126s]
step  18400  train 1.7466e+00  |g| 0.00e+00  [25264s]
step  18500  train 1.6316e+00  |g| 0.00e+00  [25402s]
step  18600  train 1.6100e+00  |g| 0.00e+00  [25540s]
step  18700  train 1.6592e+00  |g| 0.00e+00  [25678s]
step  18800  train 1.7480e+00  |g| 0.00e+00  [25816s]
step  18900  train 1.7294e+00  |g| 0.00e+00  [25954s]
step  19000  train 1.8044e+00  |g| 0.00e+00  [26092s]
step  19100  train 1.6783e+00  |g| 0.00e+00  [26231s]
step  19200  train 1.6308e+00  |g| 0.00e+00  [26369s]
step  19300  train 1.6724e+00  |g| 0.00e+00  [26507s]
step  19400  train 1.8846e+00  |g| 0.00e+00  [26645s]
step  19500  train 1.6572e+00  |g| 0.00e+00  [26783s]
step  19600  train 1.7109e+00  |g| 0.00e+00  [26921s]
step  19700  train 1.7583e+00  |g| 0.00e+00  [27059s]
step  19800  train 1.7746e+00  |g| 0.00e+00  [27197s]
step  19900  train 1.7812e+00  |g| 0.00e+00  [27335s]
step  20000  train 1.7942e+00  val 1.7558e+00  6d geo 3.210e-01 med 3.292e-01 p90 4.556e-01 (const 4.730e-02)  |g| 0.00e+00  [27473s]
           5d geo 3.662e-01 med 3.774e-01   postmu 6d geo 3.294e-01 med 3.420e-01 p90 4.796e-01   mu |dlog| 0.6555
           WARNING: prediction spread 0.000 of ground truth -- the output has collapsed to a constant (saturated tanh); lower --lr or raise --warmup-steps and restart
           corr(identifiable)  mu=+0.00  D_div_mu=+0.00  T0_div_mu=+0.00  Ly=+0.00  op_x=+0.00  op_y=+0.00   mean spread/GT 0.00
           err share           mu=5%  D_div_mu=43%  T0_div_mu=1%  Ly=17%  op_x=17%  op_y=17%
step  20100  train 1.6857e+00  |g| 0.00e+00  [27620s]
step  20200  train 1.6611e+00  |g| 0.00e+00  [27758s]
step  20300  train 1.7732e+00  |g| 0.00e+00  [27896s]
step  20400  train 1.7198e+00  |g| 0.00e+00  [28034s]
step  20500  train 1.7626e+00  |g| 0.00e+00  [28172s]
step  20600  train 1.8109e+00  |g| 0.00e+00  [28310s]
step  20700  train 1.7249e+00  |g| 0.00e+00  [28448s]
step  20800  train 1.7974e+00  |g| 0.00e+00  [28586s]
step  20900  train 1.8351e+00  |g| 0.00e+00  [28724s]
step  21000  train 1.6796e+00  |g| 0.00e+00  [28861s]
step  21100  train 1.6508e+00  |g| 0.00e+00  [28999s]
step  21200  train 1.8080e+00  |g| 0.00e+00  [29137s]
step  21300  train 1.7898e+00  |g| 0.00e+00  [29275s]
step  21400  train 1.7054e+00  |g| 0.00e+00  [29413s]
step  21500  train 1.6721e+00  |g| 0.00e+00  [29551s]
step  21600  train 1.6241e+00  |g| 0.00e+00  [29689s]
step  21700  train 1.8188e+00  |g| 0.00e+00  [29827s]
step  21800  train 1.5723e+00  |g| 0.00e+00  [29965s]
step  21900  train 1.7371e+00  |g| 0.00e+00  [30103s]
step  22000  train 1.7969e+00  val 1.7558e+00  6d geo 3.210e-01 med 3.292e-01 p90 4.556e-01 (const 4.730e-02)  |g| 0.00e+00  [30241s]
           5d geo 3.662e-01 med 3.774e-01   postmu 6d geo 3.294e-01 med 3.420e-01 p90 4.796e-01   mu |dlog| 0.6555
           WARNING: prediction spread 0.000 of ground truth -- the output has collapsed to a constant (saturated tanh); lower --lr or raise --warmup-steps and restart
           corr(identifiable)  mu=+0.00  D_div_mu=+0.00  T0_div_mu=+0.00  Ly=+0.00  op_x=+0.00  op_y=+0.00   mean spread/GT 0.00
           err share           mu=5%  D_div_mu=43%  T0_div_mu=1%  Ly=17%  op_x=17%  op_y=17%
step  22100  train 1.7429e+00  |g| 0.00e+00  [30388s]
step  22200  train 1.7803e+00  |g| 0.00e+00  [30526s]
step  22300  train 1.6868e+00  |g| 0.00e+00  [30664s]
step  22400  train 1.7773e+00  |g| 0.00e+00  [30802s]
step  22500  train 1.7325e+00  |g| 0.00e+00  [30940s]
step  22600  train 1.6954e+00  |g| 0.00e+00  [31078s]
step  22700  train 1.7158e+00  |g| 0.00e+00  [31216s]
step  22800  train 1.7345e+00  |g| 0.00e+00  [31354s]
step  22900  train 1.7238e+00  |g| 0.00e+00  [31492s]
step  23000  train 1.5874e+00  |g| 0.00e+00  [31630s]
step  23100  train 1.8134e+00  |g| 0.00e+00  [31768s]
step  23200  train 1.7425e+00  |g| 0.00e+00  [31906s]
step  23300  train 1.7217e+00  |g| 0.00e+00  [32044s]
step  23400  train 1.7882e+00  |g| 0.00e+00  [32182s]
step  23500  train 1.8459e+00  |g| 0.00e+00  [32320s]
step  23600  train 1.7311e+00  |g| 0.00e+00  [32458s]
step  23700  train 1.6408e+00  |g| 0.00e+00  [32596s]
step  23800  train 1.8423e+00  |g| 0.00e+00  [32734s]
step  23900  train 1.6479e+00  |g| 0.00e+00  [32872s]
step  24000  train 1.6824e+00  val 1.7558e+00  6d geo 3.210e-01 med 3.292e-01 p90 4.556e-01 (const 4.730e-02)  |g| 0.00e+00  [33010s]
           5d geo 3.662e-01 med 3.774e-01   postmu 6d geo 3.294e-01 med 3.420e-01 p90 4.796e-01   mu |dlog| 0.6555
           WARNING: prediction spread 0.000 of ground truth -- the output has collapsed to a constant (saturated tanh); lower --lr or raise --warmup-steps and restart
           corr(identifiable)  mu=+0.00  D_div_mu=+0.00  T0_div_mu=+0.00  Ly=+0.00  op_x=+0.00  op_y=+0.00   mean spread/GT 0.00
           err share           mu=5%  D_div_mu=43%  T0_div_mu=1%  Ly=17%  op_x=17%  op_y=17%
step  24100  train 1.9350e+00  |g| 0.00e+00  [33157s]
step  24200  train 1.6854e+00  |g| 0.00e+00  [33296s]
step  24300  train 1.6819e+00  |g| 0.00e+00  [33434s]
step  24400  train 1.7603e+00  |g| 0.00e+00  [33572s]
step  24500  train 1.8252e+00  |g| 0.00e+00  [33709s]
step  24600  train 1.7890e+00  |g| 0.00e+00  [33847s]
step  24700  train 1.6096e+00  |g| 0.00e+00  [33985s]
step  24800  train 1.7896e+00  |g| 0.00e+00  [34123s]
step  24900  train 1.7516e+00  |g| 0.00e+00  [34261s]
step  25000  train 1.7416e+00  |g| 0.00e+00  [34399s]
step  25100  train 1.6688e+00  |g| 0.00e+00  [34537s]
step  25200  train 1.6277e+00  |g| 0.00e+00  [34675s]
step  25300  train 1.6849e+00  |g| 0.00e+00  [34813s]
step  25400  train 1.6268e+00  |g| 0.00e+00  [34951s]
step  25500  train 1.9320e+00  |g| 0.00e+00  [35089s]
step  25600  train 1.7669e+00  |g| 0.00e+00  [35228s]
step  25700  train 1.8134e+00  |g| 0.00e+00  [35365s]
step  25800  train 1.6601e+00  |g| 0.00e+00  [35503s]
step  25900  train 1.7728e+00  |g| 0.00e+00  [35640s]
step  26000  train 1.7118e+00  val 1.7558e+00  6d geo 3.210e-01 med 3.292e-01 p90 4.556e-01 (const 4.730e-02)  |g| 0.00e+00  [35778s]
           5d geo 3.662e-01 med 3.774e-01   postmu 6d geo 3.294e-01 med 3.420e-01 p90 4.796e-01   mu |dlog| 0.6555
           WARNING: prediction spread 0.000 of ground truth -- the output has collapsed to a constant (saturated tanh); lower --lr or raise --warmup-steps and restart
           corr(identifiable)  mu=+0.00  D_div_mu=+0.00  T0_div_mu=+0.00  Ly=+0.00  op_x=+0.00  op_y=+0.00   mean spread/GT 0.00
           err share           mu=5%  D_div_mu=43%  T0_div_mu=1%  Ly=17%  op_x=17%  op_y=17%
step  26100  train 1.7485e+00  |g| 0.00e+00  [35925s]
step  26200  train 1.7681e+00  |g| 0.00e+00  [36062s]
step  26300  train 1.6548e+00  |g| 0.00e+00  [36199s]
step  26400  train 1.7005e+00  |g| 0.00e+00  [36337s]
step  26500  train 1.7819e+00  |g| 0.00e+00  [36474s]
step  26600  train 1.7478e+00  |g| 0.00e+00  [36611s]
step  26700  train 1.7719e+00  |g| 0.00e+00  [36748s]
step  26800  train 1.7590e+00  |g| 0.00e+00  [36886s]
step  26900  train 1.7393e+00  |g| 0.00e+00  [37023s]
step  27000  train 1.8013e+00  |g| 0.00e+00  [37161s]
step  27100  train 1.7678e+00  |g| 0.00e+00  [37299s]
step  27200  train 1.6858e+00  |g| 0.00e+00  [37436s]
step  27300  train 1.8846e+00  |g| 0.00e+00  [37574s]
step  27400  train 1.8306e+00  |g| 0.00e+00  [37711s]
step  27500  train 1.8610e+00  |g| 0.00e+00  [37848s]
step  27600  train 1.7867e+00  |g| 0.00e+00  [37985s]
step  27700  train 1.7405e+00  |g| 0.00e+00  [38122s]
step  27800  train 1.7545e+00  |g| 0.00e+00  [38259s]
step  27900  train 1.6843e+00  |g| 0.00e+00  [38397s]
step  28000  train 1.6659e+00  val 1.7558e+00  6d geo 3.210e-01 med 3.292e-01 p90 4.556e-01 (const 4.730e-02)  |g| 0.00e+00  [38534s]
           5d geo 3.662e-01 med 3.774e-01   postmu 6d geo 3.294e-01 med 3.420e-01 p90 4.796e-01   mu |dlog| 0.6555
           WARNING: prediction spread 0.000 of ground truth -- the output has collapsed to a constant (saturated tanh); lower --lr or raise --warmup-steps and restart
           corr(identifiable)  mu=+0.00  D_div_mu=+0.00  T0_div_mu=+0.00  Ly=+0.00  op_x=+0.00  op_y=+0.00   mean spread/GT 0.00
           err share           mu=5%  D_div_mu=43%  T0_div_mu=1%  Ly=17%  op_x=17%  op_y=17%
step  28100  train 1.7264e+00  |g| 0.00e+00  [38680s]
step  28200  train 1.6391e+00  |g| 0.00e+00  [38818s]
step  28300  train 1.8045e+00  |g| 0.00e+00  [38955s]
step  28400  train 1.6540e+00  |g| 0.00e+00  [39092s]
step  28500  train 1.8708e+00  |g| 0.00e+00  [39230s]
step  28600  train 1.7713e+00  |g| 0.00e+00  [39367s]
step  28700  train 1.7251e+00  |g| 0.00e+00  [39505s]
step  28800  train 1.6270e+00  |g| 0.00e+00  [39642s]
step  28900  train 1.7640e+00  |g| 0.00e+00  [39780s]
step  29000  train 1.7557e+00  |g| 0.00e+00  [39917s]
step  29100  train 1.7174e+00  |g| 0.00e+00  [40055s]
step  29200  train 1.7492e+00  |g| 0.00e+00  [40192s]
step  29300  train 1.7983e+00  |g| 0.00e+00  [40330s]
step  29400  train 1.8236e+00  |g| 0.00e+00  [40467s]
step  29500  train 1.8866e+00  |g| 0.00e+00  [40605s]
step  29600  train 1.6429e+00  |g| 0.00e+00  [40743s]
step  29700  train 1.7274e+00  |g| 0.00e+00  [40880s]
step  29800  train 1.7359e+00  |g| 0.00e+00  [41018s]
step  29900  train 1.7577e+00  |g| 0.00e+00  [41155s]
step  30000  train 1.7266e+00  val 1.7558e+00  6d geo 3.210e-01 med 3.292e-01 p90 4.556e-01 (const 4.730e-02)  |g| 0.00e+00  [41293s]
           5d geo 3.662e-01 med 3.774e-01   postmu 6d geo 3.294e-01 med 3.420e-01 p90 4.796e-01   mu |dlog| 0.6555
           WARNING: prediction spread 0.000 of ground truth -- the output has collapsed to a constant (saturated tanh); lower --lr or raise --warmup-steps and restart
           corr(identifiable)  mu=+0.00  D_div_mu=+0.00  T0_div_mu=+0.00  Ly=+0.00  op_x=+0.00  op_y=+0.00   mean spread/GT 0.00
           err share           mu=5%  D_div_mu=43%  T0_div_mu=1%  Ly=17%  op_x=17%  op_y=17%
step  30100  train 1.6857e+00  |g| 0.00e+00  [41440s]
step  30200  train 1.7223e+00  |g| 0.00e+00  [41578s]
step  30300  train 1.8107e+00  |g| 0.00e+00  [41715s]
step  30400  train 1.7768e+00  |g| 0.00e+00  [41853s]
step  30500  train 1.6683e+00  |g| 0.00e+00  [41991s]
step  30600  train 1.7858e+00  |g| 0.00e+00  [42128s]
step  30700  train 1.7108e+00  |g| 0.00e+00  [42266s]
step  30800  train 1.7532e+00  |g| 0.00e+00  [42404s]
step  30900  train 1.6804e+00  |g| 0.00e+00  [42542s]
step  31000  train 1.7802e+00  |g| 0.00e+00  [42679s]
step  31100  train 1.7689e+00  |g| 0.00e+00  [42817s]
step  31200  train 1.6802e+00  |g| 0.00e+00  [42954s]
step  31300  train 1.7150e+00  |g| 0.00e+00  [43092s]
step  31400  train 1.7221e+00  |g| 0.00e+00  [43230s]
step  31500  train 1.7399e+00  |g| 0.00e+00  [43368s]
step  31600  train 1.7973e+00  |g| 0.00e+00  [43505s]
step  31700  train 1.7728e+00  |g| 0.00e+00  [43643s]
step  31800  train 1.6936e+00  |g| 0.00e+00  [43781s]
step  31900  train 1.8600e+00  |g| 0.00e+00  [43918s]
step  32000  train 1.7635e+00  val 1.7558e+00  6d geo 3.210e-01 med 3.292e-01 p90 4.556e-01 (const 4.730e-02)  |g| 0.00e+00  [44056s]
           5d geo 3.662e-01 med 3.774e-01   postmu 6d geo 3.294e-01 med 3.420e-01 p90 4.796e-01   mu |dlog| 0.6555
           WARNING: prediction spread 0.000 of ground truth -- the output has collapsed to a constant (saturated tanh); lower --lr or raise --warmup-steps and restart
           corr(identifiable)  mu=+0.00  D_div_mu=+0.00  T0_div_mu=+0.00  Ly=+0.00  op_x=+0.00  op_y=+0.00   mean spread/GT 0.00
           err share           mu=5%  D_div_mu=43%  T0_div_mu=1%  Ly=17%  op_x=17%  op_y=17%
step  32100  train 1.7795e+00  |g| 0.00e+00  [44203s]
step  32200  train 1.6914e+00  |g| 0.00e+00  [44341s]
step  32300  train 1.6942e+00  |g| 0.00e+00  [44479s]
step  32400  train 1.8127e+00  |g| 0.00e+00  [44617s]
step  32500  train 1.7888e+00  |g| 0.00e+00  [44754s]
step  32600  train 1.7773e+00  |g| 0.00e+00  [44892s]
step  32700  train 1.6648e+00  |g| 0.00e+00  [45030s]
step  32800  train 1.6988e+00  |g| 0.00e+00  [45168s]
step  32900  train 1.6821e+00  |g| 0.00e+00  [45306s]
step  33000  train 1.6537e+00  |g| 0.00e+00  [45444s]
step  33100  train 1.8734e+00  |g| 0.00e+00  [45581s]
step  33200  train 1.6614e+00  |g| 0.00e+00  [45719s]
step  33300  train 1.7204e+00  |g| 0.00e+00  [45857s]
step  33400  train 1.8028e+00  |g| 0.00e+00  [45995s]
step  33500  train 1.8390e+00  |g| 0.00e+00  [46133s]
step  33600  train 1.8708e+00  |g| 0.00e+00  [46271s]
step  33700  train 1.7420e+00  |g| 0.00e+00  [46409s]
step  33800  train 1.6329e+00  |g| 0.00e+00  [46546s]
step  33900  train 1.8552e+00  |g| 0.00e+00  [46684s]
step  34000  train 1.7806e+00  val 1.7558e+00  6d geo 3.210e-01 med 3.292e-01 p90 4.556e-01 (const 4.730e-02)  |g| 0.00e+00  [46821s]
           5d geo 3.662e-01 med 3.774e-01   postmu 6d geo 3.294e-01 med 3.420e-01 p90 4.796e-01   mu |dlog| 0.6555
           WARNING: prediction spread 0.000 of ground truth -- the output has collapsed to a constant (saturated tanh); lower --lr or raise --warmup-steps and restart
           corr(identifiable)  mu=+0.00  D_div_mu=+0.00  T0_div_mu=+0.00  Ly=+0.00  op_x=+0.00  op_y=+0.00   mean spread/GT 0.00
           err share           mu=5%  D_div_mu=43%  T0_div_mu=1%  Ly=17%  op_x=17%  op_y=17%
step  34100  train 1.8249e+00  |g| 0.00e+00  [46968s]
step  34200  train 1.7581e+00  |g| 0.00e+00  [47105s]
step  34300  train 1.7090e+00  |g| 0.00e+00  [47243s]
step  34400  train 1.7829e+00  |g| 0.00e+00  [47381s]
step  34500  train 1.8391e+00  |g| 0.00e+00  [47518s]
step  34600  train 1.7385e+00  |g| 0.00e+00  [47655s]
step  34700  train 1.6579e+00  |g| 0.00e+00  [47793s]
step  34800  train 1.6452e+00  |g| 0.00e+00  [47931s]
step  34900  train 1.8562e+00  |g| 0.00e+00  [48069s]
step  35000  train 1.7474e+00  |g| 0.00e+00  [48207s]
step  35100  train 1.7834e+00  |g| 0.00e+00  [48345s]
step  35200  train 1.7218e+00  |g| 0.00e+00  [48483s]
step  35300  train 1.8615e+00  |g| 0.00e+00  [48621s]
