======================================================================
  TERNARY-SEARCH μ-REFINEMENT on CUDA (float32)
======================================================================
  CMA-ES results: /home/bhpark3/dafxchal/results/ladder_1restart/mss/stage1
  Targets: /home/bhpark3/dafxchal/random-IR-200-0.2s
  Loss: MSS, Duration: 0.25s
  μ search bounds: [2.430, 106.150]
  Ternary iterations: 50  (~101 evals/IR)
  Sanity grid check: on

  Loaded 200 CMA-ES results
  [  1/200] random_IR_0001.npz             mu  23.110 -> 106.150 (GT  48.930)
          NMSE 0.133913 -> 0.174308 (+30.2%)  loss 11.507603 -> 1.827576  (0.9s)
  [  2/200] random_IR_0002.npz             mu  53.669 ->  84.061 (GT  84.056)
          NMSE 0.014305 -> 0.000000 (-100.0%)  loss 0.562738 -> 0.000369  (1.2s)
  [  3/200] random_IR_0003.npz             mu  54.533 ->   4.525 (GT  24.386)
          NMSE 0.052091 -> 0.044121 (-15.3%)  loss 1.039932 -> 0.534590  (0.8s)
  [  4/200] random_IR_0004.npz             mu  47.504 ->  13.132 (GT  13.244)
          NMSE 0.020005 -> 0.001821 (-90.9%)  loss 0.785202 -> 0.290927  (1.0s)
  [  5/200] random_IR_0005.npz             mu  47.274 ->  50.660 (GT  45.159)
          NMSE 0.000728 -> 0.001127 (+54.9%)  loss 0.143970 -> 0.121031  (1.6s)
  [ 10/200] random_IR_0010.npz             mu  13.496 ->  51.222 (GT  31.912)
          NMSE 0.020894 -> 0.021416 (+2.5%)  loss 2.648039 -> 0.480785  (1.4s)
  [ 20/200] random_IR_0020.npz             mu   5.212 ->  37.313 (GT  43.384)
          NMSE 0.050327 -> 0.028324 (-43.7%)  loss 5.873420 -> 0.381018  (1.2s)
  [ 30/200] random_IR_0030.npz             mu  13.384 ->  12.550 (GT  16.703)
          NMSE 0.006084 -> 0.006181 (+1.6%)  loss 0.548525 -> 0.545359  (2.8s)
  [ 40/200] random_IR_0040.npz             mu  11.297 ->  62.293 (GT  38.783)
          NMSE 0.028808 -> 0.025668 (-10.9%)  loss 4.307865 -> 0.355343  (2.5s)
  [ 50/200] random_IR_0050.npz             mu  77.759 ->   9.010 (GT  51.163)
          NMSE 0.014723 -> 0.031294 (+112.5%)  loss 0.943736 -> 0.360373  (0.5s)
  [ 60/200] random_IR_0060.npz             mu  13.692 ->  15.597 (GT   9.223)
          NMSE 0.005006 -> 0.005326 (+6.4%)  loss 0.272097 -> 0.222061  (1.5s)
  [ 70/200] random_IR_0070.npz             mu  19.719 ->  46.742 (GT  14.682)
          NMSE 0.023967 -> 0.039497 (+64.8%)  loss 1.326334 -> 0.575888  (1.3s)
  [ 80/200] random_IR_0080.npz             mu  11.559 -> 106.150 (GT  25.343)
          NMSE 0.059953 -> 0.158173 (+163.8%)  loss 17.112822 -> 1.243754  (1.7s)
  [ 90/200] random_IR_0090.npz             mu  10.173 -> 106.150 (GT  82.421)
          NMSE 0.092267 -> 0.020122 (-78.2%)  loss 9.808490 -> 0.284134  (1.2s)
  [100/200] random_IR_0100.npz             mu   6.649 ->  96.827 (GT  18.620)
          NMSE 0.047900 -> 0.140440 (+193.2%)  loss 11.716234 -> 0.560483  (1.2s)
  [110/200] random_IR_0110.npz             mu  41.010 ->   3.369 (GT  95.328)
          NMSE 0.097018 -> 0.182318 (+87.9%)  loss 0.924307 -> 0.554251  (0.9s)
  [120/200] random_IR_0120.npz             mu  14.003 -> 106.150 (GT  83.381)
          NMSE 0.100015 -> 0.033476 (-66.5%)  loss 13.334585 -> 1.036731  (3.8s)
  [130/200] random_IR_0130.npz             mu  24.120 ->  20.149 (GT  21.116)
          NMSE 0.001227 -> 0.001102 (-10.2%)  loss 0.210797 -> 0.101796  (0.3s)
  [140/200] random_IR_0140.npz             mu   5.804 -> 106.150 (GT  62.422)
          NMSE 0.106691 -> 0.086653 (-18.8%)  loss 27.180782 -> 0.652518  (1.7s)
  [150/200] random_IR_0150.npz             mu  10.156 ->  29.933 (GT  16.116)
          NMSE 0.012019 -> 0.014426 (+20.0%)  loss 1.874552 -> 0.468164  (3.5s)
  [160/200] random_IR_0160.npz             mu  36.067 ->  33.856 (GT  33.863)
          NMSE 0.000075 -> 0.000000 (-100.0%)  loss 0.064436 -> 0.000539  (1.1s)
  [170/200] random_IR_0170.npz             mu  52.750 ->  28.238 (GT  28.231)
          NMSE 0.009314 -> 0.000000 (-100.0%)  loss 0.487326 -> 0.000750  (1.9s)
  [180/200] random_IR_0180.npz             mu  25.498 ->  44.475 (GT  34.882)
          NMSE 0.016707 -> 0.016769 (+0.4%)  loss 0.780416 -> 0.303879  (1.3s)
  [190/200] random_IR_0190.npz             mu   5.890 -> 106.150 (GT  87.996)
          NMSE 0.239293 -> 0.139959 (-41.5%)  loss 21.512264 -> 0.623761  (2.8s)
  [200/200] random_IR_0200.npz             mu  59.211 ->  68.488 (GT  68.271)
          NMSE 0.001298 -> 0.000027 (-97.9%)  loss 0.156005 -> 0.030943  (1.0s)

======================================================================
  AGGREGATE
======================================================================
  Mean NMSE   orig: 0.053004
              refn: 0.052100
  Median NMSE orig: 0.023705
              refn: 0.015767
  IRs improved: 133 / 200  worsened: 67  unchanged: 0
  Mean elapsed/IR:    1.52 s
  Total runtime:      365.2 s
  Wrote: /home/bhpark3/dafxchal/results/ladder_1restart/mss/stage2/mu_refined_summary.csv
