======================================================================
  TERNARY-SEARCH μ-REFINEMENT on CUDA (float32)
======================================================================
  CMA-ES results: /home/bhpark3/dafxchal/results/ladder_1restart/l1_stft_pow/stage1
  Targets: /home/bhpark3/dafxchal/random-IR-200-0.2s
  Loss: L1_STFT_pow, Duration: 0.25s
  μ search bounds: [2.430, 106.150]
  Ternary iterations: 50  (~101 evals/IR)
  Sanity grid check: on

  Loaded 200 CMA-ES results
  [  1/200] random_IR_0001.npz             mu  16.190 -> 106.127 (GT  48.930)
          NMSE 0.076782 -> 0.110858 (+44.4%)  loss 0.000815 -> 0.000204  (5.4s)
  [  2/200] random_IR_0002.npz             mu   7.063 ->  83.604 (GT  84.056)
          NMSE 0.098703 -> 0.006869 (-93.0%)  loss 0.000717 -> 0.000024  (1.2s)
  [  3/200] random_IR_0003.npz             mu  30.888 ->  10.237 (GT  24.386)
          NMSE 0.016656 -> 0.019102 (+14.7%)  loss 0.000581 -> 0.000330  (1.3s)
  [  4/200] random_IR_0004.npz             mu   2.813 ->  29.965 (GT  13.244)
          NMSE 0.078098 -> 0.080745 (+3.4%)  loss 0.001320 -> 0.000223  (1.9s)
  [  5/200] random_IR_0005.npz             mu  57.316 ->  76.058 (GT  45.159)
          NMSE 0.008016 -> 0.020518 (+156.0%)  loss 0.000228 -> 0.000203  (1.8s)
  [ 10/200] random_IR_0010.npz             mu   9.632 ->  16.098 (GT  31.912)
          NMSE 0.153409 -> 0.149593 (-2.5%)  loss 0.000441 -> 0.000333  (3.4s)
  [ 20/200] random_IR_0020.npz             mu  12.283 ->  89.533 (GT  43.384)
          NMSE 0.048917 -> 0.066927 (+36.8%)  loss 0.000913 -> 0.000231  (3.8s)
  [ 30/200] random_IR_0030.npz             mu   9.402 ->   5.309 (GT  16.703)
          NMSE 0.198421 -> 0.199606 (+0.6%)  loss 0.000515 -> 0.000391  (6.2s)
  [ 40/200] random_IR_0040.npz             mu   6.619 ->  72.055 (GT  38.783)
          NMSE 0.072646 -> 0.073770 (+1.5%)  loss 0.001001 -> 0.000171  (4.3s)
  [ 50/200] random_IR_0050.npz             mu 100.684 ->  12.155 (GT  51.163)
          NMSE 0.117509 -> 0.103091 (-12.3%)  loss 0.000554 -> 0.000262  (1.1s)
  [ 60/200] random_IR_0060.npz             mu  35.470 ->  34.595 (GT   9.223)
          NMSE 0.053272 -> 0.052572 (-1.3%)  loss 0.000417 -> 0.000416  (1.3s)
  [ 70/200] random_IR_0070.npz             mu  29.249 ->   8.486 (GT  14.682)
          NMSE 0.037179 -> 0.034487 (-7.2%)  loss 0.000509 -> 0.000270  (2.4s)
  [ 80/200] random_IR_0080.npz             mu   5.114 ->  32.731 (GT  25.343)
          NMSE 0.101190 -> 0.095696 (-5.4%)  loss 0.000901 -> 0.000216  (2.4s)
  [ 90/200] random_IR_0090.npz             mu  10.362 -> 106.139 (GT  82.421)
          NMSE 0.161480 -> 0.089750 (-44.4%)  loss 0.001707 -> 0.000447  (2.2s)
  [100/200] random_IR_0100.npz             mu   8.515 ->  22.767 (GT  18.620)
          NMSE 0.141397 -> 0.140081 (-0.9%)  loss 0.000523 -> 0.000282  (5.0s)
  [110/200] random_IR_0110.npz             mu  82.796 ->  42.173 (GT  95.328)
          NMSE 0.085343 -> 0.126683 (+48.4%)  loss 0.000195 -> 0.000146  (1.7s)
  [120/200] random_IR_0120.npz             mu   4.242 ->  48.837 (GT  83.381)
          NMSE 0.119158 -> 0.040614 (-65.9%)  loss 0.000987 -> 0.000161  (1.7s)
  [130/200] random_IR_0130.npz             mu  39.502 ->  12.780 (GT  21.116)
          NMSE 0.081247 -> 0.077087 (-5.1%)  loss 0.000580 -> 0.000380  (1.9s)
  [140/200] random_IR_0140.npz             mu   8.239 -> 106.121 (GT  62.422)
          NMSE 0.098888 -> 0.082990 (-16.1%)  loss 0.001316 -> 0.000211  (1.9s)
  [150/200] random_IR_0150.npz             mu   2.693 ->  16.212 (GT  16.116)
          NMSE 0.115018 -> 0.112227 (-2.4%)  loss 0.000929 -> 0.000264  (3.2s)
  [160/200] random_IR_0160.npz             mu   6.018 ->  12.373 (GT  33.863)
          NMSE 0.118233 -> 0.113375 (-4.1%)  loss 0.000465 -> 0.000281  (2.5s)
  [170/200] random_IR_0170.npz             mu   6.963 ->  36.099 (GT  28.231)
          NMSE 0.150476 -> 0.144427 (-4.0%)  loss 0.000899 -> 0.000234  (2.4s)
  [180/200] random_IR_0180.npz             mu   3.148 ->  68.130 (GT  34.882)
          NMSE 0.136100 -> 0.137625 (+1.1%)  loss 0.001264 -> 0.000163  (1.7s)
  [190/200] random_IR_0190.npz             mu   3.104 ->  66.861 (GT  87.996)
          NMSE 0.399773 -> 0.295045 (-26.2%)  loss 0.001500 -> 0.000184  (2.5s)
  [200/200] random_IR_0200.npz             mu  22.379 -> 106.147 (GT  68.271)
          NMSE 0.322508 -> 0.312106 (-3.2%)  loss 0.001704 -> 0.000793  (2.1s)

======================================================================
  AGGREGATE
======================================================================
  Mean NMSE   orig: 0.084959
              refn: 0.087337
  Median NMSE orig: 0.069986
              refn: 0.071137
  IRs improved: 103 / 200  worsened: 97  unchanged: 0
  Mean elapsed/IR:    2.63 s
  Total runtime:      634.4 s
  Wrote: /home/bhpark3/dafxchal/results/ladder_1restart/l1_stft_pow/stage2/mu_refined_summary.csv
