======================================================================
  TERNARY-SEARCH μ-REFINEMENT on CUDA (float32)
======================================================================
  CMA-ES results: /home/bhpark3/dafxchal/results/decomp_sweep/l1_stft_log_multi/stage1
  Targets: /home/bhpark3/dafxchal/data/random-IR-100-1.0s
  Loss: L1_STFT_log_multi, Duration: 0.25s
  μ search bounds: [2.430, 106.150]
  Ternary iterations: 50  (~101 evals/IR)
  Sanity grid check: on

  Loaded 50 CMA-ES results
  [  1/50] random_IR_0001.npz             mu  27.080 -> 106.150 (GT  48.930)
          NMSE 0.082322 -> 0.125649 (+52.6%)  loss 0.113319 -> 0.041732  (1.1s)
  [  2/50] random_IR_0002.npz             mu  18.683 -> 106.150 (GT  84.056)
          NMSE 0.252058 -> 0.193413 (-23.3%)  loss 0.131168 -> 0.043551  (3.7s)
  [  3/50] random_IR_0003.npz             mu  40.511 ->   6.078 (GT  24.386)
          NMSE 0.348798 -> 0.349962 (+0.3%)  loss 0.095369 -> 0.066095  (0.6s)
  [  4/50] random_IR_0004.npz             mu  22.928 ->  88.463 (GT  13.244)
          NMSE 0.271313 -> 0.357515 (+31.8%)  loss 0.064163 -> 0.034053  (0.2s)
  [  5/50] random_IR_0005.npz             mu  35.378 -> 106.150 (GT  45.159)
          NMSE 0.065755 -> 0.121904 (+85.4%)  loss 0.093726 -> 0.039163  (1.9s)
  [ 10/50] random_IR_0010.npz             mu  37.651 ->  34.342 (GT  31.912)
          NMSE 0.075288 -> 0.074870 (-0.6%)  loss 0.047362 -> 0.047163  (0.9s)
  [ 20/50] random_IR_0020.npz             mu  39.714 -> 106.150 (GT  43.384)
          NMSE 0.032152 -> 0.092977 (+189.2%)  loss 0.048710 -> 0.029011  (2.2s)
  [ 30/50] random_IR_0030.npz             mu  41.265 ->  22.981 (GT  16.703)
          NMSE 0.126821 -> 0.118085 (-6.9%)  loss 0.069472 -> 0.060530  (0.9s)
  [ 40/50] random_IR_0040.npz             mu  49.140 -> 106.150 (GT  38.783)
          NMSE 0.228168 -> 0.296817 (+30.1%)  loss 0.065509 -> 0.036032  (0.9s)
  [ 50/50] random_IR_0050.npz             mu  34.618 ->  31.852 (GT  51.163)
          NMSE 0.341802 -> 0.343339 (+0.4%)  loss 0.038112 -> 0.038039  (2.9s)

======================================================================
  AGGREGATE
======================================================================
  Mean NMSE   orig: 0.135986
              refn: 0.156885
  Median NMSE orig: 0.125844
              refn: 0.150279
  IRs improved: 17 / 50  worsened: 33  unchanged: 0
  Mean elapsed/IR:    2.07 s
  Total runtime:      125.3 s
  Wrote: /home/bhpark3/dafxchal/results/decomp_sweep/l1_stft_log_multi/stage2/mu_refined_summary.csv
