======================================================================
  TERNARY-SEARCH μ-REFINEMENT on CUDA (float32)
======================================================================
  CMA-ES results: /home/bhpark3/dafxchal/results/standard_sweep/sc_logmag/stage1
  Targets: /home/bhpark3/dafxchal/data/random-IR-100-1.0s
  Loss: SC+LogMag, Duration: 0.25s
  μ search bounds: [2.430, 106.150]
  Ternary iterations: 50  (~101 evals/IR)
  Sanity grid check: on

  Loaded 50 CMA-ES results
  [  1/50] random_IR_0001.npz             mu  47.022 ->  69.525 (GT  48.930)
          NMSE 0.009815 -> 0.016329 (+66.4%)  loss 0.515621 -> 0.199009  (1.1s)
  [  2/50] random_IR_0002.npz             mu  63.300 ->  84.057 (GT  84.056)
          NMSE 0.006674 -> 0.000000 (-100.0%)  loss 0.323680 -> 0.001105  (1.2s)
  [  3/50] random_IR_0003.npz             mu  45.013 ->   5.297 (GT  24.386)
          NMSE 0.046529 -> 0.045582 (-2.0%)  loss 0.958412 -> 0.508518  (0.8s)
  [  4/50] random_IR_0004.npz             mu  21.403 ->  18.662 (GT  13.244)
          NMSE 0.014340 -> 0.013763 (-4.0%)  loss 0.327456 -> 0.302472  (1.0s)
  [  5/50] random_IR_0005.npz             mu  58.238 ->  45.147 (GT  45.159)
          NMSE 0.002650 -> 0.000000 (-100.0%)  loss 0.228535 -> 0.000775  (1.6s)
  [ 10/50] random_IR_0010.npz             mu  26.311 ->  35.958 (GT  31.912)
          NMSE 0.000593 -> 0.000361 (-39.2%)  loss 0.386782 -> 0.073251  (1.8s)
  [ 20/50] random_IR_0020.npz             mu  42.316 ->  43.365 (GT  43.384)
          NMSE 0.000018 -> 0.000000 (-99.8%)  loss 0.025332 -> 0.002372  (0.8s)
  [ 30/50] random_IR_0030.npz             mu  17.321 ->  16.704 (GT  16.703)
          NMSE 0.000006 -> 0.000000 (-100.0%)  loss 0.036948 -> 0.000961  (2.3s)
  [ 40/50] random_IR_0040.npz             mu  33.305 ->  38.784 (GT  38.783)
          NMSE 0.000465 -> 0.000000 (-100.0%)  loss 0.166112 -> 0.000629  (3.0s)
  [ 50/50] random_IR_0050.npz             mu  78.775 ->  51.223 (GT  51.163)
          NMSE 0.011812 -> 0.000000 (-100.0%)  loss 0.354807 -> 0.002477  (0.5s)

======================================================================
  AGGREGATE
======================================================================
  Mean NMSE   orig: 0.020361
              refn: 0.011102
  Median NMSE orig: 0.004380
              refn: 0.000000
  IRs improved: 39 / 50  worsened: 11  unchanged: 0
  Mean elapsed/IR:    1.37 s
  Total runtime:      83.0 s
  Wrote: /home/bhpark3/dafxchal/results/standard_sweep/sc_logmag/stage2/mu_refined_summary.csv
