Device cuda | loss L1_STFT_eps1e1 | duration 0.25s
Loading train targets from data/train-p99
Loading val targets from data/val-p99
  98304 train / 996 val in 42s   train tensor 4.34 GB
  training set held in host memory; batches transferred per step
reference levels:  gt_loss 0.0000e+00   saturation (unrelated IRs) 1.8151e-01
constant-predictor NMSE: 6d 4.730e-02  7d 7.959e-02  (the floor to beat)
training loss stuck near saturation = gradient uninformative; well below = learning

encoder: 3.74M params, width 32

loss scale (fixed): 1.4023e-01
step      1  train 1.4023e-01  val 1.5680e-01  6d geo 4.283e-02 med 4.750e-02 p90 8.157e-02 (const 4.730e-02)  |g| 3.10e+01  [1s]
           5d geo 4.206e-02 med 4.849e-02   postmu 6d geo 4.956e-02 med 5.181e-02 p90 1.269e-01   mu |dlog| 0.5573
           WARNING: prediction spread 0.000 of ground truth -- the output has collapsed to a constant (saturated tanh); lower --lr or raise --warmup-steps and restart
           corr(identifiable)  mu=-0.37  D_div_mu=+0.16  T0_div_mu=-0.01  Ly=-0.01  op_x=-0.48  op_y=-0.27   mean spread/GT 0.00
           err share           mu=16%  D_div_mu=3%  T0_div_mu=2%  Ly=26%  op_x=28%  op_y=26%
step    100  train 1.4116e-01  |g| 3.05e+01  [46s]
  WARNING: 1 of 64 parameter sets need a finer grid than the pinned (86, 282) and are truncated. Raise --fixed-mode-grid; targets rendered under a pin that truncates them are not the plate's output at those parameters.
step    200  train 1.3994e-01  |g| 5.17e+01  [87s]
step    300  train 1.2882e-01  |g| 6.15e+01  [128s]
step    400  train 1.3365e-01  |g| 4.86e+01  [170s]
step    500  train 1.2741e-01  |g| 3.21e+01  [211s]
step    600  train 1.3365e-01  |g| 1.57e+01  [257s]
step    700  train 1.2849e-01  |g| 1.57e+01  [301s]
step    800  train 1.1381e-01  |g| 4.43e+01  [347s]
step    900  train 1.1360e-01  |g| 2.37e+01  [390s]
step   1000  train 1.2677e-01  |g| 1.80e+01  [435s]
step   1100  train 1.1886e-01  |g| 2.68e+01  [476s]
step   1200  train 1.2005e-01  |g| 9.81e+00  [529s]
step   1300  train 1.1507e-01  |g| 3.79e+01  [573s]
step   1400  train 1.1033e-01  |g| 3.00e+01  [624s]
step   1500  train 1.1889e-01  |g| 3.87e+01  [679s]
step   1600  train 1.1121e-01  |g| 1.93e+01  [733s]
step   1700  train 1.0721e-01  |g| 3.47e+01  [781s]
step   1800  train 1.2854e-01  |g| 7.27e+01  [826s]
step   1900  train 1.2613e-01  |g| 2.14e+01  [872s]
step   2000  train 1.2046e-01  val 1.1957e-01  6d geo 1.035e-01 med 1.215e-01 p90 2.433e-01 (const 4.730e-02)  |g| 2.68e+01  [942s]
           5d geo 9.852e-02 med 1.205e-01   postmu 6d geo 1.119e-01 med 1.330e-01 p90 2.571e-01   mu |dlog| 0.7959
           corr(identifiable)  mu=+0.65  D_div_mu=+0.40  T0_div_mu=+0.24  Ly=-0.38  op_x=+0.05  op_y=+0.12   mean spread/GT 0.52
           err share           mu=18%  D_div_mu=1%  T0_div_mu=1%  Ly=35%  op_x=19%  op_y=27%
step   2100  train 1.1688e-01  |g| 2.54e+01  [1013s]
step   2200  train 1.1242e-01  |g| 1.05e+01  [1067s]
step   2300  train 1.3547e-01  |g| 8.15e+00  [1137s]
step   2400  train 1.2016e-01  |g| 1.08e+01  [1205s]
step   2500  train 1.1187e-01  |g| 2.42e+01  [1273s]
step   2600  train 1.1025e-01  |g| 4.46e+01  [1324s]
step   2700  train 1.1734e-01  |g| 6.03e+01  [1368s]
step   2800  train 1.0248e-01  |g| 3.58e+01  [1422s]
step   2900  train 1.0640e-01  |g| 3.29e+01  [1464s]
step   3000  train 2.2467e-01  |g| 1.33e+01  [1535s]
step   3100  train 1.9157e-01  |g| 1.24e+01  [1672s]
step   3200  train 1.7570e-01  |g| 2.55e+01  [1810s]
step   3300  train 1.5143e-01  |g| 7.94e+00  [1935s]
step   3400  train 1.2606e-01  |g| 1.79e+01  [2035s]
step   3500  train 1.2296e-01  |g| 1.07e+01  [2116s]
step   3600  train 1.1832e-01  |g| 3.51e+01  [2199s]
step   3700  train 1.2068e-01  |g| 7.69e+00  [2244s]
step   3800  train 1.2939e-01  |g| 2.95e+01  [2286s]
step   3900  train 1.2532e-01  |g| 8.26e+00  [2327s]
step   4000  train 1.2667e-01  val 1.4308e-01  6d geo 1.150e-01 med 1.285e-01 p90 2.326e-01 (const 4.730e-02)  |g| 6.91e+00  [2369s]
           5d geo 1.236e-01 med 1.431e-01   postmu 6d geo 1.136e-01 med 1.281e-01 p90 2.377e-01   mu |dlog| 0.5115
           corr(identifiable)  mu=+0.69  D_div_mu=-0.18  T0_div_mu=+0.37  Ly=+0.42  op_x=-0.56  op_y=-0.05   mean spread/GT 0.13
           err share           mu=9%  D_div_mu=1%  T0_div_mu=1%  Ly=32%  op_x=18%  op_y=39%
step   4100  train 1.3707e-01  |g| 8.14e+00  [2414s]
step   4200  train 1.2498e-01  |g| 1.59e+01  [2455s]
step   4300  train 1.4161e-01  |g| 2.65e+01  [2501s]
step   4400  train 1.1887e-01  |g| 1.47e+01  [2550s]
step   4500  train 1.1904e-01  |g| 2.76e+01  [2594s]
step   4600  train 1.3466e-01  |g| 2.04e+01  [2636s]
step   4700  train 1.2182e-01  |g| 1.64e+01  [2678s]
step   4800  train 1.2271e-01  |g| 2.04e+01  [2720s]
step   4900  train 1.2174e-01  |g| 5.05e+01  [2761s]
step   5000  train 1.1750e-01  |g| 8.63e+00  [2803s]
step   5100  train 1.1646e-01  |g| 8.48e+01  [2845s]
step   5200  train 1.1223e-01  |g| 1.03e+02  [2886s]
step   5300  train 1.2514e-01  |g| 1.81e+01  [2928s]
step   5400  train 1.2378e-01  |g| 2.18e+01  [2970s]
step   5500  train 1.2628e-01  |g| 2.86e+01  [3011s]
step   5600  train 1.2230e-01  |g| 3.28e+01  [3053s]
step   5700  train 1.2962e-01  |g| 1.83e+01  [3095s]
step   5800  train 1.2145e-01  |g| 2.59e+01  [3136s]
step   5900  train 1.2652e-01  |g| 5.32e+01  [3178s]
step   6000  train 1.2321e-01  val 1.1540e-01  6d geo 9.942e-02 med 1.117e-01 p90 2.174e-01 (const 4.730e-02)  |g| 2.52e+01  [3219s]
           5d geo 9.798e-02 med 1.151e-01   postmu 6d geo 1.036e-01 med 1.140e-01 p90 2.250e-01   mu |dlog| 1.6082
           corr(identifiable)  mu=+0.26  D_div_mu=-0.38  T0_div_mu=+0.29  Ly=-0.04  op_x=-0.18  op_y=+0.01   mean spread/GT 0.30
           err share           mu=14%  D_div_mu=2%  T0_div_mu=1%  Ly=21%  op_x=20%  op_y=44%
step   6100  train 1.2223e-01  |g| 3.83e+01  [3264s]
step   6200  train 1.1714e-01  |g| 4.87e+01  [3306s]
step   6300  train 1.2187e-01  |g| 2.11e+01  [3347s]
step   6400  train 1.2240e-01  |g| 2.15e+01  [3389s]
step   6500  train 1.2434e-01  |g| 1.78e+01  [3431s]
step   6600  train 1.2114e-01  |g| 2.13e+01  [3472s]
step   6700  train 1.2166e-01  |g| 1.23e+01  [3514s]
step   6800  train 1.1753e-01  |g| 2.25e+01  [3556s]
step   6900  train 1.2324e-01  |g| 1.71e+01  [3597s]
step   7000  train 1.1900e-01  |g| 1.77e+01  [3638s]
step   7100  train 1.1345e-01  |g| 3.09e+01  [3680s]
step   7200  train 1.2091e-01  |g| 4.17e+01  [3722s]
step   7300  train 1.2883e-01  |g| 2.97e+01  [3763s]
step   7400  train 1.1746e-01  |g| 1.41e+01  [3805s]
step   7500  train 1.1600e-01  |g| 1.69e+01  [3846s]
step   7600  train 1.1715e-01  |g| 9.88e+00  [3888s]
step   7700  train 1.1509e-01  |g| 1.88e+01  [3929s]
step   7800  train 1.3146e-01  |g| 9.56e+01  [3970s]
step   7900  train 1.2735e-01  |g| 1.87e+01  [4012s]
step   8000  train 1.2647e-01  val 1.2370e-01  6d geo 1.049e-01 med 1.180e-01 p90 2.170e-01 (const 4.730e-02)  |g| 2.09e+01  [4054s]
           5d geo 1.088e-01 med 1.263e-01   postmu 6d geo 1.064e-01 med 1.187e-01 p90 2.189e-01   mu |dlog| 0.9425
           corr(identifiable)  mu=+0.54  D_div_mu=-0.44  T0_div_mu=+0.37  Ly=+0.11  op_x=+0.28  op_y=+0.06   mean spread/GT 0.09
           err share           mu=11%  D_div_mu=2%  T0_div_mu=1%  Ly=33%  op_x=11%  op_y=42%
step   8100  train 1.2469e-01  |g| 1.66e+01  [4099s]
step   8200  train 1.2988e-01  |g| 2.07e+01  [4140s]
step   8300  train 1.2706e-01  |g| 1.70e+02  [4182s]
step   8400  train 1.1614e-01  |g| 3.20e+01  [4224s]
step   8500  train 1.4441e-01  |g| 6.08e+01  [4267s]
step   8600  train 1.5340e-01  |g| 5.53e+01  [4351s]
step   8700  train 1.3877e-01  |g| 3.95e+01  [4394s]
step   8800  train 1.4723e-01  |g| 1.55e+01  [4435s]
step   8900  train 1.3814e-01  |g| 8.03e+00  [4477s]
step   9000  train 1.2863e-01  |g| 3.39e+00  [4519s]
step   9100  train 1.3351e-01  |g| 2.36e+01  [4560s]
step   9200  train 1.2580e-01  |g| 1.55e+01  [4605s]
step   9300  train 1.3410e-01  |g| 9.87e+00  [4648s]
step   9400  train 1.3352e-01  |g| 1.92e+00  [4690s]
step   9500  train 1.3269e-01  |g| 7.46e+00  [4732s]
step   9600  train 1.3938e-01  |g| 5.80e+01  [4773s]
step   9700  train 1.1331e-01  |g| 2.31e+01  [4815s]
step   9800  train 1.1682e-01  |g| 2.44e+01  [4856s]
step   9900  train 1.1544e-01  |g| 6.01e+00  [4898s]
step  10000  train 1.2102e-01  val 1.1409e-01  6d geo 1.674e-01 med 1.847e-01 p90 3.196e-01 (const 4.730e-02)  |g| 2.80e+01  [4939s]
           5d geo 1.686e-01 med 1.951e-01   postmu 6d geo 1.673e-01 med 1.847e-01 p90 3.194e-01   mu |dlog| 2.5432
           WARNING: prediction spread 0.009 of ground truth -- the output has collapsed to a constant (saturated tanh); lower --lr or raise --warmup-steps and restart
           corr(identifiable)  mu=+0.18  D_div_mu=+0.33  T0_div_mu=+0.13  Ly=-0.02  op_x=-0.32  op_y=+0.03   mean spread/GT 0.01
           err share           mu=13%  D_div_mu=1%  T0_div_mu=1%  Ly=28%  op_x=29%  op_y=28%
step  10100  train 1.1485e-01  |g| 3.05e+01  [4984s]
step  10200  train 1.1437e-01  |g| 5.46e+00  [5025s]
step  10300  train 1.1387e-01  |g| 1.13e+01  [5067s]
step  10400  train 1.1124e-01  |g| 1.44e+01  [5108s]
step  10500  train 1.1271e-01  |g| 1.01e+01  [5150s]
step  10600  train 1.1254e-01  |g| 1.45e+01  [5191s]
step  10700  train 1.1134e-01  |g| 1.36e+00  [5232s]
step  10800  train 1.1145e-01  |g| 1.18e+01  [5274s]
step  10900  train 1.1658e-01  |g| 6.11e+00  [5315s]
step  11000  train 1.1334e-01  |g| 1.01e+00  [5357s]
step  11100  train 1.1728e-01  |g| 2.49e+01  [5398s]
step  11200  train 1.1550e-01  |g| 1.41e+01  [5440s]
step  11300  train 1.1407e-01  |g| 4.85e+00  [5481s]
step  11400  train 1.1348e-01  |g| 8.04e+00  [5523s]
step  11500  train 1.2473e-01  |g| 4.03e+01  [5564s]
step  11600  train 1.1274e-01  |g| 3.19e+00  [5605s]
step  11700  train 1.1515e-01  |g| 4.79e+00  [5647s]
step  11800  train 1.1456e-01  |g| 4.73e+00  [5688s]
step  11900  train 1.1905e-01  |g| 2.98e+01  [5730s]
step  12000  train 1.1828e-01  val 1.1275e-01  6d geo 1.673e-01 med 1.850e-01 p90 3.186e-01 (const 4.730e-02)  |g| 2.14e+01  [5771s]
           5d geo 1.682e-01 med 1.942e-01   postmu 6d geo 1.671e-01 med 1.850e-01 p90 3.184e-01   mu |dlog| 2.5095
           WARNING: prediction spread 0.002 of ground truth -- the output has collapsed to a constant (saturated tanh); lower --lr or raise --warmup-steps and restart
           corr(identifiable)  mu=+0.12  D_div_mu=+0.20  T0_div_mu=+0.12  Ly=-0.12  op_x=-0.24  op_y=+0.01   mean spread/GT 0.00
           err share           mu=13%  D_div_mu=1%  T0_div_mu=1%  Ly=28%  op_x=29%  op_y=28%
step  12100  train 1.1767e-01  |g| 2.33e+01  [5816s]
step  12200  train 1.0836e-01  |g| 1.63e+00  [5857s]
step  12300  train 1.1309e-01  |g| 8.08e-01  [5899s]
step  12400  train 1.1635e-01  |g| 5.91e+00  [5940s]
step  12500  train 1.1896e-01  |g| 2.27e+01  [5982s]
step  12600  train 1.1204e-01  |g| 1.37e+00  [6023s]
step  12700  train 1.1361e-01  |g| 1.06e+00  [6065s]
step  12800  train 1.1479e-01  |g| 1.83e+01  [6106s]
step  12900  train 1.1664e-01  |g| 1.90e+01  [6147s]
step  13000  train 1.1420e-01  |g| 2.80e+00  [6189s]
step  13100  train 1.1400e-01  |g| 1.02e+01  [6230s]
step  13200  train 1.1443e-01  |g| 1.53e+01  [6272s]
step  13300  train 1.1660e-01  |g| 9.25e+00  [6313s]
step  13400  train 1.1144e-01  |g| 1.98e+00  [6355s]
step  13500  train 1.1081e-01  |g| 9.35e+00  [6396s]
step  13600  train 1.1219e-01  |g| 5.35e+00  [6438s]
step  13700  train 1.1007e-01  |g| 7.26e+00  [6479s]
step  13800  train 1.1653e-01  |g| 1.10e+01  [6520s]
step  13900  train 1.1186e-01  |g| 1.10e+01  [6562s]
step  14000  train 1.1537e-01  val 1.1566e-01  6d geo 1.675e-01 med 1.851e-01 p90 3.191e-01 (const 4.730e-02)  |g| 1.19e+01  [6603s]
           5d geo 1.686e-01 med 1.946e-01   postmu 6d geo 1.675e-01 med 1.851e-01 p90 3.191e-01   mu |dlog| 2.5493
           WARNING: prediction spread 0.004 of ground truth -- the output has collapsed to a constant (saturated tanh); lower --lr or raise --warmup-steps and restart
           corr(identifiable)  mu=+0.06  D_div_mu=+0.16  T0_div_mu=+0.15  Ly=-0.27  op_x=-0.11  op_y=+0.02   mean spread/GT 0.00
           err share           mu=13%  D_div_mu=1%  T0_div_mu=1%  Ly=28%  op_x=29%  op_y=28%
step  14100  train 1.1247e-01  |g| 9.83e+00  [6648s]
step  14200  train 1.1621e-01  |g| 1.40e+00  [6689s]
step  14300  train 1.0745e-01  |g| 8.75e+00  [6731s]
step  14400  train 1.1417e-01  |g| 1.69e+01  [6772s]
step  14500  train 1.1088e-01  |g| 7.44e+00  [6814s]
step  14600  train 1.1311e-01  |g| 4.02e-01  [6855s]
step  14700  train 1.1408e-01  |g| 2.40e+00  [6897s]
step  14800  train 1.1409e-01  |g| 7.81e+00  [6938s]
step  14900  train 1.1556e-01  |g| 2.19e+00  [6980s]
step  15000  train 1.1150e-01  |g| 4.17e+00  [7021s]
step  15100  train 1.1615e-01  |g| 1.28e+01  [7062s]
step  15200  train 1.1149e-01  |g| 7.70e+00  [7104s]
step  15300  train 1.1207e-01  |g| 5.26e+00  [7145s]
step  15400  train 1.1059e-01  |g| 1.51e+01  [7187s]
step  15500  train 1.1184e-01  |g| 4.75e+00  [7228s]
step  15600  train 1.1179e-01  |g| 8.96e-01  [7269s]
step  15700  train 1.1453e-01  |g| 5.79e+00  [7311s]
step  15800  train 1.1604e-01  |g| 1.90e+01  [7352s]
step  15900  train 1.1100e-01  |g| 7.67e+00  [7394s]
step  16000  train 1.1705e-01  val 1.1303e-01  6d geo 1.673e-01 med 1.853e-01 p90 3.187e-01 (const 4.730e-02)  |g| 1.49e+01  [7435s]
           5d geo 1.684e-01 med 1.944e-01   postmu 6d geo 1.673e-01 med 1.853e-01 p90 3.186e-01   mu |dlog| 2.5382
           WARNING: prediction spread 0.010 of ground truth -- the output has collapsed to a constant (saturated tanh); lower --lr or raise --warmup-steps and restart
           corr(identifiable)  mu=-0.58  D_div_mu=-0.15  T0_div_mu=+0.39  Ly=+0.11  op_x=+0.00  op_y=+0.02   mean spread/GT 0.01
           err share           mu=13%  D_div_mu=1%  T0_div_mu=1%  Ly=28%  op_x=29%  op_y=28%
step  16100  train 1.1170e-01  |g| 7.30e+00  [7480s]
step  16200  train 1.1381e-01  |g| 3.06e+00  [7521s]
step  16300  train 1.1205e-01  |g| 1.11e+00  [7563s]
step  16400  train 1.0846e-01  |g| 3.28e+00  [7604s]
step  16500  train 1.1345e-01  |g| 4.68e+00  [7645s]
step  16600  train 1.1533e-01  |g| 6.10e+00  [7687s]
step  16700  train 1.1459e-01  |g| 5.32e+00  [7728s]
step  16800  train 1.1223e-01  |g| 8.61e-01  [7770s]
step  16900  train 1.1913e-01  |g| 1.91e+01  [7811s]
step  17000  train 1.0895e-01  |g| 4.67e+00  [7853s]
step  17100  train 1.1305e-01  |g| 8.02e+00  [7894s]
step  17200  train 1.1429e-01  |g| 3.35e+00  [7935s]
step  17300  train 1.1648e-01  |g| 1.74e+01  [7977s]
step  17400  train 1.1002e-01  |g| 7.12e+00  [8018s]
step  17500  train 1.0796e-01  |g| 2.64e+00  [8060s]
step  17600  train 1.1365e-01  |g| 1.34e+01  [8101s]
step  17700  train 1.1689e-01  |g| 1.19e+01  [8143s]
step  17800  train 1.1065e-01  |g| 4.04e+00  [8184s]
step  17900  train 1.1396e-01  |g| 1.28e+01  [8225s]
step  18000  train 1.1448e-01  val 1.1172e-01  6d geo 1.659e-01 med 1.839e-01 p90 3.166e-01 (const 4.730e-02)  |g| 1.30e+01  [8267s]
           5d geo 1.667e-01 med 1.924e-01   postmu 6d geo 1.659e-01 med 1.839e-01 p90 3.165e-01   mu |dlog| 2.5441
           WARNING: prediction spread 0.010 of ground truth -- the output has collapsed to a constant (saturated tanh); lower --lr or raise --warmup-steps and restart
           corr(identifiable)  mu=-0.20  D_div_mu=-0.04  T0_div_mu=-0.21  Ly=-0.23  op_x=+0.02  op_y=+0.02   mean spread/GT 0.01
           err share           mu=13%  D_div_mu=1%  T0_div_mu=1%  Ly=28%  op_x=29%  op_y=28%
step  18100  train 1.0751e-01  |g| 5.44e+00  [8312s]
step  18200  train 1.1008e-01  |g| 2.71e+00  [8353s]
step  18300  train 1.0963e-01  |g| 2.43e+00  [8394s]
step  18400  train 1.1143e-01  |g| 5.18e+00  [8436s]
step  18500  train 1.0898e-01  |g| 1.36e+00  [8477s]
step  18600  train 1.1253e-01  |g| 1.29e+01  [8519s]
step  18700  train 1.1075e-01  |g| 1.15e+01  [8560s]
step  18800  train 1.1557e-01  |g| 1.28e+01  [8602s]
step  18900  train 1.1785e-01  |g| 1.86e+01  [8643s]
step  19000  train 1.1630e-01  |g| 9.69e+00  [8684s]
step  19100  train 1.1289e-01  |g| 1.00e+01  [8726s]
step  19200  train 1.0726e-01  |g| 3.79e+00  [8767s]
step  19300  train 1.1227e-01  |g| 2.48e+00  [8809s]
step  19400  train 1.1642e-01  |g| 6.28e+00  [8850s]
step  19500  train 1.1424e-01  |g| 1.20e+01  [8892s]
step  19600  train 1.0988e-01  |g| 6.79e+00  [8933s]
step  19700  train 1.0872e-01  |g| 2.62e+00  [8974s]
step  19800  train 1.1308e-01  |g| 1.45e+00  [9016s]
step  19900  train 1.1198e-01  |g| 1.67e+00  [9057s]
step  20000  train 1.1165e-01  val 1.1234e-01  6d geo 1.659e-01 med 1.832e-01 p90 3.168e-01 (const 4.730e-02)  |g| 9.19e-01  [9099s]
           5d geo 1.667e-01 med 1.926e-01   postmu 6d geo 1.658e-01 med 1.832e-01 p90 3.168e-01   mu |dlog| 2.5438
           WARNING: prediction spread 0.020 of ground truth -- the output has collapsed to a constant (saturated tanh); lower --lr or raise --warmup-steps and restart
           corr(identifiable)  mu=-0.12  D_div_mu=-0.03  T0_div_mu=-0.25  Ly=-0.10  op_x=-0.01  op_y=+0.02   mean spread/GT 0.02
           err share           mu=13%  D_div_mu=1%  T0_div_mu=1%  Ly=28%  op_x=29%  op_y=28%
step  20100  train 1.1017e-01  |g| 6.45e+00  [9143s]
step  20200  train 1.1145e-01  |g| 6.22e+00  [9185s]
step  20300  train 1.1040e-01  |g| 2.91e+00  [9226s]
step  20400  train 1.1168e-01  |g| 1.83e+00  [9268s]
step  20500  train 1.1280e-01  |g| 3.69e+00  [9309s]
step  20600  train 1.1295e-01  |g| 7.10e+00  [9351s]
step  20700  train 1.1199e-01  |g| 9.74e+00  [9392s]
step  20800  train 1.1070e-01  |g| 5.07e+00  [9433s]
step  20900  train 1.1058e-01  |g| 4.53e+00  [9475s]
step  21000  train 1.0996e-01  |g| 3.90e+00  [9516s]
step  21100  train 1.1030e-01  |g| 7.56e+00  [9558s]
step  21200  train 1.1347e-01  |g| 5.98e+00  [9599s]
step  21300  train 1.1031e-01  |g| 2.47e+00  [9641s]
step  21400  train 1.1013e-01  |g| 2.00e+00  [9682s]
step  21500  train 1.1173e-01  |g| 7.77e+00  [9723s]
step  21600  train 1.0961e-01  |g| 3.94e+00  [9765s]
step  21700  train 1.1267e-01  |g| 1.04e+00  [9806s]
step  21800  train 1.1355e-01  |g| 1.50e+01  [9848s]
step  21900  train 1.0868e-01  |g| 1.08e+00  [9889s]
step  22000  train 1.1076e-01  val 1.1336e-01  6d geo 1.660e-01 med 1.840e-01 p90 3.165e-01 (const 4.730e-02)  |g| 2.86e+00  [9931s]
           5d geo 1.667e-01 med 1.924e-01   postmu 6d geo 1.659e-01 med 1.840e-01 p90 3.165e-01   mu |dlog| 2.5454
           WARNING: prediction spread 0.008 of ground truth -- the output has collapsed to a constant (saturated tanh); lower --lr or raise --warmup-steps and restart
           corr(identifiable)  mu=-0.07  D_div_mu=-0.07  T0_div_mu=-0.28  Ly=-0.09  op_x=-0.00  op_y=+0.02   mean spread/GT 0.01
           err share           mu=13%  D_div_mu=1%  T0_div_mu=1%  Ly=28%  op_x=29%  op_y=28%
step  22100  train 1.1061e-01  |g| 4.59e+00  [9975s]
step  22200  train 1.1319e-01  |g| 2.73e+00  [10017s]
step  22300  train 1.0949e-01  |g| 5.20e+00  [10058s]
step  22400  train 1.1331e-01  |g| 3.48e+00  [10100s]
step  22500  train 1.1110e-01  |g| 9.79e+00  [10141s]
step  22600  train 1.1242e-01  |g| 4.72e+00  [10182s]
step  22700  train 1.1374e-01  |g| 9.77e+00  [10224s]
step  22800  train 1.1137e-01  |g| 7.16e+00  [10265s]
step  22900  train 1.1362e-01  |g| 9.27e+00  [10307s]
step  23000  train 1.1147e-01  |g| 1.49e+01  [10348s]
step  23100  train 1.1256e-01  |g| 5.89e+00  [10389s]
step  23200  train 1.1630e-01  |g| 1.27e+01  [10431s]
step  23300  train 1.0919e-01  |g| 7.40e+00  [10472s]
step  23400  train 1.0853e-01  |g| 4.73e+00  [10514s]
step  23500  train 1.1564e-01  |g| 1.15e+01  [10555s]
step  23600  train 1.1239e-01  |g| 7.80e+00  [10596s]
step  23700  train 1.0840e-01  |g| 2.95e+00  [10638s]
step  23800  train 1.1243e-01  |g| 4.00e+00  [10679s]
step  23900  train 1.0951e-01  |g| 4.60e+00  [10720s]
step  24000  train 1.1031e-01  val 1.1195e-01  6d geo 1.662e-01 med 1.842e-01 p90 3.167e-01 (const 4.730e-02)  |g| 1.74e+00  [10762s]
           5d geo 1.670e-01 med 1.925e-01   postmu 6d geo 1.661e-01 med 1.840e-01 p90 3.163e-01   mu |dlog| 2.5015
           WARNING: prediction spread 0.003 of ground truth -- the output has collapsed to a constant (saturated tanh); lower --lr or raise --warmup-steps and restart
           corr(identifiable)  mu=-0.13  D_div_mu=-0.01  T0_div_mu=-0.14  Ly=-0.05  op_x=+0.16  op_y=+0.01   mean spread/GT 0.00
           err share           mu=13%  D_div_mu=1%  T0_div_mu=1%  Ly=28%  op_x=29%  op_y=28%
step  24100  train 1.1509e-01  |g| 1.36e+01  [10806s]
step  24200  train 1.0917e-01  |g| 3.28e+00  [10847s]
step  24300  train 1.1371e-01  |g| 1.35e+01  [10888s]
step  24400  train 1.0950e-01  |g| 5.04e+00  [10930s]
step  24500  train 1.1282e-01  |g| 4.06e+00  [10971s]
step  24600  train 1.1678e-01  |g| 7.08e+00  [11012s]
step  24700  train 1.1162e-01  |g| 1.68e+01  [11054s]
step  24800  train 1.1534e-01  |g| 6.51e+00  [11095s]
step  24900  train 1.1025e-01  |g| 2.56e+00  [11136s]
step  25000  train 1.1052e-01  |g| 1.02e+01  [11178s]
step  25100  train 1.1145e-01  |g| 4.18e+00  [11219s]
step  25200  train 1.1287e-01  |g| 8.97e+00  [11260s]
step  25300  train 1.1036e-01  |g| 5.74e+00  [11302s]
step  25400  train 1.1304e-01  |g| 1.06e+01  [11343s]
step  25500  train 1.1379e-01  |g| 1.18e+01  [11385s]
step  25600  train 1.1134e-01  |g| 5.08e+00  [11426s]
step  25700  train 1.0901e-01  |g| 2.98e+00  [11467s]
step  25800  train 1.1052e-01  |g| 6.80e+00  [11509s]
step  25900  train 1.1297e-01  |g| 1.08e+00  [11550s]
step  26000  train 1.1088e-01  val 1.1104e-01  6d geo 1.662e-01 med 1.841e-01 p90 3.167e-01 (const 4.730e-02)  |g| 9.46e-01  [11592s]
           5d geo 1.670e-01 med 1.925e-01   postmu 6d geo 1.661e-01 med 1.840e-01 p90 3.163e-01   mu |dlog| 2.5112
           WARNING: prediction spread 0.004 of ground truth -- the output has collapsed to a constant (saturated tanh); lower --lr or raise --warmup-steps and restart
           corr(identifiable)  mu=-0.12  D_div_mu=-0.01  T0_div_mu=-0.05  Ly=-0.03  op_x=+0.16  op_y=+0.02   mean spread/GT 0.00
           err share           mu=13%  D_div_mu=1%  T0_div_mu=1%  Ly=28%  op_x=29%  op_y=28%
step  26100  train 1.1308e-01  |g| 3.34e+00  [11636s]
step  26200  train 1.1318e-01  |g| 1.17e+00  [11677s]
step  26300  train 1.1196e-01  |g| 7.70e+00  [11719s]
step  26400  train 1.0767e-01  |g| 9.72e-01  [11760s]
step  26500  train 1.1210e-01  |g| 9.90e-01  [11801s]
step  26600  train 1.0951e-01  |g| 1.04e+00  [11843s]
step  26700  train 1.1266e-01  |g| 2.40e+00  [11884s]
step  26800  train 1.0996e-01  |g| 8.13e-01  [11925s]
step  26900  train 1.1120e-01  |g| 6.64e+00  [11967s]
step  27000  train 1.1128e-01  |g| 4.40e+00  [12008s]
step  27100  train 1.1169e-01  |g| 5.31e+00  [12050s]
step  27200  train 1.1133e-01  |g| 9.26e+00  [12091s]
step  27300  train 1.1246e-01  |g| 2.73e+00  [12133s]
step  27400  train 1.1463e-01  |g| 6.81e+00  [12174s]
step  27500  train 1.1145e-01  |g| 2.62e+00  [12215s]
step  27600  train 1.1671e-01  |g| 1.56e+01  [12257s]
step  27700  train 1.1327e-01  |g| 2.61e+00  [12298s]
step  27800  train 1.1153e-01  |g| 6.88e+00  [12340s]
step  27900  train 1.0978e-01  |g| 4.32e+00  [12381s]
step  28000  train 1.1271e-01  val 1.1085e-01  6d geo 1.662e-01 med 1.842e-01 p90 3.169e-01 (const 4.730e-02)  |g| 1.09e+01  [12423s]
           5d geo 1.671e-01 med 1.925e-01   postmu 6d geo 1.661e-01 med 1.842e-01 p90 3.164e-01   mu |dlog| 2.5095
           WARNING: prediction spread 0.006 of ground truth -- the output has collapsed to a constant (saturated tanh); lower --lr or raise --warmup-steps and restart
           corr(identifiable)  mu=-0.16  D_div_mu=+0.02  T0_div_mu=-0.07  Ly=+0.05  op_x=+0.21  op_y=+0.02   mean spread/GT 0.01
           err share           mu=13%  D_div_mu=1%  T0_div_mu=1%  Ly=28%  op_x=29%  op_y=28%
step  28100  train 1.1097e-01  |g| 3.27e+00  [12467s]
step  28200  train 1.1249e-01  |g| 1.12e+01  [12508s]
step  28300  train 1.1447e-01  |g| 5.70e+00  [12550s]
step  28400  train 1.1368e-01  |g| 2.45e+00  [12591s]
step  28500  train 1.1650e-01  |g| 7.20e+00  [12632s]
step  28600  train 1.1286e-01  |g| 2.71e+00  [12674s]
step  28700  train 1.0808e-01  |g| 4.97e+00  [12715s]
step  28800  train 1.0675e-01  |g| 3.78e+00  [12757s]
step  28900  train 1.1190e-01  |g| 1.37e+00  [12798s]
step  29000  train 1.0988e-01  |g| 4.82e+00  [12840s]
step  29100  train 1.1442e-01  |g| 5.48e+00  [12881s]
step  29200  train 1.0942e-01  |g| 3.85e+00  [12922s]
step  29300  train 1.1564e-01  |g| 1.90e+01  [12964s]
step  29400  train 1.0868e-01  |g| 3.00e+00  [13005s]
step  29500  train 1.1403e-01  |g| 1.66e+01  [13046s]
step  29600  train 1.0913e-01  |g| 4.20e+00  [13087s]
step  29700  train 1.1272e-01  |g| 3.43e+00  [13129s]
step  29800  train 1.1251e-01  |g| 5.17e+00  [13170s]
step  29900  train 1.1874e-01  |g| 5.14e+00  [13211s]
step  30000  train 1.1139e-01  val 1.1156e-01  6d geo 1.663e-01 med 1.843e-01 p90 3.170e-01 (const 4.730e-02)  |g| 2.97e+00  [13253s]
           5d geo 1.671e-01 med 1.929e-01   postmu 6d geo 1.662e-01 med 1.842e-01 p90 3.161e-01   mu |dlog| 2.5114
           WARNING: prediction spread 0.011 of ground truth -- the output has collapsed to a constant (saturated tanh); lower --lr or raise --warmup-steps and restart
           corr(identifiable)  mu=-0.22  D_div_mu=+0.02  T0_div_mu=-0.12  Ly=-0.03  op_x=+0.24  op_y=+0.04   mean spread/GT 0.01
           err share           mu=13%  D_div_mu=1%  T0_div_mu=1%  Ly=28%  op_x=29%  op_y=28%
step  30100  train 1.1037e-01  |g| 3.14e+00  [13297s]
step  30200  train 1.0807e-01  |g| 1.55e+00  [13339s]
step  30300  train 1.1113e-01  |g| 3.39e+00  [13380s]
step  30400  train 1.0923e-01  |g| 2.22e+00  [13422s]
step  30500  train 1.1167e-01  |g| 2.46e+00  [13463s]
step  30600  train 1.1140e-01  |g| 4.44e+00  [13504s]
step  30700  train 1.0924e-01  |g| 2.08e+00  [13546s]
step  30800  train 1.1140e-01  |g| 5.28e-01  [13587s]
step  30900  train 1.0815e-01  |g| 4.55e+00  [13628s]
step  31000  train 1.1647e-01  |g| 1.34e+01  [13670s]
step  31100  train 1.1463e-01  |g| 4.63e-01  [13711s]
step  31200  train 1.1112e-01  |g| 1.20e+01  [13753s]
step  31300  train 1.0950e-01  |g| 4.98e+00  [13794s]
step  31400  train 1.1243e-01  |g| 3.64e+00  [13835s]
step  31500  train 1.1160e-01  |g| 3.29e+00  [13877s]
step  31600  train 1.1239e-01  |g| 2.34e+00  [13918s]
step  31700  train 1.1191e-01  |g| 1.04e+01  [13960s]
step  31800  train 1.1100e-01  |g| 2.31e+00  [14001s]
step  31900  train 1.1338e-01  |g| 9.64e+00  [14043s]
step  32000  train 1.1349e-01  val 1.1123e-01  6d geo 1.661e-01 med 1.841e-01 p90 3.169e-01 (const 4.730e-02)  |g| 1.04e+01  [14084s]
           5d geo 1.669e-01 med 1.925e-01   postmu 6d geo 1.660e-01 med 1.840e-01 p90 3.165e-01   mu |dlog| 2.5305
           WARNING: prediction spread 0.021 of ground truth -- the output has collapsed to a constant (saturated tanh); lower --lr or raise --warmup-steps and restart
           corr(identifiable)  mu=-0.16  D_div_mu=-0.02  T0_div_mu=-0.07  Ly=-0.01  op_x=+0.09  op_y=+0.01   mean spread/GT 0.02
           err share           mu=13%  D_div_mu=1%  T0_div_mu=1%  Ly=28%  op_x=29%  op_y=28%
step  32100  train 1.1079e-01  |g| 4.78e+00  [14128s]
step  32200  train 1.1207e-01  |g| 1.34e+00  [14170s]
step  32300  train 1.1501e-01  |g| 7.79e+00  [14211s]
step  32400  train 1.0921e-01  |g| 1.12e+01  [14253s]
step  32500  train 1.1071e-01  |g| 2.03e+00  [14294s]
step  32600  train 1.0966e-01  |g| 1.43e+00  [14335s]
step  32700  train 1.1085e-01  |g| 9.19e+00  [14377s]
step  32800  train 1.0925e-01  |g| 1.48e+00  [14418s]
step  32900  train 1.0995e-01  |g| 2.72e+00  [14460s]
step  33000  train 1.0823e-01  |g| 3.75e+00  [14501s]
step  33100  train 1.1698e-01  |g| 1.38e+00  [14542s]
step  33200  train 1.1065e-01  |g| 3.70e+00  [14584s]
step  33300  train 1.0998e-01  |g| 5.56e+00  [14625s]
step  33400  train 1.1084e-01  |g| 5.62e+00  [14667s]
step  33500  train 1.1118e-01  |g| 6.73e+00  [14708s]
step  33600  train 1.1555e-01  |g| 1.60e+00  [14749s]
step  33700  train 1.1117e-01  |g| 6.40e+00  [14791s]
step  33800  train 1.1122e-01  |g| 9.89e+00  [14832s]
step  33900  train 1.1375e-01  |g| 6.89e+00  [14873s]
step  34000  train 1.1031e-01  val 1.1086e-01  6d geo 1.657e-01 med 1.830e-01 p90 3.165e-01 (const 4.730e-02)  |g| 7.30e+00  [14915s]
           5d geo 1.665e-01 med 1.924e-01   postmu 6d geo 1.656e-01 med 1.830e-01 p90 3.162e-01   mu |dlog| 2.5139
           WARNING: prediction spread 0.041 of ground truth -- the output has collapsed to a constant (saturated tanh); lower --lr or raise --warmup-steps and restart
           corr(identifiable)  mu=-0.15  D_div_mu=-0.00  T0_div_mu=-0.05  Ly=-0.02  op_x=-0.05  op_y=+0.04   mean spread/GT 0.04
           err share           mu=13%  D_div_mu=1%  T0_div_mu=1%  Ly=28%  op_x=29%  op_y=28%
step  34100  train 1.1326e-01  |g| 9.46e+00  [14959s]
step  34200  train 1.1300e-01  |g| 4.75e+00  [15001s]
step  34300  train 1.1079e-01  |g| 1.60e+00  [15042s]
step  34400  train 1.0972e-01  |g| 4.04e+00  [15083s]
step  34500  train 1.1580e-01  |g| 8.12e+00  [15124s]
step  34600  train 1.1016e-01  |g| 5.53e+00  [15166s]
step  34700  train 1.0913e-01  |g| 4.26e+00  [15207s]
step  34800  train 1.1290e-01  |g| 9.18e+00  [15249s]
step  34900  train 1.1272e-01  |g| 3.12e+00  [15290s]
step  35000  train 1.1252e-01  |g| 4.82e+00  [15331s]
step  35100  train 1.1226e-01  |g| 1.36e+00  [15373s]
step  35200  train 1.0896e-01  |g| 6.74e+00  [15414s]
step  35300  train 1.1248e-01  |g| 5.98e+00  [15456s]
step  35400  train 1.1459e-01  |g| 1.06e+01  [15497s]
step  35500  train 1.1356e-01  |g| 2.10e+00  [15539s]
step  35600  train 1.0875e-01  |g| 2.29e+00  [15580s]
step  35700  train 1.1151e-01  |g| 5.76e+00  [15622s]
step  35800  train 1.1160e-01  |g| 6.57e+00  [15663s]
step  35900  train 1.0960e-01  |g| 2.09e+00  [15704s]
step  36000  train 1.1657e-01  val 1.1079e-01  6d geo 1.658e-01 med 1.830e-01 p90 3.163e-01 (const 4.730e-02)  |g| 7.33e+00  [15746s]
           5d geo 1.665e-01 med 1.925e-01   postmu 6d geo 1.656e-01 med 1.830e-01 p90 3.162e-01   mu |dlog| 2.5181
           WARNING: prediction spread 0.037 of ground truth -- the output has collapsed to a constant (saturated tanh); lower --lr or raise --warmup-steps and restart
           corr(identifiable)  mu=-0.14  D_div_mu=+0.01  T0_div_mu=-0.04  Ly=-0.05  op_x=+0.10  op_y=+0.03   mean spread/GT 0.04
           err share           mu=13%  D_div_mu=1%  T0_div_mu=1%  Ly=28%  op_x=29%  op_y=28%
step  36100  train 1.1264e-01  |g| 6.78e-01  [15791s]
step  36200  train 1.1355e-01  |g| 4.61e+00  [15832s]
step  36300  train 1.1449e-01  |g| 6.47e+00  [15873s]
step  36400  train 1.1078e-01  |g| 2.29e+00  [15914s]
step  36500  train 1.1263e-01  |g| 1.26e+01  [15956s]
step  36600  train 1.1015e-01  |g| 7.33e-01  [15997s]
step  36700  train 1.1118e-01  |g| 6.44e+00  [16038s]
step  36800  train 1.0968e-01  |g| 3.17e+00  [16080s]
step  36900  train 1.1025e-01  |g| 3.45e+00  [16121s]
step  37000  train 1.1288e-01  |g| 5.19e+00  [16162s]
step  37100  train 1.0932e-01  |g| 2.64e+00  [16204s]
step  37200  train 1.0927e-01  |g| 1.97e+00  [16245s]
step  37300  train 1.0931e-01  |g| 3.13e+00  [16287s]
step  37400  train 1.1261e-01  |g| 1.80e+00  [16328s]
step  37500  train 1.1189e-01  |g| 6.71e+00  [16369s]
step  37600  train 1.1065e-01  |g| 3.76e-01  [16411s]
step  37700  train 1.0959e-01  |g| 3.82e+00  [16452s]
step  37800  train 1.0962e-01  |g| 1.15e+01  [16494s]
step  37900  train 1.0782e-01  |g| 9.99e+00  [16535s]
step  38000  train 1.1413e-01  val 1.1069e-01  6d geo 1.661e-01 med 1.840e-01 p90 3.167e-01 (const 4.730e-02)  |g| 4.58e-01  [16576s]
           5d geo 1.668e-01 med 1.925e-01   postmu 6d geo 1.659e-01 med 1.838e-01 p90 3.163e-01   mu |dlog| 2.5166
           WARNING: prediction spread 0.020 of ground truth -- the output has collapsed to a constant (saturated tanh); lower --lr or raise --warmup-steps and restart
           corr(identifiable)  mu=-0.09  D_div_mu=-0.03  T0_div_mu=-0.01  Ly=-0.06  op_x=+0.20  op_y=+0.03   mean spread/GT 0.02
           err share           mu=13%  D_div_mu=1%  T0_div_mu=1%  Ly=28%  op_x=29%  op_y=28%
step  38100  train 1.1056e-01  |g| 3.16e-01  [16621s]
step  38200  train 1.1153e-01  |g| 2.53e+00  [16662s]
step  38300  train 1.1208e-01  |g| 2.94e+00  [16704s]
step  38400  train 1.0818e-01  |g| 2.95e+00  [16745s]
step  38500  train 1.0774e-01  |g| 3.52e+00  [16787s]
step  38600  train 1.1079e-01  |g| 9.01e+00  [16828s]
step  38700  train 1.1101e-01  |g| 5.04e+00  [16869s]
step  38800  train 1.1358e-01  |g| 4.81e+00  [16911s]
step  38900  train 1.1263e-01  |g| 1.28e+01  [16952s]
step  39000  train 1.1265e-01  |g| 7.59e+00  [16994s]
step  39100  train 1.0934e-01  |g| 2.59e+00  [17035s]
step  39200  train 1.0843e-01  |g| 1.49e+00  [17077s]
step  39300  train 1.1099e-01  |g| 1.94e+00  [17118s]
step  39400  train 1.0620e-01  |g| 1.27e+00  [17160s]
step  39500  train 1.1347e-01  |g| 3.43e+00  [17201s]
step  39600  train 1.1126e-01  |g| 5.28e+00  [17242s]
step  39700  train 1.1132e-01  |g| 1.72e+00  [17284s]
step  39800  train 1.1199e-01  |g| 9.18e+00  [17325s]
step  39900  train 1.1250e-01  |g| 1.06e+01  [17367s]
step  40000  train 1.1085e-01  val 1.1065e-01  6d geo 1.661e-01 med 1.841e-01 p90 3.168e-01 (const 4.730e-02)  |g| 4.08e+00  [17408s]
           5d geo 1.669e-01 med 1.925e-01   postmu 6d geo 1.660e-01 med 1.839e-01 p90 3.164e-01   mu |dlog| 2.5142
           WARNING: prediction spread 0.022 of ground truth -- the output has collapsed to a constant (saturated tanh); lower --lr or raise --warmup-steps and restart
           corr(identifiable)  mu=-0.12  D_div_mu=-0.02  T0_div_mu=-0.02  Ly=-0.05  op_x=+0.18  op_y=+0.03   mean spread/GT 0.02
           err share           mu=13%  D_div_mu=1%  T0_div_mu=1%  Ly=28%  op_x=29%  op_y=28%
best val_nmse_6d_postmu_geo 4.9559e-02 (encoder_best.pt)

Done. Outputs written to /home/bhpark3/dafx_ddsp/results/ddsp/eps_ladder_adam1e8/L1_STFT_eps1e1
