Device cuda | loss L1_STFT | duration 0.25s
Loading train targets from data/train-p99
Loading val targets from data/val-p99
  98304 train / 996 val in 43s   train tensor 4.34 GB
  training set held in host memory; batches transferred per step
reference levels:  gt_loss 7.3539e-08   saturation (unrelated IRs) 4.1194e+00
constant-predictor NMSE: 6d 4.730e-02  7d 7.959e-02  (the floor to beat)
training loss stuck near saturation = gradient uninformative; well below = learning

encoder: 3.74M params, width 32

loss scale (fixed): 2.1184e+00
step      1  train 2.1184e+00  val 1.3910e+01  6d geo 4.283e-02 med 4.750e-02 p90 8.157e-02 (const 4.730e-02)  |g| 9.55e+00  [1s]
           5d geo 4.206e-02 med 4.849e-02   postmu 6d geo 4.965e-02 med 5.162e-02 p90 1.270e-01   mu |dlog| 0.5563
           WARNING: prediction spread 0.000 of ground truth -- the output has collapsed to a constant (saturated tanh); lower --lr or raise --warmup-steps and restart
           corr(identifiable)  mu=-0.37  D_div_mu=+0.15  T0_div_mu=-0.01  Ly=-0.01  op_x=-0.48  op_y=-0.27   mean spread/GT 0.00
           err share           mu=16%  D_div_mu=3%  T0_div_mu=2%  Ly=26%  op_x=28%  op_y=26%
step    100  train 8.6762e-01  |g| 5.80e-01  [45s]
step    200  train 7.9741e-01  |g| 1.49e+00  [86s]
step    300  train 7.3992e-01  |g| 1.08e+00  [128s]
step    400  train 8.1053e-01  |g| 5.57e+00  [172s]
step    500  train 7.5193e-01  |g| 3.19e+00  [214s]
step    600  train 7.1853e-01  |g| 1.09e+00  [257s]
step    700  train 6.7387e-01  |g| 1.50e+00  [299s]
step    800  train 6.9631e-01  |g| 1.27e+00  [341s]
step    900  train 7.1039e-01  |g| 2.09e+00  [388s]
step   1000  train 7.1509e-01  |g| 1.55e+00  [433s]
step   1100  train 7.1216e-01  |g| 1.21e+00  [476s]
step   1200  train 6.8617e-01  |g| 1.06e+00  [518s]
step   1300  train 6.8979e-01  |g| 2.61e+00  [564s]
  WARNING: 1 of 64 parameter sets need a finer grid than the pinned (86, 282) and are truncated. Raise --fixed-mode-grid; targets rendered under a pin that truncates them are not the plate's output at those parameters.
step   1400  train 6.6691e-01  |g| 9.70e-01  [608s]
step   1500  train 7.0159e-01  |g| 1.27e+00  [652s]
step   1600  train 6.8459e-01  |g| 1.15e+00  [697s]
step   1700  train 7.0318e-01  |g| 1.66e+00  [743s]
step   1800  train 7.5622e-01  |g| 2.48e+00  [791s]
step   1900  train 6.4924e-01  |g| 1.88e+00  [836s]
step   2000  train 6.6661e-01  val 6.8135e-01  6d geo 3.020e-02 med 3.204e-02 p90 9.427e-02 (const 4.730e-02)  |g| 1.90e+00  [879s]
           5d geo 2.909e-02 med 3.277e-02   postmu 6d geo 2.920e-02 med 3.127e-02 p90 9.467e-02   mu |dlog| 0.3712
           corr(identifiable)  mu=+0.71  D_div_mu=+0.77  T0_div_mu=+0.43  Ly=+0.48  op_x=+0.65  op_y=+0.54   mean spread/GT 0.73
           err share           mu=14%  D_div_mu=2%  T0_div_mu=2%  Ly=31%  op_x=21%  op_y=30%
step   2100  train 6.9833e-01  |g| 2.01e+00  [928s]
step   2200  train 6.7316e-01  |g| 3.28e+00  [975s]
step   2300  train 6.4611e-01  |g| 1.22e+00  [1020s]
step   2400  train 6.9799e-01  |g| 2.13e+00  [1064s]
step   2500  train 6.6285e-01  |g| 1.45e+00  [1110s]
step   2600  train 6.8101e-01  |g| 2.12e+00  [1155s]
step   2700  train 7.2929e-01  |g| 2.34e+00  [1198s]
step   2800  train 6.3221e-01  |g| 2.61e+00  [1242s]
step   2900  train 6.4830e-01  |g| 1.26e+00  [1287s]
step   3000  train 6.7540e-01  |g| 1.71e+00  [1332s]
step   3100  train 7.0196e-01  |g| 1.96e+00  [1378s]
step   3200  train 6.5280e-01  |g| 2.21e+00  [1424s]
step   3300  train 6.9516e-01  |g| 2.05e+00  [1468s]
step   3400  train 6.4643e-01  |g| 2.27e+00  [1512s]
step   3500  train 6.6619e-01  |g| 1.79e+00  [1557s]
step   3600  train 6.6770e-01  |g| 1.91e+00  [1603s]
step   3700  train 6.4165e-01  |g| 1.70e+00  [1649s]
step   3800  train 6.7011e-01  |g| 2.26e+00  [1696s]
step   3900  train 6.3992e-01  |g| 1.27e+00  [1742s]
step   4000  train 6.4676e-01  val 6.7025e-01  6d geo 2.603e-02 med 2.950e-02 p90 9.886e-02 (const 4.730e-02)  |g| 2.18e+00  [1787s]
           5d geo 2.714e-02 med 3.265e-02   postmu 6d geo 2.735e-02 med 3.076e-02 p90 9.764e-02   mu |dlog| 0.3597
           corr(identifiable)  mu=+0.66  D_div_mu=+0.90  T0_div_mu=+0.41  Ly=+0.40  op_x=+0.68  op_y=+0.64   mean spread/GT 0.81
           err share           mu=12%  D_div_mu=1%  T0_div_mu=2%  Ly=36%  op_x=22%  op_y=26%
step   4100  train 6.8480e-01  |g| 2.11e+00  [1836s]
step   4200  train 6.4066e-01  |g| 1.49e+00  [1883s]
step   4300  train 6.6397e-01  |g| 1.08e+00  [1928s]
step   4400  train 6.5931e-01  |g| 1.34e+00  [1974s]
step   4500  train 6.4371e-01  |g| 1.57e+00  [2019s]
step   4600  train 6.8419e-01  |g| 2.22e+00  [2064s]
step   4700  train 5.8903e-01  |g| 1.17e+00  [2110s]
step   4800  train 6.3440e-01  |g| 1.33e+00  [2156s]
step   4900  train 6.8628e-01  |g| 2.20e+00  [2202s]
step   5000  train 6.4668e-01  |g| 2.23e+00  [2246s]
step   5100  train 6.1973e-01  |g| 1.80e+00  [2291s]
step   5200  train 6.2596e-01  |g| 1.79e+00  [2338s]
step   5300  train 6.7591e-01  |g| 2.95e+00  [2384s]
step   5400  train 6.4356e-01  |g| 1.75e+00  [2429s]
step   5500  train 6.5173e-01  |g| 2.57e+00  [2475s]
step   5600  train 6.3226e-01  |g| 2.33e+00  [2520s]
step   5700  train 6.2548e-01  |g| 2.05e+00  [2566s]
step   5800  train 6.2316e-01  |g| 1.92e+00  [2611s]
step   5900  train 6.5533e-01  |g| 2.99e+00  [2656s]
step   6000  train 6.3249e-01  val 6.5798e-01  6d geo 2.012e-02 med 2.283e-02 p90 7.532e-02 (const 4.730e-02)  |g| 2.00e+00  [2702s]
           5d geo 1.915e-02 med 2.212e-02   postmu 6d geo 1.985e-02 med 2.357e-02 p90 7.627e-02   mu |dlog| 0.3500
           corr(identifiable)  mu=+0.70  D_div_mu=+0.92  T0_div_mu=+0.44  Ly=+0.43  op_x=+0.70  op_y=+0.76   mean spread/GT 0.73
           err share           mu=14%  D_div_mu=1%  T0_div_mu=2%  Ly=34%  op_x=27%  op_y=21%
step   6100  train 7.4303e-01  |g| 6.71e+00  [2752s]
step   6200  train 6.2960e-01  |g| 2.03e+00  [2798s]
step   6300  train 6.1570e-01  |g| 2.32e+00  [2843s]
step   6400  train 6.4037e-01  |g| 1.45e+00  [2888s]
step   6500  train 6.1921e-01  |g| 1.30e+00  [2932s]
step   6600  train 6.0661e-01  |g| 1.57e+00  [2977s]
step   6700  train 6.2416e-01  |g| 1.63e+00  [3022s]
step   6800  train 5.8857e-01  |g| 1.87e+00  [3067s]
step   6900  train 6.8312e-01  |g| 2.57e+00  [3113s]
step   7000  train 5.8899e-01  |g| 1.43e+00  [3158s]
step   7100  train 5.9200e-01  |g| 1.97e+00  [3202s]
step   7200  train 6.0711e-01  |g| 1.35e+00  [3247s]
step   7300  train 6.4258e-01  |g| 2.21e+00  [3293s]
step   7400  train 6.0853e-01  |g| 3.03e+00  [3339s]
step   7500  train 6.1061e-01  |g| 1.42e+00  [3385s]
step   7600  train 6.1974e-01  |g| 1.85e+00  [3431s]
step   7700  train 6.1818e-01  |g| 2.47e+00  [3477s]
step   7800  train 6.7350e-01  |g| 3.16e+00  [3522s]
step   7900  train 5.9766e-01  |g| 1.66e+00  [3568s]
step   8000  train 6.4592e-01  val 6.1779e-01  6d geo 1.859e-02 med 1.969e-02 p90 7.991e-02 (const 4.730e-02)  |g| 2.31e+00  [3613s]
           5d geo 1.679e-02 med 1.960e-02   postmu 6d geo 1.771e-02 med 1.954e-02 p90 8.028e-02   mu |dlog| 0.3164
           corr(identifiable)  mu=+0.75  D_div_mu=+0.93  T0_div_mu=+0.45  Ly=+0.46  op_x=+0.73  op_y=+0.77   mean spread/GT 0.82
           err share           mu=14%  D_div_mu=1%  T0_div_mu=3%  Ly=42%  op_x=23%  op_y=18%
step   8100  train 6.4688e-01  |g| 1.51e+00  [3662s]
step   8200  train 8.0307e-01  |g| 7.38e+00  [3708s]
step   8300  train 6.2713e-01  |g| 1.64e+00  [3756s]
step   8400  train 7.1062e-01  |g| 5.02e+00  [3803s]
step   8500  train 5.9216e-01  |g| 1.80e+00  [3850s]
step   8600  train 5.9469e-01  |g| 1.62e+00  [3898s]
step   8700  train 6.3580e-01  |g| 1.75e+00  [3943s]
step   8800  train 6.1996e-01  |g| 1.76e+00  [3990s]
step   8900  train 6.5790e-01  |g| 2.65e+00  [4037s]
step   9000  train 6.5191e-01  |g| 2.86e+00  [4083s]
step   9100  train 6.6879e-01  |g| 1.90e+00  [4129s]
step   9200  train 6.0749e-01  |g| 2.27e+00  [4175s]
step   9300  train 5.8606e-01  |g| 2.14e+00  [4222s]
step   9400  train 6.3142e-01  |g| 2.94e+00  [4267s]
step   9500  train 6.1999e-01  |g| 2.17e+00  [4313s]
step   9600  train 6.5685e-01  |g| 2.20e+00  [4360s]
step   9700  train 6.0180e-01  |g| 1.39e+00  [4406s]
step   9800  train 6.6883e-01  |g| 2.31e+00  [4454s]
step   9900  train 6.1877e-01  |g| 2.68e+00  [4502s]
step  10000  train 6.4177e-01  val 6.1183e-01  6d geo 1.758e-02 med 1.868e-02 p90 6.471e-02 (const 4.730e-02)  |g| 1.73e+00  [4549s]
           5d geo 1.593e-02 med 1.727e-02   postmu 6d geo 1.835e-02 med 2.009e-02 p90 6.427e-02   mu |dlog| 0.3537
           corr(identifiable)  mu=+0.75  D_div_mu=+0.93  T0_div_mu=+0.47  Ly=+0.58  op_x=+0.74  op_y=+0.81   mean spread/GT 0.81
           err share           mu=19%  D_div_mu=1%  T0_div_mu=2%  Ly=33%  op_x=25%  op_y=21%
step  10100  train 6.2030e-01  |g| 2.02e+00  [4601s]
step  10200  train 6.1168e-01  |g| 2.10e+00  [4646s]
step  10300  train 6.1323e-01  |g| 2.32e+00  [4693s]
step  10400  train 5.6522e-01  |g| 1.88e+00  [4740s]
step  10500  train 6.2463e-01  |g| 2.48e+00  [4787s]
step  10600  train 6.0863e-01  |g| 1.38e+00  [4833s]
step  10700  train 6.2302e-01  |g| 2.29e+00  [4879s]
step  10800  train 6.2308e-01  |g| 3.13e+00  [4925s]
step  10900  train 6.6452e-01  |g| 1.81e+00  [4971s]
step  11000  train 6.2587e-01  |g| 3.04e+00  [5018s]
step  11100  train 6.4174e-01  |g| 2.15e+00  [5065s]
step  11200  train 6.3025e-01  |g| 2.47e+00  [5111s]
step  11300  train 5.8814e-01  |g| 2.39e+00  [5157s]
step  11400  train 6.0415e-01  |g| 1.47e+00  [5204s]
step  11500  train 7.0488e-01  |g| 5.88e+00  [5250s]
step  11600  train 5.9813e-01  |g| 1.73e+00  [5296s]
step  11700  train 6.5224e-01  |g| 2.14e+00  [5342s]
step  11800  train 6.2718e-01  |g| 3.12e+00  [5389s]
step  11900  train 5.9116e-01  |g| 2.63e+00  [5434s]
step  12000  train 6.4210e-01  val 6.6147e-01  6d geo 2.187e-02 med 2.486e-02 p90 7.078e-02 (const 4.730e-02)  |g| 2.07e+00  [5481s]
           5d geo 2.159e-02 med 2.494e-02   postmu 6d geo 2.195e-02 med 2.501e-02 p90 6.961e-02   mu |dlog| 0.3402
           corr(identifiable)  mu=+0.76  D_div_mu=+0.85  T0_div_mu=+0.48  Ly=+0.53  op_x=+0.73  op_y=+0.75   mean spread/GT 0.82
           err share           mu=15%  D_div_mu=3%  T0_div_mu=5%  Ly=34%  op_x=26%  op_y=17%
step  12100  train 6.2557e-01  |g| 2.41e+00  [5531s]
step  12200  train 5.7594e-01  |g| 2.54e+00  [5579s]
step  12300  train 6.3152e-01  |g| 2.52e+00  [5627s]
step  12400  train 6.5690e-01  |g| 1.60e+00  [5674s]
step  12500  train 6.3381e-01  |g| 2.60e+00  [5720s]
step  12600  train 6.0799e-01  |g| 2.24e+00  [5766s]
step  12700  train 6.3692e-01  |g| 1.84e+00  [5812s]
step  12800  train 6.2340e-01  |g| 1.78e+00  [5859s]
step  12900  train 6.3724e-01  |g| 2.20e+00  [5906s]
step  13000  train 5.9872e-01  |g| 2.16e+00  [5953s]
step  13100  train 6.0474e-01  |g| 3.10e+00  [6001s]
step  13200  train 6.2481e-01  |g| 2.71e+00  [6048s]
step  13300  train 6.5009e-01  |g| 3.31e+00  [6095s]
step  13400  train 5.8144e-01  |g| 2.09e+00  [6142s]
step  13500  train 5.8865e-01  |g| 1.87e+00  [6189s]
step  13600  train 6.0410e-01  |g| 1.60e+00  [6235s]
step  13700  train 5.4461e-01  |g| 1.68e+00  [6281s]
step  13800  train 6.5703e-01  |g| 2.41e+00  [6329s]
step  13900  train 5.7663e-01  |g| 2.04e+00  [6376s]
step  14000  train 6.4809e-01  val 6.0286e-01  6d geo 1.353e-02 med 1.476e-02 p90 5.335e-02 (const 4.730e-02)  |g| 2.08e+00  [6424s]
           5d geo 1.216e-02 med 1.352e-02   postmu 6d geo 1.303e-02 med 1.503e-02 p90 5.467e-02   mu |dlog| 0.3034
           corr(identifiable)  mu=+0.78  D_div_mu=+0.94  T0_div_mu=+0.49  Ly=+0.68  op_x=+0.77  op_y=+0.83   mean spread/GT 0.81
           err share           mu=16%  D_div_mu=1%  T0_div_mu=3%  Ly=34%  op_x=28%  op_y=18%
step  14100  train 6.1728e-01  |g| 2.08e+00  [6475s]
step  14200  train 6.5900e-01  |g| 1.62e+00  [6523s]
step  14300  train 5.3801e-01  |g| 3.24e+00  [6572s]
step  14400  train 5.8928e-01  |g| 2.27e+00  [6620s]
step  14500  train 5.6920e-01  |g| 1.30e+00  [6669s]
step  14600  train 6.0186e-01  |g| 1.82e+00  [6718s]
step  14700  train 6.2544e-01  |g| 2.13e+00  [6767s]
step  14800  train 6.1491e-01  |g| 1.97e+00  [6816s]
step  14900  train 6.1735e-01  |g| 1.97e+00  [6864s]
step  15000  train 5.8482e-01  |g| 2.37e+00  [6913s]
step  15100  train 6.5200e-01  |g| 1.33e+00  [6962s]
step  15200  train 5.9232e-01  |g| 3.79e+00  [7010s]
step  15300  train 6.1202e-01  |g| 3.22e+00  [7059s]
step  15400  train 5.6091e-01  |g| 4.09e+00  [7107s]
step  15500  train 6.0633e-01  |g| 3.14e+00  [7159s]
step  15600  train 5.7425e-01  |g| 2.32e+00  [7208s]
step  15700  train 6.0234e-01  |g| 3.39e+00  [7258s]
step  15800  train 5.8781e-01  |g| 2.09e+00  [7306s]
step  15900  train 5.8173e-01  |g| 2.43e+00  [7355s]
step  16000  train 6.2201e-01  val 6.1091e-01  6d geo 1.308e-02 med 1.459e-02 p90 5.614e-02 (const 4.730e-02)  |g| 3.41e+00  [7403s]
           5d geo 1.182e-02 med 1.440e-02   postmu 6d geo 1.441e-02 med 1.635e-02 p90 5.709e-02   mu |dlog| 0.3215
           corr(identifiable)  mu=+0.77  D_div_mu=+0.96  T0_div_mu=+0.48  Ly=+0.72  op_x=+0.76  op_y=+0.82   mean spread/GT 0.81
           err share           mu=18%  D_div_mu=1%  T0_div_mu=3%  Ly=32%  op_x=28%  op_y=19%
step  16100  train 5.7807e-01  |g| 3.33e+00  [7454s]
step  16200  train 5.9015e-01  |g| 1.63e+00  [7501s]
step  16300  train 5.9145e-01  |g| 2.37e+00  [7549s]
step  16400  train 5.5210e-01  |g| 1.74e+00  [7596s]
step  16500  train 6.3179e-01  |g| 1.70e+00  [7644s]
step  16600  train 6.1075e-01  |g| 2.08e+00  [7691s]
step  16700  train 6.3293e-01  |g| 1.84e+00  [7738s]
step  16800  train 5.9850e-01  |g| 2.17e+00  [7784s]
step  16900  train 6.4469e-01  |g| 3.76e+00  [7830s]
step  17000  train 5.5294e-01  |g| 2.03e+00  [7876s]
step  17100  train 5.7766e-01  |g| 1.34e+00  [7923s]
step  17200  train 6.1278e-01  |g| 2.01e+00  [7970s]
step  17300  train 5.9283e-01  |g| 4.16e+00  [8016s]
step  17400  train 5.5268e-01  |g| 2.90e+00  [8062s]
step  17500  train 5.6271e-01  |g| 1.90e+00  [8108s]
step  17600  train 5.8964e-01  |g| 2.36e+00  [8153s]
step  17700  train 6.6535e-01  |g| 3.01e+00  [8198s]
step  17800  train 5.6374e-01  |g| 1.56e+00  [8244s]
step  17900  train 6.0913e-01  |g| 2.58e+00  [8291s]
step  18000  train 6.0624e-01  val 5.9884e-01  6d geo 1.424e-02 med 1.435e-02 p90 6.060e-02 (const 4.730e-02)  |g| 2.61e+00  [8339s]
           5d geo 1.202e-02 med 1.300e-02   postmu 6d geo 1.268e-02 med 1.370e-02 p90 5.982e-02   mu |dlog| 0.2700
           corr(identifiable)  mu=+0.79  D_div_mu=+0.95  T0_div_mu=+0.49  Ly=+0.63  op_x=+0.76  op_y=+0.84   mean spread/GT 0.87
           err share           mu=16%  D_div_mu=1%  T0_div_mu=2%  Ly=37%  op_x=27%  op_y=17%
step  18100  train 5.3901e-01  |g| 1.61e+00  [8390s]
step  18200  train 5.8523e-01  |g| 1.90e+00  [8436s]
step  18300  train 5.3784e-01  |g| 1.64e+00  [8482s]
step  18400  train 5.7174e-01  |g| 1.96e+00  [8528s]
step  18500  train 5.5336e-01  |g| 1.85e+00  [8575s]
step  18600  train 5.6059e-01  |g| 2.03e+00  [8621s]
step  18700  train 5.8040e-01  |g| 2.31e+00  [8668s]
step  18800  train 6.2161e-01  |g| 2.14e+00  [8713s]
step  18900  train 6.3397e-01  |g| 2.66e+00  [8760s]
step  19000  train 6.0903e-01  |g| 2.14e+00  [8806s]
step  19100  train 6.0541e-01  |g| 2.43e+00  [8852s]
step  19200  train 5.3893e-01  |g| 1.50e+00  [8898s]
step  19300  train 5.9570e-01  |g| 1.71e+00  [8945s]
step  19400  train 6.2681e-01  |g| 2.17e+00  [8992s]
step  19500  train 6.2409e-01  |g| 2.88e+00  [9038s]
step  19600  train 5.5954e-01  |g| 1.39e+00  [9084s]
step  19700  train 5.5708e-01  |g| 1.83e+00  [9131s]
step  19800  train 5.7450e-01  |g| 2.35e+00  [9178s]
step  19900  train 5.9512e-01  |g| 1.85e+00  [9225s]
step  20000  train 5.9115e-01  val 5.8269e-01  6d geo 1.449e-02 med 1.599e-02 p90 5.546e-02 (const 4.730e-02)  |g| 1.81e+00  [9272s]
           5d geo 1.198e-02 med 1.375e-02   postmu 6d geo 1.373e-02 med 1.561e-02 p90 5.660e-02   mu |dlog| 0.2909
           corr(identifiable)  mu=+0.80  D_div_mu=+0.96  T0_div_mu=+0.50  Ly=+0.69  op_x=+0.77  op_y=+0.83   mean spread/GT 0.84
           err share           mu=19%  D_div_mu=1%  T0_div_mu=2%  Ly=31%  op_x=27%  op_y=19%
step  20100  train 5.9091e-01  |g| 2.75e+00  [9324s]
step  20200  train 5.8009e-01  |g| 1.35e+00  [9371s]
step  20300  train 5.6145e-01  |g| 3.62e+00  [9419s]
step  20400  train 5.9535e-01  |g| 2.23e+00  [9466s]
step  20500  train 6.0772e-01  |g| 1.61e+00  [9513s]
step  20600  train 5.7699e-01  |g| 1.98e+00  [9561s]
step  20700  train 5.7929e-01  |g| 1.77e+00  [9608s]
step  20800  train 5.7976e-01  |g| 2.34e+00  [9654s]
step  20900  train 5.6389e-01  |g| 2.51e+00  [9701s]
step  21000  train 5.4342e-01  |g| 1.72e+00  [9747s]
step  21100  train 5.6560e-01  |g| 3.33e+00  [9794s]
step  21200  train 6.1172e-01  |g| 1.85e+00  [9841s]
step  21300  train 5.5418e-01  |g| 1.95e+00  [9888s]
step  21400  train 5.6370e-01  |g| 1.99e+00  [9935s]
step  21500  train 5.8253e-01  |g| 3.14e+00  [9982s]
step  21600  train 5.5898e-01  |g| 1.93e+00  [10029s]
step  21700  train 6.1883e-01  |g| 3.05e+00  [10075s]
step  21800  train 5.8089e-01  |g| 2.21e+00  [10122s]
step  21900  train 5.4954e-01  |g| 1.29e+00  [10169s]
step  22000  train 5.7137e-01  val 5.7731e-01  6d geo 1.256e-02 med 1.335e-02 p90 5.418e-02 (const 4.730e-02)  |g| 3.04e+00  [10216s]
           5d geo 1.128e-02 med 1.289e-02   postmu 6d geo 1.208e-02 med 1.306e-02 p90 5.372e-02   mu |dlog| 0.2485
           corr(identifiable)  mu=+0.81  D_div_mu=+0.96  T0_div_mu=+0.50  Ly=+0.73  op_x=+0.77  op_y=+0.83   mean spread/GT 0.84
           err share           mu=15%  D_div_mu=1%  T0_div_mu=3%  Ly=31%  op_x=30%  op_y=21%
step  22100  train 5.6533e-01  |g| 2.07e+00  [10267s]
step  22200  train 5.7947e-01  |g| 2.52e+00  [10313s]
step  22300  train 5.4668e-01  |g| 3.75e+00  [10360s]
step  22400  train 5.8865e-01  |g| 1.75e+00  [10406s]
step  22500  train 5.5480e-01  |g| 1.83e+00  [10453s]
step  22600  train 6.1228e-01  |g| 2.49e+00  [10501s]
step  22700  train 5.8790e-01  |g| 3.29e+00  [10549s]
step  22800  train 5.3905e-01  |g| 1.88e+00  [10597s]
step  22900  train 5.9529e-01  |g| 2.68e+00  [10644s]
step  23000  train 5.1451e-01  |g| 1.77e+00  [10691s]
step  23100  train 5.7027e-01  |g| 2.03e+00  [10738s]
step  23200  train 6.0434e-01  |g| 3.63e+00  [10785s]
step  23300  train 5.2729e-01  |g| 1.76e+00  [10832s]
step  23400  train 5.3774e-01  |g| 3.02e+00  [10878s]
step  23500  train 6.1722e-01  |g| 2.60e+00  [10925s]
step  23600  train 6.2178e-01  |g| 3.01e+00  [10972s]
step  23700  train 5.5872e-01  |g| 1.86e+00  [11020s]
step  23800  train 5.7903e-01  |g| 1.74e+00  [11068s]
step  23900  train 5.6444e-01  |g| 1.54e+00  [11116s]
step  24000  train 5.6496e-01  val 5.8365e-01  6d geo 1.442e-02 med 1.492e-02 p90 6.174e-02 (const 4.730e-02)  |g| 1.88e+00  [11163s]
           5d geo 1.138e-02 med 1.290e-02   postmu 6d geo 1.323e-02 med 1.402e-02 p90 6.190e-02   mu |dlog| 0.2711
           corr(identifiable)  mu=+0.79  D_div_mu=+0.96  T0_div_mu=+0.47  Ly=+0.69  op_x=+0.77  op_y=+0.85   mean spread/GT 0.87
           err share           mu=20%  D_div_mu=1%  T0_div_mu=2%  Ly=34%  op_x=26%  op_y=17%
step  24100  train 5.7788e-01  |g| 3.02e+00  [11214s]
step  24200  train 5.3267e-01  |g| 1.93e+00  [11260s]
step  24300  train 5.4563e-01  |g| 3.10e+00  [11307s]
step  24400  train 5.6584e-01  |g| 2.72e+00  [11354s]
step  24500  train 5.8763e-01  |g| 2.84e+00  [11401s]
step  24600  train 6.0466e-01  |g| 2.43e+00  [11448s]
step  24700  train 5.3258e-01  |g| 2.18e+00  [11496s]
step  24800  train 6.0398e-01  |g| 3.26e+00  [11543s]
step  24900  train 5.7081e-01  |g| 2.89e+00  [11589s]
step  25000  train 5.6353e-01  |g| 2.35e+00  [11636s]
step  25100  train 5.6226e-01  |g| 1.36e+00  [11683s]
step  25200  train 6.1024e-01  |g| 1.94e+00  [11730s]
step  25300  train 5.7240e-01  |g| 2.25e+00  [11777s]
step  25400  train 5.6504e-01  |g| 3.10e+00  [11824s]
step  25500  train 6.1178e-01  |g| 2.99e+00  [11872s]
step  25600  train 5.6471e-01  |g| 3.93e+00  [11919s]
step  25700  train 5.6478e-01  |g| 1.37e+00  [11966s]
step  25800  train 5.6102e-01  |g| 1.97e+00  [12013s]
step  25900  train 5.8575e-01  |g| 1.50e+00  [12060s]
step  26000  train 5.5511e-01  val 5.7473e-01  6d geo 1.044e-02 med 1.116e-02 p90 5.229e-02 (const 4.730e-02)  |g| 2.02e+00  [12107s]
           5d geo 8.694e-03 med 9.873e-03   postmu 6d geo 9.592e-03 med 1.089e-02 p90 5.417e-02   mu |dlog| 0.2432
           corr(identifiable)  mu=+0.82  D_div_mu=+0.96  T0_div_mu=+0.51  Ly=+0.76  op_x=+0.78  op_y=+0.85   mean spread/GT 0.84
           err share           mu=15%  D_div_mu=1%  T0_div_mu=3%  Ly=33%  op_x=29%  op_y=19%
step  26100  train 5.8057e-01  |g| 3.08e+00  [12158s]
step  26200  train 5.5863e-01  |g| 1.44e+00  [12204s]
step  26300  train 5.9066e-01  |g| 1.74e+00  [12251s]
step  26400  train 5.3911e-01  |g| 1.91e+00  [12298s]
step  26500  train 5.8476e-01  |g| 1.98e+00  [12345s]
step  26600  train 5.3082e-01  |g| 2.09e+00  [12392s]
step  26700  train 5.7560e-01  |g| 2.89e+00  [12439s]
step  26800  train 5.5568e-01  |g| 1.64e+00  [12486s]
step  26900  train 5.4689e-01  |g| 4.64e+00  [12533s]
step  27000  train 5.4368e-01  |g| 1.84e+00  [12579s]
step  27100  train 5.8859e-01  |g| 2.04e+00  [12627s]
step  27200  train 5.6034e-01  |g| 4.29e+00  [12674s]
step  27300  train 6.1218e-01  |g| 1.75e+00  [12723s]
step  27400  train 5.7837e-01  |g| 2.14e+00  [12772s]
step  27500  train 5.4794e-01  |g| 1.61e+00  [12821s]
step  27600  train 6.1536e-01  |g| 6.13e+00  [12869s]
step  27700  train 5.4766e-01  |g| 1.67e+00  [12916s]
step  27800  train 5.4589e-01  |g| 2.92e+00  [12964s]
step  27900  train 5.5455e-01  |g| 1.65e+00  [13012s]
step  28000  train 5.8746e-01  val 5.6818e-01  6d geo 1.013e-02 med 1.021e-02 p90 5.010e-02 (const 4.730e-02)  |g| 3.26e+00  [13060s]
           5d geo 9.315e-03 med 1.012e-02   postmu 6d geo 1.112e-02 med 1.156e-02 p90 4.993e-02   mu |dlog| 0.2553
           corr(identifiable)  mu=+0.84  D_div_mu=+0.97  T0_div_mu=+0.50  Ly=+0.75  op_x=+0.79  op_y=+0.85   mean spread/GT 0.85
           err share           mu=14%  D_div_mu=1%  T0_div_mu=3%  Ly=32%  op_x=30%  op_y=20%
step  28100  train 5.7664e-01  |g| 3.29e+00  [13112s]
step  28200  train 5.8829e-01  |g| 3.05e+00  [13160s]
step  28300  train 5.6348e-01  |g| 2.54e+00  [13208s]
step  28400  train 5.7627e-01  |g| 3.91e+00  [13256s]
step  28500  train 5.8355e-01  |g| 1.65e+00  [13304s]
step  28600  train 5.4918e-01  |g| 1.99e+00  [13352s]
step  28700  train 5.3119e-01  |g| 2.24e+00  [13400s]
step  28800  train 5.0266e-01  |g| 1.32e+00  [13447s]
step  28900  train 5.6721e-01  |g| 1.85e+00  [13494s]
step  29000  train 5.5621e-01  |g| 3.03e+00  [13541s]
step  29100  train 5.6040e-01  |g| 1.41e+00  [13588s]
step  29200  train 5.2627e-01  |g| 1.75e+00  [13635s]
step  29300  train 5.7043e-01  |g| 3.87e+00  [13682s]
step  29400  train 5.2528e-01  |g| 2.59e+00  [13729s]
step  29500  train 5.5679e-01  |g| 4.83e+00  [13776s]
step  29600  train 5.3435e-01  |g| 1.96e+00  [13823s]
step  29700  train 5.7158e-01  |g| 1.32e+00  [13871s]
step  29800  train 5.4248e-01  |g| 3.30e+00  [13918s]
step  29900  train 5.2447e-01  |g| 2.80e+00  [13966s]
step  30000  train 5.4130e-01  val 5.4851e-01  6d geo 1.216e-02 med 1.325e-02 p90 5.414e-02 (const 4.730e-02)  |g| 2.64e+00  [14013s]
           5d geo 9.662e-03 med 1.162e-02   postmu 6d geo 1.110e-02 med 1.277e-02 p90 5.384e-02   mu |dlog| 0.2524
           corr(identifiable)  mu=+0.82  D_div_mu=+0.97  T0_div_mu=+0.50  Ly=+0.79  op_x=+0.77  op_y=+0.85   mean spread/GT 0.89
           err share           mu=17%  D_div_mu=0%  T0_div_mu=3%  Ly=27%  op_x=35%  op_y=18%
step  30100  train 5.3048e-01  |g| 2.20e+00  [14064s]
step  30200  train 4.9612e-01  |g| 2.76e+00  [14112s]
step  30300  train 5.4669e-01  |g| 2.23e+00  [14160s]
step  30400  train 5.1694e-01  |g| 2.42e+00  [14208s]
step  30500  train 5.6791e-01  |g| 2.02e+00  [14255s]
step  30600  train 5.2327e-01  |g| 2.17e+00  [14304s]
step  30700  train 5.3248e-01  |g| 2.60e+00  [14352s]
step  30800  train 5.4083e-01  |g| 1.64e+00  [14400s]
step  30900  train 5.1504e-01  |g| 2.04e+00  [14448s]
step  31000  train 5.6276e-01  |g| 1.67e+00  [14495s]
step  31100  train 5.7836e-01  |g| 4.85e+00  [14543s]
step  31200  train 5.2752e-01  |g| 3.02e+00  [14591s]
step  31300  train 5.1580e-01  |g| 3.25e+00  [14640s]
step  31400  train 5.2859e-01  |g| 1.78e+00  [14688s]
step  31500  train 5.6538e-01  |g| 2.97e+00  [14736s]
step  31600  train 5.3177e-01  |g| 1.14e+00  [14783s]
step  31700  train 5.2809e-01  |g| 4.35e+00  [14831s]
step  31800  train 5.4091e-01  |g| 1.91e+00  [14879s]
step  31900  train 5.3689e-01  |g| 2.91e+00  [14927s]
step  32000  train 5.6876e-01  val 5.3210e-01  6d geo 8.485e-03 med 8.540e-03 p90 5.197e-02 (const 4.730e-02)  |g| 2.77e+00  [14976s]
           5d geo 7.159e-03 med 7.866e-03   postmu 6d geo 8.368e-03 med 8.661e-03 p90 5.219e-02   mu |dlog| 0.2316
           corr(identifiable)  mu=+0.84  D_div_mu=+0.97  T0_div_mu=+0.48  Ly=+0.79  op_x=+0.79  op_y=+0.86   mean spread/GT 0.87
           err share           mu=15%  D_div_mu=1%  T0_div_mu=3%  Ly=31%  op_x=31%  op_y=19%
step  32100  train 5.3144e-01  |g| 2.72e+00  [15027s]
step  32200  train 5.3995e-01  |g| 1.79e+00  [15075s]
step  32300  train 5.6470e-01  |g| 2.27e+00  [15124s]
step  32400  train 5.0514e-01  |g| 2.79e+00  [15172s]
step  32500  train 5.2370e-01  |g| 2.82e+00  [15219s]
step  32600  train 5.3588e-01  |g| 2.52e+00  [15266s]
step  32700  train 5.3923e-01  |g| 2.75e+00  [15313s]
step  32800  train 5.0978e-01  |g| 3.02e+00  [15361s]
step  32900  train 5.1677e-01  |g| 3.52e+00  [15408s]
step  33000  train 5.0433e-01  |g| 2.42e+00  [15455s]
step  33100  train 5.4800e-01  |g| 2.69e+00  [15502s]
step  33200  train 5.0433e-01  |g| 1.65e+00  [15550s]
step  33300  train 5.2608e-01  |g| 2.57e+00  [15597s]
step  33400  train 5.1260e-01  |g| 2.24e+00  [15645s]
step  33500  train 5.4495e-01  |g| 3.55e+00  [15693s]
step  33600  train 5.7104e-01  |g| 3.27e+00  [15741s]
step  33700  train 5.0596e-01  |g| 2.10e+00  [15789s]
step  33800  train 5.0211e-01  |g| 3.16e+00  [15837s]
step  33900  train 5.3459e-01  |g| 1.74e+00  [15886s]
step  34000  train 4.8621e-01  val 5.2259e-01  6d geo 7.638e-03 med 7.523e-03 p90 5.516e-02 (const 4.730e-02)  |g| 2.90e+00  [15934s]
           5d geo 6.345e-03 med 6.734e-03   postmu 6d geo 7.483e-03 med 7.535e-03 p90 5.553e-02   mu |dlog| 0.2261
           corr(identifiable)  mu=+0.82  D_div_mu=+0.98  T0_div_mu=+0.50  Ly=+0.77  op_x=+0.79  op_y=+0.87   mean spread/GT 0.87
           err share           mu=16%  D_div_mu=0%  T0_div_mu=3%  Ly=32%  op_x=31%  op_y=18%
step  34100  train 5.1367e-01  |g| 3.66e+00  [15987s]
step  34200  train 5.3969e-01  |g| 3.98e+00  [16035s]
step  34300  train 5.1495e-01  |g| 2.58e+00  [16083s]
step  34400  train 5.0090e-01  |g| 2.04e+00  [16131s]
step  34500  train 5.7585e-01  |g| 4.14e+00  [16180s]
step  34600  train 5.3487e-01  |g| 2.79e+00  [16229s]
step  34700  train 5.0392e-01  |g| 2.28e+00  [16277s]
step  34800  train 5.4639e-01  |g| 3.91e+00  [16325s]
step  34900  train 5.6131e-01  |g| 2.78e+00  [16373s]
step  35000  train 5.5334e-01  |g| 1.98e+00  [16422s]
step  35100  train 5.2230e-01  |g| 1.96e+00  [16470s]
step  35200  train 5.1609e-01  |g| 3.99e+00  [16519s]
step  35300  train 5.2994e-01  |g| 2.25e+00  [16567s]
step  35400  train 5.3809e-01  |g| 2.35e+00  [16616s]
step  35500  train 5.7190e-01  |g| 3.61e+00  [16665s]
step  35600  train 5.0535e-01  |g| 1.98e+00  [16714s]
step  35700  train 5.1094e-01  |g| 2.31e+00  [16762s]
step  35800  train 5.2854e-01  |g| 3.76e+00  [16811s]
step  35900  train 4.9713e-01  |g| 3.25e+00  [16859s]
step  36000  train 5.4660e-01  val 5.1580e-01  6d geo 7.041e-03 med 6.452e-03 p90 4.978e-02 (const 4.730e-02)  |g| 3.41e+00  [16908s]
           5d geo 5.900e-03 med 5.932e-03   postmu 6d geo 7.007e-03 med 6.507e-03 p90 5.063e-02   mu |dlog| 0.2141
           corr(identifiable)  mu=+0.84  D_div_mu=+0.98  T0_div_mu=+0.51  Ly=+0.81  op_x=+0.80  op_y=+0.88   mean spread/GT 0.88
           err share           mu=16%  D_div_mu=1%  T0_div_mu=3%  Ly=30%  op_x=33%  op_y=17%
step  36100  train 5.4376e-01  |g| 2.72e+00  [16960s]
step  36200  train 5.3912e-01  |g| 3.56e+00  [17009s]
step  36300  train 5.6705e-01  |g| 6.17e+00  [17058s]
step  36400  train 5.1960e-01  |g| 1.85e+00  [17106s]
step  36500  train 5.3793e-01  |g| 6.01e+00  [17155s]
step  36600  train 5.0443e-01  |g| 1.85e+00  [17204s]
step  36700  train 4.9080e-01  |g| 3.32e+00  [17253s]
step  36800  train 4.9166e-01  |g| 1.95e+00  [17301s]
step  36900  train 5.1915e-01  |g| 3.05e+00  [17350s]
step  37000  train 5.4738e-01  |g| 2.70e+00  [17398s]
step  37100  train 4.8375e-01  |g| 3.01e+00  [17447s]
step  37200  train 4.6719e-01  |g| 3.72e+00  [17495s]
step  37300  train 4.8192e-01  |g| 2.97e+00  [17544s]
step  37400  train 5.0578e-01  |g| 2.75e+00  [17593s]
step  37500  train 5.2468e-01  |g| 2.52e+00  [17641s]
step  37600  train 4.9219e-01  |g| 2.54e+00  [17690s]
step  37700  train 4.6920e-01  |g| 3.27e+00  [17738s]
step  37800  train 4.7138e-01  |g| 2.65e+00  [17787s]
step  37900  train 4.8048e-01  |g| 4.46e+00  [17836s]
step  38000  train 5.7369e-01  val 5.1109e-01  6d geo 7.123e-03 med 6.887e-03 p90 4.843e-02 (const 4.730e-02)  |g| 2.29e+00  [17885s]
           5d geo 5.743e-03 med 6.023e-03   postmu 6d geo 6.983e-03 med 6.926e-03 p90 4.945e-02   mu |dlog| 0.2144
           corr(identifiable)  mu=+0.85  D_div_mu=+0.98  T0_div_mu=+0.49  Ly=+0.81  op_x=+0.80  op_y=+0.88   mean spread/GT 0.88
           err share           mu=17%  D_div_mu=0%  T0_div_mu=3%  Ly=29%  op_x=33%  op_y=18%
step  38100  train 5.2118e-01  |g| 2.15e+00  [17937s]
step  38200  train 5.1792e-01  |g| 1.77e+00  [17986s]
step  38300  train 5.4243e-01  |g| 3.31e+00  [18035s]
step  38400  train 4.7510e-01  |g| 2.65e+00  [18084s]
step  38500  train 4.7445e-01  |g| 1.99e+00  [18133s]
step  38600  train 4.9744e-01  |g| 7.71e+00  [18181s]
step  38700  train 5.1849e-01  |g| 2.34e+00  [18230s]
step  38800  train 5.3854e-01  |g| 4.51e+00  [18279s]
step  38900  train 5.0386e-01  |g| 3.59e+00  [18328s]
step  39000  train 5.0358e-01  |g| 3.46e+00  [18376s]
step  39100  train 5.0600e-01  |g| 1.34e+00  [18425s]
step  39200  train 4.8077e-01  |g| 1.52e+00  [18474s]
step  39300  train 5.0413e-01  |g| 2.60e+00  [18522s]
step  39400  train 4.5419e-01  |g| 2.25e+00  [18571s]
step  39500  train 5.1616e-01  |g| 2.65e+00  [18620s]
step  39600  train 4.9598e-01  |g| 2.25e+00  [18668s]
step  39700  train 4.9615e-01  |g| 2.21e+00  [18717s]
step  39800  train 4.9308e-01  |g| 4.51e+00  [18766s]
step  39900  train 5.4018e-01  |g| 3.44e+00  [18815s]
step  40000  train 4.7510e-01  val 5.0679e-01  6d geo 6.411e-03 med 6.065e-03 p90 4.900e-02 (const 4.730e-02)  |g| 3.63e+00  [18863s]
           5d geo 5.232e-03 med 5.428e-03   postmu 6d geo 6.217e-03 med 6.206e-03 p90 5.072e-02   mu |dlog| 0.2029
           corr(identifiable)  mu=+0.85  D_div_mu=+0.98  T0_div_mu=+0.49  Ly=+0.81  op_x=+0.80  op_y=+0.88   mean spread/GT 0.88
           err share           mu=16%  D_div_mu=0%  T0_div_mu=3%  Ly=30%  op_x=33%  op_y=18%
best val_nmse_6d_postmu_geo 6.2173e-03 (encoder_best.pt)

Done. Outputs written to /home/bhpark3/dafx_ddsp/results/ddsp/eps_ladder_adam1e8/L1_STFT
