Device cuda | loss L1_STFT_eps1e5 | duration 0.25s
Loading train targets from data/train-p99
Loading val targets from data/val-p99
  98304 train / 996 val in 42s   train tensor 4.34 GB
  training set held in host memory; batches transferred per step
reference levels:  gt_loss 6.3295e-04   saturation (unrelated IRs) 1.0935e+00
constant-predictor NMSE: 6d 4.730e-02  7d 7.959e-02  (the floor to beat)
training loss stuck near saturation = gradient uninformative; well below = learning

encoder: 3.74M params, width 32

loss scale (fixed): 8.7809e-01
step      1  train 8.7809e-01  val 9.7711e-01  6d geo 4.283e-02 med 4.750e-02 p90 8.157e-02 (const 4.730e-02)  |g| 3.01e+02  [1s]
           5d geo 4.206e-02 med 4.849e-02   postmu 6d geo 4.732e-02 med 5.033e-02 p90 1.184e-01   mu |dlog| 0.5117
           WARNING: prediction spread 0.000 of ground truth -- the output has collapsed to a constant (saturated tanh); lower --lr or raise --warmup-steps and restart
           corr(identifiable)  mu=-0.37  D_div_mu=+0.15  T0_div_mu=-0.01  Ly=-0.01  op_x=-0.48  op_y=-0.27   mean spread/GT 0.00
           err share           mu=16%  D_div_mu=3%  T0_div_mu=2%  Ly=26%  op_x=28%  op_y=26%
step    100  train 9.2903e-01  |g| 2.78e+02  [46s]
  WARNING: 1 of 64 parameter sets need a finer grid than the pinned (86, 282) and are truncated. Raise --fixed-mode-grid; targets rendered under a pin that truncates them are not the plate's output at those parameters.
step    200  train 9.8518e-01  |g| 7.40e+02  [87s]
step    300  train 1.1558e+00  |g| 4.59e+02  [128s]
step    400  train 1.2012e+00  |g| 5.20e+02  [169s]
step    500  train 1.1184e+00  |g| 3.77e+02  [210s]
step    600  train 1.0748e+00  |g| 1.68e+02  [251s]
step    700  train 1.0678e+00  |g| 4.38e+01  [293s]
step    800  train 1.1482e+00  |g| 4.70e+01  [334s]
step    900  train 9.8235e-01  |g| 8.50e+01  [376s]
step   1000  train 9.6365e-01  |g| 5.43e+01  [418s]
step   1100  train 9.8368e-01  |g| 3.47e+02  [459s]
step   1200  train 1.1027e+00  |g| 1.47e+02  [504s]
step   1300  train 1.0678e+00  |g| 7.49e+01  [545s]
step   1400  train 1.0201e+00  |g| 1.22e+01  [587s]
step   1500  train 9.9063e-01  |g| 3.01e+01  [629s]
step   1600  train 9.1203e-01  |g| 9.60e+00  [670s]
step   1700  train 1.0005e+00  |g| 6.59e+00  [712s]
step   1800  train 1.0121e+00  |g| 5.06e+01  [754s]
step   1900  train 9.5981e-01  |g| 1.61e+01  [795s]
step   2000  train 9.2232e-01  val 9.1366e-01  6d geo 1.535e-01 med 1.723e-01 p90 3.013e-01 (const 4.730e-02)  |g| 1.66e+01  [837s]
           5d geo 1.695e-01 med 1.937e-01   postmu 6d geo 1.507e-01 med 1.719e-01 p90 3.011e-01   mu |dlog| 0.5863
           WARNING: prediction spread 0.012 of ground truth -- the output has collapsed to a constant (saturated tanh); lower --lr or raise --warmup-steps and restart
           corr(identifiable)  mu=-0.57  D_div_mu=+0.10  T0_div_mu=-0.09  Ly=+0.27  op_x=-0.39  op_y=+0.08   mean spread/GT 0.01
           err share           mu=6%  D_div_mu=1%  T0_div_mu=1%  Ly=30%  op_x=32%  op_y=30%
step   2100  train 9.3722e-01  |g| 7.04e+00  [882s]
step   2200  train 9.2846e-01  |g| 7.76e+00  [924s]
step   2300  train 9.2340e-01  |g| 4.75e+00  [965s]
step   2400  train 9.8306e-01  |g| 7.05e+00  [1007s]
step   2500  train 9.7135e-01  |g| 7.70e+00  [1049s]
step   2600  train 8.7548e-01  |g| 4.73e+00  [1091s]
step   2700  train 9.7330e-01  |g| 1.82e+01  [1132s]
step   2800  train 8.8634e-01  |g| 1.25e+01  [1174s]
step   2900  train 8.9111e-01  |g| 5.91e+00  [1216s]
step   3000  train 9.1707e-01  |g| 8.15e+00  [1257s]
step   3100  train 9.4497e-01  |g| 8.45e+00  [1299s]
step   3200  train 9.7052e-01  |g| 2.15e+01  [1341s]
step   3300  train 1.1163e+00  |g| 5.44e+00  [1383s]
step   3400  train 9.8017e-01  |g| 1.49e+01  [1424s]
step   3500  train 1.0206e+00  |g| 6.49e+00  [1466s]
step   3600  train 1.0044e+00  |g| 1.10e+01  [1508s]
step   3700  train 9.6558e-01  |g| 4.64e+00  [1549s]
step   3800  train 1.0137e+00  |g| 1.23e+01  [1591s]
step   3900  train 1.0115e+00  |g| 1.93e+01  [1633s]
step   4000  train 1.0349e+00  val 9.8599e-01  6d geo 1.539e-01 med 1.722e-01 p90 3.020e-01 (const 4.730e-02)  |g| 1.22e+01  [1675s]
           5d geo 1.697e-01 med 1.958e-01   postmu 6d geo 1.503e-01 med 1.702e-01 p90 2.991e-01   mu |dlog| 0.5251
           WARNING: prediction spread 0.007 of ground truth -- the output has collapsed to a constant (saturated tanh); lower --lr or raise --warmup-steps and restart
           corr(identifiable)  mu=+0.36  D_div_mu=+0.06  T0_div_mu=-0.10  Ly=+0.42  op_x=-0.23  op_y=+0.04   mean spread/GT 0.01
           err share           mu=6%  D_div_mu=1%  T0_div_mu=0%  Ly=30%  op_x=33%  op_y=30%
step   4100  train 1.0260e+00  |g| 4.87e+00  [1720s]
step   4200  train 9.9880e-01  |g| 7.28e+00  [1761s]
step   4300  train 1.0197e+00  |g| 5.22e+00  [1803s]
step   4400  train 9.5935e-01  |g| 1.51e+01  [1845s]
step   4500  train 9.7940e-01  |g| 9.70e+00  [1887s]
step   4600  train 1.0161e+00  |g| 1.50e+01  [1928s]
step   4700  train 9.8466e-01  |g| 5.78e+00  [1970s]
step   4800  train 1.0056e+00  |g| 5.85e+00  [2012s]
step   4900  train 1.0056e+00  |g| 1.41e+01  [2053s]
step   5000  train 1.0221e+00  |g| 3.02e+01  [2095s]
step   5100  train 9.3278e-01  |g| 1.10e+01  [2137s]
step   5200  train 9.5344e-01  |g| 4.43e+00  [2179s]
step   5300  train 9.7255e-01  |g| 9.00e+00  [2220s]
step   5400  train 1.0235e+00  |g| 2.79e+00  [2262s]
step   5500  train 1.0090e+00  |g| 1.48e+01  [2304s]
step   5600  train 9.7535e-01  |g| 1.34e+01  [2345s]
step   5700  train 1.0319e+00  |g| 2.54e+01  [2387s]
step   5800  train 9.0997e-01  |g| 1.43e+01  [2428s]
step   5900  train 9.3200e-01  |g| 2.86e+01  [2470s]
step   6000  train 8.9401e-01  val 8.9937e-01  6d geo 1.532e-01 med 1.718e-01 p90 3.006e-01 (const 4.730e-02)  |g| 1.98e+01  [2512s]
           5d geo 1.691e-01 med 1.934e-01   postmu 6d geo 1.493e-01 med 1.689e-01 p90 2.985e-01   mu |dlog| 0.5248
           WARNING: prediction spread 0.003 of ground truth -- the output has collapsed to a constant (saturated tanh); lower --lr or raise --warmup-steps and restart
           corr(identifiable)  mu=+0.26  D_div_mu=-0.11  T0_div_mu=+0.12  Ly=+0.35  op_x=+0.16  op_y=+0.05   mean spread/GT 0.00
           err share           mu=6%  D_div_mu=1%  T0_div_mu=1%  Ly=30%  op_x=32%  op_y=30%
step   6100  train 8.8701e-01  |g| 1.90e+01  [2557s]
step   6200  train 8.8794e-01  |g| 2.15e+01  [2598s]
step   6300  train 9.1559e-01  |g| 1.72e+01  [2640s]
step   6400  train 1.3353e+00  |g| 4.68e+00  [2682s]
step   6500  train 2.1713e+00  |g| 0.00e+00  [2752s]
step   6600  train 2.1185e+00  |g| 0.00e+00  [2793s]
step   6700  train 2.0169e+00  |g| 0.00e+00  [2835s]
step   6800  train 2.1821e+00  |g| 0.00e+00  [2876s]
step   6900  train 2.0393e+00  |g| 1.64e-05  [2917s]
step   7000  train 2.1361e+00  |g| 1.71e-05  [2958s]
step   7100  train 2.0618e+00  |g| 0.00e+00  [3000s]
step   7200  train 2.1926e+00  |g| 0.00e+00  [3041s]
step   7300  train 1.9278e+00  |g| 0.00e+00  [3082s]
step   7400  train 2.1343e+00  |g| 0.00e+00  [3123s]
step   7500  train 2.0149e+00  |g| 0.00e+00  [3165s]
step   7600  train 1.9483e+00  |g| 0.00e+00  [3206s]
step   7700  train 1.9627e+00  |g| 0.00e+00  [3247s]
step   7800  train 2.1939e+00  |g| 0.00e+00  [3289s]
step   7900  train 2.0117e+00  |g| 0.00e+00  [3330s]
step   8000  train 2.1657e+00  val 2.1252e+00  6d geo 1.601e-01 med 1.787e-01 p90 2.977e-01 (const 4.730e-02)  |g| 0.00e+00  [3372s]
           5d geo 1.771e-01 med 2.043e-01   postmu 6d geo 2.256e-01 med 2.502e-01 p90 3.729e-01   mu |dlog| 1.1913
           WARNING: prediction spread 0.000 of ground truth -- the output has collapsed to a constant (saturated tanh); lower --lr or raise --warmup-steps and restart
           corr(identifiable)  mu=+0.00  D_div_mu=+0.02  T0_div_mu=+0.00  Ly=+0.00  op_x=+0.00  op_y=+0.00   mean spread/GT 0.00
           err share           mu=6%  D_div_mu=1%  T0_div_mu=1%  Ly=30%  op_x=32%  op_y=30%
step   8100  train 2.0050e+00  |g| 0.00e+00  [3416s]
step   8200  train 2.3963e+00  |g| 0.00e+00  [3457s]
step   8300  train 2.1609e+00  |g| 0.00e+00  [3499s]
step   8400  train 2.2468e+00  |g| 0.00e+00  [3540s]
step   8500  train 2.1686e+00  |g| 0.00e+00  [3581s]
step   8600  train 2.0201e+00  |g| 0.00e+00  [3622s]
step   8700  train 2.1095e+00  |g| 0.00e+00  [3664s]
step   8800  train 2.0849e+00  |g| 0.00e+00  [3704s]
step   8900  train 2.1410e+00  |g| 5.32e-05  [3746s]
step   9000  train 2.1830e+00  |g| 0.00e+00  [3787s]
step   9100  train 1.9900e+00  |g| 0.00e+00  [3828s]
step   9200  train 2.1198e+00  |g| 0.00e+00  [3870s]
step   9300  train 2.1221e+00  |g| 2.78e-02  [3911s]
step   9400  train 1.9691e+00  |g| 0.00e+00  [3953s]
step   9500  train 2.0529e+00  |g| 1.54e-04  [3994s]
step   9600  train 1.9212e+00  |g| 3.26e-05  [4035s]
step   9700  train 2.0366e+00  |g| 0.00e+00  [4077s]
step   9800  train 1.9206e+00  |g| 0.00e+00  [4118s]
step   9900  train 2.2241e+00  |g| 0.00e+00  [4160s]
step  10000  train 2.1811e+00  val 2.1252e+00  6d geo 1.601e-01 med 1.787e-01 p90 2.977e-01 (const 4.730e-02)  |g| 0.00e+00  [4201s]
           5d geo 1.771e-01 med 2.043e-01   postmu 6d geo 2.256e-01 med 2.502e-01 p90 3.729e-01   mu |dlog| 1.1913
           WARNING: prediction spread 0.000 of ground truth -- the output has collapsed to a constant (saturated tanh); lower --lr or raise --warmup-steps and restart
           corr(identifiable)  mu=+0.00  D_div_mu=+0.00  T0_div_mu=+0.00  Ly=+0.00  op_x=+0.00  op_y=+0.00   mean spread/GT 0.00
           err share           mu=6%  D_div_mu=1%  T0_div_mu=1%  Ly=30%  op_x=32%  op_y=30%
step  10100  train 2.1182e+00  |g| 0.00e+00  [4246s]
step  10200  train 2.0418e+00  |g| 0.00e+00  [4287s]
step  10300  train 2.2143e+00  |g| 0.00e+00  [4328s]
step  10400  train 2.0660e+00  |g| 0.00e+00  [4370s]
step  10500  train 2.1066e+00  |g| 0.00e+00  [4411s]
step  10600  train 2.0165e+00  |g| 0.00e+00  [4453s]
step  10700  train 2.0549e+00  |g| 0.00e+00  [4494s]
step  10800  train 2.2062e+00  |g| 0.00e+00  [4535s]
step  10900  train 2.0997e+00  |g| 0.00e+00  [4577s]
step  11000  train 2.0643e+00  |g| 0.00e+00  [4618s]
step  11100  train 1.9065e+00  |g| 0.00e+00  [4659s]
step  11200  train 1.9790e+00  |g| 0.00e+00  [4700s]
step  11300  train 2.0993e+00  |g| 0.00e+00  [4742s]
step  11400  train 2.0994e+00  |g| 0.00e+00  [4783s]
step  11500  train 2.3812e+00  |g| 0.00e+00  [4825s]
step  11600  train 2.1668e+00  |g| 0.00e+00  [4866s]
step  11700  train 2.1765e+00  |g| 0.00e+00  [4907s]
step  11800  train 2.1292e+00  |g| 9.69e-08  [4949s]
step  11900  train 1.8120e+00  |g| 0.00e+00  [4990s]
step  12000  train 2.2595e+00  val 2.1252e+00  6d geo 1.601e-01 med 1.787e-01 p90 2.977e-01 (const 4.730e-02)  |g| 0.00e+00  [5031s]
           5d geo 1.771e-01 med 2.043e-01   postmu 6d geo 2.256e-01 med 2.502e-01 p90 3.729e-01   mu |dlog| 1.1913
           WARNING: prediction spread 0.000 of ground truth -- the output has collapsed to a constant (saturated tanh); lower --lr or raise --warmup-steps and restart
           corr(identifiable)  mu=+0.00  D_div_mu=+0.00  T0_div_mu=+0.00  Ly=+0.00  op_x=+0.00  op_y=+0.00   mean spread/GT 0.00
           err share           mu=6%  D_div_mu=1%  T0_div_mu=1%  Ly=30%  op_x=32%  op_y=30%
step  12100  train 1.9213e+00  |g| 0.00e+00  [5076s]
step  12200  train 2.0192e+00  |g| 0.00e+00  [5117s]
step  12300  train 2.0378e+00  |g| 0.00e+00  [5158s]
step  12400  train 2.2277e+00  |g| 0.00e+00  [5199s]
step  12500  train 2.3995e+00  |g| 1.61e-07  [5241s]
step  12600  train 2.1171e+00  |g| 0.00e+00  [5282s]
step  12700  train 1.9982e+00  |g| 0.00e+00  [5323s]
step  12800  train 2.1026e+00  |g| 0.00e+00  [5364s]
step  12900  train 2.0024e+00  |g| 0.00e+00  [5406s]
step  13000  train 2.0391e+00  |g| 0.00e+00  [5447s]
step  13100  train 2.2277e+00  |g| 0.00e+00  [5488s]
step  13200  train 2.1652e+00  |g| 0.00e+00  [5529s]
step  13300  train 2.1410e+00  |g| 0.00e+00  [5570s]
step  13400  train 1.9149e+00  |g| 0.00e+00  [5612s]
step  13500  train 2.1132e+00  |g| 0.00e+00  [5653s]
step  13600  train 1.9853e+00  |g| 0.00e+00  [5694s]
step  13700  train 2.0682e+00  |g| 0.00e+00  [5735s]
step  13800  train 1.9479e+00  |g| 0.00e+00  [5777s]
step  13900  train 1.9064e+00  |g| 0.00e+00  [5818s]
step  14000  train 2.2285e+00  val 2.1252e+00  6d geo 1.601e-01 med 1.787e-01 p90 2.977e-01 (const 4.730e-02)  |g| 0.00e+00  [5859s]
           5d geo 1.771e-01 med 2.043e-01   postmu 6d geo 2.256e-01 med 2.502e-01 p90 3.729e-01   mu |dlog| 1.1913
           WARNING: prediction spread 0.000 of ground truth -- the output has collapsed to a constant (saturated tanh); lower --lr or raise --warmup-steps and restart
           corr(identifiable)  mu=+0.00  D_div_mu=+0.00  T0_div_mu=+0.00  Ly=+0.00  op_x=+0.00  op_y=+0.00   mean spread/GT 0.00
           err share           mu=6%  D_div_mu=1%  T0_div_mu=1%  Ly=30%  op_x=32%  op_y=30%
step  14100  train 2.0290e+00  |g| 0.00e+00  [5904s]
step  14200  train 2.2038e+00  |g| 0.00e+00  [5945s]
step  14300  train 2.0710e+00  |g| 0.00e+00  [5986s]
step  14400  train 2.0259e+00  |g| 0.00e+00  [6027s]
step  14500  train 2.0082e+00  |g| 0.00e+00  [6069s]
step  14600  train 1.9857e+00  |g| 0.00e+00  [6110s]
step  14700  train 2.1320e+00  |g| 0.00e+00  [6151s]
step  14800  train 2.1826e+00  |g| 0.00e+00  [6192s]
step  14900  train 2.1036e+00  |g| 0.00e+00  [6234s]
step  15000  train 2.0663e+00  |g| 0.00e+00  [6275s]
step  15100  train 1.9235e+00  |g| 0.00e+00  [6316s]
step  15200  train 2.2541e+00  |g| 0.00e+00  [6357s]
step  15300  train 1.9614e+00  |g| 0.00e+00  [6399s]
step  15400  train 2.2312e+00  |g| 0.00e+00  [6440s]
step  15500  train 2.1165e+00  |g| 3.44e-08  [6481s]
step  15600  train 2.1711e+00  |g| 0.00e+00  [6522s]
step  15700  train 2.2318e+00  |g| 0.00e+00  [6564s]
step  15800  train 2.3078e+00  |g| 0.00e+00  [6605s]
step  15900  train 1.9891e+00  |g| 0.00e+00  [6646s]
step  16000  train 2.3145e+00  val 2.1252e+00  6d geo 1.601e-01 med 1.787e-01 p90 2.977e-01 (const 4.730e-02)  |g| 0.00e+00  [6687s]
           5d geo 1.771e-01 med 2.043e-01   postmu 6d geo 2.256e-01 med 2.502e-01 p90 3.729e-01   mu |dlog| 1.1913
           WARNING: prediction spread 0.000 of ground truth -- the output has collapsed to a constant (saturated tanh); lower --lr or raise --warmup-steps and restart
           corr(identifiable)  mu=+0.00  D_div_mu=+0.00  T0_div_mu=+0.00  Ly=+0.00  op_x=+0.00  op_y=+0.00   mean spread/GT 0.00
           err share           mu=6%  D_div_mu=1%  T0_div_mu=1%  Ly=30%  op_x=32%  op_y=30%
step  16100  train 2.1235e+00  |g| 0.00e+00  [6732s]
step  16200  train 2.1281e+00  |g| 0.00e+00  [6773s]
step  16300  train 1.9154e+00  |g| 0.00e+00  [6814s]
step  16400  train 1.9418e+00  |g| 0.00e+00  [6856s]
step  16500  train 2.0962e+00  |g| 0.00e+00  [6897s]
step  16600  train 2.1289e+00  |g| 1.12e-07  [6938s]
step  16700  train 2.0719e+00  |g| 0.00e+00  [6979s]
step  16800  train 2.1654e+00  |g| 0.00e+00  [7021s]
step  16900  train 2.2554e+00  |g| 0.00e+00  [7062s]
step  17000  train 2.0008e+00  |g| 0.00e+00  [7103s]
step  17100  train 2.0826e+00  |g| 0.00e+00  [7144s]
step  17200  train 2.1161e+00  |g| 0.00e+00  [7186s]
step  17300  train 2.1069e+00  |g| 0.00e+00  [7227s]
step  17400  train 1.9883e+00  |g| 0.00e+00  [7268s]
step  17500  train 1.9491e+00  |g| 0.00e+00  [7310s]
step  17600  train 1.9665e+00  |g| 0.00e+00  [7351s]
step  17700  train 2.0481e+00  |g| 0.00e+00  [7392s]
step  17800  train 2.0355e+00  |g| 0.00e+00  [7433s]
step  17900  train 2.0132e+00  |g| 0.00e+00  [7475s]
step  18000  train 2.0222e+00  val 2.1252e+00  6d geo 1.601e-01 med 1.787e-01 p90 2.977e-01 (const 4.730e-02)  |g| 0.00e+00  [7516s]
           5d geo 1.771e-01 med 2.043e-01   postmu 6d geo 2.256e-01 med 2.502e-01 p90 3.729e-01   mu |dlog| 1.1913
           WARNING: prediction spread 0.000 of ground truth -- the output has collapsed to a constant (saturated tanh); lower --lr or raise --warmup-steps and restart
           corr(identifiable)  mu=+0.00  D_div_mu=+0.00  T0_div_mu=+0.00  Ly=+0.00  op_x=+0.00  op_y=+0.00   mean spread/GT 0.00
           err share           mu=6%  D_div_mu=1%  T0_div_mu=1%  Ly=30%  op_x=32%  op_y=30%
step  18100  train 1.9582e+00  |g| 0.00e+00  [7560s]
step  18200  train 2.0951e+00  |g| 0.00e+00  [7602s]
step  18300  train 2.0464e+00  |g| 0.00e+00  [7643s]
step  18400  train 2.1004e+00  |g| 0.00e+00  [7684s]
step  18500  train 1.9624e+00  |g| 0.00e+00  [7725s]
step  18600  train 1.8105e+00  |g| 0.00e+00  [7767s]
step  18700  train 1.9915e+00  |g| 0.00e+00  [7808s]
step  18800  train 2.0194e+00  |g| 0.00e+00  [7849s]
step  18900  train 2.0120e+00  |g| 0.00e+00  [7891s]
step  19000  train 2.0545e+00  |g| 0.00e+00  [7932s]
step  19100  train 2.0250e+00  |g| 0.00e+00  [7973s]
step  19200  train 1.8973e+00  |g| 0.00e+00  [8014s]
step  19300  train 2.0072e+00  |g| 0.00e+00  [8056s]
step  19400  train 2.3695e+00  |g| 0.00e+00  [8097s]
step  19500  train 2.0100e+00  |g| 0.00e+00  [8138s]
step  19600  train 2.0263e+00  |g| 0.00e+00  [8180s]
step  19700  train 2.0948e+00  |g| 0.00e+00  [8221s]
step  19800  train 2.1783e+00  |g| 0.00e+00  [8262s]
step  19900  train 2.1870e+00  |g| 0.00e+00  [8303s]
step  20000  train 2.1252e+00  val 2.1252e+00  6d geo 1.601e-01 med 1.787e-01 p90 2.977e-01 (const 4.730e-02)  |g| 0.00e+00  [8345s]
           5d geo 1.771e-01 med 2.043e-01   postmu 6d geo 2.256e-01 med 2.502e-01 p90 3.729e-01   mu |dlog| 1.1913
           WARNING: prediction spread 0.000 of ground truth -- the output has collapsed to a constant (saturated tanh); lower --lr or raise --warmup-steps and restart
           corr(identifiable)  mu=+0.00  D_div_mu=+0.00  T0_div_mu=+0.00  Ly=+0.00  op_x=+0.00  op_y=+0.00   mean spread/GT 0.00
           err share           mu=6%  D_div_mu=1%  T0_div_mu=1%  Ly=30%  op_x=32%  op_y=30%
step  20100  train 1.8872e+00  |g| 0.00e+00  [8389s]
step  20200  train 1.9653e+00  |g| 0.00e+00  [8430s]
step  20300  train 2.0204e+00  |g| 0.00e+00  [8472s]
step  20400  train 2.0095e+00  |g| 0.00e+00  [8513s]
step  20500  train 2.1593e+00  |g| 0.00e+00  [8554s]
step  20600  train 2.2610e+00  |g| 0.00e+00  [8595s]
step  20700  train 2.0194e+00  |g| 0.00e+00  [8637s]
step  20800  train 2.2090e+00  |g| 0.00e+00  [8678s]
step  20900  train 2.1438e+00  |g| 8.52e-08  [8719s]
step  21000  train 1.9849e+00  |g| 0.00e+00  [8760s]
step  21100  train 2.0341e+00  |g| 0.00e+00  [8802s]
step  21200  train 2.1721e+00  |g| 0.00e+00  [8843s]
step  21300  train 2.1190e+00  |g| 0.00e+00  [8884s]
step  21400  train 2.0139e+00  |g| 0.00e+00  [8925s]
step  21500  train 1.9348e+00  |g| 0.00e+00  [8966s]
step  21600  train 1.9591e+00  |g| 0.00e+00  [9008s]
step  21700  train 2.1248e+00  |g| 1.93e-07  [9049s]
step  21800  train 1.8410e+00  |g| 0.00e+00  [9090s]
step  21900  train 2.1088e+00  |g| 0.00e+00  [9131s]
step  22000  train 2.2167e+00  val 2.1252e+00  6d geo 1.601e-01 med 1.787e-01 p90 2.977e-01 (const 4.730e-02)  |g| 0.00e+00  [9172s]
           5d geo 1.771e-01 med 2.043e-01   postmu 6d geo 2.256e-01 med 2.502e-01 p90 3.729e-01   mu |dlog| 1.1913
           WARNING: prediction spread 0.000 of ground truth -- the output has collapsed to a constant (saturated tanh); lower --lr or raise --warmup-steps and restart
           corr(identifiable)  mu=+0.00  D_div_mu=+0.00  T0_div_mu=+0.00  Ly=+0.00  op_x=+0.00  op_y=+0.00   mean spread/GT 0.00
           err share           mu=6%  D_div_mu=1%  T0_div_mu=1%  Ly=30%  op_x=32%  op_y=30%
step  22100  train 1.9699e+00  |g| 0.00e+00  [9217s]
step  22200  train 2.1661e+00  |g| 0.00e+00  [9258s]
step  22300  train 1.9974e+00  |g| 0.00e+00  [9300s]
step  22400  train 2.1628e+00  |g| 0.00e+00  [9341s]
step  22500  train 2.0197e+00  |g| 0.00e+00  [9382s]
step  22600  train 2.0038e+00  |g| 0.00e+00  [9423s]
step  22700  train 2.0071e+00  |g| 0.00e+00  [9465s]
step  22800  train 2.1028e+00  |g| 0.00e+00  [9506s]
step  22900  train 2.0992e+00  |g| 0.00e+00  [9547s]
step  23000  train 1.8295e+00  |g| 0.00e+00  [9588s]
step  23100  train 1.9894e+00  |g| 0.00e+00  [9629s]
step  23200  train 2.0734e+00  |g| 0.00e+00  [9670s]
step  23300  train 2.0282e+00  |g| 0.00e+00  [9712s]
step  23400  train 2.1316e+00  |g| 0.00e+00  [9753s]
step  23500  train 2.1809e+00  |g| 0.00e+00  [9795s]
step  23600  train 2.0393e+00  |g| 0.00e+00  [9836s]
step  23700  train 2.0141e+00  |g| 0.00e+00  [9877s]
step  23800  train 2.1767e+00  |g| 0.00e+00  [9919s]
step  23900  train 1.9817e+00  |g| 0.00e+00  [9960s]
step  24000  train 1.9795e+00  val 2.1252e+00  6d geo 1.601e-01 med 1.787e-01 p90 2.977e-01 (const 4.730e-02)  |g| 0.00e+00  [10001s]
           5d geo 1.771e-01 med 2.043e-01   postmu 6d geo 2.256e-01 med 2.502e-01 p90 3.729e-01   mu |dlog| 1.1913
           WARNING: prediction spread 0.000 of ground truth -- the output has collapsed to a constant (saturated tanh); lower --lr or raise --warmup-steps and restart
           corr(identifiable)  mu=+0.00  D_div_mu=+0.00  T0_div_mu=+0.00  Ly=+0.00  op_x=+0.00  op_y=+0.00   mean spread/GT 0.00
           err share           mu=6%  D_div_mu=1%  T0_div_mu=1%  Ly=30%  op_x=32%  op_y=30%
step  24100  train 2.3699e+00  |g| 0.00e+00  [10046s]
step  24200  train 1.9883e+00  |g| 0.00e+00  [10088s]
step  24300  train 1.8928e+00  |g| 0.00e+00  [10129s]
step  24400  train 2.1005e+00  |g| 0.00e+00  [10170s]
step  24500  train 2.1602e+00  |g| 0.00e+00  [10212s]
step  24600  train 2.1403e+00  |g| 0.00e+00  [10253s]
step  24700  train 1.7900e+00  |g| 0.00e+00  [10294s]
step  24800  train 2.2127e+00  |g| 0.00e+00  [10336s]
step  24900  train 2.0451e+00  |g| 0.00e+00  [10377s]
step  25000  train 1.9594e+00  |g| 0.00e+00  [10418s]
step  25100  train 1.9709e+00  |g| 0.00e+00  [10460s]
step  25200  train 1.8939e+00  |g| 0.00e+00  [10501s]
step  25300  train 1.9610e+00  |g| 0.00e+00  [10543s]
step  25400  train 1.8962e+00  |g| 0.00e+00  [10584s]
step  25500  train 2.3952e+00  |g| 0.00e+00  [10625s]
step  25600  train 2.1533e+00  |g| 0.00e+00  [10667s]
step  25700  train 2.1412e+00  |g| 0.00e+00  [10708s]
step  25800  train 1.9873e+00  |g| 0.00e+00  [10750s]
step  25900  train 2.1485e+00  |g| 0.00e+00  [10791s]
step  26000  train 2.0700e+00  val 2.1252e+00  6d geo 1.601e-01 med 1.787e-01 p90 2.977e-01 (const 4.730e-02)  |g| 0.00e+00  [10832s]
           5d geo 1.771e-01 med 2.043e-01   postmu 6d geo 2.256e-01 med 2.502e-01 p90 3.729e-01   mu |dlog| 1.1913
           WARNING: prediction spread 0.000 of ground truth -- the output has collapsed to a constant (saturated tanh); lower --lr or raise --warmup-steps and restart
           corr(identifiable)  mu=+0.00  D_div_mu=+0.00  T0_div_mu=+0.00  Ly=+0.00  op_x=+0.00  op_y=+0.00   mean spread/GT 0.00
           err share           mu=6%  D_div_mu=1%  T0_div_mu=1%  Ly=30%  op_x=32%  op_y=30%
step  26100  train 2.1242e+00  |g| 0.00e+00  [10877s]
step  26200  train 2.0999e+00  |g| 0.00e+00  [10918s]
step  26300  train 1.8850e+00  |g| 0.00e+00  [10960s]
step  26400  train 2.0106e+00  |g| 0.00e+00  [11001s]
step  26500  train 2.1643e+00  |g| 0.00e+00  [11043s]
step  26600  train 2.0864e+00  |g| 0.00e+00  [11084s]
step  26700  train 2.1285e+00  |g| 0.00e+00  [11125s]
step  26800  train 2.1711e+00  |g| 0.00e+00  [11167s]
step  26900  train 2.1757e+00  |g| 0.00e+00  [11208s]
step  27000  train 2.1543e+00  |g| 0.00e+00  [11249s]
step  27100  train 2.1037e+00  |g| 0.00e+00  [11291s]
step  27200  train 2.0316e+00  |g| 0.00e+00  [11332s]
step  27300  train 2.1936e+00  |g| 3.25e-07  [11373s]
step  27400  train 2.2662e+00  |g| 0.00e+00  [11415s]
step  27500  train 2.2389e+00  |g| 0.00e+00  [11456s]
step  27600  train 2.2017e+00  |g| 0.00e+00  [11498s]
step  27700  train 2.0914e+00  |g| 0.00e+00  [11539s]
step  27800  train 2.1582e+00  |g| 0.00e+00  [11580s]
step  27900  train 2.0005e+00  |g| 0.00e+00  [11622s]
step  28000  train 1.8361e+00  val 2.1252e+00  6d geo 1.601e-01 med 1.787e-01 p90 2.977e-01 (const 4.730e-02)  |g| 0.00e+00  [11663s]
           5d geo 1.771e-01 med 2.043e-01   postmu 6d geo 2.256e-01 med 2.502e-01 p90 3.729e-01   mu |dlog| 1.1913
           WARNING: prediction spread 0.000 of ground truth -- the output has collapsed to a constant (saturated tanh); lower --lr or raise --warmup-steps and restart
           corr(identifiable)  mu=+0.00  D_div_mu=+0.00  T0_div_mu=+0.00  Ly=+0.00  op_x=+0.00  op_y=+0.00   mean spread/GT 0.00
           err share           mu=6%  D_div_mu=1%  T0_div_mu=1%  Ly=30%  op_x=32%  op_y=30%
step  28100  train 2.1736e+00  |g| 0.00e+00  [11708s]
step  28200  train 1.9777e+00  |g| 0.00e+00  [11749s]
step  28300  train 2.1677e+00  |g| 0.00e+00  [11790s]
step  28400  train 1.9390e+00  |g| 0.00e+00  [11832s]
step  28500  train 2.2539e+00  |g| 0.00e+00  [11873s]
step  28600  train 2.1524e+00  |g| 0.00e+00  [11914s]
step  28700  train 2.0661e+00  |g| 0.00e+00  [11956s]
step  28800  train 1.8937e+00  |g| 0.00e+00  [11997s]
step  28900  train 2.1412e+00  |g| 0.00e+00  [12038s]
step  29000  train 2.1156e+00  |g| 0.00e+00  [12080s]
step  29100  train 2.1382e+00  |g| 0.00e+00  [12121s]
step  29200  train 2.1335e+00  |g| 0.00e+00  [12162s]
step  29300  train 2.2536e+00  |g| 0.00e+00  [12204s]
step  29400  train 2.1739e+00  |g| 0.00e+00  [12245s]
step  29500  train 2.2715e+00  |g| 3.42e-07  [12286s]
step  29600  train 1.9831e+00  |g| 0.00e+00  [12328s]
step  29700  train 2.1684e+00  |g| 0.00e+00  [12369s]
step  29800  train 2.0952e+00  |g| 0.00e+00  [12410s]
step  29900  train 2.1299e+00  |g| 0.00e+00  [12452s]
step  30000  train 2.1009e+00  val 2.1252e+00  6d geo 1.601e-01 med 1.787e-01 p90 2.977e-01 (const 4.730e-02)  |g| 0.00e+00  [12493s]
           5d geo 1.771e-01 med 2.043e-01   postmu 6d geo 2.256e-01 med 2.502e-01 p90 3.729e-01   mu |dlog| 1.1913
           WARNING: prediction spread 0.000 of ground truth -- the output has collapsed to a constant (saturated tanh); lower --lr or raise --warmup-steps and restart
           corr(identifiable)  mu=+0.00  D_div_mu=+0.00  T0_div_mu=+0.03  Ly=+0.00  op_x=+0.00  op_y=+0.00   mean spread/GT 0.00
           err share           mu=6%  D_div_mu=1%  T0_div_mu=1%  Ly=30%  op_x=32%  op_y=30%
step  30100  train 2.0427e+00  |g| 0.00e+00  [12538s]
step  30200  train 2.0679e+00  |g| 0.00e+00  [12579s]
step  30300  train 2.2417e+00  |g| 0.00e+00  [12621s]
step  30400  train 2.1144e+00  |g| 0.00e+00  [12662s]
step  30500  train 1.9757e+00  |g| 0.00e+00  [12704s]
step  30600  train 2.0803e+00  |g| 0.00e+00  [12745s]
step  30700  train 2.0791e+00  |g| 0.00e+00  [12786s]
step  30800  train 2.1129e+00  |g| 0.00e+00  [12827s]
step  30900  train 1.9644e+00  |g| 0.00e+00  [12869s]
step  31000  train 2.2217e+00  |g| 0.00e+00  [12910s]
step  31100  train 2.1520e+00  |g| 0.00e+00  [12951s]
step  31200  train 1.8780e+00  |g| 0.00e+00  [12992s]
step  31300  train 2.0430e+00  |g| 0.00e+00  [13033s]
step  31400  train 2.1330e+00  |g| 0.00e+00  [13075s]
step  31500  train 2.0666e+00  |g| 0.00e+00  [13116s]
step  31600  train 1.2186e+00  |g| 9.23e+01  [13163s]
step  31700  train 1.0553e+00  |g| 4.34e+02  [13233s]
step  31800  train 1.0583e+00  |g| 5.20e+02  [13296s]
step  31900  train 1.1496e+00  |g| 4.13e+01  [13357s]
step  32000  train 1.1819e+00  val 1.1267e+00  6d geo 1.581e-01 med 1.728e-01 p90 2.949e-01 (const 4.730e-02)  |g| 3.36e+02  [13420s]
           5d geo 1.699e-01 med 1.892e-01   postmu 6d geo 1.807e-01 med 1.975e-01 p90 3.327e-01   mu |dlog| 0.8716
           corr(identifiable)  mu=+0.22  D_div_mu=-0.47  T0_div_mu=+0.12  Ly=+0.22  op_x=-0.08  op_y=+0.03   mean spread/GT 0.74
           err share           mu=8%  D_div_mu=3%  T0_div_mu=1%  Ly=25%  op_x=32%  op_y=31%
step  32100  train 1.0737e+00  |g| 9.16e+00  [13489s]
step  32200  train 9.9672e-01  |g| 1.05e+01  [13551s]
step  32300  train 1.0313e+00  |g| 6.72e+01  [13609s]
step  32400  train 1.0621e+00  |g| 6.42e-01  [13665s]
step  32500  train 1.0101e+00  |g| 1.74e+02  [13721s]
step  32600  train 1.0227e+00  |g| 1.92e+01  [13775s]
step  32700  train 9.2001e-01  |g| 9.67e+00  [13829s]
step  32800  train 9.4662e-01  |g| 1.34e+01  [13880s]
step  32900  train 9.3557e-01  |g| 6.85e+00  [13928s]
step  33000  train 9.3788e-01  |g| 1.30e+03  [13977s]
step  33100  train 1.9852e+00  |g| 3.00e+02  [14025s]
step  33200  train 1.2846e+00  |g| 2.92e+02  [14072s]
step  33300  train 1.1152e+00  |g| 3.45e+02  [14117s]
step  33400  train 1.5137e+00  |g| 7.00e+01  [14164s]
step  33500  train 1.4938e+00  |g| 3.03e+01  [14210s]
step  33600  train 1.4522e+00  |g| 1.99e+02  [14254s]
step  33700  train 1.1839e+00  |g| 2.25e+00  [14298s]
step  33800  train 9.5502e-01  |g| 2.41e+01  [14339s]
step  33900  train 1.4796e+00  |g| 4.49e-01  [14381s]
step  34000  train 1.2490e+00  val 1.2447e+00  6d geo 1.436e-01 med 1.616e-01 p90 2.849e-01 (const 4.730e-02)  |g| 1.04e-01  [14422s]
           5d geo 1.571e-01 med 1.810e-01   postmu 6d geo 1.987e-01 med 2.177e-01 p90 3.489e-01   mu |dlog| 1.1214
           corr(identifiable)  mu=+0.00  D_div_mu=-0.04  T0_div_mu=-0.05  Ly=+0.31  op_x=+0.05  op_y=+0.09   mean spread/GT 0.25
           err share           mu=7%  D_div_mu=1%  T0_div_mu=1%  Ly=24%  op_x=35%  op_y=33%
step  34100  train 1.2221e+00  |g| 8.15e+01  [14467s]
step  34200  train 1.1852e+00  |g| 3.12e+00  [14509s]
step  34300  train 1.2010e+00  |g| 5.84e-01  [14551s]
step  34400  train 1.2215e+00  |g| 5.06e+00  [14592s]
step  34500  train 1.3791e+00  |g| 6.12e-01  [14634s]
step  34600  train 1.2547e+00  |g| 2.60e+00  [14676s]
step  34700  train 1.1198e+00  |g| 7.37e+01  [14717s]
step  34800  train 1.0741e+00  |g| 1.03e+00  [14759s]
step  34900  train 1.3548e+00  |g| 3.87e+01  [14800s]
step  35000  train 1.1682e+00  |g| 7.03e+01  [14842s]
step  35100  train 1.1587e+00  |g| 1.07e+00  [14884s]
step  35200  train 1.2341e+00  |g| 9.13e+01  [14925s]
step  35300  train 1.2876e+00  |g| 3.10e+00  [14967s]
step  35400  train 1.1600e+00  |g| 6.55e+00  [15009s]
step  35500  train 1.1584e+00  |g| 2.77e+00  [15050s]
step  35600  train 1.0505e+00  |g| 1.54e+00  [15092s]
step  35700  train 1.1523e+00  |g| 2.15e+01  [15134s]
step  35800  train 1.1875e+00  |g| 8.98e-01  [15176s]
step  35900  train 1.1264e+00  |g| 9.07e-01  [15217s]
step  36000  train 1.2359e+00  val 1.1496e+00  6d geo 1.427e-01 med 1.620e-01 p90 2.900e-01 (const 4.730e-02)  |g| 3.71e+00  [15259s]
           5d geo 1.565e-01 med 1.809e-01   postmu 6d geo 1.899e-01 med 2.062e-01 p90 3.426e-01   mu |dlog| 1.0097
           corr(identifiable)  mu=+0.00  D_div_mu=-0.08  T0_div_mu=+0.06  Ly=+0.29  op_x=+0.05  op_y=+0.06   mean spread/GT 0.24
           err share           mu=7%  D_div_mu=1%  T0_div_mu=1%  Ly=25%  op_x=34%  op_y=33%
step  36100  train 1.2423e+00  |g| 1.14e+02  [15304s]
step  36200  train 1.2458e+00  |g| 6.22e+00  [15346s]
step  36300  train 1.2479e+00  |g| 5.20e+00  [15387s]
step  36400  train 1.2259e+00  |g| 8.55e+01  [15429s]
step  36500  train 1.2466e+00  |g| 2.11e+00  [15471s]
step  36600  train 1.2060e+00  |g| 2.27e+01  [15512s]
step  36700  train 1.2657e+00  |g| 5.20e+01  [15554s]
step  36800  train 1.1651e+00  |g| 1.72e+00  [15596s]
step  36900  train 1.1352e+00  |g| 1.23e+01  [15637s]
step  37000  train 1.2532e+00  |g| 9.14e+01  [15679s]
step  37100  train 1.0925e+00  |g| 1.38e-01  [15721s]
step  37200  train 1.0964e+00  |g| 1.73e+00  [15763s]
step  37300  train 1.1277e+00  |g| 3.04e+00  [15804s]
step  37400  train 1.1939e+00  |g| 1.11e+01  [15846s]
step  37500  train 1.2193e+00  |g| 1.26e+00  [15888s]
step  37600  train 1.1443e+00  |g| 3.81e+00  [15930s]
step  37700  train 9.8784e-01  |g| 1.18e+02  [15972s]
step  37800  train 1.1820e+00  |g| 2.30e-01  [16013s]
step  37900  train 1.1253e+00  |g| 2.01e-01  [16055s]
step  38000  train 1.1399e+00  val 1.1552e+00  6d geo 1.441e-01 med 1.634e-01 p90 2.928e-01 (const 4.730e-02)  |g| 1.99e+00  [16096s]
           5d geo 1.582e-01 med 1.817e-01   postmu 6d geo 1.911e-01 med 2.070e-01 p90 3.415e-01   mu |dlog| 1.0064
           corr(identifiable)  mu=+0.00  D_div_mu=+0.00  T0_div_mu=+0.08  Ly=+0.26  op_x=+0.05  op_y=-0.00   mean spread/GT 0.24
           err share           mu=6%  D_div_mu=1%  T0_div_mu=1%  Ly=25%  op_x=34%  op_y=32%
step  38100  train 1.1513e+00  |g| 4.12e+01  [16141s]
step  38200  train 1.1273e+00  |g| 1.49e+00  [16183s]
step  38300  train 1.1868e+00  |g| 1.59e+00  [16225s]
step  38400  train 1.1462e+00  |g| 1.30e+01  [16266s]
step  38500  train 1.0732e+00  |g| 6.77e+01  [16308s]
step  38600  train 1.2294e+00  |g| 4.90e+00  [16349s]
step  38700  train 1.2948e+00  |g| 1.48e+02  [16391s]
step  38800  train 1.1353e+00  |g| 4.67e+00  [16433s]
step  38900  train 9.4136e-01  |g| 1.27e+01  [16474s]
step  39000  train 1.2697e+00  |g| 6.77e+01  [16516s]
step  39100  train 1.0848e+00  |g| 5.05e+00  [16558s]
step  39200  train 1.0971e+00  |g| 2.52e+00  [16599s]
step  39300  train 1.2121e+00  |g| 1.85e+01  [16641s]
step  39400  train 1.0847e+00  |g| 1.53e+02  [16682s]
step  39500  train 1.1221e+00  |g| 6.34e-01  [16724s]
step  39600  train 1.2177e+00  |g| 1.98e+00  [16766s]
step  39700  train 1.1546e+00  |g| 3.75e+00  [16807s]
step  39800  train 1.3507e+00  |g| 2.77e-01  [16849s]
step  39900  train 1.0256e+00  |g| 6.45e-02  [16891s]
step  40000  train 1.0394e+00  val 1.1697e+00  6d geo 1.439e-01 med 1.622e-01 p90 2.918e-01 (const 4.730e-02)  |g| 6.80e+01  [16932s]
           5d geo 1.579e-01 med 1.810e-01   postmu 6d geo 1.924e-01 med 2.082e-01 p90 3.442e-01   mu |dlog| 1.0184
           corr(identifiable)  mu=+0.00  D_div_mu=+0.00  T0_div_mu=+0.08  Ly=+0.26  op_x=+0.05  op_y=-0.01   mean spread/GT 0.24
           err share           mu=6%  D_div_mu=1%  T0_div_mu=1%  Ly=25%  op_x=34%  op_y=32%
best val_nmse_6d_postmu_geo 4.7318e-02 (encoder_best.pt)

Done. Outputs written to /home/bhpark3/dafx_ddsp/results/ddsp/eps_ladder_adam1e8/L1_STFT_eps1e5
