Device cuda | loss L1_STFT_eps1e3 | duration 0.25s
Loading train targets from data/train-p99
Loading val targets from data/val-p99
  98304 train / 996 val in 43s   train tensor 4.34 GB
  training set held in host memory; batches transferred per step
reference levels:  gt_loss 4.1998e-05   saturation (unrelated IRs) 4.6383e-01
constant-predictor NMSE: 6d 4.730e-02  7d 7.959e-02  (the floor to beat)
training loss stuck near saturation = gradient uninformative; well below = learning

encoder: 3.74M params, width 32

loss scale (fixed): 3.8644e-01
step      1  train 3.8644e-01  val 4.5023e-01  6d geo 4.283e-02 med 4.750e-02 p90 8.157e-02 (const 4.730e-02)  |g| 1.16e+02  [1s]
           5d geo 4.206e-02 med 4.849e-02   postmu 6d geo 4.962e-02 med 5.161e-02 p90 1.270e-01   mu |dlog| 0.5498
           WARNING: prediction spread 0.000 of ground truth -- the output has collapsed to a constant (saturated tanh); lower --lr or raise --warmup-steps and restart
           corr(identifiable)  mu=-0.37  D_div_mu=+0.15  T0_div_mu=-0.01  Ly=-0.01  op_x=-0.48  op_y=-0.27   mean spread/GT 0.00
           err share           mu=16%  D_div_mu=3%  T0_div_mu=2%  Ly=26%  op_x=28%  op_y=26%
step    100  train 3.7757e-01  |g| 1.06e+02  [48s]
step    200  train 4.8563e-01  |g| 1.30e+02  [124s]
step    300  train 3.9831e-01  |g| 1.46e+02  [226s]
step    400  train 3.9620e-01  |g| 1.82e+02  [290s]
  WARNING: 1 of 64 parameter sets need a finer grid than the pinned (86, 282) and are truncated. Raise --fixed-mode-grid; targets rendered under a pin that truncates them are not the plate's output at those parameters.
step    500  train 3.9331e-01  |g| 3.09e+02  [346s]
step    600  train 3.7567e-01  |g| 2.06e+02  [389s]
step    700  train 5.1165e-01  |g| 8.00e+02  [438s]
step    800  train 3.7594e-01  |g| 1.67e+02  [510s]
step    900  train 3.8184e-01  |g| 1.61e+02  [580s]
step   1000  train 3.7315e-01  |g| 9.57e+01  [653s]
step   1100  train 3.8991e-01  |g| 1.28e+02  [731s]
step   1200  train 3.7707e-01  |g| 8.88e+01  [821s]
step   1300  train 3.8457e-01  |g| 1.40e+02  [917s]
step   1400  train 3.9872e-01  |g| 5.46e+01  [1014s]
step   1500  train 3.8791e-01  |g| 1.93e+02  [1087s]
step   1600  train 4.7348e-01  |g| 2.98e+01  [1213s]
step   1700  train 4.8241e-01  |g| 2.98e+01  [1342s]
step   1800  train 5.2442e-01  |g| 1.72e+01  [1478s]
step   1900  train 4.7823e-01  |g| 1.63e+02  [1588s]
step   2000  train 4.4198e-01  val 6.0396e-01  6d geo 1.666e-01 med 1.994e-01 p90 3.755e-01 (const 4.730e-02)  |g| 2.21e+02  [1683s]
           5d geo 1.747e-01 med 2.132e-01   postmu 6d geo 1.537e-01 med 1.880e-01 p90 3.715e-01   mu |dlog| 0.5493
           corr(identifiable)  mu=-0.30  D_div_mu=-0.39  T0_div_mu=-0.15  Ly=+0.06  op_x=-0.25  op_y=+0.02   mean spread/GT 0.61
           err share           mu=10%  D_div_mu=11%  T0_div_mu=18%  Ly=23%  op_x=24%  op_y=14%
step   2100  train 4.7560e-01  |g| 2.62e+00  [1730s]
step   2200  train 4.2225e-01  |g| 2.17e-02  [1771s]
step   2300  train 4.3380e-01  |g| 2.10e-02  [1813s]
step   2400  train 4.1510e-01  |g| 1.42e-01  [1855s]
step   2500  train 4.2176e-01  |g| 4.82e-01  [1897s]
step   2600  train 4.6033e-01  |g| 1.32e-02  [1938s]
step   2700  train 3.9546e-01  |g| 7.10e-03  [1980s]
step   2800  train 4.1043e-01  |g| 4.24e-02  [2022s]
step   2900  train 4.3247e-01  |g| 1.52e-01  [2064s]
step   3000  train 4.0622e-01  |g| 6.65e-01  [2105s]
step   3100  train 4.1292e-01  |g| 1.11e-02  [2147s]
step   3200  train 4.0429e-01  |g| 4.15e-03  [2189s]
step   3300  train 4.4185e-01  |g| 8.90e-03  [2230s]
step   3400  train 3.9020e-01  |g| 4.97e-03  [2272s]
step   3500  train 3.9432e-01  |g| 4.01e-03  [2314s]
step   3600  train 4.2910e-01  |g| 5.57e-03  [2356s]
step   3700  train 4.3080e-01  |g| 5.99e-03  [2398s]
step   3800  train 4.5230e-01  |g| 9.16e-03  [2439s]
step   3900  train 4.1060e-01  |g| 8.97e-03  [2481s]
step   4000  train 4.2946e-01  val 4.3893e-01  6d geo 1.562e-01 med 1.744e-01 p90 2.967e-01 (const 4.730e-02)  |g| 4.70e-03  [2523s]
           5d geo 1.723e-01 med 1.953e-01   postmu 6d geo 2.226e-01 med 2.387e-01 p90 3.792e-01   mu |dlog| 1.1449
           WARNING: prediction spread 0.000 of ground truth -- the output has collapsed to a constant (saturated tanh); lower --lr or raise --warmup-steps and restart
           corr(identifiable)  mu=+0.00  D_div_mu=-0.01  T0_div_mu=-0.04  Ly=+0.20  op_x=-0.16  op_y=-0.07   mean spread/GT 0.00
           err share           mu=6%  D_div_mu=1%  T0_div_mu=1%  Ly=30%  op_x=32%  op_y=30%
step   4100  train 4.7350e-01  |g| 2.94e-03  [2568s]
step   4200  train 4.1151e-01  |g| 8.91e-03  [2610s]
step   4300  train 4.3085e-01  |g| 3.73e-03  [2652s]
step   4400  train 4.1298e-01  |g| 9.99e-03  [2694s]
step   4500  train 4.3920e-01  |g| 2.34e-02  [2735s]
step   4600  train 4.5435e-01  |g| 5.32e-02  [2777s]
step   4700  train 4.1004e-01  |g| 6.54e-03  [2819s]
step   4800  train 4.0564e-01  |g| 1.11e-02  [2861s]
step   4900  train 4.8433e-01  |g| 3.85e-02  [2902s]
step   5000  train 4.4335e-01  |g| 9.58e-03  [2944s]
step   5100  train 4.0269e-01  |g| 7.39e-03  [2986s]
step   5200  train 4.4076e-01  |g| 1.11e-02  [3028s]
step   5300  train 4.1136e-01  |g| 2.26e-02  [3069s]
step   5400  train 4.3697e-01  |g| 8.05e-02  [3111s]
step   5500  train 3.8489e-01  |g| 1.48e-02  [3153s]
step   5600  train 4.1516e-01  |g| 9.56e-02  [3194s]
step   5700  train 4.5932e-01  |g| 6.28e-02  [3236s]
step   5800  train 4.0545e-01  |g| 7.55e-02  [3278s]
step   5900  train 4.2636e-01  |g| 2.02e+00  [3320s]
step   6000  train 4.0638e-01  val 4.3829e-01  6d geo 1.561e-01 med 1.744e-01 p90 2.967e-01 (const 4.730e-02)  |g| 3.19e-01  [3362s]
           5d geo 1.722e-01 med 1.953e-01   postmu 6d geo 2.226e-01 med 2.386e-01 p90 3.791e-01   mu |dlog| 1.1450
           WARNING: prediction spread 0.001 of ground truth -- the output has collapsed to a constant (saturated tanh); lower --lr or raise --warmup-steps and restart
           corr(identifiable)  mu=+0.00  D_div_mu=-0.05  T0_div_mu=-0.10  Ly=+0.18  op_x=-0.15  op_y=+0.01   mean spread/GT 0.00
           err share           mu=6%  D_div_mu=1%  T0_div_mu=1%  Ly=30%  op_x=32%  op_y=30%
step   6100  train 4.4746e-01  |g| 5.23e-01  [3407s]
step   6200  train 3.8450e-01  |g| 2.14e-01  [3449s]
step   6300  train 4.0955e-01  |g| 5.27e-02  [3490s]
step   6400  train 4.5968e-01  |g| 5.89e-02  [3532s]
step   6500  train 4.2489e-01  |g| 2.80e-01  [3574s]
step   6600  train 4.0579e-01  |g| 1.46e-01  [3616s]
step   6700  train 4.0694e-01  |g| 1.63e-01  [3658s]
step   6800  train 4.3526e-01  |g| 1.60e-01  [3699s]
step   6900  train 4.2478e-01  |g| 1.08e-01  [3741s]
step   7000  train 4.1425e-01  |g| 3.30e-01  [3783s]
step   7100  train 4.2972e-01  |g| 2.76e-01  [3825s]
step   7200  train 4.2798e-01  |g| 1.64e-01  [3867s]
step   7300  train 3.9830e-01  |g| 2.08e-01  [3909s]
step   7400  train 4.2933e-01  |g| 2.42e-01  [3951s]
step   7500  train 4.1316e-01  |g| 1.38e-01  [3992s]
step   7600  train 4.2756e-01  |g| 1.94e-01  [4034s]
step   7700  train 4.0500e-01  |g| 1.05e-01  [4076s]
step   7800  train 5.0038e-01  |g| 1.24e+00  [4118s]
step   7900  train 4.2211e-01  |g| 9.64e-02  [4160s]
step   8000  train 4.2633e-01  val 4.3793e-01  6d geo 1.561e-01 med 1.744e-01 p90 2.967e-01 (const 4.730e-02)  |g| 1.93e-01  [4202s]
           5d geo 1.722e-01 med 1.952e-01   postmu 6d geo 2.226e-01 med 2.386e-01 p90 3.790e-01   mu |dlog| 1.1457
           WARNING: prediction spread 0.000 of ground truth -- the output has collapsed to a constant (saturated tanh); lower --lr or raise --warmup-steps and restart
           corr(identifiable)  mu=+0.03  D_div_mu=-0.16  T0_div_mu=-0.02  Ly=+0.14  op_x=-0.16  op_y=-0.20   mean spread/GT 0.00
           err share           mu=6%  D_div_mu=1%  T0_div_mu=1%  Ly=30%  op_x=32%  op_y=30%
step   8100  train 4.2836e-01  |g| 4.96e-01  [4247s]
step   8200  train 5.4414e-01  |g| 7.81e-01  [4288s]
step   8300  train 4.4233e-01  |g| 2.50e-01  [4330s]
step   8400  train 4.5959e-01  |g| 2.20e-01  [4372s]
step   8500  train 4.5535e-01  |g| 8.16e-02  [4414s]
step   8600  train 4.1574e-01  |g| 3.81e-02  [4456s]
step   8700  train 4.2941e-01  |g| 9.44e-02  [4498s]
step   8800  train 4.1133e-01  |g| 9.78e-02  [4539s]
step   8900  train 4.4485e-01  |g| 2.46e-01  [4581s]
step   9000  train 4.5466e-01  |g| 2.53e-01  [4623s]
step   9100  train 3.9903e-01  |g| 7.10e-02  [4665s]
step   9200  train 4.1722e-01  |g| 4.01e-01  [4707s]
step   9300  train 4.2772e-01  |g| 7.93e-02  [4749s]
step   9400  train 4.0373e-01  |g| 5.91e-01  [4790s]
step   9500  train 4.3211e-01  |g| 4.40e-01  [4832s]
step   9600  train 4.1515e-01  |g| 1.10e-01  [4874s]
step   9700  train 4.1179e-01  |g| 4.63e-01  [4916s]
step   9800  train 4.0184e-01  |g| 5.82e-01  [4957s]
step   9900  train 4.3761e-01  |g| 2.49e-01  [4999s]
step  10000  train 4.8481e-01  val 4.3692e-01  6d geo 1.561e-01 med 1.744e-01 p90 2.967e-01 (const 4.730e-02)  |g| 1.07e-01  [5041s]
           5d geo 1.722e-01 med 1.953e-01   postmu 6d geo 2.226e-01 med 2.386e-01 p90 3.790e-01   mu |dlog| 1.1452
           WARNING: prediction spread 0.000 of ground truth -- the output has collapsed to a constant (saturated tanh); lower --lr or raise --warmup-steps and restart
           corr(identifiable)  mu=+0.27  D_div_mu=-0.30  T0_div_mu=-0.21  Ly=+0.18  op_x=-0.18  op_y=-0.28   mean spread/GT 0.00
           err share           mu=6%  D_div_mu=1%  T0_div_mu=1%  Ly=30%  op_x=32%  op_y=30%
step  10100  train 4.3045e-01  |g| 8.24e-01  [5086s]
step  10200  train 4.0932e-01  |g| 8.34e-02  [5128s]
step  10300  train 4.7201e-01  |g| 1.61e-01  [5169s]
step  10400  train 4.1083e-01  |g| 3.32e-01  [5211s]
step  10500  train 4.0788e-01  |g| 6.17e-01  [5253s]
step  10600  train 6.9769e-01  |g| 1.87e+02  [5295s]
step  10700  train 4.0688e-01  |g| 0.00e+00  [5338s]
step  10800  train 4.1445e-01  |g| 7.02e-06  [5379s]
step  10900  train 4.3678e-01  |g| 0.00e+00  [5421s]
step  11000  train 4.5902e-01  |g| 8.31e-06  [5463s]
step  11100  train 4.1744e-01  |g| 0.00e+00  [5504s]
step  11200  train 4.3241e-01  |g| 9.03e-06  [5546s]
step  11300  train 4.2189e-01  |g| 0.00e+00  [5588s]
step  11400  train 4.1812e-01  |g| 0.00e+00  [5630s]
step  11500  train 4.9024e-01  |g| 4.17e-06  [5671s]
step  11600  train 4.5674e-01  |g| 2.23e-06  [5713s]
step  11700  train 4.3035e-01  |g| 9.28e-06  [5755s]
step  11800  train 5.0635e-01  |g| 0.00e+00  [5796s]
step  11900  train 3.8186e-01  |g| 0.00e+00  [5838s]
step  12000  train 4.5561e-01  val 4.3942e-01  6d geo 1.562e-01 med 1.744e-01 p90 2.967e-01 (const 4.730e-02)  |g| 0.00e+00  [5880s]
           5d geo 1.723e-01 med 1.953e-01   postmu 6d geo 2.226e-01 med 2.386e-01 p90 3.792e-01   mu |dlog| 1.1450
           WARNING: prediction spread 0.000 of ground truth -- the output has collapsed to a constant (saturated tanh); lower --lr or raise --warmup-steps and restart
           corr(identifiable)  mu=+0.00  D_div_mu=+0.00  T0_div_mu=+0.07  Ly=+0.00  op_x=+0.00  op_y=-0.02   mean spread/GT 0.00
           err share           mu=6%  D_div_mu=1%  T0_div_mu=1%  Ly=30%  op_x=32%  op_y=30%
step  12100  train 4.3659e-01  |g| 2.18e-06  [5925s]
step  12200  train 4.0256e-01  |g| 7.63e-06  [5966s]
step  12300  train 4.6286e-01  |g| 0.00e+00  [6008s]
step  12400  train 4.7598e-01  |g| 1.28e-06  [6050s]
step  12500  train 5.8480e-01  |g| 2.45e-04  [6091s]
step  12600  train 4.2065e-01  |g| 0.00e+00  [6133s]
step  12700  train 4.2295e-01  |g| 0.00e+00  [6175s]
step  12800  train 4.5165e-01  |g| 0.00e+00  [6216s]
step  12900  train 4.0608e-01  |g| 2.75e-05  [6258s]
step  13000  train 4.3612e-01  |g| 8.53e-06  [6300s]
step  13100  train 4.4847e-01  |g| 4.53e-05  [6342s]
step  13200  train 4.5560e-01  |g| 0.00e+00  [6383s]
step  13300  train 4.9364e-01  |g| 1.42e-06  [6425s]
step  13400  train 4.4016e-01  |g| 0.00e+00  [6467s]
step  13500  train 4.3511e-01  |g| 1.18e-04  [6508s]
step  13600  train 4.1148e-01  |g| 9.90e-06  [6550s]
step  13700  train 4.1919e-01  |g| 1.72e-05  [6592s]
step  13800  train 4.4391e-01  |g| 0.00e+00  [6634s]
step  13900  train 4.2889e-01  |g| 0.00e+00  [6675s]
step  14000  train 4.8044e-01  val 4.3942e-01  6d geo 1.562e-01 med 1.744e-01 p90 2.967e-01 (const 4.730e-02)  |g| 0.00e+00  [6717s]
           5d geo 1.723e-01 med 1.953e-01   postmu 6d geo 2.226e-01 med 2.386e-01 p90 3.792e-01   mu |dlog| 1.1450
           WARNING: prediction spread 0.000 of ground truth -- the output has collapsed to a constant (saturated tanh); lower --lr or raise --warmup-steps and restart
           corr(identifiable)  mu=+0.00  D_div_mu=+0.00  T0_div_mu=+0.06  Ly=+0.00  op_x=+0.00  op_y=-0.02   mean spread/GT 0.00
           err share           mu=6%  D_div_mu=1%  T0_div_mu=1%  Ly=30%  op_x=32%  op_y=30%
step  14100  train 4.1928e-01  |g| 0.00e+00  [6762s]
step  14200  train 4.5001e-01  |g| 0.00e+00  [6803s]
step  14300  train 4.0706e-01  |g| 0.00e+00  [6845s]
step  14400  train 4.2982e-01  |g| 1.30e-08  [6887s]
step  14500  train 4.0174e-01  |g| 0.00e+00  [6928s]
step  14600  train 4.0009e-01  |g| 0.00e+00  [6970s]
step  14700  train 4.3775e-01  |g| 4.85e-05  [7012s]
step  14800  train 4.5415e-01  |g| 0.00e+00  [7053s]
step  14900  train 4.6119e-01  |g| 1.68e-06  [7095s]
step  15000  train 4.0738e-01  |g| 0.00e+00  [7136s]
step  15100  train 4.1538e-01  |g| 0.00e+00  [7178s]
step  15200  train 4.2768e-01  |g| 0.00e+00  [7220s]
step  15300  train 4.0776e-01  |g| 0.00e+00  [7261s]
step  15400  train 4.4001e-01  |g| 0.00e+00  [7303s]
step  15500  train 4.6878e-01  |g| 0.00e+00  [7345s]
step  15600  train 4.5689e-01  |g| 0.00e+00  [7386s]
step  15700  train 4.7593e-01  |g| 3.74e-05  [7428s]
step  15800  train 5.3573e-01  |g| 1.11e-05  [7470s]
step  15900  train 4.2858e-01  |g| 4.75e-06  [7511s]
step  16000  train 4.7123e-01  val 4.3942e-01  6d geo 1.562e-01 med 1.744e-01 p90 2.967e-01 (const 4.730e-02)  |g| 0.00e+00  [7553s]
           5d geo 1.723e-01 med 1.953e-01   postmu 6d geo 2.226e-01 med 2.386e-01 p90 3.792e-01   mu |dlog| 1.1450
           WARNING: prediction spread 0.000 of ground truth -- the output has collapsed to a constant (saturated tanh); lower --lr or raise --warmup-steps and restart
           corr(identifiable)  mu=+0.00  D_div_mu=+0.00  T0_div_mu=+0.06  Ly=+0.00  op_x=+0.00  op_y=-0.02   mean spread/GT 0.00
           err share           mu=6%  D_div_mu=1%  T0_div_mu=1%  Ly=30%  op_x=32%  op_y=30%
step  16100  train 4.1455e-01  |g| 1.40e-08  [7598s]
step  16200  train 4.3993e-01  |g| 6.13e-06  [7639s]
step  16300  train 3.8882e-01  |g| 0.00e+00  [7681s]
step  16400  train 3.9465e-01  |g| 0.00e+00  [7723s]
step  16500  train 4.3873e-01  |g| 1.86e-06  [7764s]
step  16600  train 5.1864e-01  |g| 0.00e+00  [7806s]
step  16700  train 4.4257e-01  |g| 0.00e+00  [7848s]
step  16800  train 4.4334e-01  |g| 2.38e-06  [7889s]
step  16900  train 4.3920e-01  |g| 1.14e-04  [7931s]
step  17000  train 4.2214e-01  |g| 0.00e+00  [7973s]
step  17100  train 4.0316e-01  |g| 0.00e+00  [8015s]
step  17200  train 4.5087e-01  |g| 2.32e-06  [8056s]
step  17300  train 4.5343e-01  |g| 0.00e+00  [8098s]
step  17400  train 4.2271e-01  |g| 1.10e-06  [8140s]
step  17500  train 4.1041e-01  |g| 0.00e+00  [8181s]
step  17600  train 4.1613e-01  |g| 0.00e+00  [8223s]
step  17700  train 3.9057e-01  |g| 0.00e+00  [8265s]
step  17800  train 4.0380e-01  |g| 0.00e+00  [8306s]
step  17900  train 4.0748e-01  |g| 0.00e+00  [8348s]
step  18000  train 4.2898e-01  val 4.3942e-01  6d geo 1.562e-01 med 1.744e-01 p90 2.967e-01 (const 4.730e-02)  |g| 0.00e+00  [8389s]
           5d geo 1.723e-01 med 1.953e-01   postmu 6d geo 2.226e-01 med 2.386e-01 p90 3.792e-01   mu |dlog| 1.1450
           WARNING: prediction spread 0.000 of ground truth -- the output has collapsed to a constant (saturated tanh); lower --lr or raise --warmup-steps and restart
           corr(identifiable)  mu=+0.00  D_div_mu=+0.00  T0_div_mu=+0.06  Ly=+0.00  op_x=+0.00  op_y=-0.02   mean spread/GT 0.00
           err share           mu=6%  D_div_mu=1%  T0_div_mu=1%  Ly=30%  op_x=32%  op_y=30%
step  18100  train 3.9122e-01  |g| 0.00e+00  [8434s]
step  18200  train 4.1964e-01  |g| 0.00e+00  [8476s]
step  18300  train 4.2375e-01  |g| 1.55e-05  [8518s]
step  18400  train 4.3014e-01  |g| 0.00e+00  [8559s]
step  18500  train 3.8972e-01  |g| 0.00e+00  [8601s]
step  18600  train 3.9083e-01  |g| 0.00e+00  [8643s]
step  18700  train 3.9104e-01  |g| 0.00e+00  [8685s]
step  18800  train 4.4344e-01  |g| 1.29e-06  [8727s]
step  18900  train 4.3489e-01  |g| 2.21e-06  [8768s]
step  19000  train 4.8262e-01  |g| 9.19e-06  [8810s]
step  19100  train 4.0135e-01  |g| 0.00e+00  [8852s]
step  19200  train 3.8220e-01  |g| 0.00e+00  [8894s]
step  19300  train 4.3534e-01  |g| 1.53e-05  [8935s]
step  19400  train 4.8827e-01  |g| 2.15e-06  [8977s]
step  19500  train 3.9458e-01  |g| 0.00e+00  [9019s]
step  19600  train 4.1621e-01  |g| 0.00e+00  [9061s]
step  19700  train 4.4245e-01  |g| 0.00e+00  [9103s]
step  19800  train 4.6335e-01  |g| 0.00e+00  [9145s]
step  19900  train 4.4486e-01  |g| 0.00e+00  [9186s]
step  20000  train 4.6858e-01  val 4.3942e-01  6d geo 1.562e-01 med 1.744e-01 p90 2.967e-01 (const 4.730e-02)  |g| 9.09e-07  [9228s]
           5d geo 1.723e-01 med 1.953e-01   postmu 6d geo 2.226e-01 med 2.386e-01 p90 3.792e-01   mu |dlog| 1.1450
           WARNING: prediction spread 0.000 of ground truth -- the output has collapsed to a constant (saturated tanh); lower --lr or raise --warmup-steps and restart
           corr(identifiable)  mu=+0.00  D_div_mu=+0.00  T0_div_mu=+0.07  Ly=+0.00  op_x=+0.00  op_y=-0.02   mean spread/GT 0.00
           err share           mu=6%  D_div_mu=1%  T0_div_mu=1%  Ly=30%  op_x=32%  op_y=30%
step  20100  train 3.9920e-01  |g| 0.00e+00  [9273s]
step  20200  train 4.1134e-01  |g| 2.76e-06  [9314s]
step  20300  train 4.5116e-01  |g| 1.83e-06  [9356s]
step  20400  train 4.2262e-01  |g| 0.00e+00  [9398s]
step  20500  train 4.7107e-01  |g| 0.00e+00  [9440s]
step  20600  train 4.6922e-01  |g| 0.00e+00  [9482s]
step  20700  train 4.4017e-01  |g| 0.00e+00  [9523s]
step  20800  train 4.6599e-01  |g| 1.84e-06  [9565s]
step  20900  train 4.8518e-01  |g| 0.00e+00  [9607s]
step  21000  train 4.0283e-01  |g| 0.00e+00  [9649s]
step  21100  train 3.9849e-01  |g| 0.00e+00  [9690s]
step  21200  train 4.7928e-01  |g| 1.69e-06  [9732s]
step  21300  train 4.4028e-01  |g| 8.51e-05  [9774s]
step  21400  train 4.0352e-01  |g| 0.00e+00  [9815s]
step  21500  train 4.0653e-01  |g| 0.00e+00  [9857s]
step  21600  train 3.8518e-01  |g| 0.00e+00  [9898s]
step  21700  train 5.1104e-01  |g| 1.60e-08  [9940s]
step  21800  train 3.6666e-01  |g| 0.00e+00  [9982s]
step  21900  train 4.2352e-01  |g| 0.00e+00  [10023s]
step  22000  train 4.2848e-01  val 4.3942e-01  6d geo 1.562e-01 med 1.744e-01 p90 2.967e-01 (const 4.730e-02)  |g| 0.00e+00  [10065s]
           5d geo 1.723e-01 med 1.953e-01   postmu 6d geo 2.226e-01 med 2.386e-01 p90 3.792e-01   mu |dlog| 1.1450
           WARNING: prediction spread 0.000 of ground truth -- the output has collapsed to a constant (saturated tanh); lower --lr or raise --warmup-steps and restart
           corr(identifiable)  mu=+0.00  D_div_mu=+0.00  T0_div_mu=+0.06  Ly=+0.00  op_x=+0.00  op_y=-0.02   mean spread/GT 0.00
           err share           mu=6%  D_div_mu=1%  T0_div_mu=1%  Ly=30%  op_x=32%  op_y=30%
step  22100  train 4.1397e-01  |g| 0.00e+00  [10110s]
step  22200  train 4.4883e-01  |g| 0.00e+00  [10151s]
step  22300  train 4.2380e-01  |g| 0.00e+00  [10193s]
step  22400  train 4.5034e-01  |g| 0.00e+00  [10235s]
step  22500  train 4.2435e-01  |g| 5.91e-07  [10276s]
step  22600  train 4.3584e-01  |g| 0.00e+00  [10318s]
step  22700  train 4.1999e-01  |g| 0.00e+00  [10360s]
step  22800  train 4.2654e-01  |g| 0.00e+00  [10401s]
step  22900  train 4.2802e-01  |g| 0.00e+00  [10443s]
step  23000  train 3.6164e-01  |g| 0.00e+00  [10484s]
step  23100  train 4.8323e-01  |g| 2.22e-05  [10526s]
step  23200  train 4.1579e-01  |g| 3.64e-05  [10568s]
step  23300  train 4.3789e-01  |g| 0.00e+00  [10609s]
step  23400  train 4.6297e-01  |g| 0.00e+00  [10651s]
step  23500  train 4.8973e-01  |g| 0.00e+00  [10693s]
step  23600  train 4.6181e-01  |g| 0.00e+00  [10734s]
step  23700  train 3.8398e-01  |g| 0.00e+00  [10776s]
step  23800  train 4.6959e-01  |g| 0.00e+00  [10818s]
step  23900  train 4.1536e-01  |g| 0.00e+00  [10859s]
step  24000  train 4.0513e-01  val 4.3942e-01  6d geo 1.562e-01 med 1.744e-01 p90 2.967e-01 (const 4.730e-02)  |g| 0.00e+00  [10901s]
           5d geo 1.723e-01 med 1.953e-01   postmu 6d geo 2.226e-01 med 2.386e-01 p90 3.792e-01   mu |dlog| 1.1450
           WARNING: prediction spread 0.000 of ground truth -- the output has collapsed to a constant (saturated tanh); lower --lr or raise --warmup-steps and restart
           corr(identifiable)  mu=+0.00  D_div_mu=+0.00  T0_div_mu=+0.05  Ly=+0.00  op_x=+0.00  op_y=-0.02   mean spread/GT 0.00
           err share           mu=6%  D_div_mu=1%  T0_div_mu=1%  Ly=30%  op_x=32%  op_y=30%
step  24100  train 4.7947e-01  |g| 3.11e-06  [10946s]
step  24200  train 3.9686e-01  |g| 1.17e-06  [10988s]
step  24300  train 4.0853e-01  |g| 1.01e-06  [11029s]
step  24400  train 4.4811e-01  |g| 0.00e+00  [11071s]
step  24500  train 4.8973e-01  |g| 0.00e+00  [11113s]
step  24600  train 4.6208e-01  |g| 1.71e-06  [11154s]
step  24700  train 3.7494e-01  |g| 0.00e+00  [11196s]
step  24800  train 4.4289e-01  |g| 0.00e+00  [11238s]
step  24900  train 4.4049e-01  |g| 0.00e+00  [11279s]
step  25000  train 4.4083e-01  |g| 0.00e+00  [11321s]
step  25100  train 4.0648e-01  |g| 3.36e-06  [11363s]
step  25200  train 3.8864e-01  |g| 0.00e+00  [11405s]
step  25300  train 4.0026e-01  |g| 9.15e-07  [11446s]
step  25400  train 3.7928e-01  |g| 0.00e+00  [11488s]
step  25500  train 5.0939e-01  |g| 9.90e-06  [11530s]
step  25600  train 4.2566e-01  |g| 0.00e+00  [11571s]
step  25700  train 4.3998e-01  |g| 6.50e-06  [11613s]
step  25800  train 3.8995e-01  |g| 0.00e+00  [11655s]
step  25900  train 4.4044e-01  |g| 0.00e+00  [11696s]
step  26000  train 4.2532e-01  val 4.3942e-01  6d geo 1.562e-01 med 1.744e-01 p90 2.967e-01 (const 4.730e-02)  |g| 0.00e+00  [11738s]
           5d geo 1.723e-01 med 1.953e-01   postmu 6d geo 2.226e-01 med 2.386e-01 p90 3.792e-01   mu |dlog| 1.1450
           WARNING: prediction spread 0.000 of ground truth -- the output has collapsed to a constant (saturated tanh); lower --lr or raise --warmup-steps and restart
           corr(identifiable)  mu=+0.00  D_div_mu=+0.00  T0_div_mu=+0.05  Ly=+0.00  op_x=+0.00  op_y=-0.02   mean spread/GT 0.00
           err share           mu=6%  D_div_mu=1%  T0_div_mu=1%  Ly=30%  op_x=32%  op_y=30%
step  26100  train 4.2024e-01  |g| 0.00e+00  [11783s]
step  26200  train 4.5564e-01  |g| 0.00e+00  [11824s]
step  26300  train 3.9295e-01  |g| 0.00e+00  [11866s]
step  26400  train 4.0103e-01  |g| 0.00e+00  [11908s]
step  26500  train 4.3786e-01  |g| 0.00e+00  [11949s]
step  26600  train 4.0358e-01  |g| 0.00e+00  [11991s]
step  26700  train 4.4119e-01  |g| 0.00e+00  [12033s]
step  26800  train 4.3125e-01  |g| 0.00e+00  [12074s]
step  26900  train 4.2591e-01  |g| 0.00e+00  [12116s]
step  27000  train 4.4755e-01  |g| 0.00e+00  [12158s]
step  27100  train 4.3290e-01  |g| 0.00e+00  [12199s]
step  27200  train 4.0122e-01  |g| 0.00e+00  [12241s]
step  27300  train 5.5059e-01  |g| 0.00e+00  [12283s]
step  27400  train 4.7222e-01  |g| 0.00e+00  [12324s]
step  27500  train 4.9619e-01  |g| 0.00e+00  [12366s]
step  27600  train 4.3650e-01  |g| 0.00e+00  [12408s]
step  27700  train 4.2282e-01  |g| 2.75e-06  [12450s]
step  27800  train 4.2505e-01  |g| 0.00e+00  [12491s]
step  27900  train 4.1048e-01  |g| 0.00e+00  [12533s]
step  28000  train 4.3612e-01  val 4.3942e-01  6d geo 1.562e-01 med 1.744e-01 p90 2.967e-01 (const 4.730e-02)  |g| 0.00e+00  [12575s]
           5d geo 1.723e-01 med 1.953e-01   postmu 6d geo 2.226e-01 med 2.386e-01 p90 3.792e-01   mu |dlog| 1.1450
           WARNING: prediction spread 0.000 of ground truth -- the output has collapsed to a constant (saturated tanh); lower --lr or raise --warmup-steps and restart
           corr(identifiable)  mu=+0.00  D_div_mu=+0.00  T0_div_mu=+0.04  Ly=+0.00  op_x=+0.00  op_y=-0.03   mean spread/GT 0.00
           err share           mu=6%  D_div_mu=1%  T0_div_mu=1%  Ly=30%  op_x=32%  op_y=30%
step  28100  train 4.1385e-01  |g| 0.00e+00  [12619s]
step  28200  train 3.9722e-01  |g| 0.00e+00  [12661s]
step  28300  train 4.6682e-01  |g| 0.00e+00  [12703s]
step  28400  train 4.0784e-01  |g| 3.60e-06  [12745s]
step  28500  train 4.9234e-01  |g| 0.00e+00  [12786s]
step  28600  train 4.3797e-01  |g| 3.77e-06  [12828s]
step  28700  train 4.0766e-01  |g| 0.00e+00  [12870s]
step  28800  train 3.8178e-01  |g| 0.00e+00  [12911s]
step  28900  train 4.2705e-01  |g| 0.00e+00  [12953s]
step  29000  train 4.3158e-01  |g| 0.00e+00  [12995s]
step  29100  train 4.3332e-01  |g| 0.00e+00  [13036s]
step  29200  train 4.4757e-01  |g| 0.00e+00  [13078s]
step  29300  train 4.4863e-01  |g| 0.00e+00  [13120s]
step  29400  train 4.4957e-01  |g| 1.11e-06  [13161s]
step  29500  train 5.3577e-01  |g| 0.00e+00  [13203s]
step  29600  train 3.7569e-01  |g| 0.00e+00  [13244s]
step  29700  train 4.0762e-01  |g| 0.00e+00  [13286s]
step  29800  train 4.3873e-01  |g| 0.00e+00  [13328s]
step  29900  train 4.3974e-01  |g| 0.00e+00  [13369s]
step  30000  train 4.2470e-01  val 4.3942e-01  6d geo 1.562e-01 med 1.744e-01 p90 2.967e-01 (const 4.730e-02)  |g| 0.00e+00  [13411s]
           5d geo 1.723e-01 med 1.953e-01   postmu 6d geo 2.226e-01 med 2.386e-01 p90 3.792e-01   mu |dlog| 1.1450
           WARNING: prediction spread 0.000 of ground truth -- the output has collapsed to a constant (saturated tanh); lower --lr or raise --warmup-steps and restart
           corr(identifiable)  mu=+0.00  D_div_mu=+0.00  T0_div_mu=+0.04  Ly=+0.00  op_x=+0.00  op_y=-0.02   mean spread/GT 0.00
           err share           mu=6%  D_div_mu=1%  T0_div_mu=1%  Ly=30%  op_x=32%  op_y=30%
step  30100  train 4.1539e-01  |g| 0.00e+00  [13456s]
step  30200  train 3.9555e-01  |g| 0.00e+00  [13497s]
step  30300  train 4.6460e-01  |g| 0.00e+00  [13539s]
step  30400  train 4.2641e-01  |g| 0.00e+00  [13581s]
step  30500  train 4.1358e-01  |g| 1.92e-06  [13622s]
step  30600  train 4.5487e-01  |g| 9.14e-07  [13664s]
step  30700  train 4.1937e-01  |g| 0.00e+00  [13705s]
step  30800  train 4.3123e-01  |g| 0.00e+00  [13747s]
step  30900  train 3.9068e-01  |g| 0.00e+00  [13789s]
step  31000  train 4.6782e-01  |g| 0.00e+00  [13830s]
step  31100  train 4.6972e-01  |g| 0.00e+00  [13872s]
step  31200  train 4.0664e-01  |g| 0.00e+00  [13914s]
step  31300  train 4.1225e-01  |g| 0.00e+00  [13956s]
step  31400  train 4.1686e-01  |g| 0.00e+00  [13997s]
step  31500  train 4.4017e-01  |g| 0.00e+00  [14039s]
step  31600  train 4.8252e-01  |g| 0.00e+00  [14080s]
step  31700  train 4.3287e-01  |g| 0.00e+00  [14122s]
step  31800  train 4.0268e-01  |g| 0.00e+00  [14164s]
step  31900  train 5.1265e-01  |g| 0.00e+00  [14205s]
step  32000  train 4.5735e-01  val 4.3942e-01  6d geo 1.562e-01 med 1.744e-01 p90 2.967e-01 (const 4.730e-02)  |g| 0.00e+00  [14246s]
           5d geo 1.723e-01 med 1.953e-01   postmu 6d geo 2.226e-01 med 2.386e-01 p90 3.792e-01   mu |dlog| 1.1450
           WARNING: prediction spread 0.000 of ground truth -- the output has collapsed to a constant (saturated tanh); lower --lr or raise --warmup-steps and restart
           corr(identifiable)  mu=+0.00  D_div_mu=+0.00  T0_div_mu=+0.00  Ly=+0.00  op_x=+0.00  op_y=-0.02   mean spread/GT 0.00
           err share           mu=6%  D_div_mu=1%  T0_div_mu=1%  Ly=30%  op_x=32%  op_y=30%
step  32100  train 4.5001e-01  |g| 2.39e-06  [14291s]
step  32200  train 4.0904e-01  |g| 0.00e+00  [14333s]
step  32300  train 4.2443e-01  |g| 0.00e+00  [14375s]
step  32400  train 4.4780e-01  |g| 0.00e+00  [14416s]
step  32500  train 4.3589e-01  |g| 0.00e+00  [14458s]
step  32600  train 4.7018e-01  |g| 0.00e+00  [14500s]
step  32700  train 3.9872e-01  |g| 0.00e+00  [14542s]
step  32800  train 4.0501e-01  |g| 0.00e+00  [14584s]
step  32900  train 4.0368e-01  |g| 0.00e+00  [14625s]
step  33000  train 3.9451e-01  |g| 0.00e+00  [14667s]
step  33100  train 5.3265e-01  |g| 0.00e+00  [14709s]
step  33200  train 4.0185e-01  |g| 0.00e+00  [14751s]
step  33300  train 4.1889e-01  |g| 0.00e+00  [14792s]
step  33400  train 4.6617e-01  |g| 0.00e+00  [14834s]
step  33500  train 5.0155e-01  |g| 0.00e+00  [14876s]
step  33600  train 4.7762e-01  |g| 0.00e+00  [14918s]
step  33700  train 4.2327e-01  |g| 0.00e+00  [14959s]
step  33800  train 3.9657e-01  |g| 8.07e-07  [15001s]
step  33900  train 5.0407e-01  |g| 0.00e+00  [15043s]
step  34000  train 4.4263e-01  val 4.3942e-01  6d geo 1.562e-01 med 1.744e-01 p90 2.967e-01 (const 4.730e-02)  |g| 0.00e+00  [15085s]
           5d geo 1.723e-01 med 1.953e-01   postmu 6d geo 2.226e-01 med 2.386e-01 p90 3.792e-01   mu |dlog| 1.1450
           WARNING: prediction spread 0.000 of ground truth -- the output has collapsed to a constant (saturated tanh); lower --lr or raise --warmup-steps and restart
           corr(identifiable)  mu=+0.00  D_div_mu=+0.00  T0_div_mu=+0.00  Ly=+0.00  op_x=+0.00  op_y=-0.02   mean spread/GT 0.00
           err share           mu=6%  D_div_mu=1%  T0_div_mu=1%  Ly=30%  op_x=32%  op_y=30%
step  34100  train 4.7119e-01  |g| 0.00e+00  [15130s]
step  34200  train 4.4857e-01  |g| 0.00e+00  [15171s]
step  34300  train 4.0182e-01  |g| 0.00e+00  [15213s]
step  34400  train 4.3803e-01  |g| 0.00e+00  [15255s]
step  34500  train 4.7150e-01  |g| 0.00e+00  [15297s]
step  34600  train 4.3101e-01  |g| 0.00e+00  [15338s]
step  34700  train 3.9437e-01  |g| 0.00e+00  [15380s]
step  34800  train 3.9631e-01  |g| 0.00e+00  [15422s]
step  34900  train 4.9705e-01  |g| 0.00e+00  [15464s]
step  35000  train 4.4205e-01  |g| 0.00e+00  [15506s]
step  35100  train 4.5603e-01  |g| 7.81e-07  [15547s]
step  35200  train 4.0344e-01  |g| 0.00e+00  [15589s]
step  35300  train 4.8195e-01  |g| 0.00e+00  [15631s]
step  35400  train 4.3260e-01  |g| 0.00e+00  [15673s]
step  35500  train 4.7240e-01  |g| 0.00e+00  [15714s]
step  35600  train 4.1238e-01  |g| 0.00e+00  [15756s]
step  35700  train 4.2683e-01  |g| 0.00e+00  [15798s]
step  35800  train 4.3915e-01  |g| 0.00e+00  [15840s]
step  35900  train 3.9965e-01  |g| 0.00e+00  [15881s]
step  36000  train 4.7487e-01  val 4.3942e-01  6d geo 1.562e-01 med 1.744e-01 p90 2.967e-01 (const 4.730e-02)  |g| 0.00e+00  [15923s]
           5d geo 1.723e-01 med 1.953e-01   postmu 6d geo 2.226e-01 med 2.386e-01 p90 3.792e-01   mu |dlog| 1.1450
           WARNING: prediction spread 0.000 of ground truth -- the output has collapsed to a constant (saturated tanh); lower --lr or raise --warmup-steps and restart
           corr(identifiable)  mu=+0.00  D_div_mu=+0.00  T0_div_mu=+0.00  Ly=+0.00  op_x=+0.00  op_y=+0.00   mean spread/GT 0.00
           err share           mu=6%  D_div_mu=1%  T0_div_mu=1%  Ly=30%  op_x=32%  op_y=30%
step  36100  train 4.7296e-01  |g| 0.00e+00  [15968s]
step  36200  train 4.3313e-01  |g| 0.00e+00  [16010s]
step  36300  train 4.6738e-01  |g| 0.00e+00  [16051s]
step  36400  train 4.7796e-01  |g| 0.00e+00  [16093s]
step  36500  train 4.8249e-01  |g| 0.00e+00  [16135s]
step  36600  train 4.3390e-01  |g| 0.00e+00  [16177s]
step  36700  train 4.6199e-01  |g| 0.00e+00  [16218s]
step  36800  train 4.3006e-01  |g| 0.00e+00  [16260s]
step  36900  train 3.8706e-01  |g| 0.00e+00  [16302s]
step  37000  train 4.8495e-01  |g| 0.00e+00  [16344s]
step  37100  train 4.2770e-01  |g| 0.00e+00  [16385s]
step  37200  train 4.2335e-01  |g| 0.00e+00  [16427s]
step  37300  train 4.2093e-01  |g| 0.00e+00  [16469s]
step  37400  train 4.3929e-01  |g| 0.00e+00  [16510s]
step  37500  train 4.4959e-01  |g| 0.00e+00  [16552s]
step  37600  train 4.1505e-01  |g| 0.00e+00  [16594s]
step  37700  train 3.7455e-01  |g| 0.00e+00  [16636s]
step  37800  train 4.4387e-01  |g| 0.00e+00  [16677s]
step  37900  train 4.0983e-01  |g| 0.00e+00  [16719s]
step  38000  train 4.4157e-01  val 4.3942e-01  6d geo 1.562e-01 med 1.744e-01 p90 2.967e-01 (const 4.730e-02)  |g| 0.00e+00  [16761s]
           5d geo 1.723e-01 med 1.953e-01   postmu 6d geo 2.226e-01 med 2.386e-01 p90 3.792e-01   mu |dlog| 1.1450
           WARNING: prediction spread 0.000 of ground truth -- the output has collapsed to a constant (saturated tanh); lower --lr or raise --warmup-steps and restart
           corr(identifiable)  mu=+0.00  D_div_mu=+0.00  T0_div_mu=+0.00  Ly=+0.00  op_x=+0.00  op_y=+0.00   mean spread/GT 0.00
           err share           mu=6%  D_div_mu=1%  T0_div_mu=1%  Ly=30%  op_x=32%  op_y=30%
step  38100  train 4.6125e-01  |g| 0.00e+00  [16806s]
step  38200  train 4.0887e-01  |g| 0.00e+00  [16847s]
step  38300  train 4.4685e-01  |g| 0.00e+00  [16889s]
step  38400  train 4.1701e-01  |g| 0.00e+00  [16931s]
step  38500  train 3.8200e-01  |g| 0.00e+00  [16973s]
step  38600  train 4.4288e-01  |g| 0.00e+00  [17014s]
step  38700  train 4.6413e-01  |g| 0.00e+00  [17056s]
step  38800  train 4.4178e-01  |g| 0.00e+00  [17098s]
step  38900  train 3.8652e-01  |g| 0.00e+00  [17140s]
step  39000  train 4.7674e-01  |g| 0.00e+00  [17181s]
step  39100  train 4.1084e-01  |g| 0.00e+00  [17223s]
step  39200  train 4.2640e-01  |g| 0.00e+00  [17265s]
step  39300  train 4.4044e-01  |g| 0.00e+00  [17307s]
step  39400  train 3.9937e-01  |g| 0.00e+00  [17349s]
step  39500  train 4.2970e-01  |g| 0.00e+00  [17390s]
step  39600  train 4.6542e-01  |g| 0.00e+00  [17432s]
step  39700  train 4.6355e-01  |g| 0.00e+00  [17473s]
step  39800  train 4.9098e-01  |g| 0.00e+00  [17515s]
step  39900  train 3.9049e-01  |g| 0.00e+00  [17557s]
step  40000  train 4.1819e-01  val 4.3942e-01  6d geo 1.562e-01 med 1.744e-01 p90 2.967e-01 (const 4.730e-02)  |g| 0.00e+00  [17598s]
           5d geo 1.723e-01 med 1.953e-01   postmu 6d geo 2.226e-01 med 2.386e-01 p90 3.792e-01   mu |dlog| 1.1450
           WARNING: prediction spread 0.000 of ground truth -- the output has collapsed to a constant (saturated tanh); lower --lr or raise --warmup-steps and restart
           corr(identifiable)  mu=+0.00  D_div_mu=+0.00  T0_div_mu=+0.00  Ly=+0.00  op_x=+0.00  op_y=+0.00   mean spread/GT 0.00
           err share           mu=6%  D_div_mu=1%  T0_div_mu=1%  Ly=30%  op_x=32%  op_y=30%
best val_nmse_6d_postmu_geo 4.9621e-02 (encoder_best.pt)

Done. Outputs written to /home/bhpark3/dafx_ddsp/results/ddsp/eps_ladder_adam1e8/L1_STFT_eps1e3
