Device cuda | loss L1_STFT_eps1e4 | duration 0.25s
Loading train targets from data/train-p99
Loading val targets from data/val-p99
  98304 train / 996 val in 41s   train tensor 4.34 GB
  training set held in host memory; batches transferred per step
reference levels:  gt_loss 2.0885e-04   saturation (unrelated IRs) 7.2136e-01
constant-predictor NMSE: 6d 4.730e-02  7d 7.959e-02  (the floor to beat)
training loss stuck near saturation = gradient uninformative; well below = learning

encoder: 3.74M params, width 32

loss scale (fixed): 5.9167e-01
step      1  train 5.9167e-01  val 6.7835e-01  6d geo 4.283e-02 med 4.750e-02 p90 8.157e-02 (const 4.730e-02)  |g| 1.69e+02  [1s]
           5d geo 4.206e-02 med 4.849e-02   postmu 6d geo 4.925e-02 med 5.175e-02 p90 1.267e-01   mu |dlog| 0.5480
           WARNING: prediction spread 0.000 of ground truth -- the output has collapsed to a constant (saturated tanh); lower --lr or raise --warmup-steps and restart
           corr(identifiable)  mu=-0.37  D_div_mu=+0.15  T0_div_mu=-0.01  Ly=-0.01  op_x=-0.48  op_y=-0.27   mean spread/GT 0.00
           err share           mu=16%  D_div_mu=3%  T0_div_mu=2%  Ly=26%  op_x=28%  op_y=26%
step    100  train 5.9291e-01  |g| 3.26e+02  [46s]
step    200  train 5.8738e-01  |g| 2.50e+02  [94s]
step    300  train 6.0847e-01  |g| 1.25e+02  [159s]
step    400  train 7.2131e-01  |g| 1.94e+02  [245s]
step    500  train 6.3350e-01  |g| 1.92e+02  [346s]
step    600  train 5.7679e-01  |g| 3.10e+01  [440s]
step    700  train 6.1469e-01  |g| 2.00e+02  [539s]
step    800  train 6.1241e-01  |g| 1.34e+02  [622s]
step    900  train 5.3809e-01  |g| 5.60e+01  [705s]
step   1000  train 5.2414e-01  |g| 3.24e+01  [787s]
step   1100  train 6.1903e-01  |g| 1.66e+02  [869s]
step   1200  train 5.3106e-01  |g| 4.15e+01  [951s]
step   1300  train 4.6105e-01  |g| 2.17e+01  [1032s]
step   1400  train 4.8195e-01  |g| 3.29e+01  [1114s]
step   1500  train 4.4487e-01  |g| 5.89e+01  [1196s]
step   1600  train 4.2714e-01  |g| 2.65e+01  [1277s]
step   1700  train 4.8877e-01  |g| 1.67e+02  [1358s]
  WARNING: 1 of 64 parameter sets need a finer grid than the pinned (86, 282) and are truncated. Raise --fixed-mode-grid; targets rendered under a pin that truncates them are not the plate's output at those parameters.
step   1800  train 6.6140e-01  |g| 5.95e+02  [1440s]
step   1900  train 5.8069e-01  |g| 5.77e+00  [1504s]
step   2000  train 5.3211e-01  val 5.6181e-01  6d geo 1.700e-01 med 1.886e-01 p90 3.119e-01 (const 4.730e-02)  |g| 1.18e+01  [1556s]
           5d geo 1.832e-01 med 2.060e-01   postmu 6d geo 1.635e-01 med 1.821e-01 p90 3.191e-01   mu |dlog| 0.6801
           WARNING: prediction spread 0.001 of ground truth -- the output has collapsed to a constant (saturated tanh); lower --lr or raise --warmup-steps and restart
           corr(identifiable)  mu=+0.47  D_div_mu=+0.11  T0_div_mu=-0.35  Ly=-0.41  op_x=+0.08  op_y=-0.23   mean spread/GT 0.00
           err share           mu=8%  D_div_mu=5%  T0_div_mu=1%  Ly=28%  op_x=30%  op_y=29%
step   2100  train 6.0667e-01  |g| 2.07e+01  [1611s]
step   2200  train 5.3045e-01  |g| 7.30e+00  [1662s]
step   2300  train 5.4246e-01  |g| 9.84e+00  [1713s]
step   2400  train 5.9438e-01  |g| 6.40e+00  [1764s]
step   2500  train 5.6165e-01  |g| 1.76e+01  [1815s]
step   2600  train 5.5906e-01  |g| 6.74e+00  [1866s]
step   2700  train 5.1722e-01  |g| 5.46e+00  [1917s]
step   2800  train 4.8753e-01  |g| 5.92e+00  [1968s]
step   2900  train 5.2725e-01  |g| 8.07e+00  [2019s]
step   3000  train 5.1567e-01  |g| 2.71e+01  [2070s]
step   3100  train 5.1627e-01  |g| 3.94e+01  [2121s]
step   3200  train 5.1134e-01  |g| 1.97e+01  [2172s]
step   3300  train 5.7584e-01  |g| 2.28e+01  [2223s]
step   3400  train 4.4597e-01  |g| 1.54e+01  [2274s]
step   3500  train 4.8272e-01  |g| 1.21e+01  [2326s]
step   3600  train 4.8420e-01  |g| 1.96e+01  [2377s]
step   3700  train 4.5594e-01  |g| 6.87e+00  [2428s]
step   3800  train 4.7518e-01  |g| 1.04e+01  [2479s]
step   3900  train 4.9046e-01  |g| 2.94e+01  [2530s]
step   4000  train 5.1597e-01  val 4.9606e-01  6d geo 1.690e-01 med 1.874e-01 p90 3.097e-01 (const 4.730e-02)  |g| 1.52e+01  [2581s]
           5d geo 1.820e-01 med 2.043e-01   postmu 6d geo 1.624e-01 med 1.816e-01 p90 3.189e-01   mu |dlog| 0.6756
           WARNING: prediction spread 0.003 of ground truth -- the output has collapsed to a constant (saturated tanh); lower --lr or raise --warmup-steps and restart
           corr(identifiable)  mu=-0.15  D_div_mu=-0.06  T0_div_mu=-0.18  Ly=+0.09  op_x=+0.11  op_y=+0.19   mean spread/GT 0.00
           err share           mu=8%  D_div_mu=5%  T0_div_mu=1%  Ly=27%  op_x=30%  op_y=29%
step   4100  train 5.1470e-01  |g| 3.94e+01  [2636s]
step   4200  train 5.0135e-01  |g| 2.47e+01  [2687s]
step   4300  train 5.1483e-01  |g| 4.28e+01  [2738s]
step   4400  train 4.7495e-01  |g| 2.31e+01  [2789s]
step   4500  train 4.8191e-01  |g| 1.92e+01  [2840s]
step   4600  train 5.3178e-01  |g| 3.39e+01  [2891s]
step   4700  train 4.6004e-01  |g| 4.78e+01  [2942s]
step   4800  train 4.5743e-01  |g| 2.98e+01  [2993s]
step   4900  train 5.1329e-01  |g| 2.99e+01  [3044s]
step   5000  train 4.7663e-01  |g| 3.69e+01  [3095s]
step   5100  train 4.5135e-01  |g| 2.78e+01  [3146s]
step   5200  train 4.5335e-01  |g| 2.57e+01  [3197s]
step   5300  train 4.3747e-01  |g| 3.46e+01  [3248s]
step   5400  train 4.6436e-01  |g| 1.10e+01  [3298s]
step   5500  train 4.5453e-01  |g| 4.58e+01  [3349s]
step   5600  train 4.3365e-01  |g| 2.11e+01  [3400s]
step   5700  train 4.9486e-01  |g| 2.81e+01  [3451s]
step   5800  train 4.4753e-01  |g| 4.33e+01  [3502s]
step   5900  train 4.7262e-01  |g| 2.43e+01  [3553s]
step   6000  train 4.5579e-01  val 4.6615e-01  6d geo 1.683e-01 med 1.866e-01 p90 3.091e-01 (const 4.730e-02)  |g| 3.34e+01  [3604s]
           5d geo 1.812e-01 med 2.038e-01   postmu 6d geo 1.617e-01 med 1.807e-01 p90 3.181e-01   mu |dlog| 0.6737
           WARNING: prediction spread 0.004 of ground truth -- the output has collapsed to a constant (saturated tanh); lower --lr or raise --warmup-steps and restart
           corr(identifiable)  mu=-0.35  D_div_mu=+0.07  T0_div_mu=-0.13  Ly=+0.27  op_x=+0.12  op_y=+0.14   mean spread/GT 0.00
           err share           mu=9%  D_div_mu=5%  T0_div_mu=1%  Ly=28%  op_x=30%  op_y=29%
step   6100  train 5.9281e-01  |g| 3.12e-02  [3659s]
step   6200  train 5.6468e-01  |g| 6.77e-02  [3710s]
step   6300  train 5.4996e-01  |g| 5.11e+00  [3761s]
step   6400  train 5.9615e-01  |g| 5.83e+00  [3812s]
step   6500  train 5.4101e-01  |g| 1.81e+01  [3863s]
step   6600  train 5.3043e-01  |g| 5.42e+01  [3915s]
step   6700  train 5.2736e-01  |g| 9.79e+00  [3966s]
step   6800  train 5.4512e-01  |g| 2.39e+01  [4017s]
step   6900  train 5.3958e-01  |g| 3.24e+00  [4068s]
step   7000  train 5.3582e-01  |g| 3.21e+01  [4119s]
step   7100  train 5.5439e-01  |g| 2.65e+01  [4170s]
step   7200  train 5.3145e-01  |g| 2.32e+01  [4221s]
step   7300  train 5.2811e-01  |g| 1.42e+01  [4272s]
step   7400  train 5.1860e-01  |g| 3.23e+00  [4323s]
step   7500  train 5.2172e-01  |g| 2.29e+01  [4374s]
step   7600  train 5.6317e-01  |g| 2.48e+01  [4426s]
step   7700  train 5.2120e-01  |g| 1.93e+01  [4477s]
step   7800  train 5.3504e-01  |g| 2.26e+01  [4528s]
step   7900  train 4.9370e-01  |g| 4.93e+01  [4579s]
step   8000  train 4.5634e-01  val 4.8142e-01  6d geo 1.685e-01 med 1.870e-01 p90 3.095e-01 (const 4.730e-02)  |g| 4.52e+01  [4630s]
           5d geo 1.813e-01 med 2.038e-01   postmu 6d geo 1.619e-01 med 1.809e-01 p90 3.183e-01   mu |dlog| 0.6763
           WARNING: prediction spread 0.004 of ground truth -- the output has collapsed to a constant (saturated tanh); lower --lr or raise --warmup-steps and restart
           corr(identifiable)  mu=+0.33  D_div_mu=+0.27  T0_div_mu=+0.03  Ly=+0.25  op_x=+0.06  op_y=-0.13   mean spread/GT 0.00
           err share           mu=9%  D_div_mu=5%  T0_div_mu=1%  Ly=28%  op_x=29%  op_y=29%
step   8100  train 4.9578e-01  |g| 3.79e+01  [4685s]
step   8200  train 5.9095e-01  |g| 3.56e+01  [4736s]
step   8300  train 4.8015e-01  |g| 2.71e+01  [4786s]
step   8400  train 4.6887e-01  |g| 2.58e+01  [4837s]
step   8500  train 4.7010e-01  |g| 7.61e+00  [4888s]
step   8600  train 4.6573e-01  |g| 1.46e+01  [4939s]
step   8700  train 4.9422e-01  |g| 3.37e+01  [4990s]
step   8800  train 4.4913e-01  |g| 4.46e+01  [5041s]
step   8900  train 5.0389e-01  |g| 5.37e+01  [5092s]
step   9000  train 5.0140e-01  |g| 5.03e+01  [5143s]
step   9100  train 4.4690e-01  |g| 2.16e+01  [5194s]
step   9200  train 4.4576e-01  |g| 2.68e+01  [5245s]
step   9300  train 4.7219e-01  |g| 4.59e+01  [5296s]
step   9400  train 4.5298e-01  |g| 3.27e+01  [5347s]
step   9500  train 4.7482e-01  |g| 1.80e+01  [5397s]
step   9600  train 4.7744e-01  |g| 2.42e+01  [5448s]
step   9700  train 4.5837e-01  |g| 3.07e+01  [5499s]
step   9800  train 4.5489e-01  |g| 1.55e+01  [5550s]
step   9900  train 4.4032e-01  |g| 2.27e+01  [5601s]
step  10000  train 5.0995e-01  val 4.6060e-01  6d geo 1.682e-01 med 1.866e-01 p90 3.092e-01 (const 4.730e-02)  |g| 3.47e+01  [5652s]
           5d geo 1.810e-01 med 2.035e-01   postmu 6d geo 1.616e-01 med 1.804e-01 p90 3.178e-01   mu |dlog| 0.6746
           WARNING: prediction spread 0.004 of ground truth -- the output has collapsed to a constant (saturated tanh); lower --lr or raise --warmup-steps and restart
           corr(identifiable)  mu=+0.42  D_div_mu=+0.14  T0_div_mu=-0.19  Ly=+0.23  op_x=+0.12  op_y=+0.09   mean spread/GT 0.00
           err share           mu=9%  D_div_mu=5%  T0_div_mu=1%  Ly=28%  op_x=29%  op_y=29%
step  10100  train 4.3924e-01  |g| 3.34e+01  [5706s]
step  10200  train 4.3352e-01  |g| 1.10e+01  [5757s]
step  10300  train 5.1819e-01  |g| 4.95e+01  [5808s]
step  10400  train 4.5225e-01  |g| 1.74e+01  [5859s]
step  10500  train 4.1950e-01  |g| 1.19e+01  [5910s]
step  10600  train 4.4768e-01  |g| 3.78e+01  [5961s]
step  10700  train 4.2257e-01  |g| 2.16e+01  [6011s]
step  10800  train 4.4201e-01  |g| 3.26e+01  [6062s]
step  10900  train 4.8063e-01  |g| 2.76e+01  [6113s]
step  11000  train 5.0615e-01  |g| 2.99e+01  [6164s]
step  11100  train 4.7252e-01  |g| 2.39e+01  [6215s]
step  11200  train 4.9896e-01  |g| 3.58e+01  [6266s]
step  11300  train 4.4810e-01  |g| 4.10e+01  [6317s]
step  11400  train 4.5029e-01  |g| 3.49e+01  [6368s]
step  11500  train 5.0545e-01  |g| 2.53e+01  [6419s]
step  11600  train 4.8844e-01  |g| 2.01e+01  [6470s]
step  11700  train 4.3653e-01  |g| 1.21e+01  [6521s]
step  11800  train 5.4445e-01  |g| 2.56e+01  [6571s]
step  11900  train 4.5331e-01  |g| 1.98e+01  [6622s]
step  12000  train 4.8070e-01  val 4.5712e-01  6d geo 1.683e-01 med 1.868e-01 p90 3.093e-01 (const 4.730e-02)  |g| 4.04e+01  [6673s]
           5d geo 1.811e-01 med 2.037e-01   postmu 6d geo 1.617e-01 med 1.805e-01 p90 3.180e-01   mu |dlog| 0.6754
           WARNING: prediction spread 0.004 of ground truth -- the output has collapsed to a constant (saturated tanh); lower --lr or raise --warmup-steps and restart
           corr(identifiable)  mu=+0.50  D_div_mu=+0.12  T0_div_mu=-0.21  Ly=+0.21  op_x=+0.11  op_y=+0.05   mean spread/GT 0.00
           err share           mu=9%  D_div_mu=5%  T0_div_mu=1%  Ly=28%  op_x=29%  op_y=29%
step  12100  train 5.0385e-01  |g| 2.97e+01  [6727s]
step  12200  train 4.4094e-01  |g| 1.46e+01  [6779s]
step  12300  train 5.0957e-01  |g| 1.98e+01  [6830s]
step  12400  train 5.0370e-01  |g| 2.29e+01  [6881s]
step  12500  train 6.1732e-01  |g| 3.73e+01  [6932s]
step  12600  train 4.5118e-01  |g| 2.37e+01  [6983s]
step  12700  train 4.6592e-01  |g| 4.07e+01  [7034s]
step  12800  train 4.7176e-01  |g| 1.99e+01  [7085s]
step  12900  train 4.5909e-01  |g| 1.79e+01  [7136s]
step  13000  train 4.9100e-01  |g| 3.59e+01  [7187s]
step  13100  train 4.5882e-01  |g| 1.58e+01  [7238s]
step  13200  train 4.7111e-01  |g| 2.55e+01  [7289s]
step  13300  train 5.2178e-01  |g| 1.43e+01  [7340s]
step  13400  train 4.9607e-01  |g| 2.67e+01  [7391s]
step  13500  train 4.7517e-01  |g| 3.85e+01  [7442s]
step  13600  train 4.5167e-01  |g| 3.18e+01  [7493s]
step  13700  train 4.3778e-01  |g| 1.54e+01  [7544s]
step  13800  train 5.0471e-01  |g| 3.51e+01  [7594s]
step  13900  train 4.9105e-01  |g| 2.81e+01  [7645s]
step  14000  train 5.2376e-01  val 4.6677e-01  6d geo 1.682e-01 med 1.866e-01 p90 3.094e-01 (const 4.730e-02)  |g| 4.01e+01  [7697s]
           5d geo 1.810e-01 med 2.037e-01   postmu 6d geo 1.616e-01 med 1.804e-01 p90 3.178e-01   mu |dlog| 0.6774
           WARNING: prediction spread 0.004 of ground truth -- the output has collapsed to a constant (saturated tanh); lower --lr or raise --warmup-steps and restart
           corr(identifiable)  mu=+0.56  D_div_mu=+0.20  T0_div_mu=-0.28  Ly=+0.21  op_x=+0.08  op_y=+0.04   mean spread/GT 0.00
           err share           mu=9%  D_div_mu=5%  T0_div_mu=1%  Ly=28%  op_x=29%  op_y=29%
step  14100  train 4.5625e-01  |g| 2.83e+01  [7752s]
step  14200  train 4.8623e-01  |g| 3.49e+01  [7803s]
step  14300  train 4.3517e-01  |g| 1.85e+01  [7854s]
step  14400  train 4.5136e-01  |g| 1.11e+01  [7905s]
step  14500  train 4.2429e-01  |g| 1.33e+01  [7956s]
step  14600  train 4.2410e-01  |g| 2.61e+01  [8007s]
step  14700  train 4.5839e-01  |g| 1.67e+01  [8057s]
step  14800  train 4.7349e-01  |g| 3.17e+01  [8108s]
step  14900  train 5.0638e-01  |g| 1.95e+01  [8159s]
step  15000  train 4.2372e-01  |g| 8.25e+00  [8210s]
step  15100  train 4.6296e-01  |g| 8.17e+00  [8261s]
step  15200  train 4.4375e-01  |g| 2.46e+01  [8312s]
step  15300  train 4.4982e-01  |g| 1.05e+01  [8362s]
step  15400  train 4.2945e-01  |g| 5.23e+00  [8413s]
step  15500  train 4.9763e-01  |g| 1.31e+01  [8464s]
step  15600  train 4.9292e-01  |g| 2.36e+01  [8515s]
step  15700  train 5.1230e-01  |g| 1.35e+01  [8566s]
step  15800  train 5.4842e-01  |g| 2.70e+01  [8617s]
step  15900  train 4.7335e-01  |g| 2.43e+01  [8668s]
step  16000  train 4.5919e-01  val 4.7157e-01  6d geo 1.681e-01 med 1.866e-01 p90 3.093e-01 (const 4.730e-02)  |g| 1.89e+01  [8719s]
           5d geo 1.809e-01 med 2.034e-01   postmu 6d geo 1.615e-01 med 1.802e-01 p90 3.179e-01   mu |dlog| 0.6724
           WARNING: prediction spread 0.005 of ground truth -- the output has collapsed to a constant (saturated tanh); lower --lr or raise --warmup-steps and restart
           corr(identifiable)  mu=+0.55  D_div_mu=+0.16  T0_div_mu=-0.24  Ly=+0.23  op_x=+0.12  op_y=+0.10   mean spread/GT 0.00
           err share           mu=9%  D_div_mu=5%  T0_div_mu=1%  Ly=28%  op_x=29%  op_y=29%
step  16100  train 4.2753e-01  |g| 2.65e+01  [8773s]
step  16200  train 4.6976e-01  |g| 1.64e+01  [8824s]
step  16300  train 4.4302e-01  |g| 3.04e+01  [8875s]
step  16400  train 4.3531e-01  |g| 1.55e+01  [8926s]
step  16500  train 4.8520e-01  |g| 2.81e+01  [8977s]
step  16600  train 5.6093e-01  |g| 2.50e+01  [9028s]
step  16700  train 4.6734e-01  |g| 9.88e+00  [9079s]
step  16800  train 4.5472e-01  |g| 1.73e+01  [9130s]
step  16900  train 4.6544e-01  |g| 2.80e+01  [9181s]
step  17000  train 4.5961e-01  |g| 3.99e+01  [9232s]
step  17100  train 4.3461e-01  |g| 2.56e+01  [9282s]
step  17200  train 4.7938e-01  |g| 2.43e+01  [9333s]
step  17300  train 4.5652e-01  |g| 1.38e+01  [9384s]
step  17400  train 4.5867e-01  |g| 1.76e+01  [9435s]
step  17500  train 4.6133e-01  |g| 4.60e+01  [9486s]
step  17600  train 4.5639e-01  |g| 2.89e+01  [9537s]
step  17700  train 4.1770e-01  |g| 2.43e+01  [9588s]
step  17800  train 4.1902e-01  |g| 2.11e+01  [9639s]
step  17900  train 4.3567e-01  |g| 1.24e+01  [9690s]
step  18000  train 4.7188e-01  val 4.5880e-01  6d geo 1.681e-01 med 1.866e-01 p90 3.093e-01 (const 4.730e-02)  |g| 3.30e+01  [9741s]
           5d geo 1.809e-01 med 2.035e-01   postmu 6d geo 1.615e-01 med 1.803e-01 p90 3.179e-01   mu |dlog| 0.6743
           WARNING: prediction spread 0.005 of ground truth -- the output has collapsed to a constant (saturated tanh); lower --lr or raise --warmup-steps and restart
           corr(identifiable)  mu=+0.55  D_div_mu=+0.20  T0_div_mu=-0.15  Ly=+0.24  op_x=+0.10  op_y=+0.09   mean spread/GT 0.00
           err share           mu=9%  D_div_mu=5%  T0_div_mu=1%  Ly=28%  op_x=29%  op_y=29%
step  18100  train 4.3302e-01  |g| 2.39e+01  [9795s]
step  18200  train 4.3668e-01  |g| 1.26e+01  [9846s]
step  18300  train 4.4161e-01  |g| 1.54e+01  [9897s]
step  18400  train 4.5665e-01  |g| 3.33e+01  [9948s]
step  18500  train 4.2938e-01  |g| 1.52e+01  [9999s]
step  18600  train 4.6697e-01  |g| 3.14e+01  [10050s]
step  18700  train 4.2036e-01  |g| 1.92e+01  [10101s]
step  18800  train 4.8184e-01  |g| 1.37e+01  [10152s]
step  18900  train 4.6967e-01  |g| 1.02e+01  [10203s]
step  19000  train 5.3655e-01  |g| 3.38e+01  [10254s]
step  19100  train 4.3846e-01  |g| 2.42e+01  [10305s]
step  19200  train 4.2747e-01  |g| 1.48e+01  [10356s]
step  19300  train 4.6778e-01  |g| 9.72e+00  [10406s]
step  19400  train 4.7738e-01  |g| 2.51e+01  [10457s]
step  19500  train 4.3128e-01  |g| 2.23e+01  [10508s]
step  19600  train 4.5691e-01  |g| 1.98e+01  [10559s]
step  19700  train 4.7090e-01  |g| 9.22e+00  [10610s]
step  19800  train 4.6150e-01  |g| 2.25e+01  [10661s]
step  19900  train 4.6541e-01  |g| 1.79e+01  [10712s]
step  20000  train 4.8457e-01  val 4.6147e-01  6d geo 1.686e-01 med 1.869e-01 p90 3.096e-01 (const 4.730e-02)  |g| 7.77e+00  [10763s]
           5d geo 1.814e-01 med 2.039e-01   postmu 6d geo 1.620e-01 med 1.808e-01 p90 3.182e-01   mu |dlog| 0.6756
           WARNING: prediction spread 0.004 of ground truth -- the output has collapsed to a constant (saturated tanh); lower --lr or raise --warmup-steps and restart
           corr(identifiable)  mu=+0.55  D_div_mu=+0.14  T0_div_mu=+0.20  Ly=+0.20  op_x=+0.10  op_y=+0.10   mean spread/GT 0.00
           err share           mu=9%  D_div_mu=5%  T0_div_mu=1%  Ly=28%  op_x=29%  op_y=29%
step  20100  train 4.5916e-01  |g| 9.38e+00  [10818s]
step  20200  train 4.4891e-01  |g| 3.28e+01  [10869s]
step  20300  train 4.8777e-01  |g| 3.78e+00  [10920s]
step  20400  train 4.6216e-01  |g| 3.15e+01  [10971s]
step  20500  train 4.7204e-01  |g| 2.02e+01  [11022s]
step  20600  train 4.5699e-01  |g| 1.60e+01  [11073s]
step  20700  train 4.8329e-01  |g| 2.93e+01  [11124s]
step  20800  train 4.7568e-01  |g| 3.72e+01  [11175s]
step  20900  train 5.1820e-01  |g| 2.33e+01  [11226s]
step  21000  train 4.2809e-01  |g| 7.42e+00  [11277s]
step  21100  train 4.1527e-01  |g| 2.55e+01  [11328s]
step  21200  train 5.1257e-01  |g| 4.00e+01  [11378s]
step  21300  train 4.6047e-01  |g| 2.09e+01  [11429s]
step  21400  train 4.3063e-01  |g| 3.36e+01  [11480s]
step  21500  train 4.4692e-01  |g| 4.61e+00  [11531s]
step  21600  train 4.0706e-01  |g| 2.43e+01  [11582s]
step  21700  train 5.5256e-01  |g| 2.52e+01  [11633s]
step  21800  train 4.3532e-01  |g| 3.96e+01  [11684s]
step  21900  train 4.3555e-01  |g| 1.65e+01  [11734s]
step  22000  train 4.3335e-01  val 4.6002e-01  6d geo 1.683e-01 med 1.868e-01 p90 3.096e-01 (const 4.730e-02)  |g| 1.93e+01  [11785s]
           5d geo 1.812e-01 med 2.037e-01   postmu 6d geo 1.617e-01 med 1.805e-01 p90 3.182e-01   mu |dlog| 0.6747
           WARNING: prediction spread 0.004 of ground truth -- the output has collapsed to a constant (saturated tanh); lower --lr or raise --warmup-steps and restart
           corr(identifiable)  mu=+0.57  D_div_mu=+0.13  T0_div_mu=+0.34  Ly=+0.22  op_x=+0.09  op_y=+0.07   mean spread/GT 0.00
           err share           mu=9%  D_div_mu=5%  T0_div_mu=1%  Ly=28%  op_x=29%  op_y=29%
step  22100  train 4.6695e-01  |g| 2.18e+01  [11840s]
step  22200  train 4.7346e-01  |g| 2.82e+01  [11891s]
step  22300  train 4.4865e-01  |g| 1.98e+01  [11941s]
step  22400  train 4.6717e-01  |g| 2.39e+01  [11992s]
step  22500  train 4.6213e-01  |g| 1.56e+01  [12043s]
step  22600  train 4.8206e-01  |g| 2.59e+01  [12094s]
step  22700  train 4.6733e-01  |g| 3.20e+01  [12145s]
step  22800  train 4.3810e-01  |g| 1.60e+01  [12196s]
step  22900  train 4.3712e-01  |g| 1.87e+01  [12247s]
step  23000  train 4.1124e-01  |g| 3.54e+00  [12298s]
step  23100  train 5.3961e-01  |g| 2.15e+01  [12349s]
step  23200  train 4.4477e-01  |g| 5.50e+00  [12399s]
step  23300  train 4.5392e-01  |g| 1.52e+01  [12450s]
step  23400  train 4.9631e-01  |g| 1.75e+01  [12501s]
step  23500  train 5.2189e-01  |g| 2.47e+01  [12551s]
step  23600  train 4.9259e-01  |g| 2.19e+01  [12602s]
step  23700  train 4.0612e-01  |g| 2.23e+01  [12653s]
step  23800  train 4.8104e-01  |g| 1.72e+01  [12704s]
step  23900  train 4.3648e-01  |g| 9.61e+00  [12755s]
step  24000  train 4.4165e-01  val 4.5524e-01  6d geo 1.683e-01 med 1.867e-01 p90 3.095e-01 (const 4.730e-02)  |g| 2.21e+01  [12806s]
           5d geo 1.812e-01 med 2.037e-01   postmu 6d geo 1.617e-01 med 1.806e-01 p90 3.181e-01   mu |dlog| 0.6727
           WARNING: prediction spread 0.005 of ground truth -- the output has collapsed to a constant (saturated tanh); lower --lr or raise --warmup-steps and restart
           corr(identifiable)  mu=+0.57  D_div_mu=+0.17  T0_div_mu=+0.33  Ly=+0.22  op_x=+0.10  op_y=+0.07   mean spread/GT 0.00
           err share           mu=9%  D_div_mu=5%  T0_div_mu=1%  Ly=28%  op_x=29%  op_y=29%
step  24100  train 4.7800e-01  |g| 2.67e+01  [12861s]
step  24200  train 4.2015e-01  |g| 1.16e+01  [12912s]
step  24300  train 4.6212e-01  |g| 9.60e+00  [12963s]
step  24400  train 4.7434e-01  |g| 2.00e+01  [13014s]
step  24500  train 5.1566e-01  |g| 3.23e+01  [13066s]
step  24600  train 4.8805e-01  |g| 3.01e+01  [13116s]
step  24700  train 4.4448e-01  |g| 1.78e+01  [13167s]
step  24800  train 4.5126e-01  |g| 2.27e+01  [13218s]
step  24900  train 4.7190e-01  |g| 2.55e+01  [13269s]
step  25000  train 5.0035e-01  |g| 3.88e+01  [13320s]
step  25100  train 4.3960e-01  |g| 1.91e+01  [13371s]
step  25200  train 4.4595e-01  |g| 1.54e+01  [13422s]
step  25300  train 4.3991e-01  |g| 1.70e+01  [13473s]
step  25400  train 4.2727e-01  |g| 1.97e+01  [13524s]
step  25500  train 4.9422e-01  |g| 1.96e+01  [13575s]
step  25600  train 4.3933e-01  |g| 2.50e+01  [13626s]
step  25700  train 4.6106e-01  |g| 2.16e+01  [13678s]
step  25800  train 4.1689e-01  |g| 1.75e+01  [13729s]
step  25900  train 4.6243e-01  |g| 1.13e+01  [13780s]
step  26000  train 4.3396e-01  val 4.5461e-01  6d geo 1.684e-01 med 1.867e-01 p90 3.095e-01 (const 4.730e-02)  |g| 2.57e+01  [13831s]
           5d geo 1.812e-01 med 2.037e-01   postmu 6d geo 1.618e-01 med 1.806e-01 p90 3.181e-01   mu |dlog| 0.6730
           WARNING: prediction spread 0.005 of ground truth -- the output has collapsed to a constant (saturated tanh); lower --lr or raise --warmup-steps and restart
           corr(identifiable)  mu=+0.56  D_div_mu=+0.18  T0_div_mu=+0.28  Ly=+0.23  op_x=+0.10  op_y=+0.06   mean spread/GT 0.00
           err share           mu=9%  D_div_mu=5%  T0_div_mu=1%  Ly=28%  op_x=29%  op_y=29%
step  26100  train 4.3584e-01  |g| 1.33e+01  [13886s]
step  26200  train 4.7958e-01  |g| 8.57e+00  [13937s]
step  26300  train 4.5172e-01  |g| 2.24e+01  [13988s]
step  26400  train 4.2598e-01  |g| 1.31e+01  [14039s]
step  26500  train 4.5285e-01  |g| 1.06e+01  [14090s]
step  26600  train 4.2411e-01  |g| 3.30e+01  [14141s]
step  26700  train 4.5955e-01  |g| 2.21e+01  [14192s]
step  26800  train 4.3788e-01  |g| 1.91e+01  [14243s]
step  26900  train 4.2709e-01  |g| 1.91e+01  [14294s]
step  27000  train 4.6727e-01  |g| 2.56e+01  [14345s]
step  27100  train 4.5197e-01  |g| 1.36e+01  [14396s]
step  27200  train 4.2327e-01  |g| 2.69e+01  [14447s]
step  27300  train 5.8221e-01  |g| 3.42e+01  [14498s]
step  27400  train 4.6866e-01  |g| 9.31e+00  [14549s]
step  27500  train 5.0180e-01  |g| 2.74e+01  [14600s]
step  27600  train 4.4823e-01  |g| 2.66e+01  [14651s]
step  27700  train 4.5460e-01  |g| 1.67e+01  [14702s]
step  27800  train 4.3961e-01  |g| 2.83e+01  [14753s]
step  27900  train 4.4557e-01  |g| 2.12e+01  [14804s]
step  28000  train 5.0355e-01  val 4.7610e-01  6d geo 1.686e-01 med 1.870e-01 p90 3.097e-01 (const 4.730e-02)  |g| 6.80e+00  [14855s]
           5d geo 1.815e-01 med 2.039e-01   postmu 6d geo 1.620e-01 med 1.808e-01 p90 3.180e-01   mu |dlog| 0.6733
           WARNING: prediction spread 0.005 of ground truth -- the output has collapsed to a constant (saturated tanh); lower --lr or raise --warmup-steps and restart
           corr(identifiable)  mu=+0.57  D_div_mu=+0.20  T0_div_mu=+0.33  Ly=+0.22  op_x=+0.10  op_y=+0.04   mean spread/GT 0.00
           err share           mu=9%  D_div_mu=5%  T0_div_mu=1%  Ly=28%  op_x=30%  op_y=29%
step  28100  train 4.0889e-01  |g| 1.89e+01  [14910s]
step  28200  train 4.3044e-01  |g| 1.23e+01  [14961s]
step  28300  train 4.9466e-01  |g| 1.72e+01  [15012s]
step  28400  train 4.4773e-01  |g| 5.89e+00  [15063s]
step  28500  train 5.1788e-01  |g| 2.23e+01  [15113s]
step  28600  train 4.5605e-01  |g| 7.79e+00  [15164s]
step  28700  train 4.2871e-01  |g| 1.35e+01  [15215s]
step  28800  train 4.2342e-01  |g| 2.68e+01  [15266s]
step  28900  train 4.2785e-01  |g| 5.51e+00  [15317s]
step  29000  train 4.4174e-01  |g| 2.21e+01  [15368s]
step  29100  train 4.2155e-01  |g| 1.69e+01  [15419s]
step  29200  train 4.4921e-01  |g| 1.06e+01  [15470s]
step  29300  train 4.2910e-01  |g| 1.73e+01  [15521s]
step  29400  train 4.6188e-01  |g| 1.94e+01  [15572s]
step  29500  train 5.4675e-01  |g| 2.06e+01  [15623s]
step  29600  train 4.0797e-01  |g| 2.11e+01  [15674s]
step  29700  train 4.0527e-01  |g| 2.06e+01  [15725s]
step  29800  train 4.6018e-01  |g| 2.11e+01  [15776s]
step  29900  train 4.5019e-01  |g| 2.23e+01  [15826s]
step  30000  train 4.3260e-01  val 4.5324e-01  6d geo 1.684e-01 med 1.867e-01 p90 3.095e-01 (const 4.730e-02)  |g| 9.69e+00  [15877s]
           5d geo 1.812e-01 med 2.037e-01   postmu 6d geo 1.618e-01 med 1.806e-01 p90 3.182e-01   mu |dlog| 0.6738
           WARNING: prediction spread 0.005 of ground truth -- the output has collapsed to a constant (saturated tanh); lower --lr or raise --warmup-steps and restart
           corr(identifiable)  mu=+0.58  D_div_mu=+0.19  T0_div_mu=+0.34  Ly=+0.23  op_x=+0.11  op_y=+0.04   mean spread/GT 0.01
           err share           mu=9%  D_div_mu=5%  T0_div_mu=1%  Ly=28%  op_x=29%  op_y=29%
step  30100  train 4.2778e-01  |g| 9.95e+00  [15932s]
step  30200  train 4.1507e-01  |g| 1.10e+01  [15983s]
step  30300  train 4.5842e-01  |g| 6.97e+00  [16034s]
step  30400  train 4.3172e-01  |g| 9.72e+00  [16084s]
step  30500  train 4.4043e-01  |g| 3.15e+00  [16135s]
step  30600  train 4.8697e-01  |g| 2.46e+01  [16186s]
step  30700  train 4.2391e-01  |g| 1.63e+01  [16237s]
step  30800  train 4.4806e-01  |g| 1.72e+01  [16288s]
step  30900  train 4.2635e-01  |g| 1.68e+01  [16339s]
step  31000  train 4.6682e-01  |g| 1.51e+01  [16389s]
step  31100  train 4.8274e-01  |g| 1.01e+01  [16440s]
step  31200  train 4.6277e-01  |g| 5.42e+00  [16491s]
step  31300  train 4.2477e-01  |g| 1.50e+01  [16542s]
step  31400  train 4.2170e-01  |g| 1.65e+01  [16593s]
step  31500  train 4.6704e-01  |g| 2.68e+01  [16644s]
step  31600  train 5.1183e-01  |g| 2.75e+01  [16694s]
step  31700  train 4.3066e-01  |g| 1.79e+01  [16745s]
step  31800  train 4.1187e-01  |g| 8.12e+00  [16796s]
step  31900  train 5.0194e-01  |g| 1.84e+01  [16847s]
step  32000  train 4.8657e-01  val 4.5184e-01  6d geo 1.684e-01 med 1.867e-01 p90 3.095e-01 (const 4.730e-02)  |g| 2.90e+00  [16898s]
           5d geo 1.812e-01 med 2.037e-01   postmu 6d geo 1.618e-01 med 1.806e-01 p90 3.180e-01   mu |dlog| 0.6720
           WARNING: prediction spread 0.005 of ground truth -- the output has collapsed to a constant (saturated tanh); lower --lr or raise --warmup-steps and restart
           corr(identifiable)  mu=+0.58  D_div_mu=+0.17  T0_div_mu=+0.33  Ly=+0.22  op_x=+0.11  op_y=+0.04   mean spread/GT 0.01
           err share           mu=9%  D_div_mu=5%  T0_div_mu=1%  Ly=28%  op_x=30%  op_y=29%
step  32100  train 4.5188e-01  |g| 9.10e+00  [16952s]
step  32200  train 4.1998e-01  |g| 2.37e+01  [17003s]
step  32300  train 4.5943e-01  |g| 1.03e+01  [17054s]
step  32400  train 4.3711e-01  |g| 1.78e+01  [17105s]
step  32500  train 4.4110e-01  |g| 1.96e+01  [17155s]
step  32600  train 4.9504e-01  |g| 1.07e+01  [17206s]
step  32700  train 4.5686e-01  |g| 1.78e+01  [17257s]
step  32800  train 4.0414e-01  |g| 4.89e+00  [17308s]
step  32900  train 4.2283e-01  |g| 6.51e+00  [17359s]
step  33000  train 4.3752e-01  |g| 1.33e+01  [17410s]
step  33100  train 5.5440e-01  |g| 1.46e+01  [17461s]
step  33200  train 4.1212e-01  |g| 2.21e+01  [17512s]
step  33300  train 4.4790e-01  |g| 8.95e+00  [17563s]
step  33400  train 5.0030e-01  |g| 6.10e+00  [17614s]
step  33500  train 5.0667e-01  |g| 2.00e+01  [17665s]
step  33600  train 4.8870e-01  |g| 1.51e+01  [17715s]
step  33700  train 4.1371e-01  |g| 1.24e+01  [17766s]
step  33800  train 4.6828e-01  |g| 2.45e+01  [17817s]
step  33900  train 4.7833e-01  |g| 1.46e+01  [17869s]
step  34000  train 4.4415e-01  val 4.5408e-01  6d geo 1.686e-01 med 1.869e-01 p90 3.095e-01 (const 4.730e-02)  |g| 4.99e+00  [17920s]
           5d geo 1.815e-01 med 2.038e-01   postmu 6d geo 1.620e-01 med 1.807e-01 p90 3.181e-01   mu |dlog| 0.6746
           WARNING: prediction spread 0.006 of ground truth -- the output has collapsed to a constant (saturated tanh); lower --lr or raise --warmup-steps and restart
           corr(identifiable)  mu=+0.57  D_div_mu=+0.17  T0_div_mu=+0.33  Ly=+0.23  op_x=+0.10  op_y=+0.05   mean spread/GT 0.01
           err share           mu=9%  D_div_mu=5%  T0_div_mu=1%  Ly=28%  op_x=30%  op_y=29%
step  34100  train 5.0877e-01  |g| 1.83e+01  [17975s]
step  34200  train 4.5977e-01  |g| 1.57e+01  [18026s]
step  34300  train 4.2544e-01  |g| 1.95e+01  [18077s]
step  34400  train 4.2847e-01  |g| 1.09e+01  [18128s]
step  34500  train 4.5633e-01  |g| 1.23e+01  [18179s]
step  34600  train 4.2730e-01  |g| 7.41e+00  [18230s]
step  34700  train 4.3182e-01  |g| 2.20e+01  [18281s]
step  34800  train 4.3670e-01  |g| 6.57e+00  [18332s]
step  34900  train 4.9861e-01  |g| 1.02e+01  [18382s]
step  35000  train 4.7385e-01  |g| 8.77e+00  [18433s]
step  35100  train 4.8016e-01  |g| 4.32e+00  [18484s]
step  35200  train 4.0081e-01  |g| 1.80e+01  [18535s]
step  35300  train 4.7222e-01  |g| 1.84e+01  [18586s]
step  35400  train 4.8006e-01  |g| 9.64e+00  [18637s]
step  35500  train 4.9544e-01  |g| 9.91e+00  [18688s]
step  35600  train 4.5689e-01  |g| 1.07e+01  [18739s]
step  35700  train 4.2320e-01  |g| 1.68e+01  [18790s]
step  35800  train 4.3508e-01  |g| 1.91e+01  [18841s]
step  35900  train 4.0816e-01  |g| 1.04e+01  [18892s]
step  36000  train 4.8594e-01  val 4.5034e-01  6d geo 1.685e-01 med 1.868e-01 p90 3.100e-01 (const 4.730e-02)  |g| 1.96e+01  [18943s]
           5d geo 1.814e-01 med 2.037e-01   postmu 6d geo 1.619e-01 med 1.806e-01 p90 3.180e-01   mu |dlog| 0.6746
           WARNING: prediction spread 0.006 of ground truth -- the output has collapsed to a constant (saturated tanh); lower --lr or raise --warmup-steps and restart
           corr(identifiable)  mu=+0.58  D_div_mu=+0.12  T0_div_mu=+0.35  Ly=+0.21  op_x=+0.10  op_y=+0.06   mean spread/GT 0.01
           err share           mu=9%  D_div_mu=5%  T0_div_mu=1%  Ly=28%  op_x=30%  op_y=29%
step  36100  train 4.9647e-01  |g| 1.01e+01  [18998s]
step  36200  train 4.3807e-01  |g| 2.22e+01  [19049s]
step  36300  train 4.6096e-01  |g| 2.55e+01  [19100s]
step  36400  train 4.9278e-01  |g| 2.10e+01  [19151s]
step  36500  train 4.7705e-01  |g| 1.51e+01  [19202s]
step  36600  train 4.5340e-01  |g| 7.87e+00  [19253s]
step  36700  train 4.6022e-01  |g| 6.44e+00  [19304s]
step  36800  train 4.4998e-01  |g| 1.61e+01  [19355s]
step  36900  train 4.0770e-01  |g| 1.45e+01  [19406s]
step  37000  train 4.9910e-01  |g| 2.44e+01  [19457s]
step  37100  train 4.6811e-01  |g| 1.50e+01  [19508s]
step  37200  train 4.4691e-01  |g| 8.51e+00  [19558s]
step  37300  train 4.2635e-01  |g| 6.92e+00  [19609s]
step  37400  train 4.6256e-01  |g| 8.87e+00  [19660s]
step  37500  train 4.4247e-01  |g| 8.16e+00  [19711s]
step  37600  train 4.2499e-01  |g| 3.86e+00  [19762s]
step  37700  train 3.9958e-01  |g| 6.61e+00  [19813s]
step  37800  train 4.3544e-01  |g| 1.29e+01  [19864s]
step  37900  train 4.1414e-01  |g| 1.47e+01  [19915s]
step  38000  train 4.4617e-01  val 4.5032e-01  6d geo 1.685e-01 med 1.868e-01 p90 3.100e-01 (const 4.730e-02)  |g| 8.02e+00  [19966s]
           5d geo 1.814e-01 med 2.036e-01   postmu 6d geo 1.619e-01 med 1.805e-01 p90 3.180e-01   mu |dlog| 0.6741
           WARNING: prediction spread 0.006 of ground truth -- the output has collapsed to a constant (saturated tanh); lower --lr or raise --warmup-steps and restart
           corr(identifiable)  mu=+0.58  D_div_mu=+0.12  T0_div_mu=+0.35  Ly=+0.21  op_x=+0.09  op_y=+0.06   mean spread/GT 0.01
           err share           mu=9%  D_div_mu=5%  T0_div_mu=1%  Ly=28%  op_x=30%  op_y=29%
step  38100  train 4.6535e-01  |g| 1.79e+01  [20021s]
step  38200  train 4.2625e-01  |g| 6.28e+00  [20072s]
step  38300  train 4.5908e-01  |g| 3.80e+00  [20123s]
step  38400  train 4.2763e-01  |g| 9.00e+00  [20174s]
step  38500  train 4.4230e-01  |g| 3.35e+00  [20225s]
step  38600  train 4.3315e-01  |g| 1.34e+01  [20276s]
step  38700  train 4.5668e-01  |g| 1.03e+01  [20327s]
step  38800  train 4.7849e-01  |g| 1.79e+01  [20378s]
step  38900  train 4.6584e-01  |g| 9.77e+00  [20429s]
step  39000  train 4.7608e-01  |g| 1.09e+01  [20480s]
step  39100  train 4.5662e-01  |g| 5.56e+00  [20531s]
step  39200  train 4.6104e-01  |g| 5.50e+00  [20581s]
step  39300  train 4.5783e-01  |g| 7.85e+00  [20632s]
step  39400  train 4.2583e-01  |g| 1.67e+01  [20683s]
step  39500  train 4.3585e-01  |g| 4.48e+00  [20734s]
step  39600  train 4.7037e-01  |g| 1.35e+01  [20785s]
step  39700  train 4.9174e-01  |g| 3.81e+00  [20836s]
step  39800  train 4.8450e-01  |g| 1.49e+01  [20887s]
step  39900  train 4.3891e-01  |g| 1.15e+01  [20938s]
step  40000  train 4.5080e-01  val 4.4991e-01  6d geo 1.686e-01 med 1.869e-01 p90 3.100e-01 (const 4.730e-02)  |g| 7.17e+00  [20988s]
           5d geo 1.815e-01 med 2.037e-01   postmu 6d geo 1.620e-01 med 1.805e-01 p90 3.180e-01   mu |dlog| 0.6734
           WARNING: prediction spread 0.006 of ground truth -- the output has collapsed to a constant (saturated tanh); lower --lr or raise --warmup-steps and restart
           corr(identifiable)  mu=+0.58  D_div_mu=+0.10  T0_div_mu=+0.35  Ly=+0.20  op_x=+0.09  op_y=+0.06   mean spread/GT 0.01
           err share           mu=9%  D_div_mu=5%  T0_div_mu=1%  Ly=28%  op_x=30%  op_y=29%
best val_nmse_6d_postmu_geo 4.9246e-02 (encoder_best.pt)

Done. Outputs written to /home/bhpark3/dafx_ddsp/results/ddsp/eps_ladder_adam1e8/L1_STFT_eps1e4
