/home/bhpark3/dafx_ddsp/src/ddsp/train_encoder.py:986: UserWarning: Detected call of `lr_scheduler.step()` before `optimizer.step()`. In PyTorch 1.1.0 and later, you should call them in the opposite order: `optimizer.step()` before `lr_scheduler.step()`.  Failure to do this will result in PyTorch skipping the first value of the learning rate schedule. See more details at https://pytorch.org/docs/stable/optim.html#how-to-adjust-learning-rate
  sched.step()
Device cuda | loss L1_STFT_g03 | duration 0.25s
Loading train targets from data/train-p99
Loading val targets from data/val-p99
  98304 train / 996 val in 42s   train tensor 4.34 GB
  training set held in host memory; batches transferred per step
reference levels:  gt_loss 1.3184e-06   saturation (unrelated IRs) 3.4442e-01
constant-predictor NMSE: 6d 4.730e-02  7d 7.959e-02  (the floor to beat)
training loss stuck near saturation = gradient uninformative; well below = learning

encoder: 3.74M params, width 32

  loss scale restored: 2.1184e+00
  optimizer state restored
Resumed from results/ddsp/gamma_pre/L1_STFT/encoder_last.pt at step 5000, continuing to 40000
  WARNING: 1 of 64 parameter sets need a finer grid than the pinned (86, 282) and are truncated. Raise --fixed-mode-grid; targets rendered under a pin that truncates them are not the plate's output at those parameters.
step   5100  train 1.2103e-01  |g| 5.87e+00  [53s]
step   5200  train 1.1481e-01  |g| 7.47e+00  [107s]
step   5300  train 1.3360e-01  |g| 6.83e+00  [160s]
step   5400  train 2.0371e-01  |g| 8.58e+00  [213s]
step   5500  train 1.5518e-01  |g| 8.76e+00  [267s]
step   5600  train 1.2707e-01  |g| 7.95e+00  [320s]
step   5700  train 1.1423e-01  |g| 6.83e+00  [374s]
step   5800  train 1.4473e-01  |g| 7.96e+00  [428s]
step   5900  train 1.1735e-01  |g| 6.53e+00  [481s]
step   6000  train 1.3413e-01  val 1.3139e-01  6d geo 2.354e-03 med 2.358e-03 p90 9.310e-03 (const 4.730e-02)  |g| 8.28e+00  [535s]
           5d geo 1.967e-03 med 2.034e-03   postmu 6d geo 3.162e-03 med 3.153e-03 p90 1.325e-02   mu |dlog| 0.1826
           corr(identifiable)  mu=+0.95  D_div_mu=+0.98  T0_div_mu=+0.64  Ly=+0.97  op_x=+0.95  op_y=+0.98   mean spread/GT 0.84
           err share           mu=23%  D_div_mu=4%  T0_div_mu=5%  Ly=20%  op_x=32%  op_y=15%
step   6100  train 1.2887e-01  |g| 6.97e+00  [595s]
step   6200  train 1.2117e-01  |g| 6.09e+00  [649s]
step   6300  train 1.2733e-01  |g| 8.89e+00  [703s]
step   6400  train 1.2210e-01  |g| 6.68e+00  [756s]
step   6500  train 1.2245e-01  |g| 6.39e+00  [810s]
step   6600  train 1.2181e-01  |g| 7.88e+00  [863s]
step   6700  train 1.2007e-01  |g| 6.34e+00  [917s]
step   6800  train 1.5520e-01  |g| 8.53e+00  [971s]
step   6900  train 1.2544e-01  |g| 5.65e+00  [1024s]
step   7000  train 1.1865e-01  |g| 8.01e+00  [1078s]
step   7100  train 1.2612e-01  |g| 6.42e+00  [1132s]
step   7200  train 1.2353e-01  |g| 7.21e+00  [1186s]
step   7300  train 1.1429e-01  |g| 5.54e+00  [1239s]
step   7400  train 1.1345e-01  |g| 7.62e+00  [1293s]
step   7500  train 1.1558e-01  |g| 8.97e+00  [1346s]
step   7600  train 1.2968e-01  |g| 7.36e+00  [1400s]
step   7700  train 1.1466e-01  |g| 8.40e+00  [1454s]
step   7800  train 1.1824e-01  |g| 9.84e+00  [1508s]
step   7900  train 1.1182e-01  |g| 5.75e+00  [1562s]
step   8000  train 1.1721e-01  val 1.2698e-01  6d geo 1.698e-03 med 1.673e-03 p90 6.921e-03 (const 4.730e-02)  |g| 6.04e+00  [1616s]
           5d geo 1.372e-03 med 1.370e-03   postmu 6d geo 2.282e-03 med 2.299e-03 p90 9.908e-03   mu |dlog| 0.1795
           corr(identifiable)  mu=+0.96  D_div_mu=+0.99  T0_div_mu=+0.63  Ly=+0.97  op_x=+0.97  op_y=+0.99   mean spread/GT 0.86
           err share           mu=25%  D_div_mu=2%  T0_div_mu=7%  Ly=25%  op_x=30%  op_y=11%
step   8100  train 1.1931e-01  |g| 6.21e+00  [1675s]
step   8200  train 1.1105e-01  |g| 8.49e+00  [1728s]
step   8300  train 1.2120e-01  |g| 6.23e+00  [1782s]
step   8400  train 1.0835e-01  |g| 6.99e+00  [1836s]
step   8500  train 1.1676e-01  |g| 7.12e+00  [1890s]
step   8600  train 1.1881e-01  |g| 5.18e+00  [1943s]
step   8700  train 1.1466e-01  |g| 6.39e+00  [1997s]
step   8800  train 1.2839e-01  |g| 6.71e+00  [2051s]
step   8900  train 1.1332e-01  |g| 7.73e+00  [2105s]
step   9000  train 1.1012e-01  |g| 8.51e+00  [2159s]
step   9100  train 1.3222e-01  |g| 7.11e+00  [2212s]
step   9200  train 1.1921e-01  |g| 6.82e+00  [2266s]
step   9300  train 1.1982e-01  |g| 6.53e+00  [2320s]
step   9400  train 1.1768e-01  |g| 8.31e+00  [2374s]
step   9500  train 1.2269e-01  |g| 7.59e+00  [2427s]
step   9600  train 1.1769e-01  |g| 9.03e+00  [2481s]
step   9700  train 1.1133e-01  |g| 5.27e+00  [2535s]
step   9800  train 1.1319e-01  |g| 5.72e+00  [2589s]
step   9900  train 1.2654e-01  |g| 6.73e+00  [2643s]
step  10000  train 1.1361e-01  val 1.1943e-01  6d geo 1.639e-03 med 1.667e-03 p90 6.832e-03 (const 4.730e-02)  |g| 6.96e+00  [2697s]
           5d geo 1.296e-03 med 1.355e-03   postmu 6d geo 2.140e-03 med 2.106e-03 p90 9.166e-03   mu |dlog| 0.1649
           corr(identifiable)  mu=+0.96  D_div_mu=+0.99  T0_div_mu=+0.63  Ly=+0.97  op_x=+0.97  op_y=+0.99   mean spread/GT 0.88
           err share           mu=24%  D_div_mu=2%  T0_div_mu=8%  Ly=25%  op_x=29%  op_y=12%
step  10100  train 1.1459e-01  |g| 8.32e+00  [2755s]
step  10200  train 1.1239e-01  |g| 5.85e+00  [2809s]
step  10300  train 1.2274e-01  |g| 7.55e+00  [2862s]
step  10400  train 1.2403e-01  |g| 7.10e+00  [2916s]
step  10500  train 1.1923e-01  |g| 6.88e+00  [2970s]
step  10600  train 1.1777e-01  |g| 6.89e+00  [3024s]
step  10700  train 1.2808e-01  |g| 4.73e+00  [3078s]
step  10800  train 1.1478e-01  |g| 6.04e+00  [3131s]
step  10900  train 1.2553e-01  |g| 4.02e+00  [3185s]
step  11000  train 1.1241e-01  |g| 5.42e+00  [3239s]
step  11100  train 1.3140e-01  |g| 9.52e+00  [3292s]
step  11200  train 1.1050e-01  |g| 6.47e+00  [3346s]
step  11300  train 1.1503e-01  |g| 5.34e+00  [3400s]
step  11400  train 1.1787e-01  |g| 5.26e+00  [3453s]
step  11500  train 1.1699e-01  |g| 4.72e+00  [3507s]
step  11600  train 1.0703e-01  |g| 4.63e+00  [3561s]
step  11700  train 1.2058e-01  |g| 4.94e+00  [3615s]
step  11800  train 1.0977e-01  |g| 4.56e+00  [3668s]
step  11900  train 1.2390e-01  |g| 3.94e+00  [3722s]
step  12000  train 1.1145e-01  val 1.1617e-01  6d geo 1.449e-03 med 1.388e-03 p90 6.182e-03 (const 4.730e-02)  |g| 4.70e+00  [3776s]
           5d geo 1.157e-03 med 1.142e-03   postmu 6d geo 1.616e-03 med 1.513e-03 p90 6.955e-03   mu |dlog| 0.1228
           corr(identifiable)  mu=+0.96  D_div_mu=+0.99  T0_div_mu=+0.64  Ly=+0.98  op_x=+0.97  op_y=+0.99   mean spread/GT 0.89
           err share           mu=26%  D_div_mu=2%  T0_div_mu=8%  Ly=21%  op_x=29%  op_y=12%
step  12100  train 1.0806e-01  |g| 5.21e+00  [3833s]
step  12200  train 1.1684e-01  |g| 4.90e+00  [3887s]
step  12300  train 1.1418e-01  |g| 3.98e+00  [3941s]
step  12400  train 1.1843e-01  |g| 5.60e+00  [3994s]
step  12500  train 1.1566e-01  |g| 4.24e+00  [4048s]
step  12600  train 1.1562e-01  |g| 5.20e+00  [4101s]
step  12700  train 1.0941e-01  |g| 5.29e+00  [4155s]
step  12800  train 1.1799e-01  |g| 3.75e+00  [4209s]
step  12900  train 1.0935e-01  |g| 7.44e+00  [4262s]
step  13000  train 1.1704e-01  |g| 4.53e+00  [4316s]
step  13100  train 1.1835e-01  |g| 5.53e+00  [4370s]
step  13200  train 1.3513e-01  |g| 6.09e+00  [4423s]
step  13300  train 1.2489e-01  |g| 4.25e+00  [4477s]
step  13400  train 1.1610e-01  |g| 4.62e+00  [4530s]
step  13500  train 1.1247e-01  |g| 3.87e+00  [4584s]
step  13600  train 1.1472e-01  |g| 5.10e+00  [4638s]
step  13700  train 1.1751e-01  |g| 3.01e+00  [4691s]
step  13800  train 1.1284e-01  |g| 4.18e+00  [4745s]
step  13900  train 1.2116e-01  |g| 4.85e+00  [4799s]
step  14000  train 1.1742e-01  val 1.1831e-01  6d geo 1.487e-03 med 1.508e-03 p90 6.238e-03 (const 4.730e-02)  |g| 4.75e+00  [4852s]
           5d geo 1.200e-03 med 1.244e-03   postmu 6d geo 1.627e-03 med 1.614e-03 p90 7.010e-03   mu |dlog| 0.1131
           corr(identifiable)  mu=+0.97  D_div_mu=+0.98  T0_div_mu=+0.64  Ly=+0.98  op_x=+0.97  op_y=+0.99   mean spread/GT 0.89
           err share           mu=27%  D_div_mu=2%  T0_div_mu=7%  Ly=23%  op_x=31%  op_y=10%
step  14100  train 1.2053e-01  |g| 4.73e+00  [4909s]
step  14200  train 1.1577e-01  |g| 3.49e+00  [4963s]
step  14300  train 1.0892e-01  |g| 4.06e+00  [5017s]
step  14400  train 1.1265e-01  |g| 4.10e+00  [5071s]
step  14500  train 1.1608e-01  |g| 3.68e+00  [5124s]
step  14600  train 1.1321e-01  |g| 5.32e+00  [5177s]
step  14700  train 1.0882e-01  |g| 4.08e+00  [5231s]
step  14800  train 1.1729e-01  |g| 4.12e+00  [5285s]
step  14900  train 1.2106e-01  |g| 4.00e+00  [5338s]
step  15000  train 1.1607e-01  |g| 3.61e+00  [5392s]
step  15100  train 1.0560e-01  |g| 2.46e+00  [5445s]
step  15200  train 1.2683e-01  |g| 2.87e+00  [5498s]
step  15300  train 1.1824e-01  |g| 6.40e+00  [5552s]
step  15400  train 1.1289e-01  |g| 3.03e+00  [5606s]
step  15500  train 1.2101e-01  |g| 3.70e+00  [5659s]
step  15600  train 1.1464e-01  |g| 2.55e+00  [5712s]
step  15700  train 1.1214e-01  |g| 2.93e+00  [5766s]
step  15800  train 1.1657e-01  |g| 2.72e+00  [5819s]
step  15900  train 1.2179e-01  |g| 2.60e+00  [5872s]
step  16000  train 1.2150e-01  val 1.2538e-01  6d geo 1.843e-03 med 1.835e-03 p90 6.947e-03 (const 4.730e-02)  |g| 3.63e+00  [5926s]
           5d geo 1.345e-03 med 1.399e-03   postmu 6d geo 2.263e-03 med 2.326e-03 p90 9.275e-03   mu |dlog| 0.1789
           corr(identifiable)  mu=+0.96  D_div_mu=+0.98  T0_div_mu=+0.63  Ly=+0.98  op_x=+0.97  op_y=+0.99   mean spread/GT 0.89
           err share           mu=29%  D_div_mu=3%  T0_div_mu=7%  Ly=24%  op_x=28%  op_y=9%
step  16100  train 1.1580e-01  |g| 3.22e+00  [5983s]
step  16200  train 1.1481e-01  |g| 2.87e+00  [6037s]
step  16300  train 1.1714e-01  |g| 2.75e+00  [6091s]
step  16400  train 1.1652e-01  |g| 2.75e+00  [6144s]
step  16500  train 1.2136e-01  |g| 3.60e+00  [6197s]
step  16600  train 1.0943e-01  |g| 2.26e+00  [6251s]
step  16700  train 1.2977e-01  |g| 2.65e+00  [6305s]
step  16800  train 1.1651e-01  |g| 2.18e+00  [6359s]
step  16900  train 1.0607e-01  |g| 2.71e+00  [6411s]
step  17000  train 1.2209e-01  |g| 2.71e+00  [6465s]
step  17100  train 1.1343e-01  |g| 2.48e+00  [6518s]
step  17200  train 1.0472e-01  |g| 1.87e+00  [6572s]
step  17300  train 1.1792e-01  |g| 2.65e+00  [6626s]
step  17400  train 1.2204e-01  |g| 2.55e+00  [6679s]
step  17500  train 1.2371e-01  |g| 2.82e+00  [6732s]
step  17600  train 1.1517e-01  |g| 1.93e+00  [6785s]
step  17700  train 1.2125e-01  |g| 2.88e+00  [6839s]
step  17800  train 1.1672e-01  |g| 2.89e+00  [6892s]
step  17900  train 1.1654e-01  |g| 3.43e+00  [6945s]
step  18000  train 1.2249e-01  val 1.2831e-01  6d geo 2.085e-03 med 2.057e-03 p90 7.161e-03 (const 4.730e-02)  |g| 2.25e+00  [6998s]
           5d geo 1.277e-03 med 1.306e-03   postmu 6d geo 1.836e-03 med 1.879e-03 p90 7.583e-03   mu |dlog| 0.1332
           corr(identifiable)  mu=+0.95  D_div_mu=+0.98  T0_div_mu=+0.63  Ly=+0.98  op_x=+0.97  op_y=+0.99   mean spread/GT 0.89
           err share           mu=41%  D_div_mu=4%  T0_div_mu=7%  Ly=19%  op_x=21%  op_y=8%
step  18100  train 1.1889e-01  |g| 3.47e+00  [7056s]
step  18200  train 1.1928e-01  |g| 3.09e+00  [7109s]
step  18300  train 1.2891e-01  |g| 2.87e+00  [7163s]
step  18400  train 1.0867e-01  |g| 1.85e+00  [7215s]
step  18500  train 1.2043e-01  |g| 1.82e+00  [7268s]
step  18600  train 1.2224e-01  |g| 1.81e+00  [7322s]
step  18700  train 1.0964e-01  |g| 1.84e+00  [7376s]
step  18800  train 1.2788e-01  |g| 2.63e+00  [7428s]
step  18900  train 1.1353e-01  |g| 1.42e+00  [7480s]
step  19000  train 1.3253e-01  |g| 3.39e+00  [7534s]
step  19100  train 1.2166e-01  |g| 1.92e+00  [7588s]
step  19200  train 1.3041e-01  |g| 1.38e+00  [7639s]
step  19300  train 1.0723e-01  |g| 2.71e+00  [7694s]
step  19400  train 1.2220e-01  |g| 3.20e+00  [7745s]
step  19500  train 1.1897e-01  |g| 2.35e+00  [7794s]
step  19600  train 1.2341e-01  |g| 2.29e+00  [7846s]
step  19700  train 1.3243e-01  |g| 2.38e+00  [7900s]
step  19800  train 1.3037e-01  |g| 1.88e+00  [7952s]
step  19900  train 1.3433e-01  |g| 1.62e+00  [8002s]
step  20000  train 1.3520e-01  val 1.4600e-01  6d geo 3.837e-02 med 4.308e-02 p90 1.010e-01 (const 4.730e-02)  |g| 1.06e+00  [8067s]
           5d geo 3.269e-02 med 3.638e-02   postmu 6d geo 3.294e-02 med 3.633e-02 p90 9.291e-02   mu |dlog| 0.4027
           corr(identifiable)  mu=+0.69  D_div_mu=+0.25  T0_div_mu=+0.34  Ly=+0.67  op_x=+0.63  op_y=+0.55   mean spread/GT 0.89
           err share           mu=26%  D_div_mu=2%  T0_div_mu=1%  Ly=24%  op_x=25%  op_y=22%
step  20100  train 1.4523e-01  |g| 1.04e+00  [8115s]
step  20200  train 1.3017e-01  |g| 8.98e-01  [8165s]
step  20300  train 1.4083e-01  |g| 5.78e-01  [8213s]
step  20400  train 1.2999e-01  |g| 1.91e+00  [8265s]
step  20500  train 1.3416e-01  |g| 1.45e+00  [8314s]
step  20600  train 1.3882e-01  |g| 2.29e+00  [8362s]
step  20700  train 1.4333e-01  |g| 2.27e+00  [8405s]
step  20800  train 1.2954e-01  |g| 1.12e+00  [8451s]
step  20900  train 1.2310e-01  |g| 1.38e+00  [8500s]
step  21000  train 1.3872e-01  |g| 1.61e+00  [8543s]
step  21100  train 1.3256e-01  |g| 1.72e+00  [8584s]
step  21200  train 1.6364e-01  |g| 1.43e+00  [8626s]
step  21300  train 1.3544e-01  |g| 2.20e+00  [8668s]
step  21400  train 1.3944e-01  |g| 9.72e-01  [8710s]
step  21500  train 1.4872e-01  |g| 3.07e+00  [8752s]
step  21600  train 1.5291e-01  |g| 1.54e+00  [8793s]
step  21700  train 1.7047e-01  |g| 1.24e+00  [8835s]
step  21800  train 1.4961e-01  |g| 5.64e-01  [8876s]
step  21900  train 1.4890e-01  |g| 9.76e-01  [8918s]
step  22000  train 1.3143e-01  val 1.5152e-01  6d geo 6.309e-02 med 6.608e-02 p90 1.254e-01 (const 4.730e-02)  |g| 4.78e-01  [8962s]
           5d geo 3.911e-02 med 4.293e-02   postmu 6d geo 4.037e-02 med 4.344e-02 p90 1.158e-01   mu |dlog| 0.4099
           corr(identifiable)  mu=+0.71  D_div_mu=+0.25  T0_div_mu=+0.38  Ly=+0.48  op_x=+0.51  op_y=+0.13   mean spread/GT 0.77
           err share           mu=35%  D_div_mu=2%  T0_div_mu=1%  Ly=19%  op_x=19%  op_y=24%
step  22100  train 1.4413e-01  |g| 9.60e-01  [9007s]
step  22200  train 1.6340e-01  |g| 2.14e+00  [9052s]
step  22300  train 1.4241e-01  |g| 1.74e+00  [9098s]
step  22400  train 1.4630e-01  |g| 9.10e-01  [9144s]
step  22500  train 1.4417e-01  |g| 1.52e+00  [9186s]
step  22600  train 1.5126e-01  |g| 9.44e-01  [9229s]
step  22700  train 1.6133e-01  |g| 1.14e+00  [9272s]
step  22800  train 1.5202e-01  |g| 1.08e+00  [9314s]
step  22900  train 1.5545e-01  |g| 8.85e-01  [9357s]
step  23000  train 1.5787e-01  |g| 1.06e+00  [9400s]
step  23100  train 1.4138e-01  |g| 9.01e-01  [9442s]
step  23200  train 1.4197e-01  |g| 8.10e-01  [9483s]
step  23300  train 1.3149e-01  |g| 1.16e+00  [9524s]
step  23400  train 1.3934e-01  |g| 1.53e+00  [9566s]
step  23500  train 1.4527e-01  |g| 1.12e+00  [9607s]
step  23600  train 1.3860e-01  |g| 2.07e+00  [9648s]
step  23700  train 1.2941e-01  |g| 1.17e+00  [9689s]
step  23800  train 1.4344e-01  |g| 9.14e-01  [9731s]
step  23900  train 1.4421e-01  |g| 1.00e+00  [9772s]
step  24000  train 1.3643e-01  val 1.3155e-01  6d geo 5.199e-02 med 5.854e-02 p90 1.421e-01 (const 4.730e-02)  |g| 1.38e+00  [9813s]
           5d geo 5.538e-02 med 6.514e-02   postmu 6d geo 5.622e-02 med 6.129e-02 p90 1.460e-01   mu |dlog| 0.4069
           corr(identifiable)  mu=+0.72  D_div_mu=+0.27  T0_div_mu=+0.40  Ly=+0.39  op_x=+0.60  op_y=+0.04   mean spread/GT 0.48
           err share           mu=6%  D_div_mu=3%  T0_div_mu=1%  Ly=29%  op_x=26%  op_y=35%
step  24100  train 1.3868e-01  |g| 9.11e-01  [9858s]
step  24200  train 1.2774e-01  |g| 1.21e+00  [9899s]
step  24300  train 1.4452e-01  |g| 1.79e+00  [9940s]
step  24400  train 1.4915e-01  |g| 1.15e+00  [9982s]
step  24500  train 1.4193e-01  |g| 1.36e+00  [10023s]
step  24600  train 1.3522e-01  |g| 6.10e-01  [10064s]
step  24700  train 1.3599e-01  |g| 1.99e+00  [10105s]
step  24800  train 1.3399e-01  |g| 1.06e+00  [10147s]
step  24900  train 1.3463e-01  |g| 6.44e-01  [10192s]
step  25000  train 1.3152e-01  |g| 6.87e-01  [10234s]
step  25100  train 1.2908e-01  |g| 7.31e-01  [10275s]
step  25200  train 1.3210e-01  |g| 6.90e-01  [10316s]
step  25300  train 1.3325e-01  |g| 6.17e-01  [10358s]
step  25400  train 1.4500e-01  |g| 7.94e-01  [10401s]
step  25500  train 1.3563e-01  |g| 1.24e+00  [10442s]
step  25600  train 1.2918e-01  |g| 1.11e+00  [10483s]
step  25700  train 1.3033e-01  |g| 1.04e+00  [10524s]
step  25800  train 1.3246e-01  |g| 9.56e-01  [10566s]
step  25900  train 1.3037e-01  |g| 6.87e-01  [10607s]
step  26000  train 1.2790e-01  val 1.3416e-01  6d geo 7.466e-02 med 8.409e-02 p90 1.916e-01 (const 4.730e-02)  |g| 4.02e-01  [10648s]
           5d geo 7.972e-02 med 9.623e-02   postmu 6d geo 7.236e-02 med 8.362e-02 p90 1.931e-01   mu |dlog| 0.3570
           corr(identifiable)  mu=+0.73  D_div_mu=+0.27  T0_div_mu=+0.41  Ly=+0.26  op_x=+0.57  op_y=+0.24   mean spread/GT 0.41
           err share           mu=6%  D_div_mu=2%  T0_div_mu=4%  Ly=46%  op_x=20%  op_y=22%
step  26100  train 1.3245e-01  |g| 1.54e+00  [10694s]
step  26200  train 1.5446e-01  |g| 1.16e+00  [10752s]
step  26300  train 1.3535e-01  |g| 2.30e+00  [10819s]
step  26400  train 1.2658e-01  |g| 1.30e+00  [10876s]
step  26500  train 1.3818e-01  |g| 4.24e-01  [10922s]
step  26600  train 1.3024e-01  |g| 1.03e+00  [10965s]
step  26700  train 1.4720e-01  |g| 9.74e-01  [11012s]
step  26800  train 1.3362e-01  |g| 1.29e+00  [11061s]
step  26900  train 1.3235e-01  |g| 1.20e+00  [11119s]
step  27000  train 1.3106e-01  |g| 3.03e+00  [11168s]
step  27100  train 1.2940e-01  |g| 7.16e-01  [11214s]
step  27200  train 1.3478e-01  |g| 1.15e+00  [11259s]
step  27300  train 1.2230e-01  |g| 4.77e-01  [11306s]
step  27400  train 1.3618e-01  |g| 1.73e+00  [11350s]
step  27500  train 1.3233e-01  |g| 6.96e-01  [11393s]
step  27600  train 1.4898e-01  |g| 1.35e+00  [11438s]
step  27700  train 1.3445e-01  |g| 8.57e-01  [11489s]
step  27800  train 1.2697e-01  |g| 6.01e-01  [11533s]
step  27900  train 1.5404e-01  |g| 1.76e+00  [11575s]
step  28000  train 1.3346e-01  val 1.3532e-01  6d geo 5.504e-02 med 6.347e-02 p90 1.385e-01 (const 4.730e-02)  |g| 6.19e-01  [11616s]
           5d geo 5.823e-02 med 7.217e-02   postmu 6d geo 5.364e-02 med 6.412e-02 p90 1.374e-01   mu |dlog| 0.3626
           corr(identifiable)  mu=+0.71  D_div_mu=+0.41  T0_div_mu=+0.40  Ly=+0.47  op_x=+0.62  op_y=+0.19   mean spread/GT 0.52
           err share           mu=8%  D_div_mu=2%  T0_div_mu=2%  Ly=36%  op_x=28%  op_y=24%
step  28100  train 1.3853e-01  |g| 5.92e-01  [11666s]
step  28200  train 1.4176e-01  |g| 6.10e-01  [11716s]
step  28300  train 1.2177e-01  |g| 6.16e-01  [11762s]
step  28400  train 1.2274e-01  |g| 8.11e-01  [11806s]
step  28500  train 1.4408e-01  |g| 1.08e+00  [11847s]
step  28600  train 1.6094e-01  |g| 4.61e-01  [11888s]
step  28700  train 1.3949e-01  |g| 9.54e-01  [11935s]
step  28800  train 1.4164e-01  |g| 2.66e+00  [11985s]
step  28900  train 1.2654e-01  |g| 1.23e+00  [12028s]
step  29000  train 1.2906e-01  |g| 1.42e+00  [12071s]
step  29100  train 1.3634e-01  |g| 1.18e+00  [12113s]
step  29200  train 1.2574e-01  |g| 1.26e+00  [12154s]
step  29300  train 1.3787e-01  |g| 8.59e-01  [12195s]
step  29400  train 1.3295e-01  |g| 6.39e-01  [12237s]
step  29500  train 1.3232e-01  |g| 1.90e+00  [12278s]
step  29600  train 1.3915e-01  |g| 8.08e-01  [12319s]
step  29700  train 1.3480e-01  |g| 5.20e-01  [12361s]
step  29800  train 1.4030e-01  |g| 1.27e+00  [12402s]
step  29900  train 1.3342e-01  |g| 1.16e+00  [12443s]
step  30000  train 1.3151e-01  val 1.3314e-01  6d geo 6.952e-02 med 7.435e-02 p90 1.900e-01 (const 4.730e-02)  |g| 8.55e-01  [12485s]
           5d geo 7.281e-02 med 8.404e-02   postmu 6d geo 6.721e-02 med 7.534e-02 p90 1.915e-01   mu |dlog| 0.3517
           corr(identifiable)  mu=+0.74  D_div_mu=+0.24  T0_div_mu=+0.44  Ly=+0.45  op_x=+0.62  op_y=+0.06   mean spread/GT 0.41
           err share           mu=6%  D_div_mu=2%  T0_div_mu=1%  Ly=56%  op_x=13%  op_y=22%
step  30100  train 1.3500e-01  |g| 4.69e-01  [12529s]
step  30200  train 1.3984e-01  |g| 8.56e-01  [12571s]
step  30300  train 1.3477e-01  |g| 5.82e-01  [12612s]
step  30400  train 1.3767e-01  |g| 6.59e-01  [12653s]
step  30500  train 1.3680e-01  |g| 4.84e-01  [12695s]
step  30600  train 1.3034e-01  |g| 8.81e-01  [12736s]
step  30700  train 1.2758e-01  |g| 9.31e-01  [12777s]
step  30800  train 1.2746e-01  |g| 5.99e-01  [12819s]
step  30900  train 1.3888e-01  |g| 8.51e-01  [12860s]
step  31000  train 1.2766e-01  |g| 6.32e-01  [12901s]
step  31100  train 1.3339e-01  |g| 1.16e+00  [12942s]
step  31200  train 1.3185e-01  |g| 1.50e+00  [12984s]
step  31300  train 1.3396e-01  |g| 1.06e+00  [13026s]
step  31400  train 1.2274e-01  |g| 3.04e-01  [13068s]
step  31500  train 1.3378e-01  |g| 1.67e+00  [13109s]
step  31600  train 1.2412e-01  |g| 1.57e+00  [13150s]
step  31700  train 1.3361e-01  |g| 1.62e+00  [13191s]
step  31800  train 1.2927e-01  |g| 8.53e-01  [13232s]
step  31900  train 1.3278e-01  |g| 7.89e-01  [13274s]
step  32000  train 1.2872e-01  val 1.3200e-01  6d geo 7.299e-02 med 7.956e-02 p90 1.847e-01 (const 4.730e-02)  |g| 1.46e+00  [13315s]
           5d geo 7.876e-02 med 9.274e-02   postmu 6d geo 7.423e-02 med 8.134e-02 p90 1.868e-01   mu |dlog| 0.3937
           corr(identifiable)  mu=+0.74  D_div_mu=+0.36  T0_div_mu=+0.43  Ly=+0.38  op_x=+0.58  op_y=+0.32   mean spread/GT 0.47
           err share           mu=6%  D_div_mu=2%  T0_div_mu=3%  Ly=51%  op_x=19%  op_y=19%
step  32100  train 1.3170e-01  |g| 6.76e-01  [13360s]
step  32200  train 1.2760e-01  |g| 7.84e-01  [13401s]
step  32300  train 1.3836e-01  |g| 7.64e-01  [13443s]
step  32400  train 1.3879e-01  |g| 1.57e+00  [13484s]
step  32500  train 1.2908e-01  |g| 7.46e-01  [13526s]
step  32600  train 1.3499e-01  |g| 6.88e-01  [13567s]
step  32700  train 1.3031e-01  |g| 4.85e-01  [13608s]
step  32800  train 1.2659e-01  |g| 4.01e-01  [13650s]
step  32900  train 1.2577e-01  |g| 4.07e-01  [13691s]
step  33000  train 1.3697e-01  |g| 8.16e-01  [13733s]
step  33100  train 1.3144e-01  |g| 8.51e-01  [13774s]
step  33200  train 1.3204e-01  |g| 1.05e+00  [13815s]
step  33300  train 1.3433e-01  |g| 9.24e-01  [13857s]
step  33400  train 1.3914e-01  |g| 8.29e-01  [13901s]
step  33500  train 1.3867e-01  |g| 9.28e-01  [13943s]
step  33600  train 1.2976e-01  |g| 1.26e+00  [13986s]
step  33700  train 1.2244e-01  |g| 6.72e-01  [14028s]
step  33800  train 1.2235e-01  |g| 3.18e-01  [14071s]
step  33900  train 1.3049e-01  |g| 9.78e-01  [14114s]
step  34000  train 1.2651e-01  val 1.2829e-01  6d geo 6.471e-02 med 7.354e-02 p90 1.930e-01 (const 4.730e-02)  |g| 1.11e+00  [14156s]
           5d geo 7.190e-02 med 8.323e-02   postmu 6d geo 6.585e-02 med 7.453e-02 p90 1.934e-01   mu |dlog| 0.4581
           corr(identifiable)  mu=+0.74  D_div_mu=+0.42  T0_div_mu=+0.44  Ly=+0.43  op_x=+0.62  op_y=-0.18   mean spread/GT 0.43
           err share           mu=7%  D_div_mu=1%  T0_div_mu=10%  Ly=50%  op_x=14%  op_y=18%
step  34100  train 1.3322e-01  |g| 3.72e-01  [14202s]
step  34200  train 1.2304e-01  |g| 1.76e+00  [14244s]
step  34300  train 1.3393e-01  |g| 8.25e-01  [14286s]
step  34400  train 1.2486e-01  |g| 1.59e+00  [14328s]
step  34500  train 1.2861e-01  |g| 1.81e+00  [14370s]
step  34600  train 1.2532e-01  |g| 9.10e-01  [14411s]
step  34700  train 1.3265e-01  |g| 1.32e+00  [14453s]
step  34800  train 1.2836e-01  |g| 1.81e+00  [14494s]
step  34900  train 1.2387e-01  |g| 5.72e-01  [14536s]
step  35000  train 1.2961e-01  |g| 9.32e-01  [14578s]
step  35100  train 1.2423e-01  |g| 7.35e-01  [14619s]
step  35200  train 1.1945e-01  |g| 4.06e-01  [14661s]
step  35300  train 1.3112e-01  |g| 3.74e-01  [14703s]
step  35400  train 1.2190e-01  |g| 9.37e-01  [14745s]
step  35500  train 1.3095e-01  |g| 5.84e-01  [14787s]
step  35600  train 1.2615e-01  |g| 1.13e+00  [14829s]
step  35700  train 1.2562e-01  |g| 3.54e-01  [14871s]
step  35800  train 1.2754e-01  |g| 2.53e+00  [14913s]
step  35900  train 1.2265e-01  |g| 9.43e-01  [14954s]
step  36000  train 1.3406e-01  val 1.2880e-01  6d geo 6.227e-02 med 6.918e-02 p90 1.830e-01 (const 4.730e-02)  |g| 1.04e+00  [14996s]
           5d geo 6.698e-02 med 7.729e-02   postmu 6d geo 6.253e-02 med 6.882e-02 p90 1.844e-01   mu |dlog| 0.4165
           corr(identifiable)  mu=+0.74  D_div_mu=+0.40  T0_div_mu=+0.44  Ly=+0.43  op_x=+0.65  op_y=+0.17   mean spread/GT 0.44
           err share           mu=7%  D_div_mu=2%  T0_div_mu=7%  Ly=57%  op_x=11%  op_y=17%
step  36100  train 1.3592e-01  |g| 7.44e-01  [15041s]
step  36200  train 1.2885e-01  |g| 6.40e-01  [15082s]
step  36300  train 1.2421e-01  |g| 1.14e+00  [15124s]
step  36400  train 1.2623e-01  |g| 2.16e+00  [15166s]
step  36500  train 1.3007e-01  |g| 1.07e+00  [15208s]
step  36600  train 1.2635e-01  |g| 7.28e-01  [15250s]
step  36700  train 1.2637e-01  |g| 1.01e+00  [15292s]
step  36800  train 1.2792e-01  |g| 4.98e-01  [15333s]
step  36900  train 1.3301e-01  |g| 6.15e-01  [15375s]
step  37000  train 1.3142e-01  |g| 7.16e-01  [15417s]
step  37100  train 1.2488e-01  |g| 1.20e+00  [15459s]
step  37200  train 1.2613e-01  |g| 3.12e-01  [15500s]
step  37300  train 1.3341e-01  |g| 8.59e-01  [15542s]
step  37400  train 1.2375e-01  |g| 7.98e-01  [15584s]
step  37500  train 1.2705e-01  |g| 1.19e+00  [15626s]
step  37600  train 1.2837e-01  |g| 7.12e-01  [15668s]
step  37700  train 1.2873e-01  |g| 6.69e-01  [15710s]
step  37800  train 1.2478e-01  |g| 1.47e+00  [15752s]
step  37900  train 1.2291e-01  |g| 7.91e-01  [15794s]
step  38000  train 1.2251e-01  val 1.2704e-01  6d geo 6.126e-02 med 7.114e-02 p90 1.849e-01 (const 4.730e-02)  |g| 8.15e-01  [15836s]
           5d geo 6.829e-02 med 8.012e-02   postmu 6d geo 6.203e-02 med 7.277e-02 p90 1.859e-01   mu |dlog| 0.4446
           corr(identifiable)  mu=+0.74  D_div_mu=+0.50  T0_div_mu=+0.45  Ly=+0.38  op_x=+0.62  op_y=+0.11   mean spread/GT 0.40
           err share           mu=7%  D_div_mu=1%  T0_div_mu=7%  Ly=56%  op_x=12%  op_y=17%
step  38100  train 1.3644e-01  |g| 1.00e+00  [15881s]
step  38200  train 1.2043e-01  |g| 4.56e-01  [15923s]
step  38300  train 1.2481e-01  |g| 1.40e+00  [15965s]
step  38400  train 1.2729e-01  |g| 1.92e+00  [16006s]
step  38500  train 1.3058e-01  |g| 1.38e+00  [16048s]
step  38600  train 1.4228e-01  |g| 1.51e+00  [16090s]
step  38700  train 1.2934e-01  |g| 1.40e+00  [16131s]
step  38800  train 1.2929e-01  |g| 6.30e-01  [16173s]
step  38900  train 1.4007e-01  |g| 9.49e-01  [16215s]
step  39000  train 1.2234e-01  |g| 1.18e+00  [16256s]
step  39100  train 1.2972e-01  |g| 1.08e+00  [16298s]
step  39200  train 1.3046e-01  |g| 8.40e-01  [16340s]
step  39300  train 1.2324e-01  |g| 1.09e+00  [16381s]
step  39400  train 1.2338e-01  |g| 6.99e-01  [16423s]
step  39500  train 1.3869e-01  |g| 6.95e-01  [16465s]
step  39600  train 1.2613e-01  |g| 7.16e-01  [16506s]
step  39700  train 1.2313e-01  |g| 5.73e-01  [16548s]
step  39800  train 1.3275e-01  |g| 4.99e-01  [16590s]
step  39900  train 1.3386e-01  |g| 8.83e-01  [16631s]
step  40000  train 1.3124e-01  val 1.2633e-01  6d geo 6.104e-02 med 7.036e-02 p90 1.864e-01 (const 4.730e-02)  |g| 7.16e-01  [16673s]
           5d geo 6.765e-02 med 7.920e-02   postmu 6d geo 6.215e-02 med 7.180e-02 p90 1.870e-01   mu |dlog| 0.4248
           corr(identifiable)  mu=+0.74  D_div_mu=+0.46  T0_div_mu=+0.45  Ly=+0.34  op_x=+0.64  op_y=+0.09   mean spread/GT 0.42
           err share           mu=7%  D_div_mu=1%  T0_div_mu=7%  Ly=56%  op_x=11%  op_y=17%
best val_nmse_6d_postmu_geo 1.6163e-03 (encoder_best.pt)

Done. Outputs written to /home/bhpark3/dafx_ddsp/results/ddsp/gamma_ppre/L1_STFT_g03
