/home/bhpark3/dafx_ddsp/src/ddsp/train_encoder.py:986: UserWarning: Detected call of `lr_scheduler.step()` before `optimizer.step()`. In PyTorch 1.1.0 and later, you should call them in the opposite order: `optimizer.step()` before `lr_scheduler.step()`.  Failure to do this will result in PyTorch skipping the first value of the learning rate schedule. See more details at https://pytorch.org/docs/stable/optim.html#how-to-adjust-learning-rate
  sched.step()
Device cuda | loss L1_STFT | duration 0.25s
Loading train targets from data/train-p99
Loading val targets from data/val-p99
  98304 train / 996 val in 42s   train tensor 4.34 GB
  training set held in host memory; batches transferred per step
reference levels:  gt_loss 0.0000e+00   saturation (unrelated IRs) 4.1194e+00
constant-predictor NMSE: 6d 4.730e-02  7d 7.959e-02  (the floor to beat)
training loss stuck near saturation = gradient uninformative; well below = learning

encoder: 3.74M params, width 32

  loss scale restored: 2.1184e+00
  optimizer state restored
Resumed from results/ddsp/gamma_pre/L1_STFT/encoder_last.pt at step 5000, continuing to 40000
  WARNING: 1 of 64 parameter sets need a finer grid than the pinned (86, 282) and are truncated. Raise --fixed-mode-grid; targets rendered under a pin that truncates them are not the plate's output at those parameters.
step   5100  train 6.1117e-01  |g| 6.17e+00  [53s]
step   5200  train 5.6189e-01  |g| 9.05e+00  [105s]
step   5300  train 6.0801e-01  |g| 8.40e+00  [157s]
step   5400  train 7.4506e-01  |g| 6.83e+00  [210s]
step   5500  train 8.5647e-01  |g| 7.75e+00  [263s]
step   5600  train 6.0337e-01  |g| 7.77e+00  [315s]
step   5700  train 5.5674e-01  |g| 7.63e+00  [368s]
step   5800  train 7.7799e-01  |g| 1.01e+01  [421s]
step   5900  train 5.5663e-01  |g| 1.01e+01  [473s]
step   6000  train 7.2061e-01  val 6.0840e-01  6d geo 2.540e-03 med 2.543e-03 p90 9.635e-03 (const 4.730e-02)  |g| 8.56e+00  [526s]
           5d geo 2.035e-03 med 1.995e-03   postmu 6d geo 3.022e-03 med 2.985e-03 p90 1.391e-02   mu |dlog| 0.1608
           corr(identifiable)  mu=+0.95  D_div_mu=+0.98  T0_div_mu=+0.63  Ly=+0.96  op_x=+0.95  op_y=+0.98   mean spread/GT 0.85
           err share           mu=25%  D_div_mu=4%  T0_div_mu=6%  Ly=24%  op_x=28%  op_y=12%
step   6100  train 6.1733e-01  |g| 7.23e+00  [584s]
step   6200  train 5.6033e-01  |g| 6.40e+00  [638s]
step   6300  train 6.4210e-01  |g| 1.59e+01  [690s]
step   6400  train 6.3903e-01  |g| 7.95e+00  [743s]
step   6500  train 6.2801e-01  |g| 6.46e+00  [795s]
step   6600  train 5.7646e-01  |g| 8.47e+00  [848s]
step   6700  train 5.5923e-01  |g| 6.70e+00  [900s]
step   6800  train 6.0087e-01  |g| 7.50e+00  [953s]
step   6900  train 5.6156e-01  |g| 5.98e+00  [1006s]
step   7000  train 5.7056e-01  |g| 8.53e+00  [1058s]
step   7100  train 5.5321e-01  |g| 4.84e+00  [1111s]
step   7200  train 5.7432e-01  |g| 6.82e+00  [1164s]
step   7300  train 5.2819e-01  |g| 5.48e+00  [1216s]
step   7400  train 5.4025e-01  |g| 1.08e+01  [1269s]
step   7500  train 5.3383e-01  |g| 7.63e+00  [1322s]
step   7600  train 6.3764e-01  |g| 1.04e+01  [1374s]
step   7700  train 5.6699e-01  |g| 7.31e+00  [1428s]
step   7800  train 5.6419e-01  |g| 1.01e+01  [1481s]
step   7900  train 5.3111e-01  |g| 7.91e+00  [1533s]
step   8000  train 5.2937e-01  val 5.8233e-01  6d geo 1.690e-03 med 1.633e-03 p90 6.771e-03 (const 4.730e-02)  |g| 5.52e+00  [1586s]
           5d geo 1.366e-03 med 1.356e-03   postmu 6d geo 1.953e-03 med 2.027e-03 p90 8.131e-03   mu |dlog| 0.1442
           corr(identifiable)  mu=+0.96  D_div_mu=+0.99  T0_div_mu=+0.64  Ly=+0.97  op_x=+0.97  op_y=+0.99   mean spread/GT 0.87
           err share           mu=25%  D_div_mu=2%  T0_div_mu=8%  Ly=24%  op_x=30%  op_y=12%
step   8100  train 5.8410e-01  |g| 6.15e+00  [1644s]
step   8200  train 5.0755e-01  |g| 8.78e+00  [1696s]
step   8300  train 5.6711e-01  |g| 8.16e+00  [1749s]
step   8400  train 4.8999e-01  |g| 6.47e+00  [1802s]
step   8500  train 5.4806e-01  |g| 9.76e+00  [1855s]
step   8600  train 5.5662e-01  |g| 7.40e+00  [1907s]
step   8700  train 5.3491e-01  |g| 6.30e+00  [1960s]
step   8800  train 5.7639e-01  |g| 8.29e+00  [2013s]
step   8900  train 5.1116e-01  |g| 6.75e+00  [2066s]
step   9000  train 5.0537e-01  |g| 1.02e+01  [2119s]
step   9100  train 6.2066e-01  |g| 9.06e+00  [2171s]
step   9200  train 5.4216e-01  |g| 6.61e+00  [2224s]
step   9300  train 5.6129e-01  |g| 5.85e+00  [2277s]
step   9400  train 5.5466e-01  |g| 7.93e+00  [2329s]
step   9500  train 5.8478e-01  |g| 6.31e+00  [2382s]
step   9600  train 5.2448e-01  |g| 5.39e+00  [2435s]
step   9700  train 5.3241e-01  |g| 6.32e+00  [2487s]
step   9800  train 5.4457e-01  |g| 6.41e+00  [2540s]
step   9900  train 5.8974e-01  |g| 7.34e+00  [2593s]
step  10000  train 5.2459e-01  val 5.4847e-01  6d geo 1.587e-03 med 1.513e-03 p90 7.271e-03 (const 4.730e-02)  |g| 5.14e+00  [2646s]
           5d geo 1.267e-03 med 1.225e-03   postmu 6d geo 1.706e-03 med 1.601e-03 p90 8.219e-03   mu |dlog| 0.1218
           corr(identifiable)  mu=+0.96  D_div_mu=+0.99  T0_div_mu=+0.63  Ly=+0.97  op_x=+0.97  op_y=+0.98   mean spread/GT 0.88
           err share           mu=24%  D_div_mu=2%  T0_div_mu=8%  Ly=25%  op_x=28%  op_y=14%
step  10100  train 4.9726e-01  |g| 8.15e+00  [2703s]
step  10200  train 5.3561e-01  |g| 5.84e+00  [2756s]
step  10300  train 5.5458e-01  |g| 9.92e+00  [2809s]
step  10400  train 5.6117e-01  |g| 6.46e+00  [2861s]
step  10500  train 5.3142e-01  |g| 8.29e+00  [2914s]
step  10600  train 5.4459e-01  |g| 6.70e+00  [2967s]
step  10700  train 5.2744e-01  |g| 7.07e+00  [3019s]
step  10800  train 5.0080e-01  |g| 4.49e+00  [3072s]
step  10900  train 5.5822e-01  |g| 5.53e+00  [3124s]
step  11000  train 5.1535e-01  |g| 7.13e+00  [3177s]
step  11100  train 6.4027e-01  |g| 1.27e+01  [3230s]
step  11200  train 4.9756e-01  |g| 5.66e+00  [3282s]
step  11300  train 5.3180e-01  |g| 9.17e+00  [3335s]
step  11400  train 5.5933e-01  |g| 7.58e+00  [3388s]
step  11500  train 5.1477e-01  |g| 8.05e+00  [3441s]
step  11600  train 5.0497e-01  |g| 6.44e+00  [3493s]
step  11700  train 5.3280e-01  |g| 8.50e+00  [3546s]
step  11800  train 4.9858e-01  |g| 6.52e+00  [3599s]
step  11900  train 5.6821e-01  |g| 3.95e+00  [3652s]
step  12000  train 4.7909e-01  val 5.4743e-01  6d geo 1.504e-03 med 1.481e-03 p90 6.007e-03 (const 4.730e-02)  |g| 7.33e+00  [3704s]
           5d geo 1.063e-03 med 1.092e-03   postmu 6d geo 1.318e-03 med 1.272e-03 p90 5.753e-03   mu |dlog| 0.0887
           corr(identifiable)  mu=+0.96  D_div_mu=+0.99  T0_div_mu=+0.64  Ly=+0.98  op_x=+0.97  op_y=+0.99   mean spread/GT 0.87
           err share           mu=34%  D_div_mu=2%  T0_div_mu=8%  Ly=21%  op_x=26%  op_y=10%
step  12100  train 4.8431e-01  |g| 5.18e+00  [3761s]
step  12200  train 5.1072e-01  |g| 4.81e+00  [3813s]
step  12300  train 4.9873e-01  |g| 4.87e+00  [3866s]
step  12400  train 5.4400e-01  |g| 8.07e+00  [3918s]
step  12500  train 4.8050e-01  |g| 4.91e+00  [3971s]
step  12600  train 5.0468e-01  |g| 6.66e+00  [4024s]
step  12700  train 5.1030e-01  |g| 5.49e+00  [4076s]
step  12800  train 5.5043e-01  |g| 6.50e+00  [4129s]
step  12900  train 4.8053e-01  |g| 9.63e+00  [4181s]
step  13000  train 5.3446e-01  |g| 5.07e+00  [4234s]
step  13100  train 5.1751e-01  |g| 6.82e+00  [4286s]
step  13200  train 6.5313e-01  |g| 1.19e+01  [4339s]
step  13300  train 5.4249e-01  |g| 5.88e+00  [4392s]
step  13400  train 5.3392e-01  |g| 6.54e+00  [4444s]
step  13500  train 5.0254e-01  |g| 5.69e+00  [4497s]
step  13600  train 5.0664e-01  |g| 7.08e+00  [4550s]
step  13700  train 5.4200e-01  |g| 4.07e+00  [4602s]
step  13800  train 5.1679e-01  |g| 4.90e+00  [4655s]
step  13900  train 5.3197e-01  |g| 6.95e+00  [4707s]
step  14000  train 5.9350e-01  val 5.4292e-01  6d geo 1.292e-03 med 1.269e-03 p90 5.651e-03 (const 4.730e-02)  |g| 1.05e+01  [4760s]
           5d geo 9.959e-04 med 9.618e-04   postmu 6d geo 1.371e-03 med 1.375e-03 p90 6.575e-03   mu |dlog| 0.1156
           corr(identifiable)  mu=+0.97  D_div_mu=+0.99  T0_div_mu=+0.63  Ly=+0.98  op_x=+0.97  op_y=+0.99   mean spread/GT 0.88
           err share           mu=28%  D_div_mu=2%  T0_div_mu=8%  Ly=22%  op_x=29%  op_y=11%
step  14100  train 5.4779e-01  |g| 5.15e+00  [4816s]
step  14200  train 4.9815e-01  |g| 4.42e+00  [4869s]
step  14300  train 4.7143e-01  |g| 7.19e+00  [4922s]
step  14400  train 5.0180e-01  |g| 5.93e+00  [4974s]
step  14500  train 5.0539e-01  |g| 4.76e+00  [5026s]
step  14600  train 5.3275e-01  |g| 6.51e+00  [5079s]
step  14700  train 4.7607e-01  |g| 4.65e+00  [5131s]
step  14800  train 5.1680e-01  |g| 6.45e+00  [5184s]
step  14900  train 5.1332e-01  |g| 4.35e+00  [5237s]
step  15000  train 5.3608e-01  |g| 3.88e+00  [5289s]
step  15100  train 5.1038e-01  |g| 7.26e+00  [5342s]
step  15200  train 5.2853e-01  |g| 6.55e+00  [5394s]
step  15300  train 5.1985e-01  |g| 7.89e+00  [5447s]
step  15400  train 5.0708e-01  |g| 6.37e+00  [5499s]
step  15500  train 5.2136e-01  |g| 5.54e+00  [5551s]
step  15600  train 4.9058e-01  |g| 4.20e+00  [5604s]
step  15700  train 4.7643e-01  |g| 4.90e+00  [5656s]
step  15800  train 5.0286e-01  |g| 6.14e+00  [5708s]
step  15900  train 5.4112e-01  |g| 6.52e+00  [5761s]
step  16000  train 5.1980e-01  val 5.4796e-01  6d geo 1.396e-03 med 1.398e-03 p90 5.699e-03 (const 4.730e-02)  |g| 4.55e+00  [5814s]
           5d geo 9.864e-04 med 9.537e-04   postmu 6d geo 1.287e-03 med 1.220e-03 p90 6.142e-03   mu |dlog| 0.1017
           corr(identifiable)  mu=+0.96  D_div_mu=+0.99  T0_div_mu=+0.65  Ly=+0.98  op_x=+0.97  op_y=+0.99   mean spread/GT 0.88
           err share           mu=32%  D_div_mu=2%  T0_div_mu=7%  Ly=21%  op_x=27%  op_y=10%
step  16100  train 5.4828e-01  |g| 6.98e+00  [5870s]
step  16200  train 5.0380e-01  |g| 5.44e+00  [5922s]
step  16300  train 4.7464e-01  |g| 5.17e+00  [5974s]
step  16400  train 5.1499e-01  |g| 5.81e+00  [6026s]
step  16500  train 5.6060e-01  |g| 5.87e+00  [6079s]
step  16600  train 4.8315e-01  |g| 4.51e+00  [6131s]
step  16700  train 5.4076e-01  |g| 6.85e+00  [6184s]
step  16800  train 5.1427e-01  |g| 4.00e+00  [6236s]
step  16900  train 4.9096e-01  |g| 7.08e+00  [6288s]
step  17000  train 5.3258e-01  |g| 9.13e+00  [6341s]
step  17100  train 5.3271e-01  |g| 6.70e+00  [6393s]
step  17200  train 4.5896e-01  |g| 5.19e+00  [6446s]
step  17300  train 5.3047e-01  |g| 5.29e+00  [6498s]
step  17400  train 5.7044e-01  |g| 4.93e+00  [6551s]
step  17500  train 5.9659e-01  |g| 1.31e+01  [6603s]
step  17600  train 4.7959e-01  |g| 7.25e+00  [6656s]
step  17700  train 5.0988e-01  |g| 3.64e+00  [6708s]
step  17800  train 4.8860e-01  |g| 6.47e+00  [6761s]
step  17900  train 4.9546e-01  |g| 6.63e+00  [6813s]
step  18000  train 5.3672e-01  val 5.1269e-01  6d geo 1.292e-03 med 1.229e-03 p90 5.680e-03 (const 4.730e-02)  |g| 5.28e+00  [6865s]
           5d geo 9.674e-04 med 9.847e-04   postmu 6d geo 1.239e-03 med 1.203e-03 p90 5.427e-03   mu |dlog| 0.0869
           corr(identifiable)  mu=+0.96  D_div_mu=+0.99  T0_div_mu=+0.63  Ly=+0.98  op_x=+0.98  op_y=+0.99   mean spread/GT 0.88
           err share           mu=31%  D_div_mu=1%  T0_div_mu=9%  Ly=21%  op_x=28%  op_y=10%
step  18100  train 5.0684e-01  |g| 2.66e+00  [6922s]
step  18200  train 5.4344e-01  |g| 8.82e+00  [6974s]
step  18300  train 5.3697e-01  |g| 5.56e+00  [7027s]
step  18400  train 4.9511e-01  |g| 5.64e+00  [7079s]
step  18500  train 4.9720e-01  |g| 4.18e+00  [7132s]
step  18600  train 5.0991e-01  |g| 4.25e+00  [7184s]
step  18700  train 4.6169e-01  |g| 4.78e+00  [7236s]
step  18800  train 5.5649e-01  |g| 5.17e+00  [7289s]
step  18900  train 4.8846e-01  |g| 4.92e+00  [7341s]
step  19000  train 5.7088e-01  |g| 4.79e+00  [7394s]
step  19100  train 5.1039e-01  |g| 4.32e+00  [7446s]
step  19200  train 5.6715e-01  |g| 5.81e+00  [7499s]
step  19300  train 4.4043e-01  |g| 5.28e+00  [7551s]
step  19400  train 4.7758e-01  |g| 6.04e+00  [7603s]
step  19500  train 4.7047e-01  |g| 4.07e+00  [7656s]
step  19600  train 5.0053e-01  |g| 3.49e+00  [7707s]
step  19700  train 5.1729e-01  |g| 3.00e+00  [7760s]
step  19800  train 5.3071e-01  |g| 5.55e+00  [7813s]
step  19900  train 5.6370e-01  |g| 5.14e+00  [7865s]
step  20000  train 4.8656e-01  val 5.0228e-01  6d geo 1.794e-03 med 1.710e-03 p90 9.166e-03 (const 4.730e-02)  |g| 7.99e+00  [7918s]
           5d geo 1.294e-03 med 1.310e-03   postmu 6d geo 1.761e-03 med 1.713e-03 p90 9.391e-03   mu |dlog| 0.1089
           corr(identifiable)  mu=+0.93  D_div_mu=+0.99  T0_div_mu=+0.64  Ly=+0.96  op_x=+0.97  op_y=+0.98   mean spread/GT 0.85
           err share           mu=34%  D_div_mu=2%  T0_div_mu=6%  Ly=26%  op_x=23%  op_y=10%
step  20100  train 5.3936e-01  |g| 3.50e+00  [7974s]
step  20200  train 5.1424e-01  |g| 7.06e+00  [8027s]
step  20300  train 4.9064e-01  |g| 4.62e+00  [8079s]
step  20400  train 4.4750e-01  |g| 6.89e+00  [8132s]
step  20500  train 4.9879e-01  |g| 5.50e+00  [8183s]
step  20600  train 5.0607e-01  |g| 4.27e+00  [8235s]
step  20700  train 5.0577e-01  |g| 6.04e+00  [8287s]
step  20800  train 4.9907e-01  |g| 5.05e+00  [8340s]
step  20900  train 4.8293e-01  |g| 4.63e+00  [8392s]
step  21000  train 5.6200e-01  |g| 7.77e+00  [8445s]
step  21100  train 4.9385e-01  |g| 5.42e+00  [8497s]
step  21200  train 5.1400e-01  |g| 3.24e+00  [8550s]
step  21300  train 5.2247e-01  |g| 3.62e+00  [8602s]
step  21400  train 4.5975e-01  |g| 4.36e+00  [8654s]
step  21500  train 5.3511e-01  |g| 5.12e+00  [8707s]
step  21600  train 5.3918e-01  |g| 4.72e+00  [8759s]
step  21700  train 5.5902e-01  |g| 4.11e+00  [8811s]
step  21800  train 5.3609e-01  |g| 6.68e+00  [8864s]
step  21900  train 5.7296e-01  |g| 7.83e+00  [8916s]
step  22000  train 4.7931e-01  val 5.1826e-01  6d geo 3.195e-03 med 3.101e-03 p90 1.213e-02 (const 4.730e-02)  |g| 4.77e+00  [8968s]
           5d geo 1.790e-03 med 1.712e-03   postmu 6d geo 2.309e-03 med 2.325e-03 p90 1.133e-02   mu |dlog| 0.1209
           corr(identifiable)  mu=+0.93  D_div_mu=+0.99  T0_div_mu=+0.64  Ly=+0.95  op_x=+0.96  op_y=+0.98   mean spread/GT 0.90
           err share           mu=42%  D_div_mu=2%  T0_div_mu=4%  Ly=22%  op_x=21%  op_y=9%
step  22100  train 4.9442e-01  |g| 4.81e+00  [9024s]
step  22200  train 5.3747e-01  |g| 4.53e+00  [9076s]
step  22300  train 4.8461e-01  |g| 4.71e+00  [9129s]
step  22400  train 4.5745e-01  |g| 4.44e+00  [9182s]
step  22500  train 4.5859e-01  |g| 3.95e+00  [9234s]
step  22600  train 5.4090e-01  |g| 5.46e+00  [9286s]
step  22700  train 5.7793e-01  |g| 6.48e+00  [9339s]
step  22800  train 4.5831e-01  |g| 6.30e+00  [9391s]
step  22900  train 4.9629e-01  |g| 5.50e+00  [9442s]
step  23000  train 5.0504e-01  |g| 4.49e+00  [9495s]
step  23100  train 4.6915e-01  |g| 3.75e+00  [9547s]
step  23200  train 4.8266e-01  |g| 3.43e+00  [9599s]
step  23300  train 4.4249e-01  |g| 4.02e+00  [9652s]
step  23400  train 4.9604e-01  |g| 3.69e+00  [9704s]
step  23500  train 4.5816e-01  |g| 4.93e+00  [9757s]
step  23600  train 4.8362e-01  |g| 4.72e+00  [9809s]
step  23700  train 4.5677e-01  |g| 3.76e+00  [9862s]
step  23800  train 5.2237e-01  |g| 3.42e+00  [9915s]
step  23900  train 5.6816e-01  |g| 5.00e+00  [9967s]
step  24000  train 5.1542e-01  val 4.8984e-01  6d geo 2.157e-03 med 2.073e-03 p90 1.101e-02 (const 4.730e-02)  |g| 5.37e+00  [10019s]
           5d geo 1.347e-03 med 1.231e-03   postmu 6d geo 1.967e-03 med 1.862e-03 p90 1.142e-02   mu |dlog| 0.1334
           corr(identifiable)  mu=+0.94  D_div_mu=+0.99  T0_div_mu=+0.65  Ly=+0.95  op_x=+0.96  op_y=+0.98   mean spread/GT 0.86
           err share           mu=36%  D_div_mu=1%  T0_div_mu=5%  Ly=27%  op_x=21%  op_y=11%
step  24100  train 5.1343e-01  |g| 3.83e+00  [10076s]
step  24200  train 4.4969e-01  |g| 4.13e+00  [10128s]
step  24300  train 4.9589e-01  |g| 3.72e+00  [10180s]
step  24400  train 5.2716e-01  |g| 5.33e+00  [10232s]
step  24500  train 5.1839e-01  |g| 5.56e+00  [10284s]
step  24600  train 4.6770e-01  |g| 4.26e+00  [10337s]
step  24700  train 4.6691e-01  |g| 4.60e+00  [10389s]
step  24800  train 4.6796e-01  |g| 5.27e+00  [10442s]
step  24900  train 4.8783e-01  |g| 4.06e+00  [10494s]
step  25000  train 4.9014e-01  |g| 4.52e+00  [10546s]
step  25100  train 5.0118e-01  |g| 4.44e+00  [10597s]
step  25200  train 5.0158e-01  |g| 4.16e+00  [10649s]
step  25300  train 4.9226e-01  |g| 4.81e+00  [10702s]
step  25400  train 5.1721e-01  |g| 3.13e+00  [10754s]
step  25500  train 5.2974e-01  |g| 5.52e+00  [10806s]
step  25600  train 5.0118e-01  |g| 6.00e+00  [10859s]
step  25700  train 4.9168e-01  |g| 6.13e+00  [10911s]
step  25800  train 4.8776e-01  |g| 3.18e+00  [10964s]
step  25900  train 4.9286e-01  |g| 3.64e+00  [11016s]
step  26000  train 4.5315e-01  val 4.8937e-01  6d geo 1.950e-03 med 1.863e-03 p90 1.140e-02 (const 4.730e-02)  |g| 5.71e+00  [11068s]
           5d geo 1.321e-03 med 1.211e-03   postmu 6d geo 1.872e-03 med 1.788e-03 p90 1.152e-02   mu |dlog| 0.1319
           corr(identifiable)  mu=+0.91  D_div_mu=+0.99  T0_div_mu=+0.64  Ly=+0.93  op_x=+0.95  op_y=+0.96   mean spread/GT 0.88
           err share           mu=30%  D_div_mu=1%  T0_div_mu=3%  Ly=28%  op_x=22%  op_y=15%
step  26100  train 4.9970e-01  |g| 4.88e+00  [11125s]
step  26200  train 5.1601e-01  |g| 4.01e+00  [11177s]
step  26300  train 4.6682e-01  |g| 5.16e+00  [11230s]
step  26400  train 4.4438e-01  |g| 4.81e+00  [11282s]
step  26500  train 4.8887e-01  |g| 6.15e+00  [11334s]
step  26600  train 4.5460e-01  |g| 2.63e+00  [11386s]
step  26700  train 4.9567e-01  |g| 5.13e+00  [11438s]
step  26800  train 5.0300e-01  |g| 4.22e+00  [11490s]
step  26900  train 4.3334e-01  |g| 4.78e+00  [11543s]
step  27000  train 4.8813e-01  |g| 5.45e+00  [11595s]
step  27100  train 4.7420e-01  |g| 4.12e+00  [11647s]
step  27200  train 4.8106e-01  |g| 6.08e+00  [11699s]
step  27300  train 4.3123e-01  |g| 4.70e+00  [11752s]
step  27400  train 4.8927e-01  |g| 5.50e+00  [11804s]
step  27500  train 4.6338e-01  |g| 5.34e+00  [11857s]
step  27600  train 5.3307e-01  |g| 5.33e+00  [11910s]
step  27700  train 4.7756e-01  |g| 4.88e+00  [11963s]
step  27800  train 4.7687e-01  |g| 6.04e+00  [12016s]
step  27900  train 4.8712e-01  |g| 6.01e+00  [12068s]
step  28000  train 4.1168e-01  val 4.8041e-01  6d geo 2.393e-03 med 2.206e-03 p90 1.152e-02 (const 4.730e-02)  |g| 3.36e+00  [12120s]
           5d geo 1.326e-03 med 1.278e-03   postmu 6d geo 2.296e-03 med 2.205e-03 p90 1.181e-02   mu |dlog| 0.1756
           corr(identifiable)  mu=+0.93  D_div_mu=+0.99  T0_div_mu=+0.65  Ly=+0.96  op_x=+0.96  op_y=+0.98   mean spread/GT 0.90
           err share           mu=44%  D_div_mu=1%  T0_div_mu=4%  Ly=19%  op_x=22%  op_y=10%
step  28100  train 4.4265e-01  |g| 4.00e+00  [12176s]
step  28200  train 4.8557e-01  |g| 4.56e+00  [12229s]
step  28300  train 4.1934e-01  |g| 3.46e+00  [12281s]
step  28400  train 4.4434e-01  |g| 6.07e+00  [12333s]
step  28500  train 5.3810e-01  |g| 4.62e+00  [12385s]
step  28600  train 4.9276e-01  |g| 5.39e+00  [12438s]
step  28700  train 4.5794e-01  |g| 6.76e+00  [12490s]
step  28800  train 4.6407e-01  |g| 5.63e+00  [12542s]
step  28900  train 4.0824e-01  |g| 6.23e+00  [12595s]
step  29000  train 4.6646e-01  |g| 7.50e+00  [12647s]
step  29100  train 5.0104e-01  |g| 8.29e+00  [12699s]
step  29200  train 4.2831e-01  |g| 4.21e+00  [12752s]
step  29300  train 4.6811e-01  |g| 5.38e+00  [12805s]
step  29400  train 4.4289e-01  |g| 5.43e+00  [12857s]
step  29500  train 4.8100e-01  |g| 4.45e+00  [12910s]
step  29600  train 4.9796e-01  |g| 3.98e+00  [12962s]
step  29700  train 4.4686e-01  |g| 4.73e+00  [13015s]
step  29800  train 4.8220e-01  |g| 5.29e+00  [13068s]
step  29900  train 4.4656e-01  |g| 3.16e+00  [13120s]
step  30000  train 4.3440e-01  val 4.6542e-01  6d geo 1.250e-03 med 1.119e-03 p90 8.044e-03 (const 4.730e-02)  |g| 5.65e+00  [13172s]
           5d geo 8.566e-04 med 7.562e-04   postmu 6d geo 1.160e-03 med 1.046e-03 p90 8.373e-03   mu |dlog| 0.0946
           corr(identifiable)  mu=+0.94  D_div_mu=+0.99  T0_div_mu=+0.67  Ly=+0.97  op_x=+0.97  op_y=+0.98   mean spread/GT 0.90
           err share           mu=34%  D_div_mu=1%  T0_div_mu=5%  Ly=23%  op_x=24%  op_y=12%
step  30100  train 4.5566e-01  |g| 4.30e+00  [13229s]
step  30200  train 4.8745e-01  |g| 3.96e+00  [13281s]
step  30300  train 4.5875e-01  |g| 5.80e+00  [13334s]
step  30400  train 4.3650e-01  |g| 6.55e+00  [13386s]
step  30500  train 4.8778e-01  |g| 1.11e+01  [13438s]
step  30600  train 4.5943e-01  |g| 4.78e+00  [13491s]
step  30700  train 4.3244e-01  |g| 4.95e+00  [13543s]
step  30800  train 4.3187e-01  |g| 3.07e+00  [13596s]
step  30900  train 4.4883e-01  |g| 5.75e+00  [13649s]
step  31000  train 4.4914e-01  |g| 7.83e+00  [13701s]
step  31100  train 4.5220e-01  |g| 5.90e+00  [13753s]
step  31200  train 4.1693e-01  |g| 4.98e+00  [13806s]
step  31300  train 4.3276e-01  |g| 3.78e+00  [13858s]
step  31400  train 3.7708e-01  |g| 4.24e+00  [13911s]
step  31500  train 4.3556e-01  |g| 7.95e+00  [13964s]
step  31600  train 3.9188e-01  |g| 6.19e+00  [14016s]
step  31700  train 4.3266e-01  |g| 5.77e+00  [14069s]
step  31800  train 3.9835e-01  |g| 5.68e+00  [14122s]
step  31900  train 4.2132e-01  |g| 6.25e+00  [14174s]
step  32000  train 4.0491e-01  val 4.5849e-01  6d geo 1.241e-03 med 1.115e-03 p90 7.090e-03 (const 4.730e-02)  |g| 5.93e+00  [14227s]
           5d geo 8.578e-04 med 7.800e-04   postmu 6d geo 1.484e-03 med 1.434e-03 p90 9.711e-03   mu |dlog| 0.1307
           corr(identifiable)  mu=+0.94  D_div_mu=+0.99  T0_div_mu=+0.67  Ly=+0.97  op_x=+0.97  op_y=+0.99   mean spread/GT 0.90
           err share           mu=36%  D_div_mu=1%  T0_div_mu=5%  Ly=20%  op_x=28%  op_y=10%
step  32100  train 4.7262e-01  |g| 7.52e+00  [14283s]
step  32200  train 4.3227e-01  |g| 7.03e+00  [14336s]
step  32300  train 4.6019e-01  |g| 7.45e+00  [14389s]
step  32400  train 4.3755e-01  |g| 5.77e+00  [14441s]
step  32500  train 3.9998e-01  |g| 4.36e+00  [14494s]
step  32600  train 4.6315e-01  |g| 8.78e+00  [14547s]
step  32700  train 4.1665e-01  |g| 7.08e+00  [14599s]
step  32800  train 3.9591e-01  |g| 5.56e+00  [14651s]
step  32900  train 4.0226e-01  |g| 5.09e+00  [14703s]
step  33000  train 4.4367e-01  |g| 6.56e+00  [14756s]
step  33100  train 4.0105e-01  |g| 5.18e+00  [14809s]
step  33200  train 4.3776e-01  |g| 7.62e+00  [14861s]
step  33300  train 4.1150e-01  |g| 4.84e+00  [14914s]
step  33400  train 4.4597e-01  |g| 5.24e+00  [14966s]
step  33500  train 4.2399e-01  |g| 6.21e+00  [15019s]
step  33600  train 3.8912e-01  |g| 4.93e+00  [15071s]
step  33700  train 3.8496e-01  |g| 5.54e+00  [15124s]
step  33800  train 3.8306e-01  |g| 4.08e+00  [15177s]
step  33900  train 4.1025e-01  |g| 5.90e+00  [15229s]
step  34000  train 3.9948e-01  val 4.1510e-01  6d geo 9.641e-04 med 8.808e-04 p90 6.289e-03 (const 4.730e-02)  |g| 9.90e+00  [15282s]
           5d geo 6.162e-04 med 5.474e-04   postmu 6d geo 9.890e-04 med 9.579e-04 p90 7.097e-03   mu |dlog| 0.0922
           corr(identifiable)  mu=+0.94  D_div_mu=+0.99  T0_div_mu=+0.68  Ly=+0.98  op_x=+0.98  op_y=+0.99   mean spread/GT 0.90
           err share           mu=39%  D_div_mu=1%  T0_div_mu=7%  Ly=20%  op_x=24%  op_y=10%
step  34100  train 4.0029e-01  |g| 6.52e+00  [15339s]
step  34200  train 3.6973e-01  |g| 3.95e+00  [15391s]
step  34300  train 4.0898e-01  |g| 1.32e+01  [15444s]
step  34400  train 3.6825e-01  |g| 1.11e+01  [15496s]
step  34500  train 4.2102e-01  |g| 1.19e+01  [15549s]
step  34600  train 3.6724e-01  |g| 6.83e+00  [15602s]
step  34700  train 3.9514e-01  |g| 5.82e+00  [15654s]
step  34800  train 3.6710e-01  |g| 8.99e+00  [15707s]
step  34900  train 3.5425e-01  |g| 7.47e+00  [15759s]
step  35000  train 3.7553e-01  |g| 5.77e+00  [15811s]
step  35100  train 3.7429e-01  |g| 8.53e+00  [15864s]
step  35200  train 3.4892e-01  |g| 5.99e+00  [15917s]
step  35300  train 3.8504e-01  |g| 6.65e+00  [15970s]
step  35400  train 3.4383e-01  |g| 9.27e+00  [16022s]
step  35500  train 3.7842e-01  |g| 6.47e+00  [16075s]
step  35600  train 3.7615e-01  |g| 8.73e+00  [16127s]
step  35700  train 3.6447e-01  |g| 6.06e+00  [16180s]
step  35800  train 3.6446e-01  |g| 5.92e+00  [16233s]
step  35900  train 3.3284e-01  |g| 7.36e+00  [16285s]
step  36000  train 3.8664e-01  val 3.9361e-01  6d geo 8.174e-04 med 7.267e-04 p90 5.671e-03 (const 4.730e-02)  |g| 1.09e+01  [16338s]
           5d geo 5.187e-04 med 4.738e-04   postmu 6d geo 8.307e-04 med 7.412e-04 p90 6.129e-03   mu |dlog| 0.0854
           corr(identifiable)  mu=+0.95  D_div_mu=+0.99  T0_div_mu=+0.70  Ly=+0.98  op_x=+0.98  op_y=+0.99   mean spread/GT 0.91
           err share           mu=39%  D_div_mu=1%  T0_div_mu=7%  Ly=17%  op_x=26%  op_y=10%
step  36100  train 3.9662e-01  |g| 7.08e+00  [16395s]
step  36200  train 3.6401e-01  |g| 6.13e+00  [16448s]
step  36300  train 3.7211e-01  |g| 1.28e+01  [16500s]
step  36400  train 3.6095e-01  |g| 7.72e+00  [16553s]
step  36500  train 3.7001e-01  |g| 7.87e+00  [16606s]
step  36600  train 3.9290e-01  |g| 5.29e+00  [16658s]
step  36700  train 3.6218e-01  |g| 9.58e+00  [16711s]
step  36800  train 3.7246e-01  |g| 9.18e+00  [16764s]
step  36900  train 3.7029e-01  |g| 7.37e+00  [16817s]
step  37000  train 4.0261e-01  |g| 4.39e+00  [16869s]
step  37100  train 3.4742e-01  |g| 1.51e+01  [16922s]
step  37200  train 3.5901e-01  |g| 6.73e+00  [16975s]
step  37300  train 3.6578e-01  |g| 9.60e+00  [17028s]
step  37400  train 3.4915e-01  |g| 7.52e+00  [17080s]
step  37500  train 3.3492e-01  |g| 6.85e+00  [17133s]
step  37600  train 3.6358e-01  |g| 9.50e+00  [17185s]
step  37700  train 3.3819e-01  |g| 1.00e+01  [17238s]
step  37800  train 3.3749e-01  |g| 7.48e+00  [17290s]
step  37900  train 3.8405e-01  |g| 9.71e+00  [17343s]
step  38000  train 3.4346e-01  val 3.7975e-01  6d geo 7.287e-04 med 6.482e-04 p90 5.608e-03 (const 4.730e-02)  |g| 7.48e+00  [17396s]
           5d geo 4.539e-04 med 3.966e-04   postmu 6d geo 6.715e-04 med 6.074e-04 p90 5.233e-03   mu |dlog| 0.0664
           corr(identifiable)  mu=+0.95  D_div_mu=+0.99  T0_div_mu=+0.70  Ly=+0.98  op_x=+0.98  op_y=+0.99   mean spread/GT 0.91
           err share           mu=41%  D_div_mu=1%  T0_div_mu=7%  Ly=18%  op_x=24%  op_y=10%
step  38100  train 3.7908e-01  |g| 5.31e+00  [17453s]
step  38200  train 3.2281e-01  |g| 6.12e+00  [17505s]
step  38300  train 3.3551e-01  |g| 8.64e+00  [17558s]
step  38400  train 3.4439e-01  |g| 5.81e+00  [17611s]
step  38500  train 3.7402e-01  |g| 7.03e+00  [17663s]
step  38600  train 3.8902e-01  |g| 8.49e+00  [17716s]
step  38700  train 3.3947e-01  |g| 7.99e+00  [17768s]
step  38800  train 3.4219e-01  |g| 7.89e+00  [17820s]
step  38900  train 3.5580e-01  |g| 8.20e+00  [17873s]
step  39000  train 3.0199e-01  |g| 9.47e+00  [17925s]
step  39100  train 3.6325e-01  |g| 9.41e+00  [17978s]
step  39200  train 3.7444e-01  |g| 1.27e+01  [18030s]
step  39300  train 3.2910e-01  |g| 1.89e+01  [18083s]
step  39400  train 3.4247e-01  |g| 6.58e+00  [18135s]
step  39500  train 3.7855e-01  |g| 6.45e+00  [18188s]
step  39600  train 3.2942e-01  |g| 1.27e+01  [18240s]
step  39700  train 3.6201e-01  |g| 1.61e+01  [18293s]
step  39800  train 3.6611e-01  |g| 8.63e+00  [18345s]
step  39900  train 4.0157e-01  |g| 1.04e+01  [18398s]
step  40000  train 3.7440e-01  val 3.7599e-01  6d geo 7.555e-04 med 6.730e-04 p90 5.545e-03 (const 4.730e-02)  |g| 5.41e+00  [18450s]
           5d geo 4.578e-04 med 4.131e-04   postmu 6d geo 7.024e-04 med 6.311e-04 p90 5.452e-03   mu |dlog| 0.0729
           corr(identifiable)  mu=+0.95  D_div_mu=+0.99  T0_div_mu=+0.70  Ly=+0.98  op_x=+0.98  op_y=+0.99   mean spread/GT 0.91
           err share           mu=40%  D_div_mu=1%  T0_div_mu=7%  Ly=18%  op_x=25%  op_y=10%
best val_nmse_6d_postmu_geo 6.7150e-04 (encoder_best.pt)

Done. Outputs written to /home/bhpark3/dafx_ddsp/results/ddsp/gamma_ppre/L1_STFT
