/home/bhpark3/dafx_ddsp/src/ddsp/train_encoder.py:986: UserWarning: Detected call of `lr_scheduler.step()` before `optimizer.step()`. In PyTorch 1.1.0 and later, you should call them in the opposite order: `optimizer.step()` before `lr_scheduler.step()`.  Failure to do this will result in PyTorch skipping the first value of the learning rate schedule. See more details at https://pytorch.org/docs/stable/optim.html#how-to-adjust-learning-rate
  sched.step()
Device cuda | loss L1_STFT_hyb1e2 | duration 0.25s
Loading train targets from data/train-p99
Loading val targets from data/val-p99
  98304 train / 996 val in 42s   train tensor 4.34 GB
  training set held in host memory; batches transferred per step
reference levels:  gt_loss 0.0000e+00   saturation (unrelated IRs) 4.4155e+00
constant-predictor NMSE: 6d 4.730e-02  7d 7.959e-02  (the floor to beat)
training loss stuck near saturation = gradient uninformative; well below = learning

encoder: 3.74M params, width 32

  loss scale restored: 2.1184e+00
  optimizer state restored
Resumed from results/ddsp/gamma_pre/L1_STFT/encoder_last.pt at step 5000, continuing to 40000
  WARNING: 1 of 64 parameter sets need a finer grid than the pinned (86, 282) and are truncated. Raise --fixed-mode-grid; targets rendered under a pin that truncates them are not the plate's output at those parameters.
step   5100  train 7.7282e-01  |g| 6.01e+00  [53s]
step   5200  train 7.5486e-01  |g| 8.75e+00  [106s]
step   5300  train 7.6306e-01  |g| 7.47e+00  [159s]
step   5400  train 9.5588e-01  |g| 8.84e+00  [212s]
step   5500  train 9.0978e-01  |g| 7.93e+00  [266s]
step   5600  train 7.9680e-01  |g| 1.04e+01  [319s]
step   5700  train 7.0208e-01  |g| 6.79e+00  [373s]
step   5800  train 9.1075e-01  |g| 8.58e+00  [427s]
step   5900  train 7.3124e-01  |g| 8.62e+00  [480s]
step   6000  train 8.5438e-01  val 7.8338e-01  6d geo 2.560e-03 med 2.582e-03 p90 9.580e-03 (const 4.730e-02)  |g| 7.55e+00  [534s]
           5d geo 2.198e-03 med 2.271e-03   postmu 6d geo 3.032e-03 med 3.009e-03 p90 1.146e-02   mu |dlog| 0.1486
           corr(identifiable)  mu=+0.95  D_div_mu=+0.98  T0_div_mu=+0.64  Ly=+0.96  op_x=+0.96  op_y=+0.98   mean spread/GT 0.84
           err share           mu=22%  D_div_mu=2%  T0_div_mu=6%  Ly=26%  op_x=30%  op_y=13%
step   6100  train 7.9202e-01  |g| 8.41e+00  [593s]
step   6200  train 7.5098e-01  |g| 6.05e+00  [647s]
step   6300  train 8.5391e-01  |g| 1.44e+01  [701s]
step   6400  train 7.7884e-01  |g| 9.27e+00  [754s]
step   6500  train 8.1008e-01  |g| 6.02e+00  [808s]
step   6600  train 7.6205e-01  |g| 8.65e+00  [862s]
step   6700  train 7.3497e-01  |g| 7.73e+00  [915s]
step   6800  train 7.9812e-01  |g| 1.05e+01  [969s]
step   6900  train 7.1537e-01  |g| 6.83e+00  [1023s]
step   7000  train 7.7404e-01  |g| 9.06e+00  [1077s]
step   7100  train 7.5757e-01  |g| 7.04e+00  [1131s]
step   7200  train 8.3224e-01  |g| 6.94e+00  [1185s]
step   7300  train 7.3187e-01  |g| 6.54e+00  [1238s]
step   7400  train 7.2688e-01  |g| 1.20e+01  [1292s]
step   7500  train 7.3211e-01  |g| 8.49e+00  [1346s]
step   7600  train 8.1466e-01  |g| 6.95e+00  [1399s]
step   7700  train 7.3471e-01  |g| 1.09e+01  [1454s]
step   7800  train 7.3394e-01  |g| 6.07e+00  [1508s]
step   7900  train 7.1601e-01  |g| 7.53e+00  [1561s]
step   8000  train 7.3422e-01  val 8.2888e-01  6d geo 2.278e-03 med 2.196e-03 p90 8.899e-03 (const 4.730e-02)  |g| 8.00e+00  [1615s]
           5d geo 1.754e-03 med 1.771e-03   postmu 6d geo 2.198e-03 med 2.216e-03 p90 9.689e-03   mu |dlog| 0.1277
           corr(identifiable)  mu=+0.95  D_div_mu=+0.98  T0_div_mu=+0.65  Ly=+0.97  op_x=+0.96  op_y=+0.98   mean spread/GT 0.86
           err share           mu=29%  D_div_mu=4%  T0_div_mu=7%  Ly=23%  op_x=28%  op_y=10%
step   8100  train 7.7794e-01  |g| 7.75e+00  [1674s]
step   8200  train 7.2363e-01  |g| 7.63e+00  [1727s]
step   8300  train 7.7128e-01  |g| 9.14e+00  [1780s]
step   8400  train 7.0757e-01  |g| 7.27e+00  [1833s]
step   8500  train 7.6036e-01  |g| 8.09e+00  [1887s]
step   8600  train 7.6827e-01  |g| 8.01e+00  [1941s]
step   8700  train 7.7208e-01  |g| 8.22e+00  [1994s]
step   8800  train 7.6748e-01  |g| 9.49e+00  [2048s]
step   8900  train 7.6116e-01  |g| 7.46e+00  [2102s]
step   9000  train 6.9743e-01  |g| 8.66e+00  [2155s]
step   9100  train 8.2455e-01  |g| 1.27e+01  [2208s]
step   9200  train 7.4077e-01  |g| 9.16e+00  [2262s]
step   9300  train 7.7612e-01  |g| 1.15e+01  [2315s]
step   9400  train 7.7997e-01  |g| 1.14e+01  [2369s]
step   9500  train 7.8251e-01  |g| 9.64e+00  [2422s]
step   9600  train 7.2280e-01  |g| 9.08e+00  [2475s]
step   9700  train 7.3391e-01  |g| 6.89e+00  [2528s]
step   9800  train 7.4671e-01  |g| 9.51e+00  [2582s]
step   9900  train 8.2864e-01  |g| 7.59e+00  [2636s]
step  10000  train 7.4591e-01  val 7.7809e-01  6d geo 2.336e-03 med 2.388e-03 p90 1.011e-02 (const 4.730e-02)  |g| 7.80e+00  [2690s]
           5d geo 1.850e-03 med 1.948e-03   postmu 6d geo 2.531e-03 med 2.694e-03 p90 1.048e-02   mu |dlog| 0.1499
           corr(identifiable)  mu=+0.94  D_div_mu=+0.97  T0_div_mu=+0.62  Ly=+0.96  op_x=+0.96  op_y=+0.98   mean spread/GT 0.87
           err share           mu=28%  D_div_mu=5%  T0_div_mu=6%  Ly=24%  op_x=26%  op_y=11%
step  10100  train 7.5180e-01  |g| 9.86e+00  [2748s]
step  10200  train 7.5740e-01  |g| 9.22e+00  [2802s]
step  10300  train 8.6324e-01  |g| 8.86e+00  [2855s]
step  10400  train 7.6863e-01  |g| 9.05e+00  [2908s]
step  10500  train 7.5612e-01  |g| 1.60e+01  [2962s]
step  10600  train 7.8986e-01  |g| 1.30e+01  [3016s]
step  10700  train 7.5130e-01  |g| 1.07e+01  [3068s]
step  10800  train 7.3092e-01  |g| 1.06e+01  [3121s]
step  10900  train 8.5110e-01  |g| 1.38e+01  [3175s]
step  11000  train 7.6125e-01  |g| 1.20e+01  [3229s]
step  11100  train 8.9716e-01  |g| 1.03e+01  [3283s]
step  11200  train 7.1330e-01  |g| 8.59e+00  [3337s]
step  11300  train 7.6166e-01  |g| 1.01e+01  [3391s]
step  11400  train 7.7013e-01  |g| 7.07e+00  [3443s]
step  11500  train 7.9670e-01  |g| 7.74e+00  [3497s]
step  11600  train 7.1777e-01  |g| 8.06e+00  [3550s]
step  11700  train 8.0622e-01  |g| 1.56e+01  [3603s]
step  11800  train 7.7347e-01  |g| 9.04e+00  [3658s]
step  11900  train 8.0991e-01  |g| 1.28e+01  [3712s]
step  12000  train 7.4007e-01  val 8.2201e-01  6d geo 2.879e-03 med 2.892e-03 p90 1.065e-02 (const 4.730e-02)  |g| 1.49e+01  [3763s]
           5d geo 2.035e-03 med 2.093e-03   postmu 6d geo 2.506e-03 med 2.503e-03 p90 1.119e-02   mu |dlog| 0.1324
           corr(identifiable)  mu=+0.94  D_div_mu=+0.97  T0_div_mu=+0.61  Ly=+0.95  op_x=+0.96  op_y=+0.98   mean spread/GT 0.85
           err share           mu=34%  D_div_mu=3%  T0_div_mu=5%  Ly=24%  op_x=23%  op_y=11%
step  12100  train 7.6161e-01  |g| 9.37e+00  [3821s]
step  12200  train 7.7559e-01  |g| 8.43e+00  [3872s]
step  12300  train 7.6947e-01  |g| 9.49e+00  [3924s]
step  12400  train 7.6934e-01  |g| 8.90e+00  [3975s]
step  12500  train 7.7464e-01  |g| 1.55e+01  [4028s]
step  12600  train 7.6463e-01  |g| 9.76e+00  [4080s]
step  12700  train 7.5769e-01  |g| 9.88e+00  [4134s]
step  12800  train 8.5223e-01  |g| 9.49e+00  [4187s]
step  12900  train 7.1562e-01  |g| 8.19e+00  [4241s]
step  13000  train 7.7808e-01  |g| 1.06e+01  [4292s]
step  13100  train 7.8306e-01  |g| 1.68e+01  [4342s]
step  13200  train 9.1708e-01  |g| 9.45e+00  [4396s]
step  13300  train 8.1891e-01  |g| 9.41e+00  [4450s]
step  13400  train 8.6790e-01  |g| 1.67e+01  [4504s]
step  13500  train 7.1750e-01  |g| 1.32e+01  [4558s]
step  13600  train 8.0398e-01  |g| 1.09e+01  [4613s]
step  13700  train 8.1081e-01  |g| 8.41e+00  [4665s]
step  13800  train 7.5365e-01  |g| 7.89e+00  [4717s]
step  13900  train 8.1697e-01  |g| 1.24e+01  [4769s]
step  14000  train 8.1980e-01  val 7.8021e-01  6d geo 3.481e-03 med 3.611e-03 p90 1.391e-02 (const 4.730e-02)  |g| 1.14e+01  [4822s]
           5d geo 2.879e-03 med 2.974e-03   postmu 6d geo 3.635e-03 med 3.637e-03 p90 1.642e-02   mu |dlog| 0.1700
           corr(identifiable)  mu=+0.94  D_div_mu=+0.95  T0_div_mu=+0.57  Ly=+0.94  op_x=+0.95  op_y=+0.97   mean spread/GT 0.86
           err share           mu=23%  D_div_mu=3%  T0_div_mu=5%  Ly=26%  op_x=29%  op_y=14%
step  14100  train 8.2213e-01  |g| 8.89e+00  [4879s]
step  14200  train 8.3995e-01  |g| 1.88e+01  [4934s]
step  14300  train 7.7647e-01  |g| 1.07e+01  [4986s]
step  14400  train 7.5879e-01  |g| 7.37e+00  [5040s]
step  14500  train 7.9621e-01  |g| 1.30e+01  [5091s]
step  14600  train 8.0819e-01  |g| 9.51e+00  [5143s]
step  14700  train 7.8823e-01  |g| 1.71e+01  [5193s]
step  14800  train 8.1895e-01  |g| 1.28e+01  [5247s]
step  14900  train 8.6027e-01  |g| 1.46e+01  [5301s]
step  15000  train 8.2206e-01  |g| 1.67e+01  [5354s]
step  15100  train 7.4191e-01  |g| 1.86e+01  [5407s]
step  15200  train 8.2088e-01  |g| 1.25e+01  [5461s]
step  15300  train 8.1370e-01  |g| 1.36e+01  [5510s]
step  15400  train 7.6831e-01  |g| 1.06e+01  [5562s]
step  15500  train 8.1621e-01  |g| 1.22e+01  [5613s]
step  15600  train 7.5707e-01  |g| 1.01e+01  [5665s]
step  15700  train 7.8916e-01  |g| 1.33e+01  [5717s]
step  15800  train 8.4692e-01  |g| 1.47e+01  [5770s]
step  15900  train 8.3729e-01  |g| 1.09e+01  [5824s]
step  16000  train 8.4476e-01  val 8.5306e-01  6d geo 4.820e-03 med 4.727e-03 p90 1.968e-02 (const 4.730e-02)  |g| 1.17e+01  [5876s]
           5d geo 4.081e-03 med 4.155e-03   postmu 6d geo 5.207e-03 med 5.212e-03 p90 2.061e-02   mu |dlog| 0.2128
           corr(identifiable)  mu=+0.92  D_div_mu=+0.95  T0_div_mu=+0.60  Ly=+0.91  op_x=+0.94  op_y=+0.96   mean spread/GT 0.89
           err share           mu=21%  D_div_mu=4%  T0_div_mu=3%  Ly=37%  op_x=22%  op_y=13%
step  16100  train 8.5546e-01  |g| 1.43e+01  [5933s]
step  16200  train 8.2435e-01  |g| 8.52e+00  [5987s]
step  16300  train 7.7878e-01  |g| 1.05e+01  [6039s]
step  16400  train 7.9528e-01  |g| 1.50e+01  [6090s]
step  16500  train 9.8562e-01  |g| 1.71e+01  [6143s]
step  16600  train 7.8462e-01  |g| 1.15e+01  [6194s]
step  16700  train 8.7804e-01  |g| 1.11e+01  [6247s]
step  16800  train 8.6216e-01  |g| 1.79e+01  [6302s]
step  16900  train 8.2686e-01  |g| 1.20e+01  [6356s]
step  17000  train 8.9929e-01  |g| 1.45e+01  [6408s]
step  17100  train 8.8030e-01  |g| 1.11e+01  [6462s]
step  17200  train 8.0785e-01  |g| 1.76e+01  [6514s]
step  17300  train 8.9665e-01  |g| 9.63e+00  [6569s]
step  17400  train 8.8533e-01  |g| 3.87e+01  [6622s]
step  17500  train 8.4665e-01  |g| 1.16e+01  [6673s]
step  17600  train 7.9792e-01  |g| 8.94e+00  [6722s]
step  17700  train 8.4540e-01  |g| 1.02e+01  [6770s]
step  17800  train 8.4199e-01  |g| 8.16e+00  [6817s]
step  17900  train 8.3482e-01  |g| 1.97e+01  [6866s]
step  18000  train 8.6246e-01  val 8.3936e-01  6d geo 8.622e-03 med 8.297e-03 p90 3.352e-02 (const 4.730e-02)  |g| 9.91e+00  [6912s]
           5d geo 7.783e-03 med 8.339e-03   postmu 6d geo 8.790e-03 med 8.641e-03 p90 3.450e-02   mu |dlog| 0.2274
           corr(identifiable)  mu=+0.87  D_div_mu=+0.95  T0_div_mu=+0.55  Ly=+0.83  op_x=+0.91  op_y=+0.94   mean spread/GT 0.82
           err share           mu=16%  D_div_mu=2%  T0_div_mu=3%  Ly=51%  op_x=17%  op_y=12%
step  18100  train 9.1692e-01  |g| 1.88e+01  [6964s]
step  18200  train 8.7176e-01  |g| 2.16e+01  [7013s]
step  18300  train 9.5639e-01  |g| 6.83e+00  [7068s]
step  18400  train 8.6760e-01  |g| 1.49e+01  [7114s]
step  18500  train 8.2911e-01  |g| 6.55e+00  [7158s]
step  18600  train 8.8254e-01  |g| 1.05e+01  [7209s]
step  18700  train 8.6608e-01  |g| 6.44e+00  [7253s]
step  18800  train 9.4448e-01  |g| 1.42e+01  [7300s]
step  18900  train 8.7885e-01  |g| 1.07e+01  [7350s]
step  19000  train 9.1205e-01  |g| 1.23e+01  [7398s]
step  19100  train 8.7695e-01  |g| 1.14e+01  [7444s]
step  19200  train 9.2261e-01  |g| 1.27e+01  [7491s]
step  19300  train 7.8551e-01  |g| 1.50e+01  [7547s]
step  19400  train 8.4538e-01  |g| 1.54e+01  [7596s]
step  19500  train 8.3979e-01  |g| 8.04e+00  [7643s]
step  19600  train 8.4999e-01  |g| 1.28e+01  [7694s]
step  19700  train 8.9089e-01  |g| 9.37e+00  [7740s]
step  19800  train 1.2188e+00  |g| 7.51e+00  [7787s]
step  19900  train 1.1084e+00  |g| 8.61e+00  [7829s]
step  20000  train 1.0539e+00  val 1.2709e+00  6d geo 1.188e-01 med 1.340e-01 p90 2.372e-01 (const 4.730e-02)  |g| 7.74e+00  [7871s]
           5d geo 1.279e-01 med 1.512e-01   postmu 6d geo 1.285e-01 med 1.425e-01 p90 2.562e-01   mu |dlog| 1.5249
           corr(identifiable)  mu=+0.10  D_div_mu=-0.09  T0_div_mu=+0.34  Ly=+0.38  op_x=+0.02  op_y=+0.09   mean spread/GT 0.48
           err share           mu=8%  D_div_mu=1%  T0_div_mu=1%  Ly=34%  op_x=34%  op_y=22%
step  20100  train 1.1465e+00  |g| 1.03e+01  [7920s]
step  20200  train 1.0789e+00  |g| 1.37e+01  [7966s]
step  20300  train 1.1947e+00  |g| 1.03e+01  [8012s]
step  20400  train 8.9376e-01  |g| 5.88e+00  [8057s]
step  20500  train 9.3354e-01  |g| 1.20e+01  [8102s]
step  20600  train 8.7938e-01  |g| 4.75e+00  [8149s]
step  20700  train 9.2577e-01  |g| 8.52e+00  [8194s]
step  20800  train 9.0641e-01  |g| 9.94e+00  [8240s]
step  20900  train 8.8482e-01  |g| 7.34e+00  [8284s]
step  21000  train 1.0025e+00  |g| 1.31e+01  [8327s]
step  21100  train 8.8047e-01  |g| 6.35e+00  [8379s]
step  21200  train 9.9064e-01  |g| 2.61e+01  [8427s]
step  21300  train 1.0568e+00  |g| 4.32e+00  [8475s]
step  21400  train 9.1744e-01  |g| 9.35e+00  [8530s]
step  21500  train 9.8314e-01  |g| 6.67e+00  [8581s]
step  21600  train 9.5528e-01  |g| 1.10e+01  [8627s]
step  21700  train 1.1181e+00  |g| 9.27e+00  [8703s]
step  21800  train 1.1244e+00  |g| 1.70e+01  [8781s]
step  21900  train 1.0607e+00  |g| 1.01e+01  [8855s]
step  22000  train 9.3331e-01  val 1.0225e+00  6d geo 5.306e-02 med 5.794e-02 p90 1.489e-01 (const 4.730e-02)  |g| 9.32e+00  [8917s]
           5d geo 5.281e-02 med 6.132e-02   postmu 6d geo 5.234e-02 med 5.821e-02 p90 1.517e-01   mu |dlog| 0.4708
           corr(identifiable)  mu=+0.33  D_div_mu=+0.50  T0_div_mu=+0.22  Ly=-0.01  op_x=+0.46  op_y=+0.62   mean spread/GT 0.78
           err share           mu=11%  D_div_mu=2%  T0_div_mu=1%  Ly=38%  op_x=32%  op_y=15%
step  22100  train 9.9413e-01  |g| 6.10e+00  [8981s]
step  22200  train 1.0012e+00  |g| 1.33e+01  [9032s]
step  22300  train 9.0146e-01  |g| 9.00e+00  [9076s]
step  22400  train 9.1844e-01  |g| 1.06e+01  [9118s]
step  22500  train 9.3230e-01  |g| 8.53e+00  [9164s]
step  22600  train 9.8547e-01  |g| 3.43e+00  [9217s]
step  22700  train 9.5792e-01  |g| 2.02e+01  [9261s]
step  22800  train 9.0181e-01  |g| 5.10e+00  [9303s]
step  22900  train 9.1227e-01  |g| 1.32e+01  [9345s]
step  23000  train 9.6602e-01  |g| 6.91e+00  [9390s]
step  23100  train 9.0477e-01  |g| 6.55e+00  [9436s]
step  23200  train 9.0294e-01  |g| 7.37e+00  [9480s]
step  23300  train 9.2145e-01  |g| 5.41e+00  [9527s]
step  23400  train 9.2914e-01  |g| 6.10e+00  [9569s]
step  23500  train 9.5761e-01  |g| 1.54e+01  [9611s]
step  23600  train 8.9404e-01  |g| 5.96e+00  [9657s]
step  23700  train 9.0480e-01  |g| 7.99e+00  [9704s]
step  23800  train 1.0139e+00  |g| 8.00e+00  [9746s]
step  23900  train 9.6019e-01  |g| 3.78e+00  [9789s]
step  24000  train 1.0282e+00  val 1.0071e+00  6d geo 7.238e-02 med 8.681e-02 p90 2.069e-01 (const 4.730e-02)  |g| 6.16e+00  [9830s]
           5d geo 7.681e-02 med 9.790e-02   postmu 6d geo 7.422e-02 med 8.942e-02 p90 2.052e-01   mu |dlog| 0.3957
           corr(identifiable)  mu=+0.61  D_div_mu=+0.37  T0_div_mu=+0.32  Ly=-0.17  op_x=+0.35  op_y=+0.32   mean spread/GT 0.63
           err share           mu=6%  D_div_mu=2%  T0_div_mu=1%  Ly=40%  op_x=25%  op_y=27%
step  24100  train 1.0183e+00  |g| 1.03e+01  [9875s]
step  24200  train 1.0059e+00  |g| 5.37e+00  [9918s]
step  24300  train 9.7091e-01  |g| 7.18e+00  [9964s]
step  24400  train 1.1079e+00  |g| 1.57e+01  [10010s]
step  24500  train 9.6349e-01  |g| 7.56e+00  [10057s]
step  24600  train 9.6367e-01  |g| 3.68e+00  [10101s]
step  24700  train 8.9052e-01  |g| 1.10e+01  [10143s]
step  24800  train 8.8673e-01  |g| 7.57e+00  [10185s]
step  24900  train 9.0650e-01  |g| 6.70e+00  [10226s]
step  25000  train 9.0192e-01  |g| 1.10e+01  [10269s]
step  25100  train 8.8658e-01  |g| 5.71e+00  [10311s]
step  25200  train 8.9659e-01  |g| 8.64e+00  [10357s]
step  25300  train 8.8805e-01  |g| 7.71e+00  [10403s]
step  25400  train 1.0502e+00  |g| 6.88e+00  [10445s]
step  25500  train 9.9127e-01  |g| 1.08e+01  [10490s]
step  25600  train 9.9871e-01  |g| 5.18e+00  [10549s]
step  25700  train 9.4014e-01  |g| 7.86e+00  [10594s]
step  25800  train 8.9585e-01  |g| 7.32e+00  [10637s]
step  25900  train 8.7418e-01  |g| 4.24e+00  [10679s]
step  26000  train 9.0137e-01  val 9.5772e-01  6d geo 6.441e-02 med 7.069e-02 p90 1.673e-01 (const 4.730e-02)  |g| 7.65e+00  [10721s]
           5d geo 7.025e-02 med 7.655e-02   postmu 6d geo 6.477e-02 med 7.054e-02 p90 1.694e-01   mu |dlog| 0.6110
           corr(identifiable)  mu=+0.72  D_div_mu=+0.42  T0_div_mu=+0.43  Ly=+0.27  op_x=+0.58  op_y=+0.67   mean spread/GT 0.45
           err share           mu=8%  D_div_mu=1%  T0_div_mu=4%  Ly=58%  op_x=13%  op_y=16%
step  26100  train 9.4228e-01  |g| 6.39e+00  [10766s]
step  26200  train 9.5945e-01  |g| 1.01e+01  [10807s]
step  26300  train 8.9612e-01  |g| 9.35e+00  [10848s]
step  26400  train 8.8288e-01  |g| 2.96e+00  [10889s]
step  26500  train 9.2748e-01  |g| 6.33e+00  [10931s]
step  26600  train 8.5529e-01  |g| 1.75e+01  [10972s]
step  26700  train 9.2541e-01  |g| 9.55e+00  [11013s]
step  26800  train 9.1393e-01  |g| 7.69e+00  [11054s]
step  26900  train 8.5284e-01  |g| 6.75e+00  [11096s]
step  27000  train 9.3263e-01  |g| 1.18e+01  [11137s]
step  27100  train 9.3633e-01  |g| 4.74e+00  [11178s]
step  27200  train 9.8766e-01  |g| 1.04e+01  [11219s]
step  27300  train 8.4255e-01  |g| 7.60e+00  [11261s]
step  27400  train 9.7740e-01  |g| 8.68e+00  [11302s]
step  27500  train 9.1762e-01  |g| 7.17e+00  [11343s]
step  27600  train 9.5125e-01  |g| 7.73e+00  [11384s]
step  27700  train 9.1353e-01  |g| 1.77e+01  [11426s]
step  27800  train 8.9638e-01  |g| 7.28e+00  [11467s]
step  27900  train 9.0005e-01  |g| 9.04e+00  [11508s]
step  28000  train 8.6267e-01  val 9.0415e-01  6d geo 5.653e-02 med 6.830e-02 p90 1.818e-01 (const 4.730e-02)  |g| 4.57e+00  [11549s]
           5d geo 6.169e-02 med 7.749e-02   postmu 6d geo 5.762e-02 med 6.846e-02 p90 1.794e-01   mu |dlog| 0.3957
           corr(identifiable)  mu=+0.72  D_div_mu=-0.22  T0_div_mu=+0.44  Ly=+0.23  op_x=+0.55  op_y=+0.60   mean spread/GT 0.55
           err share           mu=7%  D_div_mu=2%  T0_div_mu=5%  Ly=57%  op_x=16%  op_y=14%
step  28100  train 9.2033e-01  |g| 1.03e+01  [11594s]
step  28200  train 9.6107e-01  |g| 6.07e+00  [11635s]
step  28300  train 8.6839e-01  |g| 1.07e+01  [11676s]
step  28400  train 9.0078e-01  |g| 4.22e+00  [11718s]
step  28500  train 1.0042e+00  |g| 6.50e+00  [11759s]
step  28600  train 9.4424e-01  |g| 5.00e+00  [11801s]
step  28700  train 9.2272e-01  |g| 1.12e+01  [11842s]
step  28800  train 8.9199e-01  |g| 6.79e+00  [11884s]
step  28900  train 8.5897e-01  |g| 1.27e+01  [11926s]
step  29000  train 8.8025e-01  |g| 7.03e+00  [11967s]
step  29100  train 8.9693e-01  |g| 7.79e+00  [12010s]
step  29200  train 8.5997e-01  |g| 4.53e+00  [12053s]
step  29300  train 8.7559e-01  |g| 4.09e+00  [12096s]
step  29400  train 8.6954e-01  |g| 1.06e+01  [12139s]
step  29500  train 8.6800e-01  |g| 1.64e+01  [12181s]
step  29600  train 9.1688e-01  |g| 1.56e+01  [12223s]
step  29700  train 9.2005e-01  |g| 7.40e+00  [12265s]
step  29800  train 9.4699e-01  |g| 1.90e+01  [12306s]
step  29900  train 8.9003e-01  |g| 7.89e+00  [12348s]
step  30000  train 9.0348e-01  val 9.0359e-01  6d geo 4.935e-02 med 5.731e-02 p90 1.799e-01 (const 4.730e-02)  |g| 8.80e+00  [12390s]
           5d geo 5.253e-02 med 6.314e-02   postmu 6d geo 4.837e-02 med 5.881e-02 p90 1.804e-01   mu |dlog| 0.4752
           corr(identifiable)  mu=+0.73  D_div_mu=+0.60  T0_div_mu=+0.45  Ly=-0.17  op_x=+0.64  op_y=+0.53   mean spread/GT 0.69
           err share           mu=7%  D_div_mu=1%  T0_div_mu=4%  Ly=58%  op_x=13%  op_y=16%
step  30100  train 8.8051e-01  |g| 5.21e+00  [12435s]
step  30200  train 1.0033e+00  |g| 7.37e+00  [12478s]
step  30300  train 8.9341e-01  |g| 1.55e+01  [12520s]
step  30400  train 9.3099e-01  |g| 6.02e+00  [12561s]
step  30500  train 9.1931e-01  |g| 1.21e+01  [12602s]
step  30600  train 8.7522e-01  |g| 4.50e+00  [12646s]
step  30700  train 8.8526e-01  |g| 7.03e+00  [12687s]
step  30800  train 8.7408e-01  |g| 9.82e+00  [12728s]
step  30900  train 8.9993e-01  |g| 9.86e+00  [12770s]
step  31000  train 8.5282e-01  |g| 1.25e+01  [12811s]
step  31100  train 8.6575e-01  |g| 1.48e+01  [12853s]
step  31200  train 8.6598e-01  |g| 9.86e+00  [12895s]
step  31300  train 8.8921e-01  |g| 6.30e+00  [12938s]
step  31400  train 8.2827e-01  |g| 1.21e+01  [12981s]
step  31500  train 8.9496e-01  |g| 1.32e+01  [13026s]
step  31600  train 8.4335e-01  |g| 3.67e+00  [13069s]
step  31700  train 8.5315e-01  |g| 1.63e+01  [13113s]
step  31800  train 8.6303e-01  |g| 6.60e+00  [13156s]
step  31900  train 8.7177e-01  |g| 1.53e+01  [13198s]
step  32000  train 8.4383e-01  val 8.6599e-01  6d geo 3.940e-02 med 4.503e-02 p90 1.673e-01 (const 4.730e-02)  |g| 5.28e+00  [13240s]
           5d geo 4.168e-02 med 4.758e-02   postmu 6d geo 3.981e-02 med 4.639e-02 p90 1.687e-01   mu |dlog| 0.3771
           corr(identifiable)  mu=+0.72  D_div_mu=+0.59  T0_div_mu=+0.44  Ly=-0.13  op_x=+0.64  op_y=+0.55   mean spread/GT 0.78
           err share           mu=7%  D_div_mu=2%  T0_div_mu=2%  Ly=50%  op_x=15%  op_y=24%
step  32100  train 8.8598e-01  |g| 1.27e+01  [13289s]
step  32200  train 8.3983e-01  |g| 4.06e+00  [13332s]
step  32300  train 8.9896e-01  |g| 1.73e+01  [13375s]
step  32400  train 8.9454e-01  |g| 5.04e+00  [13417s]
step  32500  train 8.4789e-01  |g| 1.28e+01  [13460s]
step  32600  train 9.4957e-01  |g| 1.15e+01  [13502s]
step  32700  train 8.7719e-01  |g| 1.12e+01  [13543s]
step  32800  train 8.5123e-01  |g| 7.26e+00  [13585s]
step  32900  train 8.4798e-01  |g| 6.47e+00  [13628s]
step  33000  train 9.1410e-01  |g| 8.49e+00  [13670s]
step  33100  train 8.6804e-01  |g| 5.40e+00  [13713s]
step  33200  train 8.7187e-01  |g| 4.77e+00  [13756s]
step  33300  train 8.5665e-01  |g| 8.47e+00  [13798s]
step  33400  train 9.5007e-01  |g| 8.61e+00  [13840s]
step  33500  train 9.1404e-01  |g| 8.90e+00  [13881s]
step  33600  train 8.5143e-01  |g| 9.53e+00  [13924s]
step  33700  train 7.9799e-01  |g| 9.20e+00  [13966s]
step  33800  train 8.0291e-01  |g| 5.80e+00  [14009s]
step  33900  train 8.5779e-01  |g| 7.33e+00  [14052s]
step  34000  train 8.3616e-01  val 8.4289e-01  6d geo 3.738e-02 med 4.338e-02 p90 1.637e-01 (const 4.730e-02)  |g| 1.26e+01  [14095s]
           5d geo 3.927e-02 med 4.636e-02   postmu 6d geo 3.740e-02 med 4.511e-02 p90 1.634e-01   mu |dlog| 0.3696
           corr(identifiable)  mu=+0.73  D_div_mu=+0.57  T0_div_mu=+0.46  Ly=-0.06  op_x=+0.65  op_y=+0.61   mean spread/GT 0.74
           err share           mu=7%  D_div_mu=2%  T0_div_mu=3%  Ly=52%  op_x=16%  op_y=19%
step  34100  train 8.7782e-01  |g| 1.54e+01  [14140s]
step  34200  train 8.0417e-01  |g| 4.03e+00  [14183s]
step  34300  train 8.7693e-01  |g| 8.59e+00  [14226s]
step  34400  train 8.4166e-01  |g| 1.01e+01  [14272s]
step  34500  train 8.5803e-01  |g| 1.52e+01  [14318s]
step  34600  train 8.3905e-01  |g| 6.62e+00  [14364s]
step  34700  train 8.7161e-01  |g| 7.09e+00  [14409s]
step  34800  train 8.5546e-01  |g| 1.37e+01  [14453s]
step  34900  train 8.3968e-01  |g| 9.06e+00  [14497s]
step  35000  train 8.5307e-01  |g| 1.40e+01  [14541s]
step  35100  train 8.2397e-01  |g| 6.16e+00  [14586s]
step  35200  train 8.2192e-01  |g| 8.68e+00  [14631s]
step  35300  train 8.6079e-01  |g| 7.26e+00  [14675s]
step  35400  train 8.2239e-01  |g| 4.11e+00  [14721s]
step  35500  train 8.7200e-01  |g| 6.72e+00  [14768s]
step  35600  train 8.3243e-01  |g| 8.01e+00  [14818s]
step  35700  train 8.3593e-01  |g| 1.18e+01  [14866s]
step  35800  train 8.3810e-01  |g| 5.92e+00  [14913s]
step  35900  train 8.1528e-01  |g| 6.59e+00  [14959s]
step  36000  train 8.9631e-01  val 8.4358e-01  6d geo 3.197e-02 med 3.374e-02 p90 1.356e-01 (const 4.730e-02)  |g| 9.51e+00  [15004s]
           5d geo 3.243e-02 med 3.511e-02   postmu 6d geo 3.202e-02 med 3.423e-02 p90 1.365e-01   mu |dlog| 0.3451
           corr(identifiable)  mu=+0.75  D_div_mu=+0.58  T0_div_mu=+0.41  Ly=+0.09  op_x=+0.63  op_y=+0.67   mean spread/GT 0.87
           err share           mu=8%  D_div_mu=2%  T0_div_mu=3%  Ly=47%  op_x=22%  op_y=18%
step  36100  train 8.8028e-01  |g| 9.12e+00  [15053s]
step  36200  train 8.3407e-01  |g| 6.71e+00  [15097s]
step  36300  train 8.0010e-01  |g| 1.49e+01  [15142s]
step  36400  train 8.5054e-01  |g| 1.02e+01  [15186s]
step  36500  train 8.4659e-01  |g| 7.57e+00  [15232s]
step  36600  train 8.1967e-01  |g| 7.17e+00  [15277s]
step  36700  train 8.1854e-01  |g| 2.23e+01  [15322s]
step  36800  train 8.4889e-01  |g| 7.04e+00  [15367s]
step  36900  train 8.3507e-01  |g| 1.11e+01  [15412s]
step  37000  train 8.6360e-01  |g| 1.33e+01  [15457s]
step  37100  train 8.3230e-01  |g| 1.07e+01  [15502s]
step  37200  train 8.2965e-01  |g| 6.82e+00  [15546s]
step  37300  train 8.6423e-01  |g| 1.81e+01  [15590s]
step  37400  train 8.2612e-01  |g| 1.03e+01  [15634s]
step  37500  train 8.3628e-01  |g| 1.27e+01  [15678s]
step  37600  train 8.2856e-01  |g| 1.03e+01  [15722s]
step  37700  train 8.3934e-01  |g| 9.40e+00  [15766s]
step  37800  train 8.2234e-01  |g| 8.49e+00  [15810s]
step  37900  train 8.1237e-01  |g| 1.17e+01  [15853s]
step  38000  train 8.0275e-01  val 8.2587e-01  6d geo 3.303e-02 med 3.551e-02 p90 1.515e-01 (const 4.730e-02)  |g| 7.80e+00  [15897s]
           5d geo 3.415e-02 med 3.782e-02   postmu 6d geo 3.336e-02 med 3.721e-02 p90 1.518e-01   mu |dlog| 0.3707
           corr(identifiable)  mu=+0.74  D_div_mu=+0.65  T0_div_mu=+0.47  Ly=-0.01  op_x=+0.66  op_y=+0.69   mean spread/GT 0.81
           err share           mu=8%  D_div_mu=1%  T0_div_mu=4%  Ly=53%  op_x=17%  op_y=16%
step  38100  train 8.6017e-01  |g| 1.01e+01  [15945s]
step  38200  train 7.8349e-01  |g| 1.16e+01  [15990s]
step  38300  train 8.2519e-01  |g| 8.88e+00  [16035s]
step  38400  train 8.1782e-01  |g| 6.89e+00  [16080s]
step  38500  train 8.4489e-01  |g| 6.72e+00  [16124s]
step  38600  train 9.0314e-01  |g| 1.41e+01  [16169s]
step  38700  train 8.4725e-01  |g| 1.38e+01  [16214s]
step  38800  train 8.3219e-01  |g| 5.85e+00  [16258s]
step  38900  train 9.1252e-01  |g| 1.81e+01  [16303s]
step  39000  train 7.9002e-01  |g| 1.70e+01  [16347s]
step  39100  train 8.4747e-01  |g| 1.10e+01  [16392s]
step  39200  train 8.4896e-01  |g| 9.16e+00  [16436s]
step  39300  train 8.0644e-01  |g| 7.63e+00  [16481s]
step  39400  train 8.0689e-01  |g| 5.51e+00  [16525s]
step  39500  train 9.0728e-01  |g| 6.68e+00  [16570s]
step  39600  train 8.4558e-01  |g| 4.98e+00  [16614s]
step  39700  train 7.9665e-01  |g| 9.96e+00  [16659s]
step  39800  train 8.5279e-01  |g| 6.13e+00  [16703s]
step  39900  train 8.7131e-01  |g| 1.04e+01  [16748s]
step  40000  train 8.6484e-01  val 8.2235e-01  6d geo 3.314e-02 med 3.554e-02 p90 1.503e-01 (const 4.730e-02)  |g| 5.98e+00  [16793s]
           5d geo 3.374e-02 med 3.690e-02   postmu 6d geo 3.326e-02 med 3.664e-02 p90 1.502e-01   mu |dlog| 0.3646
           corr(identifiable)  mu=+0.75  D_div_mu=+0.66  T0_div_mu=+0.46  Ly=+0.04  op_x=+0.66  op_y=+0.69   mean spread/GT 0.85
           err share           mu=8%  D_div_mu=1%  T0_div_mu=4%  Ly=52%  op_x=17%  op_y=17%
best val_nmse_6d_postmu_geo 2.1977e-03 (encoder_best.pt)

Done. Outputs written to /home/bhpark3/dafx_ddsp/results/ddsp/gamma_ppre/L1_STFT_hyb1e2
