======================================================================
  TERNARY-SEARCH μ-REFINEMENT on CUDA (float32)
======================================================================
  CMA-ES results: /home/bhpark3/dafxchal/results/decomp_sweep/complexstft/stage1
  Targets: /home/bhpark3/dafxchal/data/random-IR-100-1.0s
  Loss: ComplexSTFT, Duration: 0.25s
  μ search bounds: [2.430, 106.150]
  Ternary iterations: 50  (~101 evals/IR)
  Sanity grid check: on

  Loaded 50 CMA-ES results
  [  1/50] random_IR_0001.npz             mu  14.613 ->  48.938 (GT  48.930)
          NMSE 0.018246 -> 0.000000 (-100.0%)  loss 0.000000 -> 0.000000  (1.1s)
  [  2/50] random_IR_0002.npz             mu  60.268 ->  84.059 (GT  84.056)
          NMSE 0.008766 -> 0.000000 (-100.0%)  loss 0.000000 -> 0.000000  (1.2s)
  [  3/50] random_IR_0003.npz             mu  51.414 -> 106.150 (GT  24.386)
          NMSE 0.022077 -> 0.114334 (+417.9%)  loss 0.000000 -> 0.000000  (1.4s)
  [  4/50] random_IR_0004.npz             mu   3.679 -> 106.150 (GT  13.244)
          NMSE 0.056942 -> 0.189251 (+232.4%)  loss 0.000000 -> 0.000000  (1.4s)
  [  5/50] random_IR_0005.npz             mu  21.511 ->  45.163 (GT  45.159)
          NMSE 0.008664 -> 0.000000 (-100.0%)  loss 0.000000 -> 0.000000  (1.6s)
  [ 10/50] random_IR_0010.npz             mu  37.863 ->  31.909 (GT  31.912)
          NMSE 0.000549 -> 0.000000 (-100.0%)  loss 0.000000 -> 0.000000  (1.8s)
  [ 20/50] random_IR_0020.npz             mu  62.205 ->  43.393 (GT  43.384)
          NMSE 0.005488 -> 0.000000 (-100.0%)  loss 0.000000 -> 0.000000  (0.8s)
  [ 30/50] random_IR_0030.npz             mu  24.812 ->  16.703 (GT  16.703)
          NMSE 0.001019 -> 0.000000 (-100.0%)  loss 0.000000 -> 0.000000  (2.3s)
  [ 40/50] random_IR_0040.npz             mu  19.284 -> 106.150 (GT  38.783)
          NMSE 0.042787 -> 0.107208 (+150.6%)  loss 0.000000 -> 0.000000  (5.0s)
  [ 50/50] random_IR_0050.npz             mu  95.191 ->  50.898 (GT  51.163)
          NMSE 0.030031 -> 0.000001 (-100.0%)  loss 0.000000 -> 0.000000  (0.5s)

======================================================================
  AGGREGATE
======================================================================
  Mean NMSE   orig: 0.020438
              refn: 0.029054
  Median NMSE orig: 0.006439
              refn: 0.000000
  IRs improved: 39 / 50  worsened: 11  unchanged: 0
  Mean elapsed/IR:    1.54 s
  Total runtime:      92.9 s
  Wrote: /home/bhpark3/dafxchal/results/decomp_sweep/complexstft/stage2/mu_refined_summary.csv
