======================================================================
  TERNARY-SEARCH μ-REFINEMENT on CUDA (float32)
======================================================================
  CMA-ES results: /home/bhpark3/dafxchal/results/ladder_1restart/smoothmss/stage1
  Targets: /home/bhpark3/dafxchal/random-IR-200-0.2s
  Loss: SmoothMSS, Duration: 0.25s
  μ search bounds: [2.430, 106.150]
  Ternary iterations: 50  (~101 evals/IR)
  Sanity grid check: on

  Loaded 200 CMA-ES results
  [  1/200] random_IR_0001.npz             mu  21.702 -> 106.150 (GT  48.930)
          NMSE 0.084295 -> 0.123533 (+46.5%)  loss 0.000000 -> 0.000000  (0.7s)
  [  2/200] random_IR_0002.npz             mu  33.626 ->  83.980 (GT  84.056)
          NMSE 0.039400 -> 0.000000 (-100.0%)  loss 0.000000 -> 0.000000  (1.2s)
  [  3/200] random_IR_0003.npz             mu  79.707 ->   2.430 (GT  24.386)
          NMSE 0.116250 -> 0.076305 (-34.4%)  loss 0.000000 -> 0.000000  (0.8s)
  [  4/200] random_IR_0004.npz             mu   9.702 ->  72.519 (GT  13.244)
          NMSE 0.168449 -> 0.222689 (+32.2%)  loss 0.000000 -> 0.000000  (3.4s)
  [  5/200] random_IR_0005.npz             mu  32.155 ->  45.181 (GT  45.159)
          NMSE 0.002620 -> 0.000000 (-100.0%)  loss 0.000000 -> 0.000000  (1.6s)
  [ 10/200] random_IR_0010.npz             mu  32.339 ->  21.431 (GT  31.912)
          NMSE 0.102820 -> 0.104519 (+1.7%)  loss 0.000000 -> 0.000000  (4.5s)
  [ 20/200] random_IR_0020.npz             mu  42.286 -> 106.150 (GT  43.384)
          NMSE 0.029867 -> 0.090883 (+204.3%)  loss 0.000000 -> 0.000000  (0.6s)
  [ 30/200] random_IR_0030.npz             mu  18.929 ->  12.976 (GT  16.703)
          NMSE 0.066613 -> 0.066751 (+0.2%)  loss 0.000000 -> 0.000000  (3.9s)
  [ 40/200] random_IR_0040.npz             mu  14.318 -> 106.150 (GT  38.783)
          NMSE 0.077835 -> 0.138874 (+78.4%)  loss 0.000000 -> 0.000000  (4.8s)
  [ 50/200] random_IR_0050.npz             mu  60.755 ->  93.353 (GT  51.163)
          NMSE 0.052398 -> 0.078548 (+49.9%)  loss 0.000000 -> 0.000000  (0.6s)
  [ 60/200] random_IR_0060.npz             mu  21.164 ->  13.122 (GT   9.223)
          NMSE 0.006099 -> 0.004126 (-32.4%)  loss 0.000000 -> 0.000000  (1.4s)
  [ 70/200] random_IR_0070.npz             mu  12.137 ->  84.556 (GT  14.682)
          NMSE 0.211948 -> 0.287487 (+35.6%)  loss 0.000000 -> 0.000000  (1.4s)
  [ 80/200] random_IR_0080.npz             mu  84.443 ->  25.292 (GT  25.343)
          NMSE 0.054115 -> 0.000002 (-100.0%)  loss 0.000000 -> 0.000000  (0.8s)
  [ 90/200] random_IR_0090.npz             mu  48.802 ->  82.454 (GT  82.421)
          NMSE 0.017511 -> 0.000000 (-100.0%)  loss 0.000000 -> 0.000000  (1.1s)
  [100/200] random_IR_0100.npz             mu   8.355 -> 106.150 (GT  18.620)
          NMSE 0.078022 -> 0.195087 (+150.0%)  loss 0.000001 -> 0.000000  (1.3s)
  [110/200] random_IR_0110.npz             mu  94.432 ->  17.977 (GT  95.328)
          NMSE 0.088502 -> 0.181183 (+104.7%)  loss 0.000000 -> 0.000000  (0.6s)
  [120/200] random_IR_0120.npz             mu  21.182 -> 106.150 (GT  83.381)
          NMSE 0.151576 -> 0.099672 (-34.2%)  loss 0.000001 -> 0.000000  (2.3s)
  [130/200] random_IR_0130.npz             mu  21.559 ->  21.122 (GT  21.116)
          NMSE 0.000003 -> 0.000000 (-97.7%)  loss 0.000000 -> 0.000000  (0.3s)
  [140/200] random_IR_0140.npz             mu  19.140 -> 106.150 (GT  62.422)
          NMSE 0.080944 -> 0.081546 (+0.7%)  loss 0.000000 -> 0.000000  (2.6s)
  [150/200] random_IR_0150.npz             mu   2.563 ->  11.967 (GT  16.116)
          NMSE 0.139763 -> 0.137184 (-1.8%)  loss 0.000000 -> 0.000000  (2.6s)
  [160/200] random_IR_0160.npz             mu  57.834 ->  33.919 (GT  33.863)
          NMSE 0.008902 -> 0.000000 (-100.0%)  loss 0.000000 -> 0.000000  (1.1s)
  [170/200] random_IR_0170.npz             mu  22.076 ->  50.502 (GT  28.231)
          NMSE 0.120916 -> 0.128013 (+5.9%)  loss 0.000000 -> 0.000000  (2.0s)
  [180/200] random_IR_0180.npz             mu  11.554 -> 106.150 (GT  34.882)
          NMSE 0.091394 -> 0.161652 (+76.9%)  loss 0.000000 -> 0.000000  (2.0s)
  [190/200] random_IR_0190.npz             mu  38.548 ->  46.903 (GT  87.996)
          NMSE 0.057036 -> 0.045316 (-20.5%)  loss 0.000000 -> 0.000000  (0.9s)
  [200/200] random_IR_0200.npz             mu  19.600 -> 106.150 (GT  68.271)
          NMSE 0.077919 -> 0.063450 (-18.6%)  loss 0.000000 -> 0.000000  (2.0s)

======================================================================
  AGGREGATE
======================================================================
  Mean NMSE   orig: 0.071328
              refn: 0.076362
  Median NMSE orig: 0.058385
              refn: 0.052676
  IRs improved: 121 / 200  worsened: 79  unchanged: 0
  Mean elapsed/IR:    1.59 s
  Total runtime:      382.2 s
  Wrote: /home/bhpark3/dafxchal/results/ladder_1restart/smoothmss/stage2/mu_refined_summary.csv
