======================================================================
  TERNARY-SEARCH μ-REFINEMENT on CUDA (float32)
======================================================================
  CMA-ES results: /home/bhpark3/dafxchal/results/decomp_sweep/l1_stft_512/stage1
  Targets: /home/bhpark3/dafxchal/data/random-IR-100-1.0s
  Loss: L1_STFT_512, Duration: 0.25s
  μ search bounds: [2.430, 106.150]
  Ternary iterations: 50  (~101 evals/IR)
  Sanity grid check: on

  Loaded 50 CMA-ES results
  [  1/50] random_IR_0001.npz             mu  80.279 ->  48.931 (GT  48.930)
          NMSE 0.015225 -> 0.000000 (-100.0%)  loss 0.000000 -> 0.000000  (1.0s)
  [  2/50] random_IR_0002.npz             mu  97.224 ->  84.055 (GT  84.056)
          NMSE 0.002686 -> 0.000000 (-100.0%)  loss 0.000000 -> 0.000000  (1.2s)
  [  3/50] random_IR_0003.npz             mu  42.874 ->   4.956 (GT  24.386)
          NMSE 0.044902 -> 0.045455 (+1.2%)  loss 0.000000 -> 0.000000  (0.8s)
  [  4/50] random_IR_0004.npz             mu  16.328 ->  13.244 (GT  13.244)
          NMSE 0.000147 -> 0.000000 (-100.0%)  loss 0.000000 -> 0.000000  (1.0s)
  [  5/50] random_IR_0005.npz             mu  41.196 ->  45.159 (GT  45.159)
          NMSE 0.000243 -> 0.000000 (-100.0%)  loss 0.000000 -> 0.000000  (1.6s)
  [ 10/50] random_IR_0010.npz             mu  73.096 ->   5.494 (GT  31.912)
          NMSE 0.169206 -> 0.153741 (-9.1%)  loss 0.000000 -> 0.000000  (1.1s)
  [ 20/50] random_IR_0020.npz             mu  49.064 ->  43.384 (GT  43.384)
          NMSE 0.000500 -> 0.000000 (-100.0%)  loss 0.000000 -> 0.000000  (0.8s)
  [ 30/50] random_IR_0030.npz             mu  29.469 ->  16.703 (GT  16.703)
          NMSE 0.002525 -> 0.000000 (-100.0%)  loss 0.000000 -> 0.000000  (2.3s)
  [ 40/50] random_IR_0040.npz             mu  21.550 ->  38.783 (GT  38.783)
          NMSE 0.004601 -> 0.000000 (-100.0%)  loss 0.000000 -> 0.000000  (3.0s)
  [ 50/50] random_IR_0050.npz             mu  66.922 ->  51.163 (GT  51.163)
          NMSE 0.003847 -> 0.000000 (-100.0%)  loss 0.000000 -> 0.000000  (0.5s)

======================================================================
  AGGREGATE
======================================================================
  Mean NMSE   orig: 0.015861
              refn: 0.008133
  Median NMSE orig: 0.001784
              refn: 0.000000
  IRs improved: 48 / 50  worsened: 2  unchanged: 0
  Mean elapsed/IR:    1.36 s
  Total runtime:      82.4 s
  Wrote: /home/bhpark3/dafxchal/results/decomp_sweep/l1_stft_512/stage2/mu_refined_summary.csv
