======================================================================
  TERNARY-SEARCH μ-REFINEMENT on CUDA (float32)
======================================================================
  CMA-ES results: /home/bhpark3/dafxchal/results/decomp_sweep/l1_stft_log_masked/stage1
  Targets: /home/bhpark3/dafxchal/data/random-IR-100-1.0s
  Loss: L1_STFT_log_masked, Duration: 0.25s
  μ search bounds: [2.430, 106.150]
  Ternary iterations: 50  (~101 evals/IR)
  Sanity grid check: on

  Loaded 50 CMA-ES results
  [  1/50] random_IR_0001.npz             mu   8.440 ->  70.980 (GT  48.930)
          NMSE 0.072536 -> 0.054669 (-24.6%)  loss 0.184508 -> 0.044043  (1.2s)
  [  2/50] random_IR_0002.npz             mu  18.015 -> 106.150 (GT  84.056)
          NMSE 0.178145 -> 0.118138 (-33.7%)  loss 0.287591 -> 0.092242  (3.1s)
  [  3/50] random_IR_0003.npz             mu  12.993 ->   2.430 (GT  24.386)
          NMSE 0.190831 -> 0.196288 (+2.9%)  loss 0.249880 -> 0.148471  (1.0s)
  [  4/50] random_IR_0004.npz             mu  43.584 ->  15.950 (GT  13.244)
          NMSE 0.093239 -> 0.079091 (-15.2%)  loss 0.089005 -> 0.061555  (1.1s)
  [  5/50] random_IR_0005.npz             mu  26.834 ->  39.849 (GT  45.159)
          NMSE 0.035402 -> 0.030636 (-13.5%)  loss 0.055352 -> 0.049347  (2.1s)
  [ 10/50] random_IR_0010.npz             mu   3.617 ->   6.128 (GT  31.912)
          NMSE 0.187663 -> 0.185560 (-1.1%)  loss 0.113811 -> 0.095274  (1.3s)
  [ 20/50] random_IR_0020.npz             mu  21.368 -> 106.150 (GT  43.384)
          NMSE 0.082165 -> 0.135690 (+65.1%)  loss 0.188544 -> 0.060487  (2.3s)
  [ 30/50] random_IR_0030.npz             mu  10.579 ->  14.207 (GT  16.703)
          NMSE 0.129331 -> 0.128846 (-0.4%)  loss 0.125879 -> 0.118023  (2.9s)
  [ 40/50] random_IR_0040.npz             mu   2.433 ->  43.508 (GT  38.783)
          NMSE 0.139557 -> 0.119433 (-14.4%)  loss 0.308135 -> 0.040299  (2.3s)
  [ 50/50] random_IR_0050.npz             mu  36.534 ->  14.413 (GT  51.163)
          NMSE 0.192186 -> 0.209794 (+9.2%)  loss 0.092223 -> 0.072810  (1.3s)

======================================================================
  AGGREGATE
======================================================================
  Mean NMSE   orig: 0.075113
              refn: 0.072584
  Median NMSE orig: 0.061510
              refn: 0.061096
  IRs improved: 25 / 50  worsened: 25  unchanged: 0
  Mean elapsed/IR:    2.27 s
  Total runtime:      137.4 s
  Wrote: /home/bhpark3/dafxchal/results/decomp_sweep/l1_stft_log_masked/stage2/mu_refined_summary.csv
