======================================================================
  TERNARY-SEARCH μ-REFINEMENT on CUDA (float32)
======================================================================
  CMA-ES results: /home/bhpark3/dafxchal/results/decomp_sweep/l1_stft_log_sc/stage1
  Targets: /home/bhpark3/dafxchal/data/random-IR-100-1.0s
  Loss: L1_STFT_log_sc, Duration: 0.25s
  μ search bounds: [2.430, 106.150]
  Ternary iterations: 50  (~101 evals/IR)
  Sanity grid check: on

  Loaded 50 CMA-ES results
  [  1/50] random_IR_0001.npz             mu  10.754 ->  75.867 (GT  48.930)
          NMSE 0.053614 -> 0.042276 (-21.1%)  loss 5.904823 -> 0.290886  (1.1s)
  [  2/50] random_IR_0002.npz             mu  79.915 ->  96.630 (GT  84.056)
          NMSE 0.000336 -> 0.002520 (+649.2%)  loss 0.264527 -> 0.163099  (1.2s)
  [  3/50] random_IR_0003.npz             mu  31.127 ->   2.430 (GT  24.386)
          NMSE 0.053295 -> 0.060059 (+12.7%)  loss 1.138955 -> 1.025674  (0.5s)
  [  4/50] random_IR_0004.npz             mu  50.075 ->  17.132 (GT  13.244)
          NMSE 0.027891 -> 0.007108 (-74.5%)  loss 0.765958 -> 0.409496  (0.9s)
  [  5/50] random_IR_0005.npz             mu  26.008 ->  53.672 (GT  45.159)
          NMSE 0.008444 -> 0.003885 (-54.0%)  loss 1.096953 -> 0.148211  (1.6s)
  [ 10/50] random_IR_0010.npz             mu  22.292 ->  44.124 (GT  31.912)
          NMSE 0.005836 -> 0.006712 (+15.0%)  loss 1.041935 -> 0.333743  (1.7s)
  [ 20/50] random_IR_0020.npz             mu  62.393 ->  57.937 (GT  43.384)
          NMSE 0.014600 -> 0.012283 (-15.9%)  loss 0.231475 -> 0.218953  (0.8s)
  [ 30/50] random_IR_0030.npz             mu  25.709 ->  13.297 (GT  16.703)
          NMSE 0.060829 -> 0.059752 (-1.8%)  loss 0.680101 -> 0.462611  (3.7s)
  [ 40/50] random_IR_0040.npz             mu  52.682 ->  44.600 (GT  38.783)
          NMSE 0.003928 -> 0.001459 (-62.9%)  loss 0.249552 -> 0.193283  (3.0s)
  [ 50/50] random_IR_0050.npz             mu  52.031 -> 106.150 (GT  51.163)
          NMSE 0.013183 -> 0.060014 (+355.2%)  loss 2.543199 -> 0.956403  (0.5s)

======================================================================
  AGGREGATE
======================================================================
  Mean NMSE   orig: 0.041081
              refn: 0.044656
  Median NMSE orig: 0.027613
              refn: 0.020794
  IRs improved: 25 / 50  worsened: 25  unchanged: 0
  Mean elapsed/IR:    1.23 s
  Total runtime:      74.7 s
  Wrote: /home/bhpark3/dafxchal/results/decomp_sweep/l1_stft_log_sc/stage2/mu_refined_summary.csv
