/home/bhpark3/dafx_ddsp/src/ddsp/train_encoder.py:1029: UserWarning: Detected call of `lr_scheduler.step()` before `optimizer.step()`. In PyTorch 1.1.0 and later, you should call them in the opposite order: `optimizer.step()` before `lr_scheduler.step()`.  Failure to do this will result in PyTorch skipping the first value of the learning rate schedule. See more details at https://pytorch.org/docs/stable/optim.html#how-to-adjust-learning-rate
  sched.step()
Device cuda | loss L1_STFT_hyb1e2 | duration 1.0s
param space emt14: h, rho, Ly, T0, T60_DC, T60_ratio   (val_nmse_6d is the NMSE over these)
Loading train targets from data/train-emt14
Loading val targets from data/val-emt14
  24576 train / 991 val in 18s   train tensor 4.34 GB
  training set held in host memory; batches transferred per step
reference levels:  gt_loss 0.0000e+00   saturation (unrelated IRs) 2.5874e+00
constant-predictor NMSE: 6d 8.237e-02  7d 8.237e-02  (the floor to beat)
training loss stuck near saturation = gradient uninformative; well below = learning

encoder: 3.73M params, width 32

  loss scale restored: 1.1157e+00
  optimizer state restored
Resumed from results/ddsp/emt14_pre/L1_STFT/encoder_last.pt at step 2500, continuing to 10000
step   2600  train 1.0980e+00  |g| 2.07e+01  [594s]
step   2700  train 9.7741e-01  |g| 1.76e+01  [1183s]
step   2800  train 9.7989e-01  |g| 1.53e+01  [1773s]
step   2900  train 1.0302e+00  |g| 1.69e+01  [2363s]
step   3000  train 1.1079e+00  val 1.0778e+00  6d geo 1.201e-02 med 1.349e-02 p90 3.621e-02 (const 8.237e-02)  |g| 1.81e+01  [2953s]
           corr(identifiable)  h=+0.98  rho=+0.87  Ly=+0.98  T0=+0.99  T60_DC=+0.99  T60_ratio=+1.00   mean spread/GT 0.98
step   3100  train 1.0811e+00  |g| 1.63e+01  [3584s]
step   3200  train 1.0216e+00  |g| 1.57e+01  [4175s]
step   3300  train 1.0823e+00  |g| 1.78e+01  [4766s]
step   3400  train 1.0080e+00  |g| 1.96e+01  [5357s]
step   3500  train 9.8283e-01  val 1.0307e+00  6d geo 7.834e-03 med 8.144e-03 p90 3.130e-02 (const 8.237e-02)  |g| 1.98e+01  [5948s]
           corr(identifiable)  h=+0.96  rho=+0.86  Ly=+0.97  T0=+0.99  T60_DC=+1.00  T60_ratio=+1.00   mean spread/GT 0.97
step   3600  train 1.0700e+00  |g| 1.82e+01  [6578s]
step   3700  train 1.0804e+00  |g| 2.50e+01  [7168s]
step   3800  train 1.1235e+00  |g| 2.01e+01  [7758s]
step   3900  train 1.1237e+00  |g| 3.18e+01  [8349s]
step   4000  train 1.1322e+00  val 1.3306e+00  6d geo 1.149e-02 med 1.189e-02 p90 3.138e-02 (const 8.237e-02)  |g| 2.50e+01  [8941s]
           corr(identifiable)  h=+0.97  rho=+0.85  Ly=+0.93  T0=+0.97  T60_DC=+0.99  T60_ratio=+0.99   mean spread/GT 1.00
step   4100  train 1.0755e+00  |g| 3.35e+01  [9572s]
step   4200  train 1.0814e+00  |g| 4.92e+01  [10163s]
step   4300  train 9.9302e-01  |g| 2.56e+01  [10753s]
step   4400  train 1.0279e+00  |g| 2.25e+01  [11345s]
step   4500  train 1.0944e+00  val 1.1716e+00  6d geo 1.198e-02 med 1.319e-02 p90 3.150e-02 (const 8.237e-02)  |g| 2.13e+01  [11935s]
           corr(identifiable)  h=+0.94  rho=+0.82  Ly=+0.93  T0=+0.97  T60_DC=+0.99  T60_ratio=+1.00   mean spread/GT 0.98
step   4600  train 1.1653e+00  |g| 5.24e+01  [12567s]
step   4700  train 1.1425e+00  |g| 3.07e+01  [13158s]
step   4800  train 1.1411e+00  |g| 6.14e+01  [13749s]
step   4900  train 1.0453e+00  |g| 3.15e+01  [14339s]
step   5000  train 1.1071e+00  val 1.0692e+00  6d geo 1.837e-02 med 1.842e-02 p90 5.720e-02 (const 8.237e-02)  |g| 2.49e+01  [14929s]
           corr(identifiable)  h=+0.88  rho=+0.59  Ly=+0.82  T0=+0.98  T60_DC=+0.98  T60_ratio=+1.00   mean spread/GT 0.94
step   5100  train 1.1426e+00  |g| 5.36e+01  [15561s]
step   5200  train 1.1484e+00  |g| 3.25e+01  [16154s]
step   5300  train 1.1484e+00  |g| 2.18e+01  [16747s]
step   5400  train 1.0482e+00  |g| 2.28e+01  [17336s]
step   5500  train 1.1533e+00  val 1.1311e+00  6d geo 3.181e-02 med 3.125e-02 p90 1.480e-01 (const 8.237e-02)  |g| 3.20e+01  [17936s]
           corr(identifiable)  h=+0.70  rho=+0.49  Ly=+0.44  T0=+0.85  T60_DC=+0.95  T60_ratio=+1.00   mean spread/GT 0.92
step   5600  train 1.0497e+00  |g| 3.07e+01  [18571s]
step   5700  train 1.1789e+00  |g| 3.04e+01  [19162s]
step   5800  train 1.1466e+00  |g| 2.36e+01  [19754s]
step   5900  train 1.0922e+00  |g| 4.09e+01  [20353s]
step   6000  train 1.0675e+00  val 1.1702e+00  6d geo 3.920e-02 med 4.302e-02 p90 1.435e-01 (const 8.237e-02)  |g| 2.35e+01  [20953s]
           corr(identifiable)  h=+0.63  rho=+0.40  Ly=+0.62  T0=+0.95  T60_DC=+0.94  T60_ratio=+0.99   mean spread/GT 0.93
step   6100  train 1.1327e+00  |g| 8.84e+01  [21590s]
step   6200  train 1.1730e+00  |g| 3.34e+01  [22183s]
step   6300  train 1.1136e+00  |g| 3.20e+01  [22778s]
step   6400  train 1.2527e+00  |g| 3.95e+01  [23378s]
step   6500  train 1.1277e+00  val 1.2109e+00  6d geo 9.774e-02 med 1.107e-01 p90 2.377e-01 (const 8.237e-02)  |g| 2.38e+01  [23992s]
           corr(identifiable)  h=+0.60  rho=+0.20  Ly=+0.43  T0=+0.69  T60_DC=+0.77  T60_ratio=+0.99   mean spread/GT 0.75
step   6600  train 1.2991e+00  |g| 5.45e+01  [24647s]
step   6700  train 1.3365e+00  |g| 2.33e+01  [25263s]
step   6800  train 1.1492e+00  |g| 1.48e+01  [25881s]
step   6900  train 1.1927e+00  |g| 1.55e+01  [26496s]
step   7000  train 1.1126e+00  val 1.1777e+00  6d geo 8.681e-02 med 9.788e-02 p90 2.235e-01 (const 8.237e-02)  |g| 2.30e+01  [27110s]
           corr(identifiable)  h=+0.58  rho=+0.20  Ly=+0.42  T0=+0.82  T60_DC=+0.83  T60_ratio=+0.99   mean spread/GT 0.80
step   7100  train 1.0774e+00  |g| 4.18e+01  [27760s]
step   7200  train 1.1474e+00  |g| 3.61e+01  [28368s]
step   7300  train 1.1348e+00  |g| 5.04e+01  [28978s]
step   7400  train 1.1616e+00  |g| 2.21e+01  [29593s]
step   7500  train 1.2913e+00  val 1.2519e+00  6d geo 1.058e-01 med 1.279e-01 p90 2.640e-01 (const 8.237e-02)  |g| 1.01e+01  [30209s]
           corr(identifiable)  h=+0.54  rho=+0.20  Ly=+0.33  T0=+0.68  T60_DC=+0.80  T60_ratio=+0.99   mean spread/GT 0.70
step   7600  train 1.2712e+00  |g| 1.97e+01  [30870s]
step   7700  train 1.1667e+00  |g| 2.60e+01  [31486s]
step   7800  train 1.2019e+00  |g| 2.56e+01  [32099s]
step   7900  train 1.1499e+00  |g| 1.65e+01  [32708s]
step   8000  train 1.1221e+00  val 1.1104e+00  6d geo 7.510e-02 med 8.998e-02 p90 2.112e-01 (const 8.237e-02)  |g| 1.95e+01  [33314s]
           corr(identifiable)  h=+0.80  rho=+0.13  Ly=+0.20  T0=+0.79  T60_DC=+0.92  T60_ratio=+0.99   mean spread/GT 0.77
step   8100  train 1.2884e+00  |g| 1.86e+01  [33964s]
step   8200  train 1.1592e+00  |g| 1.73e+01  [34576s]
step   8300  train 1.1191e+00  |g| 1.71e+01  [35186s]
step   8400  train 1.1211e+00  |g| 2.64e+01  [35797s]
step   8500  train 1.2013e+00  val 1.1209e+00  6d geo 7.617e-02 med 9.377e-02 p90 2.154e-01 (const 8.237e-02)  |g| 3.84e+01  [36408s]
           corr(identifiable)  h=+0.71  rho=+0.14  Ly=+0.28  T0=+0.86  T60_DC=+0.88  T60_ratio=+0.99   mean spread/GT 0.77
step   8600  train 1.1282e+00  |g| 2.57e+01  [37058s]
step   8700  train 1.0842e+00  |g| 2.83e+01  [37667s]
step   8800  train 1.1266e+00  |g| 2.30e+01  [38277s]
step   8900  train 1.0610e+00  |g| 1.48e+01  [38886s]
step   9000  train 1.0305e+00  val 1.1241e+00  6d geo 7.203e-02 med 8.942e-02 p90 2.143e-01 (const 8.237e-02)  |g| 1.33e+01  [39495s]
           corr(identifiable)  h=+0.69  rho=+0.17  Ly=+0.33  T0=+0.88  T60_DC=+0.88  T60_ratio=+0.99   mean spread/GT 0.78
step   9100  train 1.1734e+00  |g| 4.66e+01  [40145s]
step   9200  train 1.1271e+00  |g| 1.71e+01  [40755s]
step   9300  train 1.0533e+00  |g| 4.31e+01  [41362s]
step   9400  train 1.1233e+00  |g| 3.67e+01  [41969s]
step   9500  train 1.1142e+00  val 1.1138e+00  6d geo 6.772e-02 med 8.268e-02 p90 2.028e-01 (const 8.237e-02)  |g| 7.20e+01  [42576s]
           corr(identifiable)  h=+0.69  rho=+0.18  Ly=+0.33  T0=+0.91  T60_DC=+0.90  T60_ratio=+1.00   mean spread/GT 0.80
step   9600  train 1.0105e+00  |g| 1.13e+01  [43226s]
step   9700  train 1.1014e+00  |g| 6.05e+01  [43834s]
step   9800  train 1.0666e+00  |g| 9.33e+01  [44442s]
step   9900  train 1.1105e+00  |g| 2.73e+01  [45049s]
step  10000  train 1.1499e+00  val 1.1124e+00  6d geo 6.784e-02 med 8.406e-02 p90 2.030e-01 (const 8.237e-02)  |g| 3.24e+01  [45658s]
           corr(identifiable)  h=+0.71  rho=+0.19  Ly=+0.33  T0=+0.90  T60_DC=+0.91  T60_ratio=+1.00   mean spread/GT 0.78
best val_nmse_6d_geo 7.8342e-03 (encoder_best.pt)

Done. Outputs written to /home/bhpark3/dafx_ddsp/results/ddsp/emt14/L1_STFT_hyb1e2
