======================================================================
  TERNARY-SEARCH μ-REFINEMENT on CUDA (float32)
======================================================================
  CMA-ES results: /home/bhpark3/dafxchal/results/decomp_sweep/mfcc/stage1
  Targets: /home/bhpark3/dafxchal/data/random-IR-100-1.0s
  Loss: MFCC, Duration: 0.25s
  μ search bounds: [2.430, 106.150]
  Ternary iterations: 50  (~101 evals/IR)
  Sanity grid check: on

  Loaded 50 CMA-ES results
  [  1/50] random_IR_0001.npz             mu  13.694 ->  63.476 (GT  48.930)
          NMSE 0.105275 -> 0.089317 (-15.2%)  loss 0.027591 -> 0.001818  (1.0s)
  [  2/50] random_IR_0002.npz             mu  31.310 -> 106.150 (GT  84.056)
          NMSE 0.093763 -> 0.058224 (-37.9%)  loss 0.002321 -> 0.000126  (1.8s)
  [  3/50] random_IR_0003.npz             mu  24.496 ->  19.170 (GT  24.386)
          NMSE 0.004191 -> 0.004613 (+10.1%)  loss 0.001951 -> 0.001774  (0.5s)
  [  4/50] random_IR_0004.npz             mu  20.715 ->  28.711 (GT  13.244)
          NMSE 0.156831 -> 0.159673 (+1.8%)  loss 0.003686 -> 0.002163  (0.5s)
  [  5/50] random_IR_0005.npz             mu  46.222 -> 106.146 (GT  45.159)
          NMSE 0.065354 -> 0.122961 (+88.1%)  loss 0.067675 -> 0.013462  (1.7s)
  [ 10/50] random_IR_0010.npz             mu  10.294 ->  10.382 (GT  31.912)
          NMSE 0.184084 -> 0.184025 (-0.0%)  loss 0.053912 -> 0.053905  (0.4s)
  [ 20/50] random_IR_0020.npz             mu  62.641 ->  45.461 (GT  43.384)
          NMSE 0.082654 -> 0.076975 (-6.9%)  loss 0.005781 -> 0.004759  (0.6s)
  [ 30/50] random_IR_0030.npz             mu  35.766 ->   2.945 (GT  16.703)
          NMSE 0.134118 -> 0.131421 (-2.0%)  loss 0.249157 -> 0.129200  (1.1s)
  [ 40/50] random_IR_0040.npz             mu   5.464 ->  77.971 (GT  38.783)
          NMSE 0.115181 -> 0.121774 (+5.7%)  loss 0.334405 -> 0.001357  (3.6s)
  [ 50/50] random_IR_0050.npz             mu  30.791 ->  80.878 (GT  51.163)
          NMSE 0.098754 -> 0.106003 (+7.3%)  loss 0.001906 -> 0.000410  (0.5s)

======================================================================
  AGGREGATE
======================================================================
  Mean NMSE   orig: 0.080924
              refn: 0.082239
  Median NMSE orig: 0.081003
              refn: 0.075904
  IRs improved: 29 / 50  worsened: 21  unchanged: 0
  Mean elapsed/IR:    1.35 s
  Total runtime:      81.6 s
  Wrote: /home/bhpark3/dafxchal/results/decomp_sweep/mfcc/stage2/mu_refined_summary.csv
