Device cuda | loss L1_STFT_g1 | duration 0.25s
Loading train targets from data/train-p99
Loading val targets from data/val-p99
  98304 train / 996 val in 43s   train tensor 4.34 GB
  training set held in host memory; batches transferred per step
reference levels:  gt_loss 4.7801e-07   saturation (unrelated IRs) 1.7223e+04
constant-predictor NMSE: 6d 4.730e-02  7d 7.959e-02  (the floor to beat)
training loss stuck near saturation = gradient uninformative; well below = learning

encoder: 3.74M params, width 32

loss scale (fixed): 4.4834e+03
step      1  train 4.4834e+03  val 2.1040e+07  6d geo 4.283e-02 med 4.750e-02 p90 8.157e-02 (const 4.730e-02)  |g| 3.35e+01  [1s]
           5d geo 4.206e-02 med 4.849e-02   postmu 6d geo 5.624e-02 med 5.806e-02 p90 1.468e-01   mu |dlog| 0.6591
           WARNING: prediction spread 0.000 of ground truth -- the output has collapsed to a constant (saturated tanh); lower --lr or raise --warmup-steps and restart
           corr(identifiable)  mu=-0.37  D_div_mu=+0.16  T0_div_mu=-0.01  Ly=-0.01  op_x=-0.48  op_y=-0.27   mean spread/GT 0.00
           err share           mu=16%  D_div_mu=3%  T0_div_mu=2%  Ly=26%  op_x=28%  op_y=26%
step    100  train 4.7761e+02  |g| 2.41e+00  [46s]
step    200  train 2.5546e+02  |g| 9.63e-01  [87s]
step    300  train 2.8435e+02  |g| 1.08e+00  [128s]
step    400  train 2.2149e+02  |g| 9.97e-01  [170s]
step    500  train 2.0334e+02  |g| 1.63e-01  [212s]
step    600  train 2.1046e+02  |g| 6.55e-02  [254s]
step    700  train 2.1403e+02  |g| 1.26e-01  [296s]
step    800  train 2.1493e+02  |g| 7.10e-02  [338s]
step    900  train 1.9706e+02  |g| 1.05e-01  [380s]
step   1000  train 1.9841e+02  |g| 1.05e-01  [422s]
step   1100  train 2.1935e+02  |g| 8.92e-02  [464s]
step   1200  train 1.9169e+02  |g| 1.65e-01  [507s]
step   1300  train 2.0635e+02  |g| 9.08e-02  [549s]
step   1400  train 2.0987e+02  |g| 2.68e-01  [592s]
step   1500  train 1.9858e+02  |g| 1.26e-01  [635s]
step   1600  train 1.8991e+02  |g| 3.71e-01  [679s]
step   1700  train 2.0859e+02  |g| 1.70e-01  [723s]
step   1800  train 1.9856e+02  |g| 9.44e-01  [768s]
step   1900  train 2.0626e+02  |g| 2.61e-01  [812s]
step   2000  train 2.0035e+02  val 1.9019e+02  6d geo 4.059e-02 med 4.422e-02 p90 9.300e-02 (const 4.730e-02)  |g| 1.45e-01  [855s]
           5d geo 3.682e-02 med 4.093e-02   postmu 6d geo 3.836e-02 med 4.168e-02 p90 9.408e-02   mu |dlog| 0.4483
           corr(identifiable)  mu=+0.58  D_div_mu=+0.50  T0_div_mu=+0.36  Ly=+0.31  op_x=+0.49  op_y=+0.06   mean spread/GT 0.45
           err share           mu=20%  D_div_mu=2%  T0_div_mu=2%  Ly=24%  op_x=24%  op_y=28%
step   2100  train 1.7508e+02  |g| 1.50e-01  [903s]
step   2200  train 1.9291e+02  |g| 2.17e-01  [947s]
step   2300  train 1.7807e+02  |g| 2.23e-01  [991s]
step   2400  train 2.0704e+02  |g| 2.96e-01  [1035s]
step   2500  train 1.8783e+02  |g| 2.13e-01  [1080s]
step   2600  train 1.8334e+02  |g| 3.73e-01  [1123s]
step   2700  train 1.9768e+02  |g| 3.70e-01  [1167s]
step   2800  train 1.9353e+02  |g| 2.79e-01  [1213s]
step   2900  train 1.8064e+02  |g| 1.82e-01  [1258s]
step   3000  train 1.8385e+02  |g| 2.75e-01  [1304s]
step   3100  train 1.9599e+02  |g| 3.99e-01  [1352s]
step   3200  train 1.9678e+02  |g| 6.50e-01  [1402s]
step   3300  train 1.9007e+02  |g| 4.36e-01  [1453s]
step   3400  train 1.9304e+02  |g| 5.41e-01  [1504s]
step   3500  train 1.7748e+02  |g| 4.74e-01  [1555s]
step   3600  train 1.7000e+02  |g| 3.68e-01  [1606s]
step   3700  train 1.6625e+02  |g| 3.57e-01  [1657s]
step   3800  train 1.8555e+02  |g| 9.36e-01  [1708s]
step   3900  train 1.6174e+02  |g| 3.21e-01  [1759s]
step   4000  train 1.8887e+02  val 1.7019e+02  6d geo 2.936e-02 med 3.154e-02 p90 7.498e-02 (const 4.730e-02)  |g| 3.96e-01  [1810s]
           5d geo 2.904e-02 med 3.196e-02   postmu 6d geo 3.274e-02 med 3.566e-02 p90 8.348e-02   mu |dlog| 0.4552
           corr(identifiable)  mu=+0.72  D_div_mu=+0.73  T0_div_mu=+0.42  Ly=+0.59  op_x=+0.63  op_y=+0.57   mean spread/GT 0.70
           err share           mu=13%  D_div_mu=2%  T0_div_mu=2%  Ly=22%  op_x=28%  op_y=33%
step   4100  train 1.7792e+02  |g| 8.94e-01  [1863s]
step   4200  train 1.8186e+02  |g| 3.67e-01  [1912s]
step   4300  train 1.7057e+02  |g| 3.05e-01  [1962s]
step   4400  train 1.5267e+02  |g| 3.07e-01  [2011s]
step   4500  train 1.7022e+02  |g| 4.91e-01  [2060s]
step   4600  train 1.5876e+02  |g| 5.48e-01  [2109s]
step   4700  train 1.5569e+02  |g| 3.60e-01  [2159s]
step   4800  train 1.7802e+02  |g| 5.83e-01  [2208s]
step   4900  train 1.5174e+02  |g| 6.98e-01  [2259s]
step   5000  train 1.5663e+02  |g| 4.73e-01  [2309s]
step   5100  train 1.7951e+02  |g| 4.93e-01  [2358s]
step   5200  train 1.6147e+02  |g| 5.93e-01  [2408s]
step   5300  train 1.4539e+02  |g| 4.35e-01  [2458s]
step   5400  train 1.5295e+02  |g| 2.92e-01  [2508s]
step   5500  train 1.4238e+02  |g| 4.04e-01  [2559s]
  WARNING: 1 of 64 parameter sets need a finer grid than the pinned (86, 282) and are truncated. Raise --fixed-mode-grid; targets rendered under a pin that truncates them are not the plate's output at those parameters.
step   5600  train 1.5359e+02  |g| 6.13e-01  [2610s]
step   5700  train 1.5087e+02  |g| 2.85e-01  [2661s]
step   5800  train 1.6018e+02  |g| 7.11e-01  [2712s]
step   5900  train 1.5198e+02  |g| 9.18e-01  [2763s]
step   6000  train 1.4257e+02  val 1.5763e+02  6d geo 2.449e-02 med 2.533e-02 p90 6.647e-02 (const 4.730e-02)  |g| 2.55e-01  [2814s]
           5d geo 2.152e-02 med 2.206e-02   postmu 6d geo 2.471e-02 med 2.574e-02 p90 6.901e-02   mu |dlog| 0.4206
           corr(identifiable)  mu=+0.70  D_div_mu=+0.87  T0_div_mu=+0.42  Ly=+0.63  op_x=+0.66  op_y=+0.71   mean spread/GT 0.70
           err share           mu=20%  D_div_mu=1%  T0_div_mu=2%  Ly=24%  op_x=27%  op_y=26%
step   6100  train 1.7439e+02  |g| 1.31e+00  [2868s]
step   6200  train 1.6829e+02  |g| 4.90e-01  [2919s]
step   6300  train 1.4417e+02  |g| 6.04e-01  [2970s]
step   6400  train 1.5102e+02  |g| 3.49e-01  [3021s]
step   6500  train 1.3320e+02  |g| 3.74e-01  [3072s]
step   6600  train 1.4556e+02  |g| 3.49e-01  [3123s]
step   6700  train 1.5505e+02  |g| 3.88e-01  [3175s]
step   6800  train 1.4568e+02  |g| 4.29e-01  [3227s]
step   6900  train 1.5341e+02  |g| 3.91e-01  [3279s]
step   7000  train 1.3919e+02  |g| 2.38e-01  [3330s]
step   7100  train 1.6596e+02  |g| 4.06e-01  [3381s]
step   7200  train 1.4360e+02  |g| 6.43e-01  [3433s]
step   7300  train 1.5332e+02  |g| 5.60e-01  [3484s]
step   7400  train 1.8279e+02  |g| 1.85e+00  [3536s]
step   7500  train 1.2942e+02  |g| 3.26e-01  [3588s]
step   7600  train 1.4828e+02  |g| 4.74e-01  [3640s]
step   7700  train 1.4762e+02  |g| 5.26e-01  [3691s]
step   7800  train 1.3829e+02  |g| 2.64e-01  [3743s]
step   7900  train 1.5078e+02  |g| 8.05e-01  [3795s]
step   8000  train 1.3598e+02  val 1.3851e+02  6d geo 1.851e-02 med 1.919e-02 p90 5.336e-02 (const 4.730e-02)  |g| 3.33e-01  [3847s]
           5d geo 1.351e-02 med 1.496e-02   postmu 6d geo 1.568e-02 med 1.660e-02 p90 5.244e-02   mu |dlog| 0.3332
           corr(identifiable)  mu=+0.73  D_div_mu=+0.94  T0_div_mu=+0.44  Ly=+0.70  op_x=+0.71  op_y=+0.84   mean spread/GT 0.82
           err share           mu=26%  D_div_mu=1%  T0_div_mu=2%  Ly=25%  op_x=31%  op_y=15%
step   8100  train 1.4475e+02  |g| 4.54e-01  [3903s]
step   8200  train 1.7805e+02  |g| 2.87e+00  [3955s]
step   8300  train 1.3591e+02  |g| 6.53e-01  [4006s]
step   8400  train 1.7022e+02  |g| 1.61e+00  [4058s]
step   8500  train 1.4854e+02  |g| 5.69e-01  [4110s]
step   8600  train 1.4421e+02  |g| 5.07e-01  [4162s]
step   8700  train 1.3610e+02  |g| 5.97e-01  [4214s]
step   8800  train 1.4668e+02  |g| 6.91e-01  [4266s]
step   8900  train 1.3382e+02  |g| 8.80e-01  [4318s]
step   9000  train 1.4285e+02  |g| 1.25e+00  [4369s]
step   9100  train 1.3675e+02  |g| 4.43e-01  [4420s]
step   9200  train 1.2844e+02  |g| 4.73e-01  [4471s]
step   9300  train 1.2314e+02  |g| 3.87e-01  [4524s]
step   9400  train 1.3661e+02  |g| 4.17e-01  [4575s]
step   9500  train 1.2062e+02  |g| 4.55e-01  [4627s]
step   9600  train 1.2423e+02  |g| 5.64e-01  [4678s]
step   9700  train 1.3754e+02  |g| 1.01e+00  [4730s]
step   9800  train 1.2577e+02  |g| 4.97e-01  [4782s]
step   9900  train 1.5182e+02  |g| 2.06e+00  [4833s]
step  10000  train 1.2114e+02  val 1.3100e+02  6d geo 1.627e-02 med 1.663e-02 p90 5.372e-02 (const 4.730e-02)  |g| 1.01e+00  [4884s]
           5d geo 1.167e-02 med 1.272e-02   postmu 6d geo 1.392e-02 med 1.519e-02 p90 5.168e-02   mu |dlog| 0.3198
           corr(identifiable)  mu=+0.74  D_div_mu=+0.95  T0_div_mu=+0.43  Ly=+0.77  op_x=+0.71  op_y=+0.85   mean spread/GT 0.85
           err share           mu=27%  D_div_mu=1%  T0_div_mu=2%  Ly=22%  op_x=33%  op_y=15%
step  10100  train 1.3386e+02  |g| 1.68e+00  [4940s]
step  10200  train 1.2277e+02  |g| 4.21e-01  [4991s]
step  10300  train 1.4710e+02  |g| 8.30e-01  [5042s]
step  10400  train 1.3122e+02  |g| 6.29e-01  [5093s]
step  10500  train 1.1927e+02  |g| 4.80e-01  [5145s]
step  10600  train 1.1288e+02  |g| 4.42e-01  [5196s]
step  10700  train 1.2893e+02  |g| 6.64e-01  [5247s]
step  10800  train 1.2655e+02  |g| 8.69e-01  [5299s]
step  10900  train 1.1222e+02  |g| 4.15e-01  [5349s]
step  11000  train 1.1809e+02  |g| 5.18e-01  [5400s]
step  11100  train 1.5679e+02  |g| 1.05e+00  [5450s]
step  11200  train 1.4347e+02  |g| 1.26e+00  [5500s]
step  11300  train 1.1669e+02  |g| 1.21e+00  [5551s]
step  11400  train 1.2363e+02  |g| 8.80e-01  [5602s]
step  11500  train 1.4542e+02  |g| 2.84e+00  [5652s]
step  11600  train 1.2088e+02  |g| 1.29e+00  [5703s]
step  11700  train 1.2501e+02  |g| 8.53e-01  [5754s]
step  11800  train 1.1678e+02  |g| 1.12e+00  [5804s]
step  11900  train 1.3019e+02  |g| 1.47e+00  [5855s]
step  12000  train 1.2225e+02  val 1.4108e+02  6d geo 1.511e-02 med 1.711e-02 p90 4.982e-02 (const 4.730e-02)  |g| 2.22e+00  [5905s]
           5d geo 1.180e-02 med 1.224e-02   postmu 6d geo 1.532e-02 med 1.692e-02 p90 5.526e-02   mu |dlog| 0.3419
           corr(identifiable)  mu=+0.78  D_div_mu=+0.95  T0_div_mu=+0.46  Ly=+0.78  op_x=+0.73  op_y=+0.84   mean spread/GT 0.88
           err share           mu=24%  D_div_mu=2%  T0_div_mu=2%  Ly=22%  op_x=33%  op_y=17%
step  12100  train 1.2737e+02  |g| 1.44e+00  [5960s]
step  12200  train 1.2147e+02  |g| 1.10e+00  [6010s]
step  12300  train 1.1624e+02  |g| 3.61e-01  [6061s]
step  12400  train 1.1774e+02  |g| 1.18e+00  [6112s]
step  12500  train 1.1460e+02  |g| 1.57e+00  [6162s]
step  12600  train 1.0965e+02  |g| 9.91e-01  [6213s]
step  12700  train 1.3395e+02  |g| 1.04e+00  [6264s]
step  12800  train 1.2813e+02  |g| 6.14e-01  [6313s]
step  12900  train 1.2646e+02  |g| 8.34e-01  [6364s]
step  13000  train 1.2365e+02  |g| 5.66e-01  [6414s]
step  13100  train 1.0719e+02  |g| 6.32e-01  [6465s]
step  13200  train 1.1914e+02  |g| 2.29e+00  [6515s]
step  13300  train 1.1658e+02  |g| 1.50e+00  [6566s]
step  13400  train 1.1329e+02  |g| 6.77e-01  [6616s]
step  13500  train 1.1067e+02  |g| 1.19e+00  [6667s]
step  13600  train 1.0910e+02  |g| 8.96e-01  [6717s]
step  13700  train 1.0483e+02  |g| 4.92e-01  [6768s]
step  13800  train 1.1883e+02  |g| 8.77e-01  [6819s]
step  13900  train 1.0235e+02  |g| 2.92e-01  [6870s]
step  14000  train 1.1410e+02  val 1.1568e+02  6d geo 1.218e-02 med 1.293e-02 p90 4.831e-02 (const 4.730e-02)  |g| 7.13e-01  [6920s]
           5d geo 8.686e-03 med 9.245e-03   postmu 6d geo 1.315e-02 med 1.454e-02 p90 5.488e-02   mu |dlog| 0.3651
           corr(identifiable)  mu=+0.81  D_div_mu=+0.96  T0_div_mu=+0.47  Ly=+0.85  op_x=+0.76  op_y=+0.90   mean spread/GT 0.85
           err share           mu=29%  D_div_mu=1%  T0_div_mu=2%  Ly=21%  op_x=35%  op_y=13%
step  14100  train 1.1751e+02  |g| 1.16e+00  [6975s]
step  14200  train 1.0047e+02  |g| 9.86e-01  [7026s]
step  14300  train 1.1634e+02  |g| 1.07e+00  [7076s]
step  14400  train 1.0161e+02  |g| 3.19e-01  [7127s]
step  14500  train 9.5499e+01  |g| 1.49e+00  [7178s]
step  14600  train 9.9159e+01  |g| 9.85e-01  [7229s]
step  14700  train 1.0502e+02  |g| 5.16e-01  [7280s]
step  14800  train 9.5268e+01  |g| 8.74e-01  [7331s]
step  14900  train 9.6061e+01  |g| 2.89e-01  [7382s]
step  15000  train 1.0508e+02  |g| 5.51e-01  [7433s]
step  15100  train 1.0478e+02  |g| 1.05e+00  [7483s]
step  15200  train 1.0611e+02  |g| 1.84e+00  [7534s]
step  15300  train 9.3732e+01  |g| 3.98e-01  [7585s]
step  15400  train 9.8274e+01  |g| 1.23e+00  [7636s]
step  15500  train 1.0388e+02  |g| 1.06e+00  [7686s]
step  15600  train 9.0306e+01  |g| 8.00e-01  [7737s]
step  15700  train 1.1238e+02  |g| 3.81e+00  [7789s]
step  15800  train 1.0491e+02  |g| 1.30e+00  [7840s]
step  15900  train 1.1840e+02  |g| 1.88e+00  [7890s]
step  16000  train 1.0642e+02  val 9.6225e+01  6d geo 9.700e-03 med 1.016e-02 p90 4.285e-02 (const 4.730e-02)  |g| 3.34e+00  [7941s]
           5d geo 6.602e-03 med 7.039e-03   postmu 6d geo 8.380e-03 med 9.054e-03 p90 3.897e-02   mu |dlog| 0.2511
           corr(identifiable)  mu=+0.82  D_div_mu=+0.97  T0_div_mu=+0.51  Ly=+0.86  op_x=+0.76  op_y=+0.91   mean spread/GT 0.88
           err share           mu=26%  D_div_mu=1%  T0_div_mu=2%  Ly=20%  op_x=38%  op_y=14%
step  16100  train 9.9191e+01  |g| 8.51e-01  [7996s]
step  16200  train 8.8737e+01  |g| 1.50e+00  [8047s]
step  16300  train 1.0192e+02  |g| 1.21e+00  [8098s]
step  16400  train 1.0793e+02  |g| 1.99e+00  [8149s]
step  16500  train 9.3157e+01  |g| 1.07e+00  [8200s]
step  16600  train 9.6618e+01  |g| 1.75e+00  [8250s]
step  16700  train 1.0199e+02  |g| 8.42e-01  [8301s]
step  16800  train 9.5371e+01  |g| 2.14e+00  [8352s]
step  16900  train 1.0695e+02  |g| 2.77e+00  [8403s]
step  17000  train 1.0066e+02  |g| 2.58e+00  [8454s]
step  17100  train 9.4304e+01  |g| 5.25e-01  [8505s]
step  17200  train 9.4630e+01  |g| 1.42e+00  [8556s]
step  17300  train 8.4248e+01  |g| 3.57e-01  [8607s]
step  17400  train 9.4234e+01  |g| 2.74e-01  [8658s]
step  17500  train 9.3672e+01  |g| 1.41e+00  [8708s]
step  17600  train 9.9755e+01  |g| 9.75e-01  [8759s]
step  17700  train 9.0500e+01  |g| 5.25e-01  [8810s]
step  17800  train 8.9447e+01  |g| 8.98e-01  [8860s]
step  17900  train 9.3526e+01  |g| 1.22e+00  [8911s]
step  18000  train 8.6580e+01  val 8.9135e+01  6d geo 7.207e-03 med 7.431e-03 p90 4.160e-02 (const 4.730e-02)  |g| 7.03e-01  [8962s]
           5d geo 5.355e-03 med 5.252e-03   postmu 6d geo 7.233e-03 med 7.551e-03 p90 4.262e-02   mu |dlog| 0.2263
           corr(identifiable)  mu=+0.82  D_div_mu=+0.97  T0_div_mu=+0.51  Ly=+0.88  op_x=+0.76  op_y=+0.91   mean spread/GT 0.88
           err share           mu=25%  D_div_mu=1%  T0_div_mu=3%  Ly=19%  op_x=38%  op_y=15%
step  18100  train 8.9723e+01  |g| 1.58e+00  [9017s]
step  18200  train 9.1736e+01  |g| 1.50e+00  [9068s]
step  18300  train 9.2792e+01  |g| 5.48e-01  [9119s]
step  18400  train 8.1280e+01  |g| 6.23e-01  [9170s]
step  18500  train 9.2134e+01  |g| 7.04e-01  [9221s]
step  18600  train 8.3082e+01  |g| 2.47e+00  [9272s]
step  18700  train 8.2817e+01  |g| 2.16e+00  [9323s]
step  18800  train 8.6935e+01  |g| 1.07e+00  [9373s]
step  18900  train 9.9020e+01  |g| 1.69e+00  [9425s]
step  19000  train 9.6532e+01  |g| 1.71e+00  [9476s]
step  19100  train 8.6109e+01  |g| 7.05e-01  [9527s]
step  19200  train 9.5542e+01  |g| 1.98e+00  [9578s]
step  19300  train 9.1802e+01  |g| 6.79e-01  [9629s]
step  19400  train 7.4512e+01  |g| 4.18e-01  [9680s]
step  19500  train 9.0343e+01  |g| 2.11e+00  [9731s]
step  19600  train 8.9047e+01  |g| 5.84e-01  [9782s]
step  19700  train 9.1691e+01  |g| 1.01e+00  [9833s]
step  19800  train 8.1384e+01  |g| 7.72e-01  [9885s]
step  19900  train 8.6427e+01  |g| 2.27e+00  [9936s]
step  20000  train 8.2335e+01  val 8.5703e+01  6d geo 6.862e-03 med 7.136e-03 p90 3.624e-02 (const 4.730e-02)  |g| 1.52e+00  [9988s]
           5d geo 5.130e-03 med 4.992e-03   postmu 6d geo 6.868e-03 med 7.266e-03 p90 3.610e-02   mu |dlog| 0.2194
           corr(identifiable)  mu=+0.86  D_div_mu=+0.98  T0_div_mu=+0.53  Ly=+0.90  op_x=+0.79  op_y=+0.92   mean spread/GT 0.91
           err share           mu=24%  D_div_mu=1%  T0_div_mu=2%  Ly=17%  op_x=41%  op_y=15%
step  20100  train 8.5803e+01  |g| 2.17e+00  [10043s]
step  20200  train 8.6687e+01  |g| 7.09e-01  [10095s]
step  20300  train 8.2514e+01  |g| 1.61e+00  [10146s]
step  20400  train 8.0214e+01  |g| 2.73e-01  [10198s]
step  20500  train 9.4523e+01  |g| 2.74e+00  [10249s]
step  20600  train 8.8092e+01  |g| 1.19e+00  [10300s]
step  20700  train 8.7828e+01  |g| 1.57e+00  [10352s]
step  20800  train 8.4368e+01  |g| 2.29e+00  [10402s]
step  20900  train 8.0071e+01  |g| 5.17e-01  [10453s]
step  21000  train 8.2680e+01  |g| 1.07e+00  [10504s]
step  21100  train 7.5883e+01  |g| 7.77e-01  [10555s]
step  21200  train 8.1196e+01  |g| 1.48e+00  [10606s]
step  21300  train 8.7933e+01  |g| 1.81e+00  [10658s]
step  21400  train 8.0286e+01  |g| 1.02e+00  [10709s]
step  21500  train 8.4710e+01  |g| 1.37e+00  [10760s]
step  21600  train 9.0138e+01  |g| 4.18e-01  [10811s]
step  21700  train 7.8838e+01  |g| 9.18e-01  [10863s]
step  21800  train 9.7355e+01  |g| 2.34e+00  [10914s]
step  21900  train 7.7557e+01  |g| 1.06e+00  [10965s]
step  22000  train 7.8493e+01  val 7.9735e+01  6d geo 5.672e-03 med 5.701e-03 p90 3.690e-02 (const 4.730e-02)  |g| 1.67e+00  [11016s]
           5d geo 3.955e-03 med 3.886e-03   postmu 6d geo 5.038e-03 med 5.046e-03 p90 3.532e-02   mu |dlog| 0.1727
           corr(identifiable)  mu=+0.86  D_div_mu=+0.98  T0_div_mu=+0.53  Ly=+0.90  op_x=+0.79  op_y=+0.92   mean spread/GT 0.91
           err share           mu=22%  D_div_mu=1%  T0_div_mu=3%  Ly=18%  op_x=42%  op_y=14%
step  22100  train 8.4036e+01  |g| 8.59e-01  [11071s]
step  22200  train 7.5173e+01  |g| 2.44e+00  [11122s]
step  22300  train 7.8960e+01  |g| 1.31e+00  [11173s]
step  22400  train 8.0023e+01  |g| 7.64e-01  [11224s]
step  22500  train 7.7226e+01  |g| 9.00e-01  [11275s]
step  22600  train 8.9754e+01  |g| 2.09e+00  [11326s]
step  22700  train 8.0965e+01  |g| 1.97e+00  [11378s]
step  22800  train 8.4640e+01  |g| 2.00e+00  [11430s]
step  22900  train 6.8440e+01  |g| 4.60e-01  [11481s]
step  23000  train 7.9329e+01  |g| 6.23e-01  [11532s]
step  23100  train 7.4688e+01  |g| 8.13e-01  [11584s]
step  23200  train 8.0310e+01  |g| 3.05e-01  [11635s]
step  23300  train 7.5894e+01  |g| 9.89e-01  [11686s]
step  23400  train 8.3376e+01  |g| 2.47e+00  [11738s]
step  23500  train 8.2392e+01  |g| 1.48e+00  [11788s]
step  23600  train 9.4954e+01  |g| 2.63e+00  [11839s]
step  23700  train 7.7654e+01  |g| 2.42e+00  [11890s]
step  23800  train 6.9622e+01  |g| 5.98e-01  [11941s]
step  23900  train 6.5921e+01  |g| 4.15e-01  [11992s]
step  24000  train 8.1660e+01  val 7.5970e+01  6d geo 4.659e-03 med 4.743e-03 p90 3.546e-02 (const 4.730e-02)  |g| 2.04e+00  [12043s]
           5d geo 3.391e-03 med 3.295e-03   postmu 6d geo 4.408e-03 med 4.446e-03 p90 3.293e-02   mu |dlog| 0.1634
           corr(identifiable)  mu=+0.87  D_div_mu=+0.98  T0_div_mu=+0.57  Ly=+0.91  op_x=+0.80  op_y=+0.93   mean spread/GT 0.90
           err share           mu=24%  D_div_mu=0%  T0_div_mu=3%  Ly=18%  op_x=42%  op_y=14%
step  24100  train 8.7577e+01  |g| 4.43e+00  [12098s]
step  24200  train 7.7859e+01  |g| 8.29e-01  [12149s]
step  24300  train 8.4364e+01  |g| 2.12e+00  [12201s]
step  24400  train 7.8116e+01  |g| 2.77e+00  [12252s]
step  24500  train 7.3245e+01  |g| 6.58e-01  [12304s]
step  24600  train 7.1117e+01  |g| 7.30e-01  [12355s]
step  24700  train 8.5318e+01  |g| 5.66e-01  [12407s]
step  24800  train 6.8546e+01  |g| 1.39e+00  [12458s]
step  24900  train 7.4253e+01  |g| 9.53e-01  [12509s]
step  25000  train 8.5062e+01  |g| 1.95e+00  [12561s]
step  25100  train 8.4582e+01  |g| 1.60e+00  [12612s]
step  25200  train 8.0324e+01  |g| 1.58e+00  [12663s]
step  25300  train 7.8731e+01  |g| 2.21e+00  [12715s]
step  25400  train 8.1532e+01  |g| 2.95e+00  [12766s]
step  25500  train 1.1696e+02  |g| 4.98e+00  [12817s]
step  25600  train 7.8819e+01  |g| 2.80e+00  [12869s]
step  25700  train 7.1665e+01  |g| 3.74e-01  [12920s]
step  25800  train 7.9494e+01  |g| 1.93e+00  [12972s]
step  25900  train 8.3976e+01  |g| 2.41e+00  [13023s]
step  26000  train 7.1829e+01  val 6.8850e+01  6d geo 4.460e-03 med 4.482e-03 p90 3.088e-02 (const 4.730e-02)  |g| 3.28e+00  [13075s]
           5d geo 3.140e-03 med 3.065e-03   postmu 6d geo 4.321e-03 med 4.393e-03 p90 3.010e-02   mu |dlog| 0.1840
           corr(identifiable)  mu=+0.88  D_div_mu=+0.98  T0_div_mu=+0.56  Ly=+0.93  op_x=+0.81  op_y=+0.93   mean spread/GT 0.92
           err share           mu=22%  D_div_mu=0%  T0_div_mu=3%  Ly=16%  op_x=44%  op_y=15%
step  26100  train 7.0637e+01  |g| 1.10e+00  [13130s]
step  26200  train 7.9623e+01  |g| 2.21e+00  [13182s]
step  26300  train 7.4326e+01  |g| 1.63e+00  [13233s]
step  26400  train 7.2107e+01  |g| 2.42e+00  [13285s]
step  26500  train 6.8109e+01  |g| 1.61e+00  [13337s]
step  26600  train 6.9679e+01  |g| 4.63e-01  [13389s]
step  26700  train 7.0492e+01  |g| 2.06e+00  [13440s]
step  26800  train 7.2170e+01  |g| 3.10e+00  [13492s]
step  26900  train 6.3957e+01  |g| 1.56e+00  [13544s]
step  27000  train 7.2426e+01  |g| 4.06e+00  [13596s]
step  27100  train 8.0763e+01  |g| 1.45e+00  [13647s]
step  27200  train 7.4009e+01  |g| 3.32e+00  [13699s]
step  27300  train 7.5163e+01  |g| 1.55e+00  [13750s]
step  27400  train 6.1080e+01  |g| 4.76e-01  [13802s]
step  27500  train 6.9352e+01  |g| 1.78e+00  [13854s]
step  27600  train 8.4103e+01  |g| 4.03e+00  [13905s]
step  27700  train 8.1373e+01  |g| 1.88e+00  [13957s]
step  27800  train 7.8102e+01  |g| 3.71e+00  [14008s]
step  27900  train 8.3401e+01  |g| 4.29e+00  [14059s]
step  28000  train 7.3794e+01  val 7.1889e+01  6d geo 3.969e-03 med 3.744e-03 p90 3.222e-02 (const 4.730e-02)  |g| 2.37e+00  [14110s]
           5d geo 2.816e-03 med 2.502e-03   postmu 6d geo 4.134e-03 med 3.981e-03 p90 3.377e-02   mu |dlog| 0.1964
           corr(identifiable)  mu=+0.88  D_div_mu=+0.98  T0_div_mu=+0.57  Ly=+0.92  op_x=+0.82  op_y=+0.94   mean spread/GT 0.91
           err share           mu=23%  D_div_mu=0%  T0_div_mu=3%  Ly=17%  op_x=43%  op_y=14%
step  28100  train 6.5473e+01  |g| 1.23e+00  [14166s]
step  28200  train 7.8942e+01  |g| 2.00e+00  [14218s]
step  28300  train 6.8861e+01  |g| 2.21e+00  [14270s]
step  28400  train 7.3498e+01  |g| 5.63e-01  [14321s]
step  28500  train 7.0541e+01  |g| 2.64e+00  [14373s]
step  28600  train 6.7166e+01  |g| 6.19e-01  [14424s]
step  28700  train 9.3544e+01  |g| 5.35e+00  [14476s]
step  28800  train 7.0945e+01  |g| 8.94e-01  [14528s]
step  28900  train 7.0108e+01  |g| 3.40e+00  [14580s]
step  29000  train 6.0081e+01  |g| 2.78e+00  [14632s]
step  29100  train 7.2242e+01  |g| 2.46e+00  [14683s]
step  29200  train 7.3093e+01  |g| 2.94e+00  [14735s]
step  29300  train 6.9526e+01  |g| 2.42e+00  [14786s]
step  29400  train 7.2786e+01  |g| 5.34e+00  [14838s]
step  29500  train 7.2557e+01  |g| 4.27e+00  [14890s]
step  29600  train 6.2960e+01  |g| 4.90e-01  [14942s]
step  29700  train 5.9347e+01  |g| 1.37e+00  [14994s]
step  29800  train 6.7222e+01  |g| 2.31e+00  [15046s]
step  29900  train 7.2065e+01  |g| 2.96e+00  [15098s]
step  30000  train 5.6302e+01  val 6.3776e+01  6d geo 3.301e-03 med 2.931e-03 p90 2.924e-02 (const 4.730e-02)  |g| 3.64e-01  [15150s]
           5d geo 2.123e-03 med 1.846e-03   postmu 6d geo 3.013e-03 med 2.843e-03 p90 2.863e-02   mu |dlog| 0.1462
           corr(identifiable)  mu=+0.89  D_div_mu=+0.98  T0_div_mu=+0.59  Ly=+0.94  op_x=+0.83  op_y=+0.94   mean spread/GT 0.92
           err share           mu=25%  D_div_mu=0%  T0_div_mu=2%  Ly=15%  op_x=43%  op_y=14%
step  30100  train 6.5756e+01  |g| 1.33e+00  [15207s]
step  30200  train 7.0396e+01  |g| 3.28e+00  [15259s]
step  30300  train 6.2565e+01  |g| 3.16e+00  [15311s]
step  30400  train 6.8368e+01  |g| 3.82e+00  [15364s]
step  30500  train 6.0544e+01  |g| 2.69e+00  [15416s]
step  30600  train 6.3119e+01  |g| 2.11e+00  [15468s]
step  30700  train 6.3807e+01  |g| 1.53e+00  [15521s]
step  30800  train 6.3381e+01  |g| 2.84e+00  [15573s]
step  30900  train 5.6646e+01  |g| 6.32e-01  [15625s]
step  31000  train 5.6710e+01  |g| 8.87e-01  [15677s]
step  31100  train 6.3028e+01  |g| 2.19e+00  [15730s]
step  31200  train 6.5477e+01  |g| 2.71e+00  [15783s]
step  31300  train 6.4336e+01  |g| 5.09e+00  [15835s]
step  31400  train 5.7229e+01  |g| 2.13e+00  [15887s]
step  31500  train 5.6250e+01  |g| 2.04e+00  [15940s]
step  31600  train 5.9550e+01  |g| 6.38e-01  [15992s]
step  31700  train 7.2650e+01  |g| 5.48e+00  [16045s]
step  31800  train 5.3399e+01  |g| 1.97e+00  [16097s]
step  31900  train 6.2027e+01  |g| 7.33e-01  [16150s]
step  32000  train 6.6263e+01  val 6.0036e+01  6d geo 3.154e-03 med 2.936e-03 p90 2.729e-02 (const 4.730e-02)  |g| 1.79e+00  [16203s]
           5d geo 1.866e-03 med 1.614e-03   postmu 6d geo 2.778e-03 med 2.589e-03 p90 2.649e-02   mu |dlog| 0.1492
           corr(identifiable)  mu=+0.89  D_div_mu=+0.99  T0_div_mu=+0.62  Ly=+0.94  op_x=+0.84  op_y=+0.95   mean spread/GT 0.93
           err share           mu=26%  D_div_mu=0%  T0_div_mu=2%  Ly=15%  op_x=43%  op_y=13%
step  32100  train 5.8757e+01  |g| 2.41e+00  [16259s]
step  32200  train 5.1573e+01  |g| 8.48e-01  [16312s]
step  32300  train 5.8472e+01  |g| 3.01e+00  [16365s]
step  32400  train 6.8851e+01  |g| 5.38e+00  [16417s]
step  32500  train 5.2050e+01  |g| 2.41e+00  [16470s]
step  32600  train 5.6730e+01  |g| 1.09e+00  [16522s]
step  32700  train 6.6001e+01  |g| 7.80e-01  [16574s]
step  32800  train 5.2414e+01  |g| 2.30e+00  [16627s]
step  32900  train 5.9158e+01  |g| 2.22e+00  [16680s]
step  33000  train 7.9047e+01  |g| 3.63e+00  [16732s]
step  33100  train 5.5175e+01  |g| 5.31e-01  [16785s]
step  33200  train 5.6314e+01  |g| 1.43e+00  [16838s]
step  33300  train 5.6117e+01  |g| 2.04e+00  [16890s]
step  33400  train 5.3885e+01  |g| 7.97e-01  [16943s]
step  33500  train 6.0746e+01  |g| 2.91e+00  [16996s]
step  33600  train 4.9917e+01  |g| 1.26e+00  [17048s]
step  33700  train 4.9038e+01  |g| 4.90e-01  [17100s]
step  33800  train 7.3653e+01  |g| 4.07e+00  [17153s]
step  33900  train 5.4001e+01  |g| 2.24e+00  [17205s]
step  34000  train 5.4721e+01  val 5.5957e+01  6d geo 2.310e-03 med 2.078e-03 p90 2.598e-02 (const 4.730e-02)  |g| 3.06e+00  [17258s]
           5d geo 1.472e-03 med 1.283e-03   postmu 6d geo 2.048e-03 med 1.915e-03 p90 2.467e-02   mu |dlog| 0.1147
           corr(identifiable)  mu=+0.90  D_div_mu=+0.99  T0_div_mu=+0.63  Ly=+0.95  op_x=+0.85  op_y=+0.96   mean spread/GT 0.92
           err share           mu=24%  D_div_mu=0%  T0_div_mu=2%  Ly=15%  op_x=46%  op_y=13%
step  34100  train 5.6137e+01  |g| 2.42e+00  [17315s]
step  34200  train 4.6333e+01  |g| 1.93e+00  [17367s]
step  34300  train 4.9307e+01  |g| 2.01e+00  [17420s]
step  34400  train 5.7551e+01  |g| 2.19e+00  [17472s]
step  34500  train 6.0668e+01  |g| 4.34e+00  [17525s]
step  34600  train 5.7325e+01  |g| 2.17e+00  [17577s]
step  34700  train 6.5583e+01  |g| 3.40e+00  [17630s]
step  34800  train 4.7609e+01  |g| 1.68e+00  [17683s]
step  34900  train 5.3749e+01  |g| 2.81e+00  [17735s]
step  35000  train 5.2516e+01  |g| 7.74e-01  [17788s]
step  35100  train 5.5399e+01  |g| 1.05e+00  [17841s]
step  35200  train 4.7836e+01  |g| 9.56e-01  [17893s]
step  35300  train 4.6937e+01  |g| 2.90e+00  [17946s]
step  35400  train 5.3374e+01  |g| 7.12e-01  [17999s]
step  35500  train 5.5882e+01  |g| 2.71e+00  [18052s]
step  35600  train 5.7640e+01  |g| 5.43e-01  [18105s]
step  35700  train 5.0739e+01  |g| 1.44e+00  [18157s]
step  35800  train 4.7759e+01  |g| 2.43e+00  [18210s]
step  35900  train 4.5882e+01  |g| 2.26e+00  [18263s]
step  36000  train 5.2695e+01  val 5.1827e+01  6d geo 2.122e-03 med 1.903e-03 p90 2.582e-02 (const 4.730e-02)  |g| 1.69e+00  [18315s]
           5d geo 1.310e-03 med 1.090e-03   postmu 6d geo 1.873e-03 med 1.763e-03 p90 2.442e-02   mu |dlog| 0.1072
           corr(identifiable)  mu=+0.90  D_div_mu=+0.99  T0_div_mu=+0.63  Ly=+0.95  op_x=+0.85  op_y=+0.95   mean spread/GT 0.92
           err share           mu=25%  D_div_mu=0%  T0_div_mu=2%  Ly=15%  op_x=45%  op_y=13%
step  36100  train 5.1951e+01  |g| 3.17e+00  [18373s]
step  36200  train 5.0286e+01  |g| 1.83e+00  [18426s]
step  36300  train 5.7490e+01  |g| 3.35e+00  [18479s]
step  36400  train 4.5265e+01  |g| 7.37e-01  [18531s]
step  36500  train 5.3488e+01  |g| 1.11e+00  [18584s]
step  36600  train 4.5349e+01  |g| 4.23e-01  [18637s]
step  36700  train 4.8848e+01  |g| 3.27e+00  [18690s]
step  36800  train 4.5818e+01  |g| 1.41e+00  [18742s]
step  36900  train 4.5785e+01  |g| 1.61e+00  [18794s]
step  37000  train 4.6965e+01  |g| 3.71e-01  [18847s]
step  37100  train 4.7962e+01  |g| 1.25e+00  [18899s]
step  37200  train 4.3490e+01  |g| 1.76e+00  [18952s]
step  37300  train 4.4048e+01  |g| 1.73e+00  [19005s]
step  37400  train 4.2584e+01  |g| 4.51e-01  [19057s]
step  37500  train 4.6870e+01  |g| 1.94e+00  [19109s]
step  37600  train 4.1172e+01  |g| 1.26e+00  [19162s]
step  37700  train 4.1224e+01  |g| 2.11e+00  [19215s]
step  37800  train 4.1793e+01  |g| 5.86e-01  [19267s]
step  37900  train 4.3413e+01  |g| 1.19e+00  [19320s]
step  38000  train 5.2690e+01  val 4.9970e+01  6d geo 1.903e-03 med 1.662e-03 p90 2.504e-02 (const 4.730e-02)  |g| 4.75e-01  [19372s]
           5d geo 1.256e-03 med 1.023e-03   postmu 6d geo 1.838e-03 med 1.662e-03 p90 2.468e-02   mu |dlog| 0.1097
           corr(identifiable)  mu=+0.91  D_div_mu=+0.99  T0_div_mu=+0.64  Ly=+0.95  op_x=+0.85  op_y=+0.95   mean spread/GT 0.93
           err share           mu=23%  D_div_mu=0%  T0_div_mu=2%  Ly=15%  op_x=46%  op_y=14%
step  38100  train 4.9988e+01  |g| 2.70e+00  [19429s]
step  38200  train 4.9743e+01  |g| 2.33e+00  [19482s]
step  38300  train 4.7376e+01  |g| 7.38e-01  [19535s]
step  38400  train 5.1518e+01  |g| 1.74e+00  [19588s]
step  38500  train 4.6409e+01  |g| 5.25e-01  [19641s]
step  38600  train 4.2300e+01  |g| 2.84e+00  [19693s]
step  38700  train 4.2565e+01  |g| 1.70e+00  [19746s]
step  38800  train 5.0991e+01  |g| 1.49e+00  [19799s]
step  38900  train 4.8363e+01  |g| 3.14e+00  [19851s]
step  39000  train 4.3633e+01  |g| 3.48e-01  [19904s]
step  39100  train 4.8700e+01  |g| 2.07e+00  [19957s]
step  39200  train 4.8099e+01  |g| 4.93e-01  [20010s]
step  39300  train 4.4481e+01  |g| 2.70e+00  [20062s]
step  39400  train 4.8326e+01  |g| 6.69e-01  [20115s]
step  39500  train 4.4063e+01  |g| 2.95e-01  [20167s]
step  39600  train 4.3248e+01  |g| 3.66e-01  [20220s]
step  39700  train 5.2069e+01  |g| 3.44e+00  [20273s]
step  39800  train 4.2874e+01  |g| 1.17e+00  [20326s]
step  39900  train 4.7224e+01  |g| 1.50e+00  [20378s]
step  40000  train 4.5419e+01  val 4.9143e+01  6d geo 1.870e-03 med 1.649e-03 p90 2.485e-02 (const 4.730e-02)  |g| 4.62e-01  [20431s]
           5d geo 1.218e-03 med 1.005e-03   postmu 6d geo 1.784e-03 med 1.660e-03 p90 2.464e-02   mu |dlog| 0.1078
           corr(identifiable)  mu=+0.91  D_div_mu=+0.99  T0_div_mu=+0.64  Ly=+0.95  op_x=+0.85  op_y=+0.96   mean spread/GT 0.92
           err share           mu=23%  D_div_mu=0%  T0_div_mu=2%  Ly=15%  op_x=46%  op_y=14%
best val_nmse_6d_postmu_geo 1.7844e-03 (encoder_best.pt)

Done. Outputs written to /home/bhpark3/dafx_ddsp/results/ddsp/gamma_raw/L1_STFT_g1
