======================================================================
  TERNARY-SEARCH μ-REFINEMENT on CUDA (float32)
======================================================================
  CMA-ES results: /home/bhpark3/dafxchal/results/standard_sweep/esr/stage1
  Targets: /home/bhpark3/dafxchal/data/random-IR-100-1.0s
  Loss: ESR, Duration: 0.25s
  μ search bounds: [2.430, 106.150]
  Ternary iterations: 50  (~101 evals/IR)
  Sanity grid check: on

  Loaded 50 CMA-ES results
  [  1/50] random_IR_0001.npz             mu  48.994 ->  48.929 (GT  48.930)
          NMSE 0.000000 -> 0.000000 (-99.7%)  loss 0.000000 -> 0.000000  (1.0s)
  [  2/50] random_IR_0002.npz             mu  57.752 ->  84.062 (GT  84.056)
          NMSE 0.010719 -> 0.000000 (-100.0%)  loss 0.000033 -> 0.000000  (1.2s)
  [  3/50] random_IR_0003.npz             mu  20.535 ->  28.837 (GT  24.386)
          NMSE 0.057108 -> 0.057185 (+0.1%)  loss 0.006123 -> 0.006123  (0.2s)
  [  4/50] random_IR_0004.npz             mu  16.823 ->  13.242 (GT  13.244)
          NMSE 0.000198 -> 0.000000 (-100.0%)  loss 0.000251 -> 0.000000  (1.0s)
  [  5/50] random_IR_0005.npz             mu  42.719 ->  45.155 (GT  45.159)
          NMSE 0.000092 -> 0.000000 (-100.0%)  loss 0.000120 -> 0.000000  (1.6s)
  [ 10/50] random_IR_0010.npz             mu  37.682 ->  63.801 (GT  31.912)
          NMSE 0.005629 -> 0.020868 (+270.7%)  loss 0.110113 -> 0.049239  (1.8s)
  [ 20/50] random_IR_0020.npz             mu  48.294 ->  43.387 (GT  43.384)
          NMSE 0.000374 -> 0.000000 (-100.0%)  loss 0.000184 -> 0.000000  (0.8s)
  [ 30/50] random_IR_0030.npz             mu  22.718 ->  16.702 (GT  16.703)
          NMSE 0.000561 -> 0.000000 (-100.0%)  loss 0.026450 -> 0.000000  (2.3s)
  [ 40/50] random_IR_0040.npz             mu  20.439 ->  38.783 (GT  38.783)
          NMSE 0.005213 -> 0.000000 (-100.0%)  loss 0.003671 -> 0.000000  (3.0s)
  [ 50/50] random_IR_0050.npz             mu  76.443 ->  51.230 (GT  51.163)
          NMSE 0.009901 -> 0.000000 (-100.0%)  loss 0.000111 -> 0.000000  (0.5s)

======================================================================
  AGGREGATE
======================================================================
  Mean NMSE   orig: 0.017180
              refn: 0.008419
  Median NMSE orig: 0.003778
              refn: 0.000000
  IRs improved: 42 / 50  worsened: 8  unchanged: 0
  Mean elapsed/IR:    1.33 s
  WARN: Sanity check (multi-modal loss-vs-mu) flagged on: 1 IRs
      random_IR_0003.npz
  Total runtime:      80.5 s
  Wrote: /home/bhpark3/dafxchal/results/standard_sweep/esr/stage2/mu_refined_summary.csv
