CMA-ES with LHS + Normalized Space on CUDA
  Loss: ESR
  Available losses: MSS, SC+LogMag, CQT_L1, CQT+LogDec, Mel, LSD, L1_STFT, L1_STFT_1024, MultiResCQT, VQT, Gammatone, Envelope, ESR, FreqDecay, Subband, ModalDensity, Dispersion, CentroidTraj, OnsetDisp, NullPattern, GroupDelay, ComplexSTFT, InstFreq, Scattering1D, SoftDTW_Mel, L1, L2
  Trials: 20
  Duration: 0.25s
  Search: normalized [-1, 1] space; expanded to physical bounds for synthesis
  sigma0: 0.6
  tolfun: 1e-05
  tolfunhist: 1e-05
  pruner_min_resource: 15
  pruner_reduction_factor: 3

============================================================
[1/50] random_IR_0001.npz
  GT loss: 0.000000
    --> Trial 0 | pop=43 seed=98790 x0_norm_min=-0.944 x0_norm_max=0.730
        [Trial 0] gen   20  evals=  860  best=0.3470
        [Trial 0] gen   40  evals= 1720  best=0.0924
        [Trial 0] gen   60  evals= 2580  best=0.0006
        [Trial 0] gen   80  evals= 3440  best=0.0000
        [Done] Trial 0 best=0.0000
    --> Early stop triggered: trial 0 reached loss=0.000000 < 0.010000

  Winner: Trial 0, loss=0.000000 (42s)
    Restarts run: 1
    mu: 48.993545
    D_mu: 13.780426
    T0_mu: 12.315910
    Ly: 2.691548
    op_x: 0.826500
    op_y: 0.724412
    NMSE: 0.000000
  [Saved] random_IR_0001

============================================================
[2/50] random_IR_0002.npz
  GT loss: 0.000000
    --> Trial 0 | pop=46 seed=56749 x0_norm_min=-0.944 x0_norm_max=0.730
        [Trial 0] gen   20  evals=  920  best=0.7041
        [Trial 0] gen   40  evals= 1840  best=0.5811
        [Trial 0] gen   60  evals= 2760  best=0.1543
        [Trial 0] gen   80  evals= 3680  best=0.0031
        [Trial 0] gen  100  evals= 4600  best=0.0000
        [Done] Trial 0 best=0.0000
    --> Early stop triggered: trial 0 reached loss=0.000000 < 0.010000

  Winner: Trial 0, loss=0.000000 (62s)
    Restarts run: 1
    mu: 57.752262
    D_mu: 17.897093
    T0_mu: 4.564157
    Ly: 3.686131
    op_x: 0.788330
    op_y: 0.963539
    NMSE: 0.010719
  [Saved] random_IR_0002

============================================================
[3/50] random_IR_0003.npz
  GT loss: 0.000000
    --> Trial 0 | pop=50 seed=98454 x0_norm_min=-0.944 x0_norm_max=0.730
        [Trial 0] gen   20  evals= 1000  best=1.0000
        [Trial 0] gen   40  evals= 2000  best=1.0000
        [Trial 0] gen   60  evals= 3000  best=1.0000
        [Done] Trial 0 best=1.0000
    --> Trial 1 | pop=33 seed=28370 x0_norm_min=-0.937 x0_norm_max=0.907
        [Pruned] Trial 1 at gen 15 (loss=1.0108)
    --> Trial 2 | pop=58 seed=48606 x0_norm_min=-0.344 x0_norm_max=0.824
        [Pruned] Trial 2 at gen 15 (loss=1.1366)
    --> Trial 3 | pop=51 seed=91379 x0_norm_min=-0.797 x0_norm_max=0.622
        [Pruned] Trial 3 at gen 15 (loss=1.3289)
    --> Trial 4 | pop=43 seed=26443 x0_norm_min=-0.947 x0_norm_max=0.785
        [Pruned] Trial 4 at gen 15 (loss=1.3279)
    --> Trial 5 | pop=56 seed=19396 x0_norm_min=-0.748 x0_norm_max=0.981
        [Pruned] Trial 5 at gen 15 (loss=1.3016)
    --> Trial 6 | pop=53 seed=53546 x0_norm_min=-0.929 x0_norm_max=0.732
        [Pruned] Trial 6 at gen 15 (loss=1.2946)
    --> Trial 7 | pop=56 seed=11658 x0_norm_min=-0.779 x0_norm_max=0.922
        [Trial 7] gen   20  evals= 1120  best=1.0000
        [Trial 7] gen   40  evals= 2240  best=1.0000
        [Done] Trial 7 best=1.0000
    --> Trial 8 | pop=35 seed=70101 x0_norm_min=-0.814 x0_norm_max=0.843
        [Pruned] Trial 8 at gen 15 (loss=1.2379)
    --> Trial 9 | pop=53 seed=79124 x0_norm_min=-0.955 x0_norm_max=0.770
        [Pruned] Trial 9 at gen 15 (loss=1.2927)
    --> Trial 10 | pop=45 seed=1503 x0_norm_min=-0.841 x0_norm_max=0.672
        [Trial 10] gen   20  evals=  900  best=1.0000
        [Trial 10] gen   40  evals= 1800  best=1.0000
        [Done] Trial 10 best=1.0000
    --> Trial 11 | pop=47 seed=99657 x0_norm_min=-0.781 x0_norm_max=0.859
        [Trial 11] gen   20  evals=  940  best=1.0000
        [Trial 11] gen   40  evals= 1880  best=1.0000
        [Done] Trial 11 best=1.0000
    --> Trial 12 | pop=59 seed=49542 x0_norm_min=-0.402 x0_norm_max=0.428
        [Trial 12] gen   20  evals= 1180  best=1.0000
        [Trial 12] gen   40  evals= 2360  best=1.0000
        [Done] Trial 12 best=1.0000
    --> Trial 13 | pop=41 seed=2509 x0_norm_min=-0.863 x0_norm_max=0.955
        [Pruned] Trial 13 at gen 15 (loss=1.2677)
    --> Trial 14 | pop=50 seed=63125 x0_norm_min=-0.897 x0_norm_max=-0.091
        [Pruned] Trial 14 at gen 15 (loss=1.2385)
    --> Trial 15 | pop=39 seed=39903 x0_norm_min=-0.690 x0_norm_max=0.990
        [Pruned] Trial 15 at gen 15 (loss=1.3086)
    --> Trial 16 | pop=48 seed=83648 x0_norm_min=-0.776 x0_norm_max=0.982
        [Pruned] Trial 16 at gen 15 (loss=1.3007)
    --> Trial 17 | pop=55 seed=13360 x0_norm_min=-0.863 x0_norm_max=0.835
        [Pruned] Trial 17 at gen 15 (loss=1.2083)
    --> Trial 18 | pop=59 seed=34446 x0_norm_min=-0.933 x0_norm_max=0.907
        [Pruned] Trial 18 at gen 15 (loss=1.3049)
    --> Trial 19 | pop=30 seed=65606 x0_norm_min=-0.948 x0_norm_max=0.822
        [Pruned] Trial 19 at gen 15 (loss=1.2861)

  Winner: Trial 0, loss=1.000000 (158s)
    Restarts run: 20
    mu: 20.535010
    D_mu: 112.404021
    T0_mu: 24.311064
    Ly: 1.682323
    op_x: 0.999998
    op_y: 0.999987
    NMSE: 0.057108
  [Saved] random_IR_0003

============================================================
[4/50] random_IR_0004.npz
  GT loss: 0.000000
    --> Trial 0 | pop=41 seed=8840 x0_norm_min=-0.944 x0_norm_max=0.730
        [Trial 0] gen   20  evals=  820  best=0.5670
        [Trial 0] gen   40  evals= 1640  best=0.2721
        [Trial 0] gen   60  evals= 2460  best=0.1192
        [Trial 0] gen   80  evals= 3280  best=0.0009
        [Trial 0] gen  100  evals= 4100  best=0.0000
        [Done] Trial 0 best=0.0000
    --> Early stop triggered: trial 0 reached loss=0.000000 < 0.010000

  Winner: Trial 0, loss=0.000000 (43s)
    Restarts run: 1
    mu: 16.822508
    D_mu: 25.512228
    T0_mu: 58.932782
    Ly: 3.417560
    op_x: 0.580248
    op_y: 0.972892
    NMSE: 0.000198
  [Saved] random_IR_0004

============================================================
[5/50] random_IR_0005.npz
  GT loss: 0.000000
    --> Trial 0 | pop=59 seed=62261 x0_norm_min=-0.944 x0_norm_max=0.730
        [Trial 0] gen   20  evals= 1180  best=0.0918
        [Trial 0] gen   40  evals= 2360  best=0.0252
        [Trial 0] gen   60  evals= 3540  best=0.0004
        [Trial 0] gen   80  evals= 4720  best=0.0000
        [Done] Trial 0 best=0.0000
    --> Early stop triggered: trial 0 reached loss=0.000000 < 0.010000

  Winner: Trial 0, loss=0.000000 (88s)
    Restarts run: 1
    mu: 42.718760
    D_mu: 5.060178
    T0_mu: 5.857187
    Ly: 2.613399
    op_x: 0.788554
    op_y: 0.519189
    NMSE: 0.000092
  [Saved] random_IR_0005

============================================================
[6/50] random_IR_0006.npz
  GT loss: 0.000000
    --> Trial 0 | pop=60 seed=10423 x0_norm_min=-0.944 x0_norm_max=0.730
        [Trial 0] gen   20  evals= 1200  best=0.1036
        [Trial 0] gen   40  evals= 2400  best=0.0020
        [Trial 0] gen   60  evals= 3600  best=0.0000
        [Done] Trial 0 best=0.0000
    --> Early stop triggered: trial 0 reached loss=0.000000 < 0.010000

  Winner: Trial 0, loss=0.000000 (54s)
    Restarts run: 1
    mu: 52.750284
    D_mu: 8.976805
    T0_mu: 8.876866
    Ly: 2.891132
    op_x: 0.686054
    op_y: 0.724162
    NMSE: 0.004379
  [Saved] random_IR_0006

============================================================
[7/50] random_IR_0007.npz
  GT loss: 0.000000
    --> Trial 0 | pop=49 seed=6072 x0_norm_min=-0.944 x0_norm_max=0.730
        [Trial 0] gen   20  evals=  980  best=0.1400
        [Trial 0] gen   40  evals= 1960  best=0.0800
        [Trial 0] gen   60  evals= 2940  best=0.0786
        [Trial 0] gen   80  evals= 3920  best=0.0742
        [Trial 0] gen  100  evals= 4900  best=0.0741
        [Done] Trial 0 best=0.0741
    --> Trial 1 | pop=59 seed=63011 x0_norm_min=-0.937 x0_norm_max=0.907
        [Trial 1] gen   20  evals= 1180  best=0.1757
        [Trial 1] gen   40  evals= 2360  best=0.0441
        [Trial 1] gen   60  evals= 3540  best=0.0159
        [Trial 1] gen   80  evals= 4720  best=0.0034
        [Trial 1] gen  100  evals= 5900  best=0.0000
        [Done] Trial 1 best=0.0000
    --> Early stop triggered: trial 1 reached loss=0.000000 < 0.010000

  Winner: Trial 1, loss=0.000000 (549s)
    Restarts run: 2
    mu: 15.330649
    D_mu: 0.902809
    T0_mu: 35.733212
    Ly: 3.123153
    op_x: 0.573188
    op_y: 0.664561
    NMSE: 0.000172
  [Saved] random_IR_0007

============================================================
[8/50] random_IR_0008.npz
  GT loss: 0.000000
    --> Trial 0 | pop=40 seed=73327 x0_norm_min=-0.944 x0_norm_max=0.730
        [Trial 0] gen   20  evals=  800  best=0.0766
        [Trial 0] gen   40  evals= 1600  best=0.0044
        [Trial 0] gen   60  evals= 2400  best=0.0002
        [Trial 0] gen   80  evals= 3200  best=0.0000
        [Done] Trial 0 best=0.0000
    --> Early stop triggered: trial 0 reached loss=0.000000 < 0.010000

  Winner: Trial 0, loss=0.000000 (57s)
    Restarts run: 1
    mu: 39.034193
    D_mu: 3.761998
    T0_mu: 6.364547
    Ly: 2.154759
    op_x: 0.612379
    op_y: 0.589017
    NMSE: 0.013850
  [Saved] random_IR_0008

============================================================
[9/50] random_IR_0009.npz
  GT loss: 0.000000
    --> Trial 0 | pop=39 seed=58706 x0_norm_min=-0.944 x0_norm_max=0.730
        [Trial 0] gen   20  evals=  780  best=0.1857
        [Trial 0] gen   40  evals= 1560  best=0.0718
        [Trial 0] gen   60  evals= 2340  best=0.0614
        [Trial 0] gen   80  evals= 3120  best=0.0610
        [Done] Trial 0 best=0.0610
    --> Trial 1 | pop=31 seed=91414 x0_norm_min=-0.937 x0_norm_max=0.907
        [Pruned] Trial 1 at gen 15 (loss=0.3942)
    --> Trial 2 | pop=43 seed=73763 x0_norm_min=-0.344 x0_norm_max=0.824
        [Trial 2] gen   20  evals=  860  best=0.1747
        [Trial 2] gen   40  evals= 1720  best=0.0638
        [Trial 2] gen   60  evals= 2580  best=0.0615
        [Trial 2] gen   80  evals= 3440  best=0.0610
        [Done] Trial 2 best=0.0610
    --> Trial 3 | pop=52 seed=93796 x0_norm_min=-0.797 x0_norm_max=0.622
        [Trial 3] gen   20  evals= 1040  best=0.0628
        [Trial 3] gen   40  evals= 2080  best=0.0010
        [Trial 3] gen   60  evals= 3120  best=0.0000
        [Done] Trial 3 best=0.0000
    --> Early stop triggered: trial 3 reached loss=0.000000 < 0.010000

  Winner: Trial 3, loss=0.000000 (195s)
    Restarts run: 4
    mu: 21.709776
    D_mu: 4.683059
    T0_mu: 32.973282
    Ly: 2.994033
    op_x: 0.564119
    op_y: 0.831601
    NMSE: 0.000887
  [Saved] random_IR_0009

============================================================
[10/50] random_IR_0010.npz
  GT loss: 0.000000
    --> Trial 0 | pop=36 seed=61171 x0_norm_min=-0.944 x0_norm_max=0.730
        [Trial 0] gen   20  evals=  720  best=0.4359
        [Trial 0] gen   40  evals= 1440  best=0.4255
        [Trial 0] gen   60  evals= 2160  best=0.3924
        [Trial 0] gen   80  evals= 2880  best=0.3921
        [Done] Trial 0 best=0.3921
    --> Trial 1 | pop=38 seed=84126 x0_norm_min=-0.937 x0_norm_max=0.907
        [Pruned] Trial 1 at gen 15 (loss=0.5531)
    --> Trial 2 | pop=57 seed=6431 x0_norm_min=-0.344 x0_norm_max=0.824
        [Pruned] Trial 2 at gen 15 (loss=0.4917)
    --> Trial 3 | pop=34 seed=88430 x0_norm_min=-0.797 x0_norm_max=0.622
        [Trial 3] gen   20  evals=  680  best=0.3213
        [Trial 3] gen   40  evals= 1360  best=0.3213
        [Trial 3] gen   60  evals= 2040  best=0.3213
        [Trial 3] gen   80  evals= 2720  best=0.3213
        [Done] Trial 3 best=0.3213
    --> Trial 4 | pop=54 seed=61067 x0_norm_min=-0.947 x0_norm_max=0.785
        [Pruned] Trial 4 at gen 15 (loss=0.4988)
    --> Trial 5 | pop=46 seed=45712 x0_norm_min=-0.748 x0_norm_max=0.981
        [Pruned] Trial 5 at gen 15 (loss=0.4780)
    --> Trial 6 | pop=55 seed=8931 x0_norm_min=-0.929 x0_norm_max=0.732
        [Trial 6] gen   20  evals= 1100  best=0.3766
        [Trial 6] gen   40  evals= 2200  best=0.3629
        [Pruned] Trial 6 at gen 45 (loss=0.3565)
    --> Trial 7 | pop=33 seed=28825 x0_norm_min=-0.779 x0_norm_max=0.922
        [Pruned] Trial 7 at gen 15 (loss=1.0073)
    --> Trial 8 | pop=50 seed=60340 x0_norm_min=-0.814 x0_norm_max=0.843
        [Pruned] Trial 8 at gen 15 (loss=0.4777)
    --> Trial 9 | pop=39 seed=39107 x0_norm_min=-0.955 x0_norm_max=0.770
        [Trial 9] gen   20  evals=  780  best=0.3886
        [Trial 9] gen   40  evals= 1560  best=0.3886
        [Pruned] Trial 9 at gen 45 (loss=0.3886)
    --> Trial 10 | pop=45 seed=96379 x0_norm_min=-0.841 x0_norm_max=0.672
        [Pruned] Trial 10 at gen 15 (loss=0.4412)
    --> Trial 11 | pop=31 seed=76974 x0_norm_min=-0.781 x0_norm_max=0.859
        [Pruned] Trial 11 at gen 15 (loss=0.5965)
    --> Trial 12 | pop=37 seed=98057 x0_norm_min=-0.402 x0_norm_max=0.428
        [Pruned] Trial 12 at gen 15 (loss=0.5421)
    --> Trial 13 | pop=35 seed=68226 x0_norm_min=-0.863 x0_norm_max=0.955
        [Pruned] Trial 13 at gen 15 (loss=0.5699)
    --> Trial 14 | pop=43 seed=82026 x0_norm_min=-0.897 x0_norm_max=-0.091
        [Pruned] Trial 14 at gen 15 (loss=0.4589)
    --> Trial 15 | pop=30 seed=44654 x0_norm_min=-0.690 x0_norm_max=0.990
        [Pruned] Trial 15 at gen 15 (loss=0.5221)
    --> Trial 16 | pop=39 seed=69933 x0_norm_min=-0.776 x0_norm_max=0.982
        [Pruned] Trial 16 at gen 15 (loss=0.5431)
    --> Trial 17 | pop=42 seed=55448 x0_norm_min=-0.863 x0_norm_max=0.835
        [Pruned] Trial 17 at gen 15 (loss=1.0535)
    --> Trial 18 | pop=34 seed=22802 x0_norm_min=-0.933 x0_norm_max=0.907
        [Pruned] Trial 18 at gen 15 (loss=0.5290)
    --> Trial 19 | pop=60 seed=90490 x0_norm_min=-0.948 x0_norm_max=0.822
        [Pruned] Trial 19 at gen 15 (loss=0.5458)

  Winner: Trial 3, loss=0.321338 (553s)
    Restarts run: 20
    mu: 37.681981
    D_mu: 1.207430
    T0_mu: 12.938202
    Ly: 1.420737
    op_x: 0.851433
    op_y: 0.606057
    NMSE: 0.005629
  [Saved] random_IR_0010

============================================================
[11/50] random_IR_0011.npz
  GT loss: 0.000000
    --> Trial 0 | pop=53 seed=23180 x0_norm_min=-0.944 x0_norm_max=0.730
        [Trial 0] gen   20  evals= 1060  best=0.0669
        [Trial 0] gen   40  evals= 2120  best=0.0032
        [Trial 0] gen   60  evals= 3180  best=0.0000
        [Done] Trial 0 best=0.0000
    --> Early stop triggered: trial 0 reached loss=0.000000 < 0.010000

  Winner: Trial 0, loss=0.000000 (64s)
    Restarts run: 1
    mu: 36.103412
    D_mu: 9.586116
    T0_mu: 24.621193
    Ly: 3.931783
    op_x: 0.529184
    op_y: 0.648574
    NMSE: 0.000197
  [Saved] random_IR_0011

============================================================
[12/50] random_IR_0012.npz
  GT loss: 0.000000
    --> Trial 0 | pop=50 seed=81968 x0_norm_min=-0.944 x0_norm_max=0.730
        [Trial 0] gen   20  evals= 1000  best=0.2267
        [Trial 0] gen   40  evals= 2000  best=0.2165
        [Trial 0] gen   60  evals= 3000  best=0.2051
        [Trial 0] gen   80  evals= 4000  best=0.2041
        [Done] Trial 0 best=0.2041
    --> Trial 1 | pop=30 seed=2885 x0_norm_min=-0.937 x0_norm_max=0.907
        [Trial 1] gen   20  evals=  600  best=0.1281
        [Trial 1] gen   40  evals= 1200  best=0.0482
        [Trial 1] gen   60  evals= 1800  best=0.0040
        [Trial 1] gen   80  evals= 2400  best=0.0000
        [Done] Trial 1 best=0.0000
    --> Early stop triggered: trial 1 reached loss=0.000000 < 0.010000

  Winner: Trial 1, loss=0.000000 (99s)
    Restarts run: 2
    mu: 65.407836
    D_mu: 6.578051
    T0_mu: 6.464680
    Ly: 1.448574
    op_x: 0.541470
    op_y: 0.849302
    NMSE: 0.034281
  [Saved] random_IR_0012

============================================================
[13/50] random_IR_0013.npz
  GT loss: 0.000000
    --> Trial 0 | pop=52 seed=23162 x0_norm_min=-0.944 x0_norm_max=0.730
        [Trial 0] gen   20  evals= 1040  best=0.5449
        [Trial 0] gen   40  evals= 2080  best=0.3403
        [Trial 0] gen   60  evals= 3120  best=0.3319
        [Done] Trial 0 best=0.3319
    --> Trial 1 | pop=30 seed=21635 x0_norm_min=-0.937 x0_norm_max=0.907
        [Pruned] Trial 1 at gen 15 (loss=0.6493)
    --> Trial 2 | pop=35 seed=52232 x0_norm_min=-0.344 x0_norm_max=0.824
        [Trial 2] gen   20  evals=  700  best=0.3979
        [Trial 2] gen   40  evals= 1400  best=0.3843
        [Pruned] Trial 2 at gen 45 (loss=0.3822)
    --> Trial 3 | pop=44 seed=4079 x0_norm_min=-0.797 x0_norm_max=0.622
        [Pruned] Trial 3 at gen 15 (loss=0.5002)
    --> Trial 4 | pop=34 seed=2413 x0_norm_min=-0.947 x0_norm_max=0.785
        [Pruned] Trial 4 at gen 15 (loss=0.5591)
    --> Trial 5 | pop=46 seed=22251 x0_norm_min=-0.748 x0_norm_max=0.981
        [Pruned] Trial 5 at gen 15 (loss=0.6258)
    --> Trial 6 | pop=36 seed=15914 x0_norm_min=-0.929 x0_norm_max=0.732
        [Pruned] Trial 6 at gen 15 (loss=0.5356)
    --> Trial 7 | pop=55 seed=17462 x0_norm_min=-0.779 x0_norm_max=0.922
        [Pruned] Trial 7 at gen 15 (loss=0.6129)
    --> Trial 8 | pop=36 seed=49439 x0_norm_min=-0.814 x0_norm_max=0.843
        [Pruned] Trial 8 at gen 15 (loss=0.6164)
    --> Trial 9 | pop=31 seed=42565 x0_norm_min=-0.955 x0_norm_max=0.770
        [Pruned] Trial 9 at gen 15 (loss=0.6604)
    --> Trial 10 | pop=60 seed=99442 x0_norm_min=-0.841 x0_norm_max=0.672
        [Trial 10] gen   20  evals= 1200  best=0.3473
        [Trial 10] gen   40  evals= 2400  best=0.3381
        [Pruned] Trial 10 at gen 45 (loss=0.3381)
    --> Trial 11 | pop=57 seed=97219 x0_norm_min=-0.781 x0_norm_max=0.859
        [Trial 11] gen   20  evals= 1140  best=0.4862
        [Trial 11] gen   40  evals= 2280  best=0.4862
        [Pruned] Trial 11 at gen 45 (loss=0.4262)
    --> Trial 12 | pop=53 seed=89027 x0_norm_min=-0.402 x0_norm_max=0.428
        [Trial 12] gen   20  evals= 1060  best=0.3934
        [Trial 12] gen   40  evals= 2120  best=0.3379
        [Pruned] Trial 12 at gen 45 (loss=0.3379)
    --> Trial 13 | pop=51 seed=74103 x0_norm_min=-0.863 x0_norm_max=0.955
        [Trial 13] gen   20  evals= 1020  best=0.4785
        [Trial 13] gen   40  evals= 2040  best=0.3226
        [Trial 13] gen   60  evals= 3060  best=0.3056
        [Trial 13] gen   80  evals= 4080  best=0.3053
        [Done] Trial 13 best=0.3053
    --> Trial 14 | pop=49 seed=74021 x0_norm_min=-0.897 x0_norm_max=-0.091
        [Pruned] Trial 14 at gen 15 (loss=0.5061)
    --> Trial 15 | pop=50 seed=67682 x0_norm_min=-0.690 x0_norm_max=0.990
        [Pruned] Trial 15 at gen 15 (loss=0.4901)
    --> Trial 16 | pop=41 seed=69524 x0_norm_min=-0.776 x0_norm_max=0.982
        [Trial 16] gen   20  evals=  820  best=0.3645
        [Trial 16] gen   40  evals= 1640  best=0.3372
        [Trial 16] gen   60  evals= 2460  best=0.3056
        [Trial 16] gen   80  evals= 3280  best=0.3053
        [Done] Trial 16 best=0.3053
    --> Trial 17 | pop=42 seed=72310 x0_norm_min=-0.863 x0_norm_max=0.835
        [Trial 17] gen   20  evals=  840  best=0.4345
        [Trial 17] gen   40  evals= 1680  best=0.3647
        [Pruned] Trial 17 at gen 45 (loss=0.3573)
    --> Trial 18 | pop=39 seed=84374 x0_norm_min=-0.933 x0_norm_max=0.907
        [Pruned] Trial 18 at gen 15 (loss=0.5101)
    --> Trial 19 | pop=47 seed=60624 x0_norm_min=-0.948 x0_norm_max=0.822
        [Pruned] Trial 19 at gen 15 (loss=0.5299)

  Winner: Trial 13, loss=0.305272 (246s)
    Restarts run: 20
    mu: 64.922217
    D_mu: 13.957399
    T0_mu: 0.000178
    Ly: 1.629070
    op_x: 0.918951
    op_y: 0.755107
    NMSE: 0.084249
  [Saved] random_IR_0013

============================================================
[14/50] random_IR_0014.npz
  GT loss: 0.000000
    --> Trial 0 | pop=50 seed=54666 x0_norm_min=-0.944 x0_norm_max=0.730
        [Trial 0] gen   20  evals= 1000  best=0.1934
        [Trial 0] gen   40  evals= 2000  best=0.0910
        [Trial 0] gen   60  evals= 3000  best=0.0089
        [Trial 0] gen   80  evals= 4000  best=0.0000
        [Done] Trial 0 best=0.0000
    --> Early stop triggered: trial 0 reached loss=0.000000 < 0.010000

  Winner: Trial 0, loss=0.000000 (119s)
    Restarts run: 1
    mu: 11.380087
    D_mu: 2.503020
    T0_mu: 59.590844
    Ly: 3.035483
    op_x: 0.797369
    op_y: 0.519848
    NMSE: 0.000006
  [Saved] random_IR_0014

============================================================
[15/50] random_IR_0015.npz
  GT loss: 0.000000
    --> Trial 0 | pop=44 seed=22488 x0_norm_min=-0.944 x0_norm_max=0.730
        [Trial 0] gen   20  evals=  880  best=1.0767
        [Trial 0] gen   40  evals= 1760  best=1.0752
        [Trial 0] gen   60  evals= 2640  best=1.0000
        [Done] Trial 0 best=1.0000
    --> Trial 1 | pop=36 seed=15400 x0_norm_min=-0.937 x0_norm_max=0.907
        [Trial 1] gen   20  evals=  720  best=1.0000
        [Trial 1] gen   40  evals= 1440  best=0.9632
        [Trial 1] gen   60  evals= 2160  best=0.9632
        [Trial 1] gen   80  evals= 2880  best=0.9632
        [Trial 1] gen  100  evals= 3600  best=0.9632
        [Trial 1] gen  120  evals= 4320  best=0.9632
        [Trial 1] gen  140  evals= 5040  best=0.9632
        [Trial 1] gen  160  evals= 5760  best=0.9632
        [Trial 1] gen  180  evals= 6480  best=0.9632
        [Trial 1] gen  200  evals= 7200  best=0.9632
        [Trial 1] gen  220  evals= 7920  best=0.9632
        [Trial 1] gen  240  evals= 8640  best=0.9632
        [Trial 1] gen  260  evals= 9360  best=0.9632
        [Done] Trial 1 best=0.9632
    --> Trial 2 | pop=48 seed=93476 x0_norm_min=-0.344 x0_norm_max=0.824
        [Pruned] Trial 2 at gen 15 (loss=1.0922)
    --> Trial 3 | pop=37 seed=2958 x0_norm_min=-0.797 x0_norm_max=0.622
        [Pruned] Trial 3 at gen 15 (loss=1.2028)
    --> Trial 4 | pop=47 seed=11224 x0_norm_min=-0.947 x0_norm_max=0.785
        [Pruned] Trial 4 at gen 15 (loss=1.0506)
    --> Trial 5 | pop=42 seed=54051 x0_norm_min=-0.748 x0_norm_max=0.981
        [Trial 5] gen   20  evals=  840  best=0.9611
        [Trial 5] gen   40  evals= 1680  best=0.9611
        [Trial 5] gen   60  evals= 2520  best=0.9611
        [Trial 5] gen   80  evals= 3360  best=0.9611
        [Done] Trial 5 best=0.9611
    --> Trial 6 | pop=39 seed=79213 x0_norm_min=-0.929 x0_norm_max=0.732
        [Trial 6] gen   20  evals=  780  best=1.0000
        [Trial 6] gen   40  evals= 1560  best=0.9313
        [Trial 6] gen   60  evals= 2340  best=0.8846
        [Trial 6] gen   80  evals= 3120  best=0.8846
        [Trial 6] gen  100  evals= 3900  best=0.7601
        [Trial 6] gen  120  evals= 4680  best=0.7292
        [Trial 6] gen  140  evals= 5460  best=0.7289
        [Done] Trial 6 best=0.7288
    --> Trial 7 | pop=37 seed=2557 x0_norm_min=-0.779 x0_norm_max=0.922
        [Pruned] Trial 7 at gen 15 (loss=1.0535)
    --> Trial 8 | pop=35 seed=60498 x0_norm_min=-0.814 x0_norm_max=0.843
        [Pruned] Trial 8 at gen 15 (loss=1.0445)
    --> Trial 9 | pop=35 seed=24293 x0_norm_min=-0.955 x0_norm_max=0.770
        [Trial 9] gen   20  evals=  700  best=0.8860
        [Trial 9] gen   40  evals= 1400  best=0.8623
        [Trial 9] gen   60  evals= 2100  best=0.7864
        [Trial 9] gen   80  evals= 2800  best=0.7336
        [Trial 9] gen  100  evals= 3500  best=0.7264
        [Trial 9] gen  120  evals= 4200  best=0.7263
        [Trial 9] gen  140  evals= 4900  best=0.7263
        [Trial 9] gen  160  evals= 5600  best=0.7263
        [Trial 9] gen  180  evals= 6300  best=0.7263
        [Trial 9] gen  200  evals= 7000  best=0.7263
        [Done] Trial 9 best=0.7263
    --> Trial 10 | pop=59 seed=37714 x0_norm_min=-0.841 x0_norm_max=0.672
        [Pruned] Trial 10 at gen 15 (loss=1.0435)
    --> Trial 11 | pop=30 seed=89010 x0_norm_min=-0.781 x0_norm_max=0.859
        [Trial 11] gen   20  evals=  600  best=0.9953
        [Trial 11] gen   40  evals= 1200  best=0.9345
        [Pruned] Trial 11 at gen 45 (loss=0.9345)
    --> Trial 12 | pop=30 seed=70310 x0_norm_min=-0.402 x0_norm_max=0.428
        [Trial 12] gen   20  evals=  600  best=0.9656
        [Trial 12] gen   40  evals= 1200  best=0.9656
        [Pruned] Trial 12 at gen 45 (loss=0.9656)
    --> Trial 13 | pop=41 seed=37613 x0_norm_min=-0.863 x0_norm_max=0.955
        [Pruned] Trial 13 at gen 15 (loss=1.0894)
    --> Trial 14 | pop=53 seed=74946 x0_norm_min=-0.897 x0_norm_max=-0.091
        [Pruned] Trial 14 at gen 15 (loss=1.0453)
    --> Trial 15 | pop=33 seed=41271 x0_norm_min=-0.690 x0_norm_max=0.990
        [Pruned] Trial 15 at gen 15 (loss=1.1390)
    --> Trial 16 | pop=40 seed=98761 x0_norm_min=-0.776 x0_norm_max=0.982
        [Pruned] Trial 16 at gen 15 (loss=1.0974)
    --> Trial 17 | pop=46 seed=79870 x0_norm_min=-0.863 x0_norm_max=0.835
        [Pruned] Trial 17 at gen 15 (loss=1.1386)
    --> Trial 18 | pop=53 seed=26629 x0_norm_min=-0.933 x0_norm_max=0.907
        [Trial 18] gen   20  evals= 1060  best=0.9780
        [Trial 18] gen   40  evals= 2120  best=0.9780
        [Pruned] Trial 18 at gen 45 (loss=0.9780)
    --> Trial 19 | pop=39 seed=53839 x0_norm_min=-0.948 x0_norm_max=0.822
        [Pruned] Trial 19 at gen 15 (loss=1.1804)

  Winner: Trial 9, loss=0.726252 (488s)
    Restarts run: 20
    mu: 10.901270
    D_mu: 2.209879
    T0_mu: 72.305424
    Ly: 1.499006
    op_x: 0.999999
    op_y: 0.764559
    NMSE: 0.092544
  [Saved] random_IR_0015

============================================================
[16/50] random_IR_0016.npz
  GT loss: 0.000000
    --> Trial 0 | pop=34 seed=75215 x0_norm_min=-0.944 x0_norm_max=0.730
        [Trial 0] gen   20  evals=  680  best=0.9173
        [Trial 0] gen   40  evals= 1360  best=0.8269
        [Trial 0] gen   60  evals= 2040  best=0.4331
        [Trial 0] gen   80  evals= 2720  best=0.0039
        [Trial 0] gen  100  evals= 3400  best=0.0000
        [Trial 0] gen  120  evals= 4080  best=0.0000
        [Done] Trial 0 best=0.0000
    --> Early stop triggered: trial 0 reached loss=0.000000 < 0.010000

  Winner: Trial 0, loss=0.000000 (29s)
    Restarts run: 1
    mu: 38.840298
    D_mu: 32.391346
    T0_mu: 25.665174
    Ly: 2.770854
    op_x: 0.729109
    op_y: 0.924737
    NMSE: 0.004233
  [Saved] random_IR_0016

============================================================
[17/50] random_IR_0017.npz
  GT loss: 0.000000
    --> Trial 0 | pop=46 seed=64058 x0_norm_min=-0.944 x0_norm_max=0.730
        [Trial 0] gen   20  evals=  920  best=0.4662
        [Trial 0] gen   40  evals= 1840  best=0.1890
        [Trial 0] gen   60  evals= 2760  best=0.0038
        [Trial 0] gen   80  evals= 3680  best=0.0000
        [Done] Trial 0 best=0.0000
    --> Early stop triggered: trial 0 reached loss=0.000000 < 0.010000

  Winner: Trial 0, loss=0.000000 (59s)
    Restarts run: 1
    mu: 26.565738
    D_mu: 8.702252
    T0_mu: 37.589459
    Ly: 3.128493
    op_x: 0.794818
    op_y: 0.942046
    NMSE: 0.000375
  [Saved] random_IR_0017

============================================================
[18/50] random_IR_0018.npz
  GT loss: 0.000000
    --> Trial 0 | pop=48 seed=34813 x0_norm_min=-0.944 x0_norm_max=0.730
        [Trial 0] gen   20  evals=  960  best=0.1564
        [Trial 0] gen   40  evals= 1920  best=0.0025
        [Trial 0] gen   60  evals= 2880  best=0.0000
        [Done] Trial 0 best=0.0000
    --> Early stop triggered: trial 0 reached loss=0.000000 < 0.010000

  Winner: Trial 0, loss=0.000000 (46s)
    Restarts run: 1
    mu: 46.592145
    D_mu: 10.973757
    T0_mu: 6.296325
    Ly: 3.108337
    op_x: 0.717724
    op_y: 0.807136
    NMSE: 0.016877
  [Saved] random_IR_0018

============================================================
[19/50] random_IR_0019.npz
  GT loss: 0.000000
    --> Trial 0 | pop=49 seed=26528 x0_norm_min=-0.944 x0_norm_max=0.730
        [Trial 0] gen   20  evals=  980  best=0.3957
        [Trial 0] gen   40  evals= 1960  best=0.3043
        [Trial 0] gen   60  evals= 2940  best=0.2542
        [Trial 0] gen   80  evals= 3920  best=0.2521
        [Done] Trial 0 best=0.2521
    --> Trial 1 | pop=40 seed=81039 x0_norm_min=-0.937 x0_norm_max=0.907
        [Trial 1] gen   20  evals=  800  best=0.1022
        [Trial 1] gen   40  evals= 1600  best=0.0175
        [Trial 1] gen   60  evals= 2400  best=0.0001
        [Trial 1] gen   80  evals= 3200  best=0.0000
        [Done] Trial 1 best=0.0000
    --> Early stop triggered: trial 1 reached loss=0.000000 < 0.010000

  Winner: Trial 1, loss=0.000000 (63s)
    Restarts run: 2
    mu: 22.196482
    D_mu: 8.867149
    T0_mu: 37.960885
    Ly: 1.155657
    op_x: 0.720090
    op_y: 0.576370
    NMSE: 0.000357
  [Saved] random_IR_0019

============================================================
[20/50] random_IR_0020.npz
  GT loss: 0.000000
    --> Trial 0 | pop=30 seed=83152 x0_norm_min=-0.944 x0_norm_max=0.730
        [Trial 0] gen   20  evals=  600  best=0.4093
        [Trial 0] gen   40  evals= 1200  best=0.0788
        [Trial 0] gen   60  evals= 1800  best=0.0029
        [Trial 0] gen   80  evals= 2400  best=0.0000
        [Trial 0] gen  100  evals= 3000  best=0.0000
        [Done] Trial 0 best=0.0000
    --> Early stop triggered: trial 0 reached loss=0.000000 < 0.010000

  Winner: Trial 0, loss=0.000000 (27s)
    Restarts run: 1
    mu: 48.294473
    D_mu: 12.068364
    T0_mu: 13.608035
    Ly: 1.965022
    op_x: 0.829521
    op_y: 0.721383
    NMSE: 0.000374
  [Saved] random_IR_0020

============================================================
[21/50] random_IR_0021.npz
  GT loss: 0.000000
    --> Trial 0 | pop=48 seed=71039 x0_norm_min=-0.944 x0_norm_max=0.730
        [Trial 0] gen   20  evals=  960  best=0.1347
        [Trial 0] gen   40  evals= 1920  best=0.0319
        [Trial 0] gen   60  evals= 2880  best=0.0001
        [Trial 0] gen   80  evals= 3840  best=0.0000
        [Done] Trial 0 best=0.0000
    --> Early stop triggered: trial 0 reached loss=0.000000 < 0.010000

  Winner: Trial 0, loss=0.000000 (82s)
    Restarts run: 1
    mu: 44.581964
    D_mu: 5.378040
    T0_mu: 9.191052
    Ly: 3.700011
    op_x: 0.854967
    op_y: 0.559107
    NMSE: 0.000125
  [Saved] random_IR_0021

============================================================
[22/50] random_IR_0022.npz
  GT loss: 0.000000
    --> Trial 0 | pop=46 seed=69615 x0_norm_min=-0.944 x0_norm_max=0.730
        [Trial 0] gen   20  evals=  920  best=0.3815
        [Trial 0] gen   40  evals= 1840  best=0.0494
        [Trial 0] gen   60  evals= 2760  best=0.0020
        [Trial 0] gen   80  evals= 3680  best=0.0000
        [Done] Trial 0 best=0.0000
    --> Early stop triggered: trial 0 reached loss=0.000000 < 0.010000

  Winner: Trial 0, loss=0.000000 (30s)
    Restarts run: 1
    mu: 19.554623
    D_mu: 50.428548
    T0_mu: 49.421652
    Ly: 3.766468
    op_x: 0.589596
    op_y: 0.811609
    NMSE: 0.000007
  [Saved] random_IR_0022

============================================================
[23/50] random_IR_0023.npz
  GT loss: 0.000000
    --> Trial 0 | pop=37 seed=87408 x0_norm_min=-0.944 x0_norm_max=0.730
        [Trial 0] gen   20  evals=  740  best=0.2174
        [Trial 0] gen   40  evals= 1480  best=0.1836
        [Trial 0] gen   60  evals= 2220  best=0.1807
        [Trial 0] gen   80  evals= 2960  best=0.1806
        [Done] Trial 0 best=0.1806
    --> Trial 1 | pop=34 seed=62468 x0_norm_min=-0.937 x0_norm_max=0.907
        [Pruned] Trial 1 at gen 15 (loss=0.3443)
    --> Trial 2 | pop=37 seed=95898 x0_norm_min=-0.344 x0_norm_max=0.824
        [Pruned] Trial 2 at gen 15 (loss=0.4012)
    --> Trial 3 | pop=54 seed=83379 x0_norm_min=-0.797 x0_norm_max=0.622
        [Pruned] Trial 3 at gen 15 (loss=0.3217)
    --> Trial 4 | pop=41 seed=1505 x0_norm_min=-0.947 x0_norm_max=0.785
        [Pruned] Trial 4 at gen 15 (loss=0.3335)
    --> Trial 5 | pop=31 seed=53772 x0_norm_min=-0.748 x0_norm_max=0.981
        [Pruned] Trial 5 at gen 15 (loss=0.8006)
    --> Trial 6 | pop=51 seed=82541 x0_norm_min=-0.929 x0_norm_max=0.732
        [Trial 6] gen   20  evals= 1020  best=0.1631
        [Trial 6] gen   40  evals= 2040  best=0.1631
        [Trial 6] gen   60  evals= 3060  best=0.1631
        [Trial 6] gen   80  evals= 4080  best=0.1631
        [Done] Trial 6 best=0.1631
    --> Trial 7 | pop=47 seed=94057 x0_norm_min=-0.779 x0_norm_max=0.922
        [Trial 7] gen   20  evals=  940  best=0.1190
        [Trial 7] gen   40  evals= 1880  best=0.1190
        [Trial 7] gen   60  evals= 2820  best=0.1190
        [Trial 7] gen   80  evals= 3760  best=0.1190
        [Trial 7] gen  100  evals= 4700  best=0.1190
        [Done] Trial 7 best=0.1190
    --> Trial 8 | pop=35 seed=64902 x0_norm_min=-0.814 x0_norm_max=0.843
        [Pruned] Trial 8 at gen 15 (loss=0.5642)
    --> Trial 9 | pop=45 seed=90721 x0_norm_min=-0.955 x0_norm_max=0.770
        [Pruned] Trial 9 at gen 15 (loss=0.3026)
    --> Trial 10 | pop=60 seed=22451 x0_norm_min=-0.841 x0_norm_max=0.672
        [Trial 10] gen   20  evals= 1200  best=0.2335
        [Trial 10] gen   40  evals= 2400  best=0.1881
        [Pruned] Trial 10 at gen 45 (loss=0.1845)
    --> Trial 11 | pop=49 seed=72953 x0_norm_min=-0.781 x0_norm_max=0.859
        [Trial 11] gen   20  evals=  980  best=0.2354
        [Trial 11] gen   40  evals= 1960  best=0.1850
        [Pruned] Trial 11 at gen 45 (loss=0.1823)
    --> Trial 12 | pop=51 seed=46045 x0_norm_min=-0.402 x0_norm_max=0.428
        [Pruned] Trial 12 at gen 15 (loss=0.3594)
    --> Trial 13 | pop=56 seed=98803 x0_norm_min=-0.863 x0_norm_max=0.955
        [Trial 13] gen   20  evals= 1120  best=0.2363
        [Trial 13] gen   40  evals= 2240  best=0.1963
        [Pruned] Trial 13 at gen 45 (loss=0.1913)
    --> Trial 14 | pop=47 seed=77573 x0_norm_min=-0.897 x0_norm_max=-0.091
        [Trial 14] gen   20  evals=  940  best=0.1742
        [Trial 14] gen   40  evals= 1880  best=0.0370
        [Trial 14] gen   60  evals= 2820  best=0.0001
        [Trial 14] gen   80  evals= 3760  best=0.0000
        [Done] Trial 14 best=0.0000
    --> Early stop triggered: trial 14 reached loss=0.000000 < 0.010000

  Winner: Trial 14, loss=0.000000 (206s)
    Restarts run: 15
    mu: 36.014897
    D_mu: 16.886177
    T0_mu: 14.007944
    Ly: 1.459075
    op_x: 0.543884
    op_y: 0.851734
    NMSE: 0.007261
  [Saved] random_IR_0023

============================================================
[24/50] random_IR_0024.npz
  GT loss: 0.000000
    --> Trial 0 | pop=38 seed=1618 x0_norm_min=-0.944 x0_norm_max=0.730
        [Trial 0] gen   20  evals=  760  best=0.1627
        [Trial 0] gen   40  evals= 1520  best=0.0129
        [Trial 0] gen   60  evals= 2280  best=0.0002
        [Trial 0] gen   80  evals= 3040  best=0.0000
        [Done] Trial 0 best=0.0000
    --> Early stop triggered: trial 0 reached loss=0.000000 < 0.010000

  Winner: Trial 0, loss=0.000000 (35s)
    Restarts run: 1
    mu: 10.579252
    D_mu: 12.806875
    T0_mu: 10.736772
    Ly: 2.415272
    op_x: 0.515746
    op_y: 0.686386
    NMSE: 0.076301
  [Saved] random_IR_0024

============================================================
[25/50] random_IR_0025.npz
  GT loss: 0.000000
    --> Trial 0 | pop=46 seed=87138 x0_norm_min=-0.944 x0_norm_max=0.730
        [Trial 0] gen   20  evals=  920  best=0.1409
        [Trial 0] gen   40  evals= 1840  best=0.0560
        [Trial 0] gen   60  evals= 2760  best=0.0481
        [Trial 0] gen   80  evals= 3680  best=0.0480
        [Done] Trial 0 best=0.0480
    --> Trial 1 | pop=50 seed=77622 x0_norm_min=-0.937 x0_norm_max=0.907
        [Pruned] Trial 1 at gen 15 (loss=0.6274)
    --> Trial 2 | pop=50 seed=58583 x0_norm_min=-0.344 x0_norm_max=0.824
        [Trial 2] gen   20  evals= 1000  best=0.1455
        [Trial 2] gen   40  evals= 2000  best=0.0541
        [Trial 2] gen   60  evals= 3000  best=0.0481
        [Trial 2] gen   80  evals= 4000  best=0.0480
        [Done] Trial 2 best=0.0480
    --> Trial 3 | pop=48 seed=66074 x0_norm_min=-0.797 x0_norm_max=0.622
        [Trial 3] gen   20  evals=  960  best=0.0787
        [Trial 3] gen   40  evals= 1920  best=0.0511
        [Trial 3] gen   60  evals= 2880  best=0.0480
        [Done] Trial 3 best=0.0480
    --> Trial 4 | pop=58 seed=66859 x0_norm_min=-0.947 x0_norm_max=0.785
        [Pruned] Trial 4 at gen 15 (loss=0.8215)
    --> Trial 5 | pop=38 seed=47739 x0_norm_min=-0.748 x0_norm_max=0.981
        [Pruned] Trial 5 at gen 15 (loss=0.2792)
    --> Trial 6 | pop=52 seed=1399 x0_norm_min=-0.929 x0_norm_max=0.732
        [Trial 6] gen   20  evals= 1040  best=0.2090
        [Trial 6] gen   40  evals= 2080  best=0.0528
        [Pruned] Trial 6 at gen 45 (loss=0.0500)
    --> Trial 7 | pop=47 seed=36421 x0_norm_min=-0.779 x0_norm_max=0.922
        [Pruned] Trial 7 at gen 15 (loss=0.6673)
    --> Trial 8 | pop=45 seed=80673 x0_norm_min=-0.814 x0_norm_max=0.843
        [Pruned] Trial 8 at gen 15 (loss=0.5892)
    --> Trial 9 | pop=33 seed=833 x0_norm_min=-0.955 x0_norm_max=0.770
        [Pruned] Trial 9 at gen 15 (loss=0.7458)
    --> Trial 10 | pop=59 seed=25019 x0_norm_min=-0.841 x0_norm_max=0.672
        [Pruned] Trial 10 at gen 15 (loss=0.6860)
    --> Trial 11 | pop=41 seed=58127 x0_norm_min=-0.781 x0_norm_max=0.859
        [Pruned] Trial 11 at gen 15 (loss=0.3992)
    --> Trial 12 | pop=54 seed=59466 x0_norm_min=-0.402 x0_norm_max=0.428
        [Trial 12] gen   20  evals= 1080  best=0.0631
        [Trial 12] gen   40  evals= 2160  best=0.0494
        [Trial 12] gen   60  evals= 3240  best=0.0480
        [Done] Trial 12 best=0.0480
    --> Trial 13 | pop=54 seed=98132 x0_norm_min=-0.863 x0_norm_max=0.955
        [Trial 13] gen   20  evals= 1080  best=0.0606
        [Trial 13] gen   40  evals= 2160  best=0.0480
        [Done] Trial 13 best=0.0480
    --> Trial 14 | pop=54 seed=97328 x0_norm_min=-0.897 x0_norm_max=-0.091
        [Trial 14] gen   20  evals= 1080  best=0.1939
        [Trial 14] gen   40  evals= 2160  best=0.0589
        [Pruned] Trial 14 at gen 45 (loss=0.0521)
    --> Trial 15 | pop=56 seed=96190 x0_norm_min=-0.690 x0_norm_max=0.990
        [Trial 15] gen   20  evals= 1120  best=0.0879
        [Trial 15] gen   40  evals= 2240  best=0.0482
        [Trial 15] gen   60  evals= 3360  best=0.0480
        [Done] Trial 15 best=0.0480
    --> Trial 16 | pop=60 seed=99437 x0_norm_min=-0.776 x0_norm_max=0.982
        [Pruned] Trial 16 at gen 15 (loss=0.7671)
    --> Trial 17 | pop=56 seed=87230 x0_norm_min=-0.863 x0_norm_max=0.835
        [Pruned] Trial 17 at gen 15 (loss=0.3519)
    --> Trial 18 | pop=56 seed=90350 x0_norm_min=-0.933 x0_norm_max=0.907
        [Pruned] Trial 18 at gen 15 (loss=0.6510)
    --> Trial 19 | pop=42 seed=76043 x0_norm_min=-0.948 x0_norm_max=0.822
        [Pruned] Trial 19 at gen 15 (loss=0.4785)

  Winner: Trial 13, loss=0.048028 (468s)
    Restarts run: 20
    mu: 94.943681
    D_mu: 17.202819
    T0_mu: 0.000398
    Ly: 4.000000
    op_x: 0.510000
    op_y: 0.896710
    NMSE: 0.143568
  [Saved] random_IR_0025

============================================================
[26/50] random_IR_0026.npz
  GT loss: 0.000000
    --> Trial 0 | pop=51 seed=53690 x0_norm_min=-0.944 x0_norm_max=0.730
        [Trial 0] gen   20  evals= 1020  best=0.2066
        [Trial 0] gen   40  evals= 2040  best=0.1494
        [Trial 0] gen   60  evals= 3060  best=0.1293
        [Trial 0] gen   80  evals= 4080  best=0.1277
        [Trial 0] gen  100  evals= 5100  best=0.1277
        [Done] Trial 0 best=0.1277
    --> Trial 1 | pop=54 seed=9239 x0_norm_min=-0.937 x0_norm_max=0.907
        [Pruned] Trial 1 at gen 15 (loss=0.2639)
    --> Trial 2 | pop=41 seed=28299 x0_norm_min=-0.344 x0_norm_max=0.824
        [Pruned] Trial 2 at gen 15 (loss=0.2965)
    --> Trial 3 | pop=56 seed=34021 x0_norm_min=-0.797 x0_norm_max=0.622
        [Pruned] Trial 3 at gen 15 (loss=0.2126)
    --> Trial 4 | pop=45 seed=56450 x0_norm_min=-0.947 x0_norm_max=0.785
        [Pruned] Trial 4 at gen 15 (loss=0.2523)
    --> Trial 5 | pop=55 seed=95531 x0_norm_min=-0.748 x0_norm_max=0.981
        [Pruned] Trial 5 at gen 15 (loss=0.2139)
    --> Trial 6 | pop=40 seed=77012 x0_norm_min=-0.929 x0_norm_max=0.732
        [Trial 6] gen   20  evals=  800  best=0.1766
        [Trial 6] gen   40  evals= 1600  best=0.0564
        [Trial 6] gen   60  evals= 2400  best=0.0021
        [Trial 6] gen   80  evals= 3200  best=0.0000
        [Done] Trial 6 best=0.0000
    --> Early stop triggered: trial 6 reached loss=0.000000 < 0.010000

  Winner: Trial 6, loss=0.000000 (326s)
    Restarts run: 7
    mu: 30.494962
    D_mu: 2.311718
    T0_mu: 24.866669
    Ly: 1.749404
    op_x: 0.590678
    op_y: 0.814523
    NMSE: 0.000722
  [Saved] random_IR_0026

============================================================
[27/50] random_IR_0027.npz
  GT loss: 0.000000
    --> Trial 0 | pop=51 seed=14820 x0_norm_min=-0.944 x0_norm_max=0.730
        [Trial 0] gen   20  evals= 1020  best=0.2133
        [Trial 0] gen   40  evals= 2040  best=0.1078
        [Trial 0] gen   60  evals= 3060  best=0.0013
        [Trial 0] gen   80  evals= 4080  best=0.0000
        [Done] Trial 0 best=0.0000
    --> Early stop triggered: trial 0 reached loss=0.000000 < 0.010000

  Winner: Trial 0, loss=0.000000 (89s)
    Restarts run: 1
    mu: 27.354927
    D_mu: 3.609016
    T0_mu: 34.251367
    Ly: 2.773970
    op_x: 0.799024
    op_y: 0.867765
    NMSE: 0.000000
  [Saved] random_IR_0027

============================================================
[28/50] random_IR_0028.npz
  GT loss: 0.000000
    --> Trial 0 | pop=50 seed=2824 x0_norm_min=-0.944 x0_norm_max=0.730
        [Trial 0] gen   20  evals= 1000  best=0.4889
        [Trial 0] gen   40  evals= 2000  best=0.0790
        [Trial 0] gen   60  evals= 3000  best=0.0005
        [Trial 0] gen   80  evals= 4000  best=0.0000
        [Done] Trial 0 best=0.0000
    --> Early stop triggered: trial 0 reached loss=0.000000 < 0.010000

  Winner: Trial 0, loss=0.000000 (32s)
    Restarts run: 1
    mu: 29.387703
    D_mu: 21.311563
    T0_mu: 13.646509
    Ly: 2.004642
    op_x: 0.872360
    op_y: 0.750330
    NMSE: 0.003041
  [Saved] random_IR_0028

============================================================
[29/50] random_IR_0029.npz
  GT loss: 0.000000
    --> Trial 0 | pop=53 seed=18385 x0_norm_min=-0.944 x0_norm_max=0.730
        [Trial 0] gen   20  evals= 1060  best=0.1890
        [Trial 0] gen   40  evals= 2120  best=0.1319
        [Trial 0] gen   60  evals= 3180  best=0.1281
        [Done] Trial 0 best=0.1281
    --> Trial 1 | pop=32 seed=95823 x0_norm_min=-0.937 x0_norm_max=0.907
        [Pruned] Trial 1 at gen 15 (loss=0.2732)
    --> Trial 2 | pop=30 seed=29858 x0_norm_min=-0.344 x0_norm_max=0.824
        [Pruned] Trial 2 at gen 15 (loss=0.2468)
    --> Trial 3 | pop=36 seed=47604 x0_norm_min=-0.797 x0_norm_max=0.622
        [Pruned] Trial 3 at gen 15 (loss=0.2435)
    --> Trial 4 | pop=41 seed=18306 x0_norm_min=-0.947 x0_norm_max=0.785
        [Trial 4] gen   20  evals=  820  best=0.1938
        [Trial 4] gen   40  evals= 1640  best=0.1641
        [Pruned] Trial 4 at gen 45 (loss=0.1501)
    --> Trial 5 | pop=37 seed=2357 x0_norm_min=-0.748 x0_norm_max=0.981
        [Trial 5] gen   20  evals=  740  best=0.2166
        [Trial 5] gen   40  evals= 1480  best=0.1674
        [Pruned] Trial 5 at gen 45 (loss=0.1503)
    --> Trial 6 | pop=39 seed=83826 x0_norm_min=-0.929 x0_norm_max=0.732
        [Pruned] Trial 6 at gen 15 (loss=0.2684)
    --> Trial 7 | pop=49 seed=23221 x0_norm_min=-0.779 x0_norm_max=0.922
        [Pruned] Trial 7 at gen 15 (loss=0.2510)
    --> Trial 8 | pop=57 seed=57659 x0_norm_min=-0.814 x0_norm_max=0.843
        [Pruned] Trial 8 at gen 15 (loss=0.2650)
    --> Trial 9 | pop=50 seed=42934 x0_norm_min=-0.955 x0_norm_max=0.770
        [Trial 9] gen   20  evals= 1000  best=0.1746
        [Trial 9] gen   40  evals= 2000  best=0.1334
        [Pruned] Trial 9 at gen 45 (loss=0.1324)
    --> Trial 10 | pop=59 seed=71543 x0_norm_min=-0.841 x0_norm_max=0.672
        [Pruned] Trial 10 at gen 15 (loss=0.2873)
    --> Trial 11 | pop=50 seed=45166 x0_norm_min=-0.781 x0_norm_max=0.859
        [Pruned] Trial 11 at gen 15 (loss=0.2571)
    --> Trial 12 | pop=51 seed=6196 x0_norm_min=-0.402 x0_norm_max=0.428
        [Trial 12] gen   20  evals= 1020  best=0.1788
        [Trial 12] gen   40  evals= 2040  best=0.1384
        [Pruned] Trial 12 at gen 45 (loss=0.1350)
    --> Trial 13 | pop=46 seed=36842 x0_norm_min=-0.863 x0_norm_max=0.955
        [Pruned] Trial 13 at gen 15 (loss=0.2613)
    --> Trial 14 | pop=55 seed=62439 x0_norm_min=-0.897 x0_norm_max=-0.091
        [Trial 14] gen   20  evals= 1100  best=0.1629
        [Trial 14] gen   40  evals= 2200  best=0.1441
        [Pruned] Trial 14 at gen 45 (loss=0.1415)
    --> Trial 15 | pop=44 seed=12166 x0_norm_min=-0.690 x0_norm_max=0.990
        [Pruned] Trial 15 at gen 15 (loss=0.2515)
    --> Trial 16 | pop=54 seed=37178 x0_norm_min=-0.776 x0_norm_max=0.982
        [Pruned] Trial 16 at gen 15 (loss=0.2836)
    --> Trial 17 | pop=53 seed=29351 x0_norm_min=-0.863 x0_norm_max=0.835
        [Trial 17] gen   20  evals= 1060  best=0.1640
        [Trial 17] gen   40  evals= 2120  best=0.1293
        [Trial 17] gen   60  evals= 3180  best=0.1281
        [Done] Trial 17 best=0.1281
    --> Trial 18 | pop=60 seed=22329 x0_norm_min=-0.933 x0_norm_max=0.907
        [Trial 18] gen   20  evals= 1200  best=0.1538
        [Trial 18] gen   40  evals= 2400  best=0.1396
        [Pruned] Trial 18 at gen 45 (loss=0.1366)
    --> Trial 19 | pop=54 seed=29565 x0_norm_min=-0.948 x0_norm_max=0.822
        [Trial 19] gen   20  evals= 1080  best=0.1641
        [Trial 19] gen   40  evals= 2160  best=0.1432
        [Pruned] Trial 19 at gen 45 (loss=0.1348)

  Winner: Trial 0, loss=0.128073 (696s)
    Restarts run: 20
    mu: 45.846479
    D_mu: 3.888458
    T0_mu: 7.910050
    Ly: 3.521853
    op_x: 0.839138
    op_y: 0.584143
    NMSE: 0.079500
  [Saved] random_IR_0029

============================================================
[30/50] random_IR_0030.npz
  GT loss: 0.000000
    --> Trial 0 | pop=51 seed=68424 x0_norm_min=-0.944 x0_norm_max=0.730
        [Trial 0] gen   20  evals= 1020  best=0.9212
        [Trial 0] gen   40  evals= 2040  best=0.9212
        [Trial 0] gen   60  evals= 3060  best=0.9212
        [Done] Trial 0 best=0.9212
    --> Trial 1 | pop=33 seed=90650 x0_norm_min=-0.937 x0_norm_max=0.907
        [Trial 1] gen   20  evals=  660  best=0.4625
        [Trial 1] gen   40  evals= 1320  best=0.4176
        [Trial 1] gen   60  evals= 1980  best=0.0467
        [Trial 1] gen   80  evals= 2640  best=0.0003
        [Trial 1] gen  100  evals= 3300  best=0.0000
        [Done] Trial 1 best=0.0000
    --> Early stop triggered: trial 1 reached loss=0.000000 < 0.010000

  Winner: Trial 1, loss=0.000000 (98s)
    Restarts run: 2
    mu: 22.718404
    D_mu: 0.962858
    T0_mu: 4.028431
    Ly: 1.620853
    op_x: 0.772937
    op_y: 0.949374
    NMSE: 0.000561
  [Saved] random_IR_0030

============================================================
[31/50] random_IR_0031.npz
  GT loss: 0.000000
    --> Trial 0 | pop=51 seed=57484 x0_norm_min=-0.944 x0_norm_max=0.730
        [Trial 0] gen   20  evals= 1020  best=0.3942
        [Trial 0] gen   40  evals= 2040  best=0.0413
        [Trial 0] gen   60  evals= 3060  best=0.0003
        [Trial 0] gen   80  evals= 4080  best=0.0000
        [Done] Trial 0 best=0.0000
    --> Early stop triggered: trial 0 reached loss=0.000000 < 0.010000

  Winner: Trial 0, loss=0.000000 (127s)
    Restarts run: 1
    mu: 20.722444
    D_mu: 2.947195
    T0_mu: 48.115925
    Ly: 3.971969
    op_x: 0.881631
    op_y: 0.666806
    NMSE: 0.000746
  [Saved] random_IR_0031

============================================================
[32/50] random_IR_0032.npz
  GT loss: 0.000000
    --> Trial 0 | pop=54 seed=11690 x0_norm_min=-0.944 x0_norm_max=0.730
        [Trial 0] gen   20  evals= 1080  best=0.3902
        [Trial 0] gen   40  evals= 2160  best=0.1430
        [Trial 0] gen   60  evals= 3240  best=0.0016
        [Trial 0] gen   80  evals= 4320  best=0.0000
        [Done] Trial 0 best=0.0000
    --> Early stop triggered: trial 0 reached loss=0.000000 < 0.010000

  Winner: Trial 0, loss=0.000000 (43s)
    Restarts run: 1
    mu: 30.137112
    D_mu: 14.059317
    T0_mu: 17.383901
    Ly: 2.212040
    op_x: 0.643997
    op_y: 0.901026
    NMSE: 0.004834
  [Saved] random_IR_0032

============================================================
[33/50] random_IR_0033.npz
  GT loss: 0.000000
    --> Trial 0 | pop=37 seed=71265 x0_norm_min=-0.944 x0_norm_max=0.730
        [Trial 0] gen   20  evals=  740  best=0.5674
        [Trial 0] gen   40  evals= 1480  best=0.5674
        [Trial 0] gen   60  evals= 2220  best=0.5674
        [Trial 0] gen   80  evals= 2960  best=0.5674
        [Trial 0] gen  100  evals= 3700  best=0.4096
        [Trial 0] gen  120  evals= 4440  best=0.4048
        [Trial 0] gen  140  evals= 5180  best=0.3979
        [Trial 0] gen  160  evals= 5920  best=0.3977
        [Done] Trial 0 best=0.3977
    --> Trial 1 | pop=42 seed=18476 x0_norm_min=-0.937 x0_norm_max=0.907
        [Pruned] Trial 1 at gen 15 (loss=0.7517)
    --> Trial 2 | pop=39 seed=78386 x0_norm_min=-0.344 x0_norm_max=0.824
        [Pruned] Trial 2 at gen 15 (loss=1.0069)
    --> Trial 3 | pop=53 seed=81740 x0_norm_min=-0.797 x0_norm_max=0.622
        [Pruned] Trial 3 at gen 15 (loss=0.6192)
    --> Trial 4 | pop=45 seed=17008 x0_norm_min=-0.947 x0_norm_max=0.785
        [Trial 4] gen   20  evals=  900  best=0.2099
        [Trial 4] gen   40  evals= 1800  best=0.1031
        [Trial 4] gen   60  evals= 2700  best=0.0173
        [Trial 4] gen   80  evals= 3600  best=0.0006
        [Trial 4] gen  100  evals= 4500  best=0.0000
        [Done] Trial 4 best=0.0000
    --> Early stop triggered: trial 4 reached loss=0.000000 < 0.010000

  Winner: Trial 4, loss=0.000000 (55s)
    Restarts run: 5
    mu: 24.934307
    D_mu: 67.282261
    T0_mu: 22.040685
    Ly: 1.638347
    op_x: 0.868166
    op_y: 0.634398
    NMSE: 0.000605
  [Saved] random_IR_0033

============================================================
[34/50] random_IR_0034.npz
  GT loss: 0.000000
    --> Trial 0 | pop=36 seed=15505 x0_norm_min=-0.944 x0_norm_max=0.730
        [Trial 0] gen   20  evals=  720  best=0.3985
        [Trial 0] gen   40  evals= 1440  best=0.0749
        [Trial 0] gen   60  evals= 2160  best=0.0161
        [Trial 0] gen   80  evals= 2880  best=0.0003
        [Trial 0] gen  100  evals= 3600  best=0.0000
        [Done] Trial 0 best=0.0000
    --> Early stop triggered: trial 0 reached loss=0.000000 < 0.010000

  Winner: Trial 0, loss=0.000000 (24s)
    Restarts run: 1
    mu: 64.851117
    D_mu: 17.497578
    T0_mu: 1.318354
    Ly: 1.718606
    op_x: 0.693357
    op_y: 0.737123
    NMSE: 0.031931
  [Saved] random_IR_0034

============================================================
[35/50] random_IR_0035.npz
  GT loss: 0.000000
    --> Trial 0 | pop=55 seed=22567 x0_norm_min=-0.944 x0_norm_max=0.730
        [Trial 0] gen   20  evals= 1100  best=0.2344
        [Trial 0] gen   40  evals= 2200  best=0.2119
        [Trial 0] gen   60  evals= 3300  best=0.2086
        [Trial 0] gen   80  evals= 4400  best=0.2086
        [Done] Trial 0 best=0.2086
    --> Trial 1 | pop=34 seed=25675 x0_norm_min=-0.937 x0_norm_max=0.907
        [Pruned] Trial 1 at gen 15 (loss=0.3409)
    --> Trial 2 | pop=35 seed=20302 x0_norm_min=-0.344 x0_norm_max=0.824
        [Pruned] Trial 2 at gen 15 (loss=0.3363)
    --> Trial 3 | pop=54 seed=24075 x0_norm_min=-0.797 x0_norm_max=0.622
        [Pruned] Trial 3 at gen 15 (loss=0.4615)
    --> Trial 4 | pop=53 seed=25797 x0_norm_min=-0.947 x0_norm_max=0.785
        [Pruned] Trial 4 at gen 15 (loss=0.5450)
    --> Trial 5 | pop=60 seed=52157 x0_norm_min=-0.748 x0_norm_max=0.981
        [Pruned] Trial 5 at gen 15 (loss=0.7030)
    --> Trial 6 | pop=34 seed=16823 x0_norm_min=-0.929 x0_norm_max=0.732
        [Pruned] Trial 6 at gen 15 (loss=0.3623)
    --> Trial 7 | pop=33 seed=30918 x0_norm_min=-0.779 x0_norm_max=0.922
        [Pruned] Trial 7 at gen 15 (loss=0.3797)
    --> Trial 8 | pop=51 seed=52127 x0_norm_min=-0.814 x0_norm_max=0.843
        [Pruned] Trial 8 at gen 15 (loss=0.4299)
    --> Trial 9 | pop=36 seed=40532 x0_norm_min=-0.955 x0_norm_max=0.770
        [Pruned] Trial 9 at gen 15 (loss=0.6039)
    --> Trial 10 | pop=43 seed=95097 x0_norm_min=-0.841 x0_norm_max=0.672
        [Trial 10] gen   20  evals=  860  best=0.3117
        [Trial 10] gen   40  evals= 1720  best=0.2121
        [Pruned] Trial 10 at gen 45 (loss=0.2090)
    --> Trial 11 | pop=43 seed=99985 x0_norm_min=-0.781 x0_norm_max=0.859
        [Trial 11] gen   20  evals=  860  best=0.2205
        [Trial 11] gen   40  evals= 1720  best=0.0799
        [Trial 11] gen   60  evals= 2580  best=0.0742
        [Trial 11] gen   80  evals= 3440  best=0.0693
        [Trial 11] gen  100  evals= 4300  best=0.0559
        [Trial 11] gen  120  evals= 5160  best=0.0213
        [Trial 11] gen  140  evals= 6020  best=0.0058
        [Trial 11] gen  160  evals= 6880  best=0.0002
        [Trial 11] gen  180  evals= 7740  best=0.0000
        [Done] Trial 11 best=0.0000
    --> Early stop triggered: trial 11 reached loss=0.000000 < 0.010000

  Winner: Trial 11, loss=0.000000 (129s)
    Restarts run: 12
    mu: 17.949274
    D_mu: 31.371934
    T0_mu: 55.627675
    Ly: 1.905125
    op_x: 0.574687
    op_y: 0.861248
    NMSE: 0.000091
  [Saved] random_IR_0035

============================================================
[36/50] random_IR_0036.npz
  GT loss: 0.000000
    --> Trial 0 | pop=44 seed=98049 x0_norm_min=-0.944 x0_norm_max=0.730
        [Trial 0] gen   20  evals=  880  best=1.0000
        [Trial 0] gen   40  evals= 1760  best=1.0000
        [Done] Trial 0 best=1.0000
    --> Trial 1 | pop=39 seed=28792 x0_norm_min=-0.937 x0_norm_max=0.907
        [Trial 1] gen   20  evals=  780  best=0.9655
        [Trial 1] gen   40  evals= 1560  best=0.9655
        [Trial 1] gen   60  evals= 2340  best=0.9655
        [Done] Trial 1 best=0.9655
    --> Trial 2 | pop=35 seed=2827 x0_norm_min=-0.344 x0_norm_max=0.824
        [Trial 2] gen   20  evals=  700  best=0.7691
        [Trial 2] gen   40  evals= 1400  best=0.7691
        [Trial 2] gen   60  evals= 2100  best=0.7691
        [Trial 2] gen   80  evals= 2800  best=0.1910
        [Trial 2] gen  100  evals= 3500  best=0.0035
        [Trial 2] gen  120  evals= 4200  best=0.0000
        [Done] Trial 2 best=0.0000
    --> Early stop triggered: trial 2 reached loss=0.000000 < 0.010000

  Winner: Trial 2, loss=0.000000 (43s)
    Restarts run: 3
    mu: 67.456631
    D_mu: 25.998308
    T0_mu: 10.904673
    Ly: 2.248571
    op_x: 0.684224
    op_y: 0.970800
    NMSE: 0.039743
  [Saved] random_IR_0036

============================================================
[37/50] random_IR_0037.npz
  GT loss: 0.000000
    --> Trial 0 | pop=47 seed=55320 x0_norm_min=-0.944 x0_norm_max=0.730
        [Trial 0] gen   20  evals=  940  best=0.6745
        [Trial 0] gen   40  evals= 1880  best=0.6745
        [Done] Trial 0 best=0.6745
    --> Trial 1 | pop=54 seed=73833 x0_norm_min=-0.937 x0_norm_max=0.907
        [Pruned] Trial 1 at gen 15 (loss=0.9821)
    --> Trial 2 | pop=54 seed=40484 x0_norm_min=-0.344 x0_norm_max=0.824
        [Pruned] Trial 2 at gen 15 (loss=1.0413)
    --> Trial 3 | pop=53 seed=52776 x0_norm_min=-0.797 x0_norm_max=0.622
        [Pruned] Trial 3 at gen 15 (loss=0.9600)
    --> Trial 4 | pop=38 seed=56156 x0_norm_min=-0.947 x0_norm_max=0.785
        [Pruned] Trial 4 at gen 15 (loss=1.0000)
    --> Trial 5 | pop=41 seed=73892 x0_norm_min=-0.748 x0_norm_max=0.981
        [Pruned] Trial 5 at gen 15 (loss=1.1292)
    --> Trial 6 | pop=45 seed=50949 x0_norm_min=-0.929 x0_norm_max=0.732
        [Trial 6] gen   20  evals=  900  best=0.6060
        [Trial 6] gen   40  evals= 1800  best=0.6060
        [Done] Trial 6 best=0.6060
    --> Trial 7 | pop=37 seed=84511 x0_norm_min=-0.779 x0_norm_max=0.922
        [Pruned] Trial 7 at gen 15 (loss=1.0000)
    --> Trial 8 | pop=49 seed=97226 x0_norm_min=-0.814 x0_norm_max=0.843
        [Pruned] Trial 8 at gen 15 (loss=1.1655)
    --> Trial 9 | pop=42 seed=22617 x0_norm_min=-0.955 x0_norm_max=0.770
        [Pruned] Trial 9 at gen 15 (loss=1.1547)
    --> Trial 10 | pop=32 seed=6606 x0_norm_min=-0.841 x0_norm_max=0.672
        [Pruned] Trial 10 at gen 15 (loss=1.1736)
    --> Trial 11 | pop=47 seed=43517 x0_norm_min=-0.781 x0_norm_max=0.859
        [Pruned] Trial 11 at gen 15 (loss=1.1606)
    --> Trial 12 | pop=47 seed=29601 x0_norm_min=-0.402 x0_norm_max=0.428
        [Trial 12] gen   20  evals=  940  best=0.2159
        [Trial 12] gen   40  evals= 1880  best=0.2159
        [Done] Trial 12 best=0.2159
    --> Trial 13 | pop=58 seed=19681 x0_norm_min=-0.863 x0_norm_max=0.955
        [Pruned] Trial 13 at gen 15 (loss=1.1399)
    --> Trial 14 | pop=44 seed=29993 x0_norm_min=-0.897 x0_norm_max=-0.091
        [Pruned] Trial 14 at gen 15 (loss=1.0799)
    --> Trial 15 | pop=50 seed=1017 x0_norm_min=-0.690 x0_norm_max=0.990
        [Pruned] Trial 15 at gen 15 (loss=1.1264)
    --> Trial 16 | pop=31 seed=37046 x0_norm_min=-0.776 x0_norm_max=0.982
        [Pruned] Trial 16 at gen 15 (loss=1.0892)
    --> Trial 17 | pop=59 seed=66631 x0_norm_min=-0.863 x0_norm_max=0.835
        [Trial 17] gen   20  evals= 1180  best=1.0000
        [Trial 17] gen   40  evals= 2360  best=1.0000
        [Pruned] Trial 17 at gen 45 (loss=1.0000)
    --> Trial 18 | pop=45 seed=13888 x0_norm_min=-0.933 x0_norm_max=0.907
        [Pruned] Trial 18 at gen 15 (loss=1.0457)
    --> Trial 19 | pop=37 seed=28291 x0_norm_min=-0.948 x0_norm_max=0.822
        [Pruned] Trial 19 at gen 15 (loss=1.1255)

  Winner: Trial 12, loss=0.215868 (133s)
    Restarts run: 20
    mu: 15.386908
    D_mu: 55.837298
    T0_mu: 34.235707
    Ly: 3.350503
    op_x: 0.756574
    op_y: 0.982722
    NMSE: 0.001636
  [Saved] random_IR_0037

============================================================
[38/50] random_IR_0038.npz
  GT loss: 0.000000
    --> Trial 0 | pop=52 seed=36870 x0_norm_min=-0.944 x0_norm_max=0.730
        [Trial 0] gen   20  evals= 1040  best=0.5128
        [Trial 0] gen   40  evals= 2080  best=0.5128
        [Trial 0] gen   60  evals= 3120  best=0.5128
        [Trial 0] gen   80  evals= 4160  best=0.3558
        [Trial 0] gen  100  evals= 5200  best=0.0146
        [Trial 0] gen  120  evals= 6240  best=0.0000
        [Done] Trial 0 best=0.0000
    --> Early stop triggered: trial 0 reached loss=0.000000 < 0.010000

  Winner: Trial 0, loss=0.000000 (40s)
    Restarts run: 1
    mu: 53.367849
    D_mu: 26.172823
    T0_mu: 18.687315
    Ly: 1.947230
    op_x: 0.838287
    op_y: 0.894741
    NMSE: 0.035681
  [Saved] random_IR_0038

============================================================
[39/50] random_IR_0039.npz
  GT loss: 0.000000
    --> Trial 0 | pop=34 seed=10609 x0_norm_min=-0.944 x0_norm_max=0.730
        [Trial 0] gen   20  evals=  680  best=0.5587
        [Trial 0] gen   40  evals= 1360  best=0.0961
        [Trial 0] gen   60  evals= 2040  best=0.0034
        [Trial 0] gen   80  evals= 2720  best=0.0000
        [Trial 0] gen  100  evals= 3400  best=0.0000
        [Done] Trial 0 best=0.0000
    --> Early stop triggered: trial 0 reached loss=0.000000 < 0.010000

  Winner: Trial 0, loss=0.000000 (24s)
    Restarts run: 1
    mu: 53.318135
    D_mu: 18.639132
    T0_mu: 1.661928
    Ly: 1.917014
    op_x: 0.939482
    op_y: 0.675706
    NMSE: 0.003322
  [Saved] random_IR_0039

============================================================
[40/50] random_IR_0040.npz
  GT loss: 0.000000
    --> Trial 0 | pop=36 seed=87254 x0_norm_min=-0.944 x0_norm_max=0.730
        [Trial 0] gen   20  evals=  720  best=0.1916
        [Trial 0] gen   40  evals= 1440  best=0.1916
        [Trial 0] gen   60  evals= 2160  best=0.0358
        [Trial 0] gen   80  evals= 2880  best=0.0009
        [Trial 0] gen  100  evals= 3600  best=0.0000
        [Done] Trial 0 best=0.0000
    --> Early stop triggered: trial 0 reached loss=0.000000 < 0.010000

  Winner: Trial 0, loss=0.000000 (102s)
    Restarts run: 1
    mu: 20.438621
    D_mu: 3.103352
    T0_mu: 24.481591
    Ly: 3.888563
    op_x: 0.818906
    op_y: 0.938401
    NMSE: 0.005213
  [Saved] random_IR_0040

============================================================
[41/50] random_IR_0041.npz
  GT loss: 0.000000
    --> Trial 0 | pop=47 seed=53036 x0_norm_min=-0.944 x0_norm_max=0.730
        [Trial 0] gen   20  evals=  940  best=0.9837
        [Trial 0] gen   40  evals= 1880  best=0.9825
        [Trial 0] gen   60  evals= 2820  best=0.9592
        [Trial 0] gen   80  evals= 3760  best=0.9529
        [Trial 0] gen  100  evals= 4700  best=0.9412
        [Trial 0] gen  120  evals= 5640  best=0.9384
        [Trial 0] gen  140  evals= 6580  best=0.9381
        [Trial 0] gen  160  evals= 7520  best=0.9381
        [Trial 0] gen  180  evals= 8460  best=0.9381
        [Trial 0] gen  200  evals= 9400  best=0.9381
        [Trial 0] gen  220  evals=10340  best=0.9381
        [Trial 0] gen  240  evals=11280  best=0.9381
        [Trial 0] gen  260  evals=12220  best=0.9381
        [Trial 0] gen  280  evals=13160  best=0.9381
        [Trial 0] gen  300  evals=14100  best=0.9381
        [Trial 0] gen  320  evals=15040  best=0.9381
        [Trial 0] gen  340  evals=15980  best=0.9381
        [Trial 0] gen  360  evals=16920  best=0.9381
        [Trial 0] gen  380  evals=17860  best=0.9381
        [Done] Trial 0 best=0.9381
    --> Trial 1 | pop=47 seed=57817 x0_norm_min=-0.937 x0_norm_max=0.907
        [Pruned] Trial 1 at gen 15 (loss=1.0000)
    --> Trial 2 | pop=58 seed=79994 x0_norm_min=-0.344 x0_norm_max=0.824
        [Trial 2] gen   20  evals= 1160  best=0.8498
        [Trial 2] gen   40  evals= 2320  best=0.8498
        [Trial 2] gen   60  evals= 3480  best=0.8498
        [Trial 2] gen   80  evals= 4640  best=0.8498
        [Trial 2] gen  100  evals= 5800  best=0.8498
        [Trial 2] gen  120  evals= 6960  best=0.8498
        [Trial 2] gen  140  evals= 8120  best=0.8498
        [Trial 2] gen  160  evals= 9280  best=0.8498
        [Trial 2] gen  180  evals=10440  best=0.8498
        [Trial 2] gen  200  evals=11600  best=0.8498
        [Done] Trial 2 best=0.8498
    --> Trial 3 | pop=51 seed=833 x0_norm_min=-0.797 x0_norm_max=0.622
        [Pruned] Trial 3 at gen 15 (loss=1.0173)
    --> Trial 4 | pop=49 seed=26359 x0_norm_min=-0.947 x0_norm_max=0.785
        [Pruned] Trial 4 at gen 15 (loss=1.1372)
    --> Trial 5 | pop=51 seed=79643 x0_norm_min=-0.748 x0_norm_max=0.981
        [Trial 5] gen   20  evals= 1020  best=0.8425
        [Trial 5] gen   40  evals= 2040  best=0.8425
        [Trial 5] gen   60  evals= 3060  best=0.8425
        [Trial 5] gen   80  evals= 4080  best=0.8425
        [Trial 5] gen  100  evals= 5100  best=0.8425
        [Trial 5] gen  120  evals= 6120  best=0.8425
        [Trial 5] gen  140  evals= 7140  best=0.8425
        [Trial 5] gen  160  evals= 8160  best=0.8425
        [Trial 5] gen  180  evals= 9180  best=0.8425
        [Trial 5] gen  200  evals=10200  best=0.8425
        [Trial 5] gen  220  evals=11220  best=0.8425
        [Done] Trial 5 best=0.8425
    --> Trial 6 | pop=37 seed=40084 x0_norm_min=-0.929 x0_norm_max=0.732
        [Pruned] Trial 6 at gen 15 (loss=1.2438)
    --> Trial 7 | pop=56 seed=24566 x0_norm_min=-0.779 x0_norm_max=0.922
        [Trial 7] gen   20  evals= 1120  best=0.7329
        [Trial 7] gen   40  evals= 2240  best=0.7329
        [Trial 7] gen   60  evals= 3360  best=0.7329
        [Trial 7] gen   80  evals= 4480  best=0.7329
        [Trial 7] gen  100  evals= 5600  best=0.7329
        [Trial 7] gen  120  evals= 6720  best=0.7329
        [Trial 7] gen  140  evals= 7840  best=0.7329
        [Trial 7] gen  160  evals= 8960  best=0.7329
        [Trial 7] gen  180  evals=10080  best=0.7329
        [Trial 7] gen  200  evals=11200  best=0.7329
        [Trial 7] gen  220  evals=12320  best=0.7329
        [Trial 7] gen  240  evals=13440  best=0.7329
        [Done] Trial 7 best=0.7329
    --> Trial 8 | pop=41 seed=47240 x0_norm_min=-0.814 x0_norm_max=0.843
        [Pruned] Trial 8 at gen 15 (loss=1.1695)
    --> Trial 9 | pop=51 seed=61026 x0_norm_min=-0.955 x0_norm_max=0.770
        [Pruned] Trial 9 at gen 15 (loss=1.2242)
    --> Trial 10 | pop=31 seed=96995 x0_norm_min=-0.841 x0_norm_max=0.672
        [Pruned] Trial 10 at gen 15 (loss=1.0597)
    --> Trial 11 | pop=60 seed=3252 x0_norm_min=-0.781 x0_norm_max=0.859
        [Pruned] Trial 11 at gen 15 (loss=1.0036)
    --> Trial 12 | pop=56 seed=22750 x0_norm_min=-0.402 x0_norm_max=0.428
        [Trial 12] gen   20  evals= 1120  best=0.8707
        [Trial 12] gen   40  evals= 2240  best=0.8707
        [Pruned] Trial 12 at gen 45 (loss=0.8707)
    --> Trial 13 | pop=55 seed=77331 x0_norm_min=-0.863 x0_norm_max=0.955
        [Pruned] Trial 13 at gen 15 (loss=1.1116)
    --> Trial 14 | pop=42 seed=94933 x0_norm_min=-0.897 x0_norm_max=-0.091
        [Pruned] Trial 14 at gen 15 (loss=1.0406)
    --> Trial 15 | pop=54 seed=73134 x0_norm_min=-0.690 x0_norm_max=0.990
        [Pruned] Trial 15 at gen 15 (loss=1.1951)
    --> Trial 16 | pop=44 seed=20004 x0_norm_min=-0.776 x0_norm_max=0.982
        [Pruned] Trial 16 at gen 15 (loss=1.0518)
    --> Trial 17 | pop=53 seed=38123 x0_norm_min=-0.863 x0_norm_max=0.835
        [Pruned] Trial 17 at gen 15 (loss=1.0032)
    --> Trial 18 | pop=60 seed=67068 x0_norm_min=-0.933 x0_norm_max=0.907
        [Pruned] Trial 18 at gen 15 (loss=1.4180)
    --> Trial 19 | pop=36 seed=86337 x0_norm_min=-0.948 x0_norm_max=0.822
        [Trial 19] gen   20  evals=  720  best=0.7597
        [Trial 19] gen   40  evals= 1440  best=0.7597
        [Trial 19] gen   60  evals= 2160  best=0.7597
        [Trial 19] gen   80  evals= 2880  best=0.7597
        [Trial 19] gen  100  evals= 3600  best=0.7597
        [Trial 19] gen  120  evals= 4320  best=0.7597
        [Pruned] Trial 19 at gen 135 (loss=0.7597)

  Winner: Trial 7, loss=0.732925 (274s)
    Restarts run: 20
    mu: 8.641596
    D_mu: 73.224100
    T0_mu: 67.042704
    Ly: 1.919626
    op_x: 0.870575
    op_y: 0.971945
    NMSE: 0.058264
  [Saved] random_IR_0041

============================================================
[42/50] random_IR_0042.npz
  GT loss: 0.000000
    --> Trial 0 | pop=54 seed=40284 x0_norm_min=-0.944 x0_norm_max=0.730
        [Trial 0] gen   20  evals= 1080  best=0.3058
        [Trial 0] gen   40  evals= 2160  best=0.1053
        [Trial 0] gen   60  evals= 3240  best=0.0017
        [Trial 0] gen   80  evals= 4320  best=0.0000
        [Done] Trial 0 best=0.0000
    --> Early stop triggered: trial 0 reached loss=0.000000 < 0.010000

  Winner: Trial 0, loss=0.000000 (64s)
    Restarts run: 1
    mu: 38.980360
    D_mu: 7.464990
    T0_mu: 22.858074
    Ly: 2.487265
    op_x: 0.912848
    op_y: 0.603019
    NMSE: 0.001875
  [Saved] random_IR_0042

============================================================
[43/50] random_IR_0043.npz
  GT loss: 0.000000
    --> Trial 0 | pop=32 seed=4600 x0_norm_min=-0.944 x0_norm_max=0.730
        [Trial 0] gen   20  evals=  640  best=1.1640
        [Trial 0] gen   40  evals= 1280  best=1.0000
        [Trial 0] gen   60  evals= 1920  best=1.0000
        [Trial 0] gen   80  evals= 2560  best=1.0000
        [Done] Trial 0 best=1.0000
    --> Trial 1 | pop=43 seed=81030 x0_norm_min=-0.937 x0_norm_max=0.907
        [Trial 1] gen   20  evals=  860  best=1.1255
        [Trial 1] gen   40  evals= 1720  best=1.0000
        [Trial 1] gen   60  evals= 2580  best=1.0000
        [Done] Trial 1 best=1.0000
    --> Trial 2 | pop=56 seed=63527 x0_norm_min=-0.344 x0_norm_max=0.824
        [Trial 2] gen   20  evals= 1120  best=1.0000
        [Trial 2] gen   40  evals= 2240  best=1.0000
        [Done] Trial 2 best=1.0000
    --> Trial 3 | pop=51 seed=8134 x0_norm_min=-0.797 x0_norm_max=0.622
        [Pruned] Trial 3 at gen 15 (loss=1.0900)
    --> Trial 4 | pop=55 seed=49087 x0_norm_min=-0.947 x0_norm_max=0.785
        [Pruned] Trial 4 at gen 15 (loss=1.1956)
    --> Trial 5 | pop=34 seed=9002 x0_norm_min=-0.748 x0_norm_max=0.981
        [Pruned] Trial 5 at gen 15 (loss=1.2302)
    --> Trial 6 | pop=42 seed=84255 x0_norm_min=-0.929 x0_norm_max=0.732
        [Pruned] Trial 6 at gen 15 (loss=1.1637)
    --> Trial 7 | pop=48 seed=70381 x0_norm_min=-0.779 x0_norm_max=0.922
        [Pruned] Trial 7 at gen 15 (loss=1.1141)
    --> Trial 8 | pop=33 seed=49781 x0_norm_min=-0.814 x0_norm_max=0.843
        [Pruned] Trial 8 at gen 15 (loss=1.2232)
    --> Trial 9 | pop=51 seed=30118 x0_norm_min=-0.955 x0_norm_max=0.770
        [Trial 9] gen   20  evals= 1020  best=0.8928
        [Trial 9] gen   40  evals= 2040  best=0.8928
        [Trial 9] gen   60  evals= 3060  best=0.8928
        [Done] Trial 9 best=0.8928
    --> Trial 10 | pop=59 seed=29895 x0_norm_min=-0.841 x0_norm_max=0.672
        [Pruned] Trial 10 at gen 15 (loss=1.1174)
    --> Trial 11 | pop=30 seed=26172 x0_norm_min=-0.781 x0_norm_max=0.859
        [Trial 11] gen   20  evals=  600  best=1.0000
        [Trial 11] gen   40  evals= 1200  best=1.0000
        [Pruned] Trial 11 at gen 45 (loss=1.0000)
    --> Trial 12 | pop=39 seed=20063 x0_norm_min=-0.402 x0_norm_max=0.428
        [Pruned] Trial 12 at gen 15 (loss=1.1905)
    --> Trial 13 | pop=47 seed=37 x0_norm_min=-0.863 x0_norm_max=0.955
        [Pruned] Trial 13 at gen 15 (loss=1.0937)
    --> Trial 14 | pop=39 seed=39178 x0_norm_min=-0.897 x0_norm_max=-0.091
        [Pruned] Trial 14 at gen 15 (loss=1.1782)
    --> Trial 15 | pop=60 seed=17778 x0_norm_min=-0.690 x0_norm_max=0.990
        [Trial 15] gen   20  evals= 1200  best=0.9547
        [Trial 15] gen   40  evals= 2400  best=0.9547
        [Done] Trial 15 best=0.9547
    --> Trial 16 | pop=60 seed=41335 x0_norm_min=-0.776 x0_norm_max=0.982
        [Pruned] Trial 16 at gen 15 (loss=1.2306)
    --> Trial 17 | pop=53 seed=97771 x0_norm_min=-0.863 x0_norm_max=0.835
        [Pruned] Trial 17 at gen 15 (loss=1.1325)
    --> Trial 18 | pop=50 seed=18748 x0_norm_min=-0.933 x0_norm_max=0.907
        [Trial 18] gen   20  evals= 1000  best=1.0663
        [Trial 18] gen   40  evals= 2000  best=1.0000
        [Pruned] Trial 18 at gen 45 (loss=1.0000)
    --> Trial 19 | pop=57 seed=34709 x0_norm_min=-0.948 x0_norm_max=0.822
        [Pruned] Trial 19 at gen 15 (loss=1.1258)

  Winner: Trial 9, loss=0.892824 (187s)
    Restarts run: 20
    mu: 20.161642
    D_mu: 3.697233
    T0_mu: 48.586789
    Ly: 2.618038
    op_x: 0.994302
    op_y: 0.954247
    NMSE: 0.005797
  [Saved] random_IR_0043

============================================================
[44/50] random_IR_0044.npz
  GT loss: 0.000000
    --> Trial 0 | pop=43 seed=29415 x0_norm_min=-0.944 x0_norm_max=0.730
        [Trial 0] gen   20  evals=  860  best=0.0911
        [Trial 0] gen   40  evals= 1720  best=0.0125
        [Trial 0] gen   60  evals= 2580  best=0.0004
        [Trial 0] gen   80  evals= 3440  best=0.0000
        [Done] Trial 0 best=0.0000
    --> Early stop triggered: trial 0 reached loss=0.000000 < 0.010000

  Winner: Trial 0, loss=0.000000 (78s)
    Restarts run: 1
    mu: 23.834104
    D_mu: 4.916828
    T0_mu: 3.439457
    Ly: 3.344801
    op_x: 0.574860
    op_y: 0.536160
    NMSE: 0.000001
  [Saved] random_IR_0044

============================================================
[45/50] random_IR_0045.npz
  GT loss: 0.000000
    --> Trial 0 | pop=54 seed=95538 x0_norm_min=-0.944 x0_norm_max=0.730
        [Trial 0] gen   20  evals= 1080  best=0.5188
        [Trial 0] gen   40  evals= 2160  best=0.2124
        [Trial 0] gen   60  evals= 3240  best=0.1267
        [Trial 0] gen   80  evals= 4320  best=0.1185
        [Trial 0] gen  100  evals= 5400  best=0.1180
        [Done] Trial 0 best=0.1180
    --> Trial 1 | pop=33 seed=25360 x0_norm_min=-0.937 x0_norm_max=0.907
        [Pruned] Trial 1 at gen 15 (loss=0.7184)
    --> Trial 2 | pop=59 seed=84302 x0_norm_min=-0.344 x0_norm_max=0.824
        [Trial 2] gen   20  evals= 1180  best=0.4157
        [Trial 2] gen   40  evals= 2360  best=0.3342
        [Pruned] Trial 2 at gen 45 (loss=0.3329)
    --> Trial 3 | pop=38 seed=67206 x0_norm_min=-0.797 x0_norm_max=0.622
        [Pruned] Trial 3 at gen 15 (loss=0.4833)
    --> Trial 4 | pop=38 seed=89330 x0_norm_min=-0.947 x0_norm_max=0.785
        [Pruned] Trial 4 at gen 15 (loss=0.5768)
    --> Trial 5 | pop=44 seed=87559 x0_norm_min=-0.748 x0_norm_max=0.981
        [Pruned] Trial 5 at gen 15 (loss=0.5879)
    --> Trial 6 | pop=40 seed=84522 x0_norm_min=-0.929 x0_norm_max=0.732
        [Pruned] Trial 6 at gen 15 (loss=0.5532)
    --> Trial 7 | pop=39 seed=63962 x0_norm_min=-0.779 x0_norm_max=0.922
        [Pruned] Trial 7 at gen 15 (loss=0.6639)
    --> Trial 8 | pop=43 seed=84094 x0_norm_min=-0.814 x0_norm_max=0.843
        [Trial 8] gen   20  evals=  860  best=0.4253
        [Trial 8] gen   40  evals= 1720  best=0.3548
        [Pruned] Trial 8 at gen 45 (loss=0.3482)
    --> Trial 9 | pop=32 seed=14875 x0_norm_min=-0.955 x0_norm_max=0.770
        [Pruned] Trial 9 at gen 15 (loss=0.6037)
    --> Trial 10 | pop=60 seed=39356 x0_norm_min=-0.841 x0_norm_max=0.672
        [Pruned] Trial 10 at gen 15 (loss=0.6974)
    --> Trial 11 | pop=57 seed=98475 x0_norm_min=-0.781 x0_norm_max=0.859
        [Trial 11] gen   20  evals= 1140  best=0.4355
        [Trial 11] gen   40  evals= 2280  best=0.3427
        [Pruned] Trial 11 at gen 45 (loss=0.3351)
    --> Trial 12 | pop=53 seed=63082 x0_norm_min=-0.402 x0_norm_max=0.428
        [Trial 12] gen   20  evals= 1060  best=0.4302
        [Trial 12] gen   40  evals= 2120  best=0.3339
        [Pruned] Trial 12 at gen 45 (loss=0.3339)
    --> Trial 13 | pop=51 seed=74257 x0_norm_min=-0.863 x0_norm_max=0.955
        [Trial 13] gen   20  evals= 1020  best=0.4158
        [Trial 13] gen   40  evals= 2040  best=0.3373
        [Pruned] Trial 13 at gen 45 (loss=0.3341)
    --> Trial 14 | pop=51 seed=99051 x0_norm_min=-0.897 x0_norm_max=-0.091
        [Pruned] Trial 14 at gen 15 (loss=0.6166)
    --> Trial 15 | pop=55 seed=49037 x0_norm_min=-0.690 x0_norm_max=0.990
        [Pruned] Trial 15 at gen 15 (loss=0.5017)
    --> Trial 16 | pop=48 seed=51971 x0_norm_min=-0.776 x0_norm_max=0.982
        [Trial 16] gen   20  evals=  960  best=0.4565
        [Trial 16] gen   40  evals= 1920  best=0.3457
        [Pruned] Trial 16 at gen 45 (loss=0.3402)
    --> Trial 17 | pop=60 seed=75568 x0_norm_min=-0.863 x0_norm_max=0.835
        [Trial 17] gen   20  evals= 1200  best=0.3754
        [Trial 17] gen   40  evals= 2400  best=0.3362
        [Pruned] Trial 17 at gen 45 (loss=0.3346)
    --> Trial 18 | pop=57 seed=98643 x0_norm_min=-0.933 x0_norm_max=0.907
        [Trial 18] gen   20  evals= 1140  best=0.4033
        [Trial 18] gen   40  evals= 2280  best=0.3557
        [Pruned] Trial 18 at gen 45 (loss=0.3432)
    --> Trial 19 | pop=47 seed=73952 x0_norm_min=-0.948 x0_norm_max=0.822
        [Trial 19] gen   20  evals=  940  best=0.3891
        [Trial 19] gen   40  evals= 1880  best=0.3388
        [Trial 19] gen   60  evals= 2820  best=0.3326
        [Trial 19] gen   80  evals= 3760  best=0.3325
        [Done] Trial 19 best=0.3325

  Winner: Trial 0, loss=0.117990 (539s)
    Restarts run: 20
    mu: 5.409782
    D_mu: 3.164449
    T0_mu: 140.590572
    Ly: 3.766911
    op_x: 0.510002
    op_y: 0.830860
    NMSE: 0.007676
  [Saved] random_IR_0045

============================================================
[46/50] random_IR_0046.npz
  GT loss: 0.000000
    --> Trial 0 | pop=45 seed=42060 x0_norm_min=-0.944 x0_norm_max=0.730
        [Trial 0] gen   20  evals=  900  best=0.2334
        [Trial 0] gen   40  evals= 1800  best=0.1973
        [Trial 0] gen   60  evals= 2700  best=0.1798
        [Trial 0] gen   80  evals= 3600  best=0.1798
        [Done] Trial 0 best=0.1798
    --> Trial 1 | pop=30 seed=90463 x0_norm_min=-0.937 x0_norm_max=0.907
        [Trial 1] gen   20  evals=  600  best=0.0848
        [Trial 1] gen   40  evals= 1200  best=0.0092
        [Trial 1] gen   60  evals= 1800  best=0.0004
        [Trial 1] gen   80  evals= 2400  best=0.0000
        [Done] Trial 1 best=0.0000
    --> Early stop triggered: trial 1 reached loss=0.000000 < 0.010000

  Winner: Trial 1, loss=0.000000 (129s)
    Restarts run: 2
    mu: 64.512724
    D_mu: 6.125023
    T0_mu: 11.169085
    Ly: 1.811563
    op_x: 0.642401
    op_y: 0.574437
    NMSE: 0.003303
  [Saved] random_IR_0046

============================================================
[47/50] random_IR_0047.npz
  GT loss: 0.000000
    --> Trial 0 | pop=59 seed=96322 x0_norm_min=-0.944 x0_norm_max=0.730
        [Trial 0] gen   20  evals= 1180  best=0.2907
        [Trial 0] gen   40  evals= 2360  best=0.2559
        [Trial 0] gen   60  evals= 3540  best=0.2537
        [Done] Trial 0 best=0.2536
    --> Trial 1 | pop=60 seed=94671 x0_norm_min=-0.937 x0_norm_max=0.907
        [Trial 1] gen   20  evals= 1200  best=0.0732
        [Trial 1] gen   40  evals= 2400  best=0.0049
        [Trial 1] gen   60  evals= 3600  best=0.0000
        [Done] Trial 1 best=0.0000
    --> Early stop triggered: trial 1 reached loss=0.000000 < 0.010000

  Winner: Trial 1, loss=0.000000 (125s)
    Restarts run: 2
    mu: 43.007336
    D_mu: 6.744901
    T0_mu: 10.793797
    Ly: 1.260576
    op_x: 0.850880
    op_y: 0.648948
    NMSE: 0.005432
  [Saved] random_IR_0047

============================================================
[48/50] random_IR_0048.npz
  GT loss: 0.000000
    --> Trial 0 | pop=44 seed=77511 x0_norm_min=-0.944 x0_norm_max=0.730
        [Trial 0] gen   20  evals=  880  best=0.7775
        [Trial 0] gen   40  evals= 1760  best=0.7775
        [Trial 0] gen   60  evals= 2640  best=0.7775
        [Trial 0] gen   80  evals= 3520  best=0.7775
        [Trial 0] gen  100  evals= 4400  best=0.7775
        [Trial 0] gen  120  evals= 5280  best=0.7775
        [Trial 0] gen  140  evals= 6160  best=0.7775
        [Trial 0] gen  160  evals= 7040  best=0.7775
        [Trial 0] gen  180  evals= 7920  best=0.7775
        [Trial 0] gen  200  evals= 8800  best=0.7775
        [Trial 0] gen  220  evals= 9680  best=0.7775
        [Trial 0] gen  240  evals=10560  best=0.7775
        [Done] Trial 0 best=0.7775
    --> Trial 1 | pop=46 seed=18251 x0_norm_min=-0.937 x0_norm_max=0.907
        [Pruned] Trial 1 at gen 15 (loss=0.8931)
    --> Trial 2 | pop=55 seed=96984 x0_norm_min=-0.344 x0_norm_max=0.824
        [Pruned] Trial 2 at gen 15 (loss=1.1030)
    --> Trial 3 | pop=59 seed=62937 x0_norm_min=-0.797 x0_norm_max=0.622
        [Pruned] Trial 3 at gen 15 (loss=0.8671)
    --> Trial 4 | pop=32 seed=59034 x0_norm_min=-0.947 x0_norm_max=0.785
        [Pruned] Trial 4 at gen 15 (loss=1.0685)
    --> Trial 5 | pop=45 seed=98062 x0_norm_min=-0.748 x0_norm_max=0.981
        [Pruned] Trial 5 at gen 15 (loss=1.1169)
    --> Trial 6 | pop=47 seed=37359 x0_norm_min=-0.929 x0_norm_max=0.732
        [Pruned] Trial 6 at gen 15 (loss=1.0932)
    --> Trial 7 | pop=41 seed=365 x0_norm_min=-0.779 x0_norm_max=0.922
        [Pruned] Trial 7 at gen 15 (loss=1.0000)
    --> Trial 8 | pop=59 seed=32920 x0_norm_min=-0.814 x0_norm_max=0.843
        [Pruned] Trial 8 at gen 15 (loss=0.9242)
    --> Trial 9 | pop=53 seed=58001 x0_norm_min=-0.955 x0_norm_max=0.770
        [Trial 9] gen   20  evals= 1060  best=0.6251
        [Trial 9] gen   40  evals= 2120  best=0.6251
        [Trial 9] gen   60  evals= 3180  best=0.6251
        [Done] Trial 9 best=0.6251
    --> Trial 10 | pop=31 seed=47693 x0_norm_min=-0.841 x0_norm_max=0.672
        [Pruned] Trial 10 at gen 15 (loss=1.0907)
    --> Trial 11 | pop=52 seed=75726 x0_norm_min=-0.781 x0_norm_max=0.859
        [Pruned] Trial 11 at gen 15 (loss=1.0000)
    --> Trial 12 | pop=37 seed=78224 x0_norm_min=-0.402 x0_norm_max=0.428
        [Pruned] Trial 12 at gen 15 (loss=1.1301)
    --> Trial 13 | pop=52 seed=74004 x0_norm_min=-0.863 x0_norm_max=0.955
        [Pruned] Trial 13 at gen 15 (loss=1.1208)
    --> Trial 14 | pop=40 seed=85569 x0_norm_min=-0.897 x0_norm_max=-0.091
        [Pruned] Trial 14 at gen 15 (loss=1.1021)
    --> Trial 15 | pop=49 seed=59777 x0_norm_min=-0.690 x0_norm_max=0.990
        [Trial 15] gen   20  evals=  980  best=0.9054
        [Trial 15] gen   40  evals= 1960  best=0.9054
        [Pruned] Trial 15 at gen 45 (loss=0.9054)
    --> Trial 16 | pop=42 seed=45274 x0_norm_min=-0.776 x0_norm_max=0.982
        [Pruned] Trial 16 at gen 15 (loss=1.1802)
    --> Trial 17 | pop=35 seed=63529 x0_norm_min=-0.863 x0_norm_max=0.835
        [Pruned] Trial 17 at gen 15 (loss=1.1335)
    --> Trial 18 | pop=55 seed=86104 x0_norm_min=-0.933 x0_norm_max=0.907
        [Pruned] Trial 18 at gen 15 (loss=1.2126)
    --> Trial 19 | pop=50 seed=53059 x0_norm_min=-0.948 x0_norm_max=0.822
        [Pruned] Trial 19 at gen 15 (loss=0.9458)

  Winner: Trial 9, loss=0.625059 (222s)
    Restarts run: 20
    mu: 9.043415
    D_mu: 15.467712
    T0_mu: 96.512044
    Ly: 2.345219
    op_x: 0.842397
    op_y: 0.842822
    NMSE: 0.005004
  [Saved] random_IR_0048

============================================================
[49/50] random_IR_0049.npz
  GT loss: 0.000000
    --> Trial 0 | pop=51 seed=76008 x0_norm_min=-0.944 x0_norm_max=0.730
        [Trial 0] gen   20  evals= 1020  best=0.2592
        [Trial 0] gen   40  evals= 2040  best=0.0854
        [Trial 0] gen   60  evals= 3060  best=0.0086
        [Trial 0] gen   80  evals= 4080  best=0.0000
        [Done] Trial 0 best=0.0000
    --> Early stop triggered: trial 0 reached loss=0.000000 < 0.010000

  Winner: Trial 0, loss=0.000000 (53s)
    Restarts run: 1
    mu: 23.297735
    D_mu: 9.059832
    T0_mu: 31.150986
    Ly: 1.852313
    op_x: 0.606503
    op_y: 0.735313
    NMSE: 0.000305
  [Saved] random_IR_0049

============================================================
[50/50] random_IR_0050.npz
  GT loss: 0.000000
    --> Trial 0 | pop=58 seed=16168 x0_norm_min=-0.944 x0_norm_max=0.730
        [Trial 0] gen   20  evals= 1160  best=0.9635
        [Trial 0] gen   40  evals= 2320  best=0.8854
        [Trial 0] gen   60  evals= 3480  best=0.8188
        [Trial 0] gen   80  evals= 4640  best=0.8149
        [Trial 0] gen  100  evals= 5800  best=0.0439
        [Trial 0] gen  120  evals= 6960  best=0.0011
        [Trial 0] gen  140  evals= 8120  best=0.0000
        [Done] Trial 0 best=0.0000
    --> Early stop triggered: trial 0 reached loss=0.000000 < 0.010000

  Winner: Trial 0, loss=0.000000 (40s)
    Restarts run: 1
    mu: 76.443492
    D_mu: 14.657868
    T0_mu: 1.506496
    Ly: 1.229379
    op_x: 0.792966
    op_y: 0.980096
    NMSE: 0.009901
  [Saved] random_IR_0050
