/home/bhpark3/dafx_ddsp/src/ddsp/train_encoder.py:986: UserWarning: Detected call of `lr_scheduler.step()` before `optimizer.step()`. In PyTorch 1.1.0 and later, you should call them in the opposite order: `optimizer.step()` before `lr_scheduler.step()`.  Failure to do this will result in PyTorch skipping the first value of the learning rate schedule. See more details at https://pytorch.org/docs/stable/optim.html#how-to-adjust-learning-rate
  sched.step()
Device cuda | loss L1_STFT_eps1e7 | duration 0.25s
Loading train targets from data/train-p99
Loading val targets from data/val-p99
  98304 train / 996 val in 43s   train tensor 4.34 GB
  training set held in host memory; batches transferred per step
reference levels:  gt_loss 0.0000e+00   saturation (unrelated IRs) 1.5265e+00
constant-predictor NMSE: 6d 4.730e-02  7d 7.959e-02  (the floor to beat)
training loss stuck near saturation = gradient uninformative; well below = learning

encoder: 3.74M params, width 32

  loss scale restored: 2.1184e+00
  optimizer state restored
Resumed from results/ddsp/gamma_pre/L1_STFT/encoder_last.pt at step 5000, continuing to 40000
  WARNING: 1 of 64 parameter sets need a finer grid than the pinned (86, 282) and are truncated. Raise --fixed-mode-grid; targets rendered under a pin that truncates them are not the plate's output at those parameters.
step   5100  train 9.3796e-01  |g| 6.91e+00  [54s]
step   5200  train 9.2911e-01  |g| 7.75e+00  [108s]
step   5300  train 1.0072e+00  |g| 1.36e+01  [162s]
step   5400  train 1.0644e+00  |g| 2.60e+01  [216s]
step   5500  train 1.0548e+00  |g| 1.86e+01  [269s]
step   5600  train 9.9187e-01  |g| 1.14e+01  [321s]
step   5700  train 1.0121e+00  |g| 1.44e+01  [374s]
step   5800  train 1.0776e+00  |g| 4.85e+01  [427s]
step   5900  train 9.5875e-01  |g| 3.99e+01  [475s]
step   6000  train 1.0456e+00  val 1.0941e+00  6d geo 3.483e-02 med 3.883e-02 p90 9.152e-02 (const 4.730e-02)  |g| 2.20e+01  [526s]
           5d geo 3.595e-02 med 3.977e-02   postmu 6d geo 3.504e-02 med 3.768e-02 p90 9.001e-02   mu |dlog| 0.3618
           corr(identifiable)  mu=+0.70  D_div_mu=+0.72  T0_div_mu=+0.44  Ly=+0.58  op_x=+0.75  op_y=+0.80   mean spread/GT 0.65
           err share           mu=12%  D_div_mu=3%  T0_div_mu=1%  Ly=51%  op_x=14%  op_y=20%
step   6100  train 1.0882e+00  |g| 8.38e+01  [579s]
step   6200  train 1.0588e+00  |g| 2.84e+01  [644s]
step   6300  train 1.1545e+00  |g| 8.21e+01  [698s]
step   6400  train 1.4642e+00  |g| 4.02e+01  [755s]
step   6500  train 1.0342e+00  |g| 5.10e+01  [808s]
step   6600  train 1.0680e+00  |g| 3.03e+01  [854s]
step   6700  train 1.1745e+00  |g| 1.73e+01  [901s]
step   6800  train 1.1035e+00  |g| 7.18e+01  [947s]
step   6900  train 1.2336e+00  |g| 1.78e+01  [995s]
step   7000  train 1.0397e+00  |g| 2.00e+01  [1041s]
step   7100  train 1.0709e+00  |g| 4.36e+01  [1090s]
step   7200  train 9.9269e-01  |g| 5.85e+01  [1143s]
step   7300  train 1.0322e+00  |g| 3.26e+01  [1191s]
step   7400  train 1.2591e+00  |g| 2.06e+01  [1233s]
step   7500  train 1.2266e+00  |g| 1.49e+02  [1273s]
step   7600  train 1.4632e+00  |g| 7.96e+01  [1344s]
step   7700  train 1.2307e+00  |g| 1.57e+01  [1426s]
step   7800  train 1.3073e+00  |g| 4.20e+01  [1510s]
step   7900  train 1.3729e+00  |g| 3.30e+01  [1601s]
step   8000  train 1.0742e+00  val 1.1269e+00  6d geo 4.214e-02 med 4.895e-02 p90 1.009e-01 (const 4.730e-02)  |g| 1.29e+02  [1654s]
           5d geo 4.518e-02 med 5.299e-02   postmu 6d geo 4.438e-02 med 5.140e-02 p90 1.077e-01   mu |dlog| 0.3954
           corr(identifiable)  mu=+0.72  D_div_mu=+0.25  T0_div_mu=+0.44  Ly=+0.09  op_x=+0.12  op_y=+0.44   mean spread/GT 0.20
           err share           mu=8%  D_div_mu=3%  T0_div_mu=1%  Ly=28%  op_x=26%  op_y=34%
step   8100  train 1.1349e+00  |g| 3.05e+01  [1699s]
step   8200  train 1.1687e+00  |g| 3.58e+01  [1744s]
step   8300  train 1.3109e+00  |g| 1.97e+01  [1788s]
step   8400  train 1.0191e+00  |g| 3.97e+01  [1832s]
step   8500  train 1.1075e+00  |g| 2.54e+01  [1875s]
step   8600  train 1.0429e+00  |g| 3.91e+01  [1918s]
step   8700  train 1.1561e+00  |g| 3.39e+01  [1976s]
step   8800  train 1.7634e+00  |g| 1.79e+01  [2088s]
step   8900  train 1.5449e+00  |g| 3.21e+01  [2226s]
step   9000  train 1.4967e+00  |g| 1.97e+01  [2363s]
step   9100  train 1.6904e+00  |g| 8.65e+00  [2500s]
step   9200  train 1.5746e+00  |g| 9.38e+00  [2638s]
step   9300  train 1.5946e+00  |g| 2.26e+01  [2775s]
step   9400  train 1.6580e+00  |g| 1.55e+01  [2905s]
step   9500  train 1.9354e+00  |g| 2.99e+01  [3028s]
step   9600  train 1.7268e+00  |g| 1.90e+01  [3148s]
step   9700  train 1.6959e+00  |g| 2.58e+01  [3269s]
step   9800  train 1.6557e+00  |g| 1.16e+01  [3399s]
step   9900  train 1.6522e+00  |g| 2.47e+01  [3536s]
step  10000  train 1.5752e+00  val 1.6096e+00  6d geo 2.182e-01 med 2.185e-01 p90 3.119e-01 (const 4.730e-02)  |g| 4.72e+00  [3673s]
           5d geo 2.436e-01 med 2.415e-01   postmu 6d geo 2.202e-01 med 2.194e-01 p90 3.239e-01   mu |dlog| 0.5981
           corr(identifiable)  mu=+0.20  D_div_mu=+0.21  T0_div_mu=+0.14  Ly=-0.14  op_x=+0.65  op_y=+0.82   mean spread/GT 0.27
           err share           mu=7%  D_div_mu=62%  T0_div_mu=0%  Ly=25%  op_x=4%  op_y=2%
step  10100  train 1.6174e+00  |g| 2.51e+02  [3818s]
step  10200  train 1.7262e+00  |g| 1.62e+01  [3953s]
step  10300  train 1.6023e+00  |g| 1.38e+01  [4090s]
step  10400  train 1.5821e+00  |g| 1.36e+01  [4228s]
step  10500  train 1.5413e+00  |g| 2.45e+01  [4365s]
step  10600  train 1.6123e+00  |g| 4.66e+01  [4503s]
step  10700  train 1.1666e+00  |g| 8.98e-01  [4585s]
step  10800  train 1.0807e+00  |g| 7.97e+00  [4670s]
step  10900  train 1.1622e+00  |g| 1.18e+01  [4756s]
step  11000  train 1.0774e+00  |g| 1.16e+01  [4841s]
step  11100  train 1.0567e+00  |g| 1.26e+01  [4926s]
step  11200  train 1.0814e+00  |g| 2.93e+00  [5012s]
step  11300  train 1.0936e+00  |g| 6.27e+00  [5097s]
step  11400  train 1.0692e+00  |g| 5.77e+00  [5182s]
step  11500  train 1.3223e+00  |g| 1.04e+01  [5268s]
step  11600  train 1.1013e+00  |g| 6.51e+00  [5353s]
step  11700  train 1.1531e+00  |g| 1.49e+01  [5438s]
step  11800  train 1.2834e+00  |g| 4.85e+01  [5523s]
step  11900  train 1.0190e+00  |g| 1.97e+01  [5609s]
step  12000  train 1.0377e+00  val 9.9610e-01  6d geo 2.285e-01 med 2.405e-01 p90 3.634e-01 (const 4.730e-02)  |g| 1.16e+01  [5694s]
           5d geo 2.453e-01 med 2.606e-01   postmu 6d geo 2.274e-01 med 2.393e-01 p90 3.624e-01   mu |dlog| 2.1294
           WARNING: prediction spread 0.008 of ground truth -- the output has collapsed to a constant (saturated tanh); lower --lr or raise --warmup-steps and restart
           corr(identifiable)  mu=-0.14  D_div_mu=+0.42  T0_div_mu=+0.21  Ly=+0.06  op_x=+0.08  op_y=-0.47   mean spread/GT 0.01
           err share           mu=10%  D_div_mu=1%  T0_div_mu=24%  Ly=23%  op_x=21%  op_y=21%
step  12100  train 1.1026e+00  |g| 2.43e+01  [5785s]
step  12200  train 1.1368e+00  |g| 5.08e+01  [5870s]
step  12300  train 1.1376e+00  |g| 1.80e+02  [5956s]
step  12400  train 1.3282e+00  |g| 8.46e+01  [6091s]
step  12500  train 1.4606e+00  |g| 2.57e+01  [6228s]
step  12600  train 1.3264e+00  |g| 2.09e+01  [6365s]
step  12700  train 1.6298e+00  |g| 8.27e+00  [6502s]
step  12800  train 1.6468e+00  |g| 2.14e+01  [6639s]
step  12900  train 1.5652e+00  |g| 3.78e+01  [6776s]
step  13000  train 1.3642e+00  |g| 1.10e+01  [6912s]
step  13100  train 1.4136e+00  |g| 1.14e+01  [7049s]
step  13200  train 1.6775e+00  |g| 1.00e+01  [7186s]
step  13300  train 1.3955e+00  |g| 1.03e+01  [7323s]
step  13400  train 1.6629e+00  |g| 8.17e+00  [7460s]
step  13500  train 1.5878e+00  |g| 2.85e+01  [7597s]
step  13600  train 1.3445e+00  |g| 6.96e+01  [7734s]
step  13700  train 1.3907e+00  |g| 1.35e+01  [7871s]
step  13800  train 1.5107e+00  |g| 7.31e+00  [8008s]
step  13900  train 1.5531e+00  |g| 1.22e+01  [8145s]
step  14000  train 1.6392e+00  val 1.5874e+00  6d geo 2.671e-01 med 2.734e-01 p90 3.847e-01 (const 4.730e-02)  |g| 4.29e+01  [8283s]
           5d geo 3.017e-01 med 3.089e-01   postmu 6d geo 2.642e-01 med 2.713e-01 p90 3.839e-01   mu |dlog| 0.5059
           corr(identifiable)  mu=+0.43  D_div_mu=+0.47  T0_div_mu=+0.11  Ly=-0.14  op_x=+0.36  op_y=+0.39   mean spread/GT 0.26
           err share           mu=6%  D_div_mu=52%  T0_div_mu=0%  Ly=20%  op_x=15%  op_y=7%
step  14100  train 1.5950e+00  |g| 2.58e+01  [8429s]
step  14200  train 1.6484e+00  |g| 1.49e+01  [8566s]
step  14300  train 1.6265e+00  |g| 1.16e+01  [8703s]
step  14400  train 1.4346e+00  |g| 1.69e+01  [8840s]
step  14500  train 1.5143e+00  |g| 3.42e+01  [8977s]
step  14600  train 1.3269e+00  |g| 8.35e+00  [9114s]
step  14700  train 1.4933e+00  |g| 3.70e+01  [9251s]
step  14800  train 1.3658e+00  |g| 1.68e+01  [9389s]
step  14900  train 1.4355e+00  |g| 4.00e+00  [9526s]
step  15000  train 1.4060e+00  |g| 2.60e+01  [9662s]
step  15100  train 1.3861e+00  |g| 6.54e+00  [9799s]
step  15200  train 1.2548e+00  |g| 8.89e+00  [9936s]
step  15300  train 1.5511e+00  |g| 1.54e+01  [10073s]
step  15400  train 1.9301e+00  |g| 1.49e+02  [10209s]
step  15500  train 1.4679e+00  |g| 2.57e+01  [10324s]
step  15600  train 1.4213e+00  |g| 1.89e+01  [10410s]
step  15700  train 1.1376e+00  |g| 5.78e+01  [10483s]
step  15800  train 1.1013e+00  |g| 2.25e+01  [10554s]
step  15900  train 1.0663e+00  |g| 1.96e+01  [10622s]
step  16000  train 1.1556e+00  val 1.1505e+00  6d geo 1.671e-01 med 1.867e-01 p90 3.115e-01 (const 4.730e-02)  |g| 1.73e+01  [10692s]
           5d geo 1.673e-01 med 1.930e-01   postmu 6d geo 1.655e-01 med 1.843e-01 p90 3.094e-01   mu |dlog| 2.0819
           corr(identifiable)  mu=-0.13  D_div_mu=-0.51  T0_div_mu=+0.17  Ly=-0.05  op_x=+0.10  op_y=-0.23   mean spread/GT 0.26
           err share           mu=13%  D_div_mu=1%  T0_div_mu=1%  Ly=29%  op_x=27%  op_y=29%
step  16100  train 1.1539e+00  |g| 2.53e+01  [10767s]
step  16200  train 1.1162e+00  |g| 1.67e+01  [10842s]
step  16300  train 1.1193e+00  |g| 1.33e+02  [10915s]
step  16400  train 1.0788e+00  |g| 1.11e+00  [10981s]
step  16500  train 1.1376e+00  |g| 1.79e+01  [11045s]
step  16600  train 1.0431e+00  |g| 3.18e+00  [11110s]
step  16700  train 1.0114e+00  |g| 6.91e+00  [11175s]
step  16800  train 1.0624e+00  |g| 5.29e+00  [11239s]
step  16900  train 1.1350e+00  |g| 1.91e+01  [11304s]
step  17000  train 1.0830e+00  |g| 1.44e+01  [11368s]
step  17100  train 1.0534e+00  |g| 1.23e+01  [11433s]
step  17200  train 1.0687e+00  |g| 2.99e+01  [11489s]
step  17300  train 9.8902e-01  |g| 2.08e+00  [11530s]
step  17400  train 9.9805e-01  |g| 4.54e+00  [11572s]
step  17500  train 9.9594e-01  |g| 1.51e+01  [11613s]
step  17600  train 9.7423e-01  |g| 7.18e+00  [11654s]
step  17700  train 9.2424e-01  |g| 1.60e+00  [11695s]
step  17800  train 9.2074e-01  |g| 5.12e+00  [11736s]
step  17900  train 1.5681e+00  |g| 3.88e+01  [11777s]
step  18000  train 9.9908e-01  val 1.0489e+00  6d geo 1.689e-01 med 1.863e-01 p90 3.209e-01 (const 4.730e-02)  |g| 4.29e+00  [11819s]
           5d geo 1.702e-01 med 1.961e-01   postmu 6d geo 1.670e-01 med 1.847e-01 p90 3.157e-01   mu |dlog| 2.2577
           WARNING: prediction spread 0.002 of ground truth -- the output has collapsed to a constant (saturated tanh); lower --lr or raise --warmup-steps and restart
           corr(identifiable)  mu=-0.11  D_div_mu=+0.15  T0_div_mu=-0.24  Ly=+0.03  op_x=-0.35  op_y=+0.07   mean spread/GT 0.00
           err share           mu=13%  D_div_mu=1%  T0_div_mu=1%  Ly=28%  op_x=30%  op_y=28%
step  18100  train 9.4793e-01  |g| 3.58e+00  [11863s]
step  18200  train 9.1857e-01  |g| 5.42e+00  [11904s]
step  18300  train 1.0144e+00  |g| 3.57e+00  [11945s]
step  18400  train 9.4924e-01  |g| 4.38e+01  [11986s]
step  18500  train 9.1199e-01  |g| 5.48e+00  [12027s]
step  18600  train 8.8163e-01  |g| 7.22e+00  [12068s]
step  18700  train 9.2814e-01  |g| 3.24e+01  [12110s]
step  18800  train 8.9983e-01  |g| 1.82e+00  [12151s]
step  18900  train 8.8853e-01  |g| 1.16e+01  [12192s]
step  19000  train 9.3353e-01  |g| 7.49e+00  [12233s]
step  19100  train 8.7769e-01  |g| 3.21e+00  [12274s]
step  19200  train 8.7525e-01  |g| 6.14e+00  [12315s]
step  19300  train 8.5463e-01  |g| 6.11e+00  [12356s]
step  19400  train 8.8106e-01  |g| 1.79e+00  [12398s]
step  19500  train 8.7310e-01  |g| 6.89e+00  [12439s]
step  19600  train 8.4700e-01  |g| 3.06e+00  [12480s]
step  19700  train 8.7584e-01  |g| 4.88e+00  [12521s]
step  19800  train 8.5227e-01  |g| 2.03e+00  [12562s]
step  19900  train 8.9006e-01  |g| 4.03e+00  [12603s]
step  20000  train 8.6949e-01  val 8.7660e-01  6d geo 1.680e-01 med 1.861e-01 p90 3.190e-01 (const 4.730e-02)  |g| 2.72e+00  [12644s]
           5d geo 1.691e-01 med 1.951e-01   postmu 6d geo 1.677e-01 med 1.858e-01 p90 3.190e-01   mu |dlog| 2.4366
           WARNING: prediction spread 0.002 of ground truth -- the output has collapsed to a constant (saturated tanh); lower --lr or raise --warmup-steps and restart
           corr(identifiable)  mu=-0.51  D_div_mu=+0.27  T0_div_mu=-0.19  Ly=-0.01  op_x=+0.08  op_y=+0.06   mean spread/GT 0.00
           err share           mu=13%  D_div_mu=1%  T0_div_mu=1%  Ly=28%  op_x=30%  op_y=28%
step  20100  train 8.8155e-01  |g| 1.55e+01  [12689s]
step  20200  train 8.5994e-01  |g| 1.21e+01  [12730s]
step  20300  train 8.2594e-01  |g| 5.27e+00  [12771s]
step  20400  train 9.0119e-01  |g| 2.29e+01  [12812s]
step  20500  train 8.6844e-01  |g| 9.98e+00  [12853s]
step  20600  train 8.2067e-01  |g| 1.35e+01  [12895s]
step  20700  train 8.4096e-01  |g| 8.20e+00  [12936s]
step  20800  train 8.5081e-01  |g| 1.36e+01  [12977s]
step  20900  train 1.0029e+00  |g| 7.17e+01  [13018s]
step  21000  train 2.9748e+00  |g| 7.45e+01  [13077s]
step  21100  train 1.3123e+00  |g| 1.43e+01  [13134s]
step  21200  train 6.3867e+00  |g| 1.46e+01  [13177s]
step  21300  train 1.2775e+00  |g| 9.71e+01  [13218s]
step  21400  train 5.8252e+00  |g| 1.52e+01  [13260s]
step  21500  train 4.3078e+00  |g| 2.56e+01  [13301s]
step  21600  train 1.4792e+00  |g| 2.04e-02  [13342s]
step  21700  train 1.4286e+00  |g| 1.25e-01  [13384s]
step  21800  train 1.4261e+00  |g| 4.80e-02  [13425s]
step  21900  train 1.4505e+00  |g| 6.66e-01  [13467s]
step  22000  train 1.3579e+00  val 1.4070e+00  6d geo 1.562e-01 med 1.744e-01 p90 2.967e-01 (const 4.730e-02)  |g| 1.04e-02  [13508s]
           5d geo 1.723e-01 med 1.953e-01   postmu 6d geo 1.660e-01 med 1.795e-01 p90 3.079e-01   mu |dlog| 0.5732
           WARNING: prediction spread 0.000 of ground truth -- the output has collapsed to a constant (saturated tanh); lower --lr or raise --warmup-steps and restart
           corr(identifiable)  mu=+0.00  D_div_mu=+0.00  T0_div_mu=-0.15  Ly=-0.10  op_x=-0.15  op_y=-0.06   mean spread/GT 0.00
           err share           mu=6%  D_div_mu=1%  T0_div_mu=1%  Ly=30%  op_x=32%  op_y=30%
step  22100  train 1.3444e+00  |g| 5.81e-02  [13553s]
step  22200  train 1.4117e+00  |g| 2.14e-02  [13594s]
step  22300  train 1.4196e+00  |g| 9.77e-03  [13636s]
step  22400  train 1.4084e+00  |g| 1.08e-02  [13677s]
step  22500  train 1.3938e+00  |g| 1.17e-02  [13719s]
step  22600  train 1.3524e+00  |g| 2.01e-01  [13760s]
step  22700  train 1.2985e+00  |g| 4.46e-01  [13802s]
step  22800  train 1.3385e+00  |g| 7.82e-03  [13843s]
step  22900  train 1.3733e+00  |g| 6.74e-02  [13885s]
step  23000  train 1.4167e+00  |g| 5.32e-02  [13926s]
step  23100  train 1.3204e+00  |g| 3.04e-02  [13967s]
step  23200  train 1.4034e+00  |g| 3.68e-03  [14009s]
step  23300  train 1.4263e+00  |g| 1.95e-03  [14050s]
step  23400  train 1.4075e+00  |g| 8.99e-02  [14092s]
step  23500  train 1.3012e+00  |g| 8.20e-03  [14133s]
step  23600  train 1.3096e+00  |g| 4.26e-02  [14175s]
step  23700  train 1.3027e+00  |g| 1.45e-02  [14216s]
step  23800  train 1.4404e+00  |g| 3.23e-02  [14258s]
step  23900  train 1.4197e+00  |g| 2.90e-02  [14299s]
step  24000  train 1.5122e+00  val 1.4065e+00  6d geo 1.562e-01 med 1.744e-01 p90 2.967e-01 (const 4.730e-02)  |g| 4.99e-01  [14341s]
           5d geo 1.723e-01 med 1.953e-01   postmu 6d geo 1.660e-01 med 1.795e-01 p90 3.079e-01   mu |dlog| 0.5743
           WARNING: prediction spread 0.000 of ground truth -- the output has collapsed to a constant (saturated tanh); lower --lr or raise --warmup-steps and restart
           corr(identifiable)  mu=+0.00  D_div_mu=+0.00  T0_div_mu=-0.13  Ly=-0.10  op_x=-0.16  op_y=-0.07   mean spread/GT 0.00
           err share           mu=6%  D_div_mu=1%  T0_div_mu=1%  Ly=30%  op_x=32%  op_y=30%
step  24100  train 1.3388e+00  |g| 5.97e-01  [14385s]
step  24200  train 1.3112e+00  |g| 6.27e-03  [14427s]
step  24300  train 1.3724e+00  |g| 1.56e-02  [14468s]
step  24400  train 1.5221e+00  |g| 3.05e-01  [14510s]
step  24500  train 1.3032e+00  |g| 1.09e-01  [14551s]
step  24600  train 1.3811e+00  |g| 1.53e-02  [14593s]
step  24700  train 1.4004e+00  |g| 3.54e-03  [14634s]
step  24800  train 1.4363e+00  |g| 5.76e-02  [14675s]
step  24900  train 1.4126e+00  |g| 2.27e-01  [14717s]
step  25000  train 1.4734e+00  |g| 1.99e+00  [14758s]
step  25100  train 1.6794e+00  |g| 1.62e+02  [14806s]
step  25200  train 1.3811e+00  |g| 6.85e+01  [14871s]
step  25300  train 1.4653e+00  |g| 2.24e+02  [14943s]
step  25400  train 1.3594e+00  |g| 0.00e+00  [15018s]
step  25500  train 1.3299e+00  |g| 1.22e-01  [15094s]
step  25600  train 1.2965e+00  |g| 3.47e+02  [15169s]
step  25700  train 1.5302e+00  |g| 1.06e+02  [15240s]
step  25800  train 1.4579e+00  |g| 4.75e+01  [15303s]
step  25900  train 1.5871e+00  |g| 8.64e+01  [15357s]
step  26000  train 1.4655e+00  val 1.4869e+00  6d geo 1.898e-01 med 2.109e-01 p90 3.312e-01 (const 4.730e-02)  |g| 1.46e-01  [15409s]
           5d geo 2.104e-01 med 2.387e-01   postmu 6d geo 1.990e-01 med 2.146e-01 p90 3.407e-01   mu |dlog| 0.7513
           corr(identifiable)  mu=+0.18  D_div_mu=-0.46  T0_div_mu=+0.08  Ly=-0.07  op_x=-0.03  op_y=-0.00   mean spread/GT 0.80
           err share           mu=5%  D_div_mu=15%  T0_div_mu=1%  Ly=25%  op_x=27%  op_y=26%
step  26100  train 1.3614e+00  |g| 7.19e+00  [15463s]
step  26200  train 1.5649e+00  |g| 3.94e+01  [15515s]
step  26300  train 1.8468e+00  |g| 1.42e+01  [15568s]
step  26400  train 1.4719e+00  |g| 6.40e-01  [15617s]
step  26500  train 1.5035e+00  |g| 2.36e+02  [15666s]
step  26600  train 1.3639e+00  |g| 2.53e+02  [15714s]
step  26700  train 1.5105e+00  |g| 3.31e+00  [15757s]
step  26800  train 1.2520e+00  |g| 2.16e-02  [15799s]
step  26900  train 1.3796e+00  |g| 3.28e-01  [15840s]
step  27000  train 1.4257e+00  |g| 3.65e-01  [15882s]
step  27100  train 1.4107e+00  |g| 2.14e-02  [15923s]
step  27200  train 1.4288e+00  |g| 8.72e-02  [15965s]
step  27300  train 1.3711e+00  |g| 2.11e-01  [16006s]
step  27400  train 1.6504e+00  |g| 5.63e+01  [16047s]
step  27500  train 1.4004e+00  |g| 1.09e-03  [16089s]
step  27600  train 1.3620e+00  |g| 1.58e-02  [16130s]
step  27700  train 1.3780e+00  |g| 1.91e-03  [16172s]
step  27800  train 1.3964e+00  |g| 2.12e-04  [16213s]
step  27900  train 1.3789e+00  |g| 4.28e-03  [16255s]
step  28000  train 1.2584e+00  val 1.4058e+00  6d geo 1.562e-01 med 1.744e-01 p90 2.967e-01 (const 4.730e-02)  |g| 7.99e-03  [16296s]
           5d geo 1.723e-01 med 1.953e-01   postmu 6d geo 1.660e-01 med 1.796e-01 p90 3.079e-01   mu |dlog| 0.5749
           WARNING: prediction spread 0.000 of ground truth -- the output has collapsed to a constant (saturated tanh); lower --lr or raise --warmup-steps and restart
           corr(identifiable)  mu=+0.00  D_div_mu=+0.00  T0_div_mu=+0.04  Ly=-0.06  op_x=+0.10  op_y=+0.21   mean spread/GT 0.00
           err share           mu=6%  D_div_mu=1%  T0_div_mu=1%  Ly=30%  op_x=32%  op_y=30%
step  28100  train 1.5279e+00  |g| 1.53e-02  [16341s]
step  28200  train 1.3672e+00  |g| 4.05e-03  [16382s]
step  28300  train 1.4195e+00  |g| 2.15e-04  [16424s]
step  28400  train 1.4430e+00  |g| 1.54e-04  [16465s]
step  28500  train 1.4956e+00  |g| 5.10e-03  [16507s]
step  28600  train 1.4115e+00  |g| 1.47e-04  [16548s]
step  28700  train 1.2886e+00  |g| 2.07e-03  [16590s]
step  28800  train 1.5102e+00  |g| 2.20e-04  [16631s]
step  28900  train 1.3093e+00  |g| 5.92e-04  [16672s]
step  29000  train 1.3646e+00  |g| 1.16e-03  [16714s]
step  29100  train 1.5765e+00  |g| 1.77e-03  [16755s]
step  29200  train 1.3556e+00  |g| 3.40e-04  [16797s]
step  29300  train 1.3729e+00  |g| 2.48e-04  [16838s]
step  29400  train 1.4248e+00  |g| 1.44e-04  [16880s]
step  29500  train 1.4873e+00  |g| 2.19e-04  [16921s]
step  29600  train 1.4432e+00  |g| 2.52e-03  [16963s]
step  29700  train 1.3060e+00  |g| 6.06e-05  [17004s]
step  29800  train 1.4333e+00  |g| 1.26e-03  [17045s]
step  29900  train 1.4156e+00  |g| 3.22e-03  [17087s]
step  30000  train 1.4314e+00  val 1.4059e+00  6d geo 1.562e-01 med 1.744e-01 p90 2.967e-01 (const 4.730e-02)  |g| 5.04e-03  [17128s]
           5d geo 1.723e-01 med 1.953e-01   postmu 6d geo 1.660e-01 med 1.795e-01 p90 3.079e-01   mu |dlog| 0.5742
           WARNING: prediction spread 0.000 of ground truth -- the output has collapsed to a constant (saturated tanh); lower --lr or raise --warmup-steps and restart
           corr(identifiable)  mu=+0.00  D_div_mu=+0.00  T0_div_mu=+0.04  Ly=-0.06  op_x=+0.10  op_y=+0.22   mean spread/GT 0.00
           err share           mu=6%  D_div_mu=1%  T0_div_mu=1%  Ly=30%  op_x=32%  op_y=30%
step  30100  train 1.3369e+00  |g| 1.47e-03  [17173s]
step  30200  train 1.3069e+00  |g| 6.46e-04  [17214s]
step  30300  train 1.3515e+00  |g| 1.84e-03  [17255s]
step  30400  train 1.2981e+00  |g| 2.03e-03  [17297s]
step  30500  train 1.5928e+00  |g| 3.32e-03  [17338s]
step  30600  train 1.4073e+00  |g| 4.02e-03  [17380s]
step  30700  train 1.4583e+00  |g| 2.69e-04  [17421s]
step  30800  train 1.3209e+00  |g| 1.34e-04  [17462s]
step  30900  train 1.4069e+00  |g| 2.98e-03  [17504s]
step  31000  train 1.4007e+00  |g| 6.95e-04  [17545s]
step  31100  train 1.3832e+00  |g| 3.58e-03  [17587s]
step  31200  train 1.4257e+00  |g| 6.31e-03  [17628s]
step  31300  train 1.3199e+00  |g| 1.10e-04  [17669s]
step  31400  train 1.3571e+00  |g| 2.99e-04  [17711s]
step  31500  train 1.4346e+00  |g| 3.18e-03  [17752s]
step  31600  train 1.3940e+00  |g| 2.32e-04  [17793s]
step  31700  train 1.4284e+00  |g| 2.39e-04  [17835s]
step  31800  train 1.3837e+00  |g| 3.71e-04  [17876s]
step  31900  train 1.3870e+00  |g| 3.89e-04  [17917s]
step  32000  train 1.4535e+00  val 1.4062e+00  6d geo 1.562e-01 med 1.744e-01 p90 2.967e-01 (const 4.730e-02)  |g| 2.24e-03  [17959s]
           5d geo 1.723e-01 med 1.953e-01   postmu 6d geo 1.660e-01 med 1.796e-01 p90 3.079e-01   mu |dlog| 0.5742
           WARNING: prediction spread 0.000 of ground truth -- the output has collapsed to a constant (saturated tanh); lower --lr or raise --warmup-steps and restart
           corr(identifiable)  mu=+0.00  D_div_mu=+0.00  T0_div_mu=+0.03  Ly=-0.05  op_x=+0.10  op_y=+0.23   mean spread/GT 0.00
           err share           mu=6%  D_div_mu=1%  T0_div_mu=1%  Ly=30%  op_x=32%  op_y=30%
step  32100  train 1.4194e+00  |g| 1.25e-03  [18003s]
step  32200  train 1.3451e+00  |g| 3.00e-03  [18045s]
step  32300  train 1.5506e+00  |g| 1.67e-03  [18086s]
step  32400  train 1.4766e+00  |g| 1.40e-03  [18127s]
step  32500  train 1.4966e+00  |g| 1.23e-04  [18169s]
step  32600  train 1.4259e+00  |g| 3.79e-04  [18210s]
step  32700  train 1.3890e+00  |g| 1.08e-03  [18252s]
step  32800  train 1.4116e+00  |g| 1.66e-03  [18293s]
step  32900  train 1.3402e+00  |g| 2.49e-04  [18334s]
step  33000  train 1.3934e+00  |g| 7.27e-03  [18376s]
step  33100  train 1.3702e+00  |g| 1.12e-02  [18417s]
step  33200  train 1.2959e+00  |g| 3.95e-03  [18459s]
step  33300  train 1.4489e+00  |g| 1.12e-03  [18500s]
step  33400  train 1.3326e+00  |g| 5.92e-03  [18541s]
step  33500  train 1.5389e+00  |g| 5.08e-03  [18583s]
step  33600  train 1.4079e+00  |g| 5.14e-03  [18624s]
step  33700  train 1.3662e+00  |g| 4.45e-04  [18666s]
step  33800  train 1.3011e+00  |g| 2.09e-04  [18707s]
step  33900  train 1.4177e+00  |g| 1.23e-03  [18748s]
step  34000  train 1.4247e+00  val 1.4057e+00  6d geo 1.562e-01 med 1.744e-01 p90 2.967e-01 (const 4.730e-02)  |g| 2.52e-02  [18790s]
           5d geo 1.723e-01 med 1.953e-01   postmu 6d geo 1.660e-01 med 1.795e-01 p90 3.079e-01   mu |dlog| 0.5744
           WARNING: prediction spread 0.000 of ground truth -- the output has collapsed to a constant (saturated tanh); lower --lr or raise --warmup-steps and restart
           corr(identifiable)  mu=+0.00  D_div_mu=+0.00  T0_div_mu=+0.04  Ly=-0.06  op_x=+0.09  op_y=+0.24   mean spread/GT 0.00
           err share           mu=6%  D_div_mu=1%  T0_div_mu=1%  Ly=30%  op_x=32%  op_y=30%
step  34100  train 1.3839e+00  |g| 4.15e-04  [18834s]
step  34200  train 1.4016e+00  |g| 4.41e-03  [18876s]
step  34300  train 1.4465e+00  |g| 2.15e-02  [18917s]
step  34400  train 1.4702e+00  |g| 9.97e-02  [18959s]
step  34500  train 1.5327e+00  |g| 2.61e-02  [19000s]
step  34600  train 1.2754e+00  |g| 4.39e-03  [19041s]
step  34700  train 1.3641e+00  |g| 2.92e-03  [19083s]
step  34800  train 1.4224e+00  |g| 2.89e-04  [19124s]
step  34900  train 1.4223e+00  |g| 8.38e-03  [19165s]
step  35000  train 1.3872e+00  |g| 1.17e-02  [19207s]
step  35100  train 1.3468e+00  |g| 8.13e-03  [19248s]
step  35200  train 1.3464e+00  |g| 2.62e-01  [19290s]
step  35300  train 1.4434e+00  |g| 9.89e-03  [19331s]
step  35400  train 1.4346e+00  |g| 8.17e-03  [19372s]
step  35500  train 1.3520e+00  |g| 1.36e-02  [19414s]
step  35600  train 1.4577e+00  |g| 3.34e-02  [19455s]
step  35700  train 1.3656e+00  |g| 1.23e-02  [19496s]
step  35800  train 1.4259e+00  |g| 8.98e-03  [19538s]
step  35900  train 1.3266e+00  |g| 9.46e-03  [19579s]
step  36000  train 1.4457e+00  val 1.4060e+00  6d geo 1.562e-01 med 1.744e-01 p90 2.967e-01 (const 4.730e-02)  |g| 3.45e-02  [19621s]
           5d geo 1.723e-01 med 1.953e-01   postmu 6d geo 1.660e-01 med 1.795e-01 p90 3.079e-01   mu |dlog| 0.5749
           WARNING: prediction spread 0.000 of ground truth -- the output has collapsed to a constant (saturated tanh); lower --lr or raise --warmup-steps and restart
           corr(identifiable)  mu=+0.00  D_div_mu=+0.00  T0_div_mu=+0.05  Ly=-0.04  op_x=+0.10  op_y=+0.25   mean spread/GT 0.00
           err share           mu=6%  D_div_mu=1%  T0_div_mu=1%  Ly=30%  op_x=32%  op_y=30%
step  36100  train 1.4263e+00  |g| 1.31e-02  [19665s]
step  36200  train 1.3725e+00  |g| 2.44e-02  [19706s]
step  36300  train 1.3723e+00  |g| 7.83e-02  [19748s]
step  36400  train 1.3948e+00  |g| 1.74e-03  [19789s]
step  36500  train 1.4127e+00  |g| 3.12e-03  [19831s]
step  36600  train 1.4622e+00  |g| 3.14e-03  [19872s]
step  36700  train 1.4300e+00  |g| 2.99e-03  [19913s]
step  36800  train 1.3378e+00  |g| 8.90e-04  [19955s]
step  36900  train 1.5169e+00  |g| 1.89e-03  [19996s]
step  37000  train 1.4248e+00  |g| 2.38e-03  [20037s]
step  37100  train 1.4598e+00  |g| 1.99e-03  [20079s]
step  37200  train 1.3276e+00  |g| 3.39e-03  [20120s]
step  37300  train 1.3588e+00  |g| 2.01e-03  [20162s]
step  37400  train 1.4585e+00  |g| 7.27e-03  [20203s]
step  37500  train 1.4312e+00  |g| 1.18e-03  [20244s]
step  37600  train 1.4572e+00  |g| 6.51e-04  [20286s]
step  37700  train 1.3454e+00  |g| 7.39e-04  [20327s]
step  37800  train 1.3540e+00  |g| 1.32e-03  [20368s]
step  37900  train 1.3384e+00  |g| 1.40e-03  [20410s]
step  38000  train 1.3346e+00  val 1.4058e+00  6d geo 1.562e-01 med 1.744e-01 p90 2.967e-01 (const 4.730e-02)  |g| 1.55e-03  [20451s]
           5d geo 1.723e-01 med 1.953e-01   postmu 6d geo 1.660e-01 med 1.795e-01 p90 3.079e-01   mu |dlog| 0.5752
           WARNING: prediction spread 0.000 of ground truth -- the output has collapsed to a constant (saturated tanh); lower --lr or raise --warmup-steps and restart
           corr(identifiable)  mu=+0.00  D_div_mu=+0.00  T0_div_mu=+0.06  Ly=-0.01  op_x=+0.08  op_y=+0.27   mean spread/GT 0.00
           err share           mu=6%  D_div_mu=1%  T0_div_mu=1%  Ly=30%  op_x=32%  op_y=30%
step  38100  train 1.5673e+00  |g| 1.60e-03  [20496s]
step  38200  train 1.3454e+00  |g| 3.87e-04  [20537s]
step  38300  train 1.3915e+00  |g| 2.52e-03  [20578s]
step  38400  train 1.4949e+00  |g| 7.74e-03  [20620s]
step  38500  train 1.4916e+00  |g| 3.57e-03  [20661s]
step  38600  train 1.5186e+00  |g| 2.86e-03  [20702s]
step  38700  train 1.3922e+00  |g| 1.64e-03  [20744s]
step  38800  train 1.3349e+00  |g| 2.34e-03  [20785s]
step  38900  train 1.4942e+00  |g| 3.24e-04  [20826s]
step  39000  train 1.4453e+00  |g| 2.30e-03  [20868s]
step  39100  train 1.4906e+00  |g| 1.81e-03  [20909s]
step  39200  train 1.4404e+00  |g| 2.76e-02  [20950s]
step  39300  train 1.3515e+00  |g| 9.92e-04  [20992s]
step  39400  train 1.4265e+00  |g| 1.07e-03  [21033s]
step  39500  train 1.4851e+00  |g| 9.56e-02  [21074s]
step  39600  train 1.3985e+00  |g| 2.88e-03  [21116s]
step  39700  train 1.3311e+00  |g| 6.51e-02  [21157s]
step  39800  train 1.3095e+00  |g| 5.24e-04  [21199s]
step  39900  train 1.4988e+00  |g| 1.28e-02  [21240s]
step  40000  train 1.4204e+00  val 1.4058e+00  6d geo 1.562e-01 med 1.744e-01 p90 2.967e-01 (const 4.730e-02)  |g| 1.78e-03  [21281s]
           5d geo 1.723e-01 med 1.953e-01   postmu 6d geo 1.660e-01 med 1.795e-01 p90 3.079e-01   mu |dlog| 0.5747
           WARNING: prediction spread 0.000 of ground truth -- the output has collapsed to a constant (saturated tanh); lower --lr or raise --warmup-steps and restart
           corr(identifiable)  mu=+0.00  D_div_mu=+0.00  T0_div_mu=+0.05  Ly=-0.02  op_x=+0.07  op_y=+0.27   mean spread/GT 0.00
           err share           mu=6%  D_div_mu=1%  T0_div_mu=1%  Ly=30%  op_x=32%  op_y=30%
best val_nmse_6d_postmu_geo 3.5041e-02 (encoder_best.pt)

Done. Outputs written to /home/bhpark3/dafx_ddsp/results/ddsp/gamma_ppre/L1_STFT_eps1e7
