/home/bhpark3/dafx_ddsp/src/ddsp/train_encoder.py:986: UserWarning: Detected call of `lr_scheduler.step()` before `optimizer.step()`. In PyTorch 1.1.0 and later, you should call them in the opposite order: `optimizer.step()` before `lr_scheduler.step()`.  Failure to do this will result in PyTorch skipping the first value of the learning rate schedule. See more details at https://pytorch.org/docs/stable/optim.html#how-to-adjust-learning-rate
  sched.step()
Device cuda | loss L1_STFT_g1 | duration 0.25s
Loading train targets from data/train-p99
Loading val targets from data/val-p99
  98304 train / 996 val in 44s   train tensor 4.34 GB
  training set held in host memory; batches transferred per step
reference levels:  gt_loss 0.0000e+00   saturation (unrelated IRs) 1.7223e+04
constant-predictor NMSE: 6d 4.730e-02  7d 7.959e-02  (the floor to beat)
training loss stuck near saturation = gradient uninformative; well below = learning

encoder: 3.74M params, width 32

  loss scale restored: 2.1184e+00
  optimizer state restored
Resumed from results/ddsp/gamma_pre/L1_STFT/encoder_last.pt at step 5000, continuing to 40000
  WARNING: 1 of 64 parameter sets need a finer grid than the pinned (86, 282) and are truncated. Raise --fixed-mode-grid; targets rendered under a pin that truncates them are not the plate's output at those parameters.
step   5100  train 1.3268e+02  |g| 1.60e+01  [53s]
step   5200  train 1.4715e+02  |g| 1.74e+01  [105s]
step   5300  train 1.6203e+02  |g| 3.87e+01  [157s]
step   5400  train 1.2425e+02  |g| 1.94e+01  [210s]
step   5500  train 1.5411e+02  |g| 9.57e+01  [262s]
step   5600  train 1.3515e+02  |g| 5.98e+01  [314s]
step   5700  train 1.3864e+02  |g| 4.15e+01  [366s]
step   5800  train 1.4614e+02  |g| 1.36e+02  [419s]
step   5900  train 1.5667e+02  |g| 5.78e+01  [471s]
step   6000  train 1.1840e+02  val 1.2477e+02  6d geo 5.004e-03 med 4.736e-03 p90 2.111e-02 (const 4.730e-02)  |g| 6.36e+01  [523s]
           5d geo 4.252e-03 med 3.952e-03   postmu 6d geo 5.358e-03 med 5.028e-03 p90 2.590e-02   mu |dlog| 0.2157
           corr(identifiable)  mu=+0.92  D_div_mu=+0.98  T0_div_mu=+0.60  Ly=+0.92  op_x=+0.83  op_y=+0.95   mean spread/GT 0.74
           err share           mu=17%  D_div_mu=1%  T0_div_mu=3%  Ly=21%  op_x=46%  op_y=12%
step   6100  train 1.3119e+02  |g| 6.55e+01  [581s]
step   6200  train 1.3650e+02  |g| 1.68e+02  [633s]
step   6300  train 1.7234e+02  |g| 2.78e+02  [685s]
step   6400  train 1.1665e+02  |g| 9.30e+01  [737s]
step   6500  train 1.1834e+02  |g| 1.36e+02  [789s]
step   6600  train 1.0595e+02  |g| 1.14e+02  [842s]
step   6700  train 1.1852e+02  |g| 1.43e+02  [894s]
step   6800  train 1.2439e+02  |g| 2.71e+02  [946s]
step   6900  train 1.2401e+02  |g| 1.38e+02  [998s]
step   7000  train 1.1312e+02  |g| 2.27e+02  [1050s]
step   7100  train 1.0696e+02  |g| 1.25e+02  [1102s]
step   7200  train 1.1523e+02  |g| 1.27e+02  [1155s]
step   7300  train 1.0701e+02  |g| 1.08e+02  [1206s]
step   7400  train 1.4766e+02  |g| 2.48e+02  [1258s]
step   7500  train 1.1677e+02  |g| 2.29e+02  [1310s]
step   7600  train 1.0741e+02  |g| 3.69e+02  [1362s]
step   7700  train 1.5600e+02  |g| 2.07e+02  [1415s]
step   7800  train 1.2854e+02  |g| 6.26e+02  [1467s]
step   7900  train 1.0184e+02  |g| 3.47e+02  [1519s]
step   8000  train 1.0887e+02  val 1.1623e+02  6d geo 6.471e-03 med 6.432e-03 p90 2.095e-02 (const 4.730e-02)  |g| 2.49e+02  [1572s]
           5d geo 2.874e-03 med 2.832e-03   postmu 6d geo 3.951e-03 med 3.766e-03 p90 1.918e-02   mu |dlog| 0.2106
           corr(identifiable)  mu=+0.91  D_div_mu=+0.98  T0_div_mu=+0.59  Ly=+0.94  op_x=+0.88  op_y=+0.96   mean spread/GT 0.82
           err share           mu=39%  D_div_mu=1%  T0_div_mu=3%  Ly=14%  op_x=31%  op_y=11%
step   8100  train 1.1827e+02  |g| 2.85e+02  [1628s]
step   8200  train 1.2695e+02  |g| 4.40e+02  [1681s]
step   8300  train 1.4028e+02  |g| 3.33e+02  [1733s]
step   8400  train 1.1226e+02  |g| 4.17e+02  [1785s]
step   8500  train 1.2169e+02  |g| 3.93e+02  [1837s]
step   8600  train 9.8263e+01  |g| 2.90e+02  [1889s]
step   8700  train 1.0581e+02  |g| 3.12e+02  [1941s]
step   8800  train 1.0564e+02  |g| 6.51e+02  [1994s]
step   8900  train 1.0592e+02  |g| 4.60e+02  [2046s]
step   9000  train 1.0127e+02  |g| 3.94e+02  [2098s]
step   9100  train 1.2036e+02  |g| 1.04e+03  [2150s]
step   9200  train 1.0605e+02  |g| 3.72e+02  [2202s]
step   9300  train 9.9649e+01  |g| 3.06e+02  [2255s]
step   9400  train 1.1093e+02  |g| 5.66e+02  [2307s]
step   9500  train 9.7542e+01  |g| 4.01e+02  [2359s]
step   9600  train 1.0770e+02  |g| 5.91e+02  [2411s]
step   9700  train 8.4498e+01  |g| 6.85e+02  [2463s]
step   9800  train 1.1084e+02  |g| 5.41e+02  [2516s]
step   9900  train 1.0389e+02  |g| 5.97e+02  [2568s]
step  10000  train 9.7530e+01  val 9.4825e+01  6d geo 4.095e-03 med 4.258e-03 p90 1.660e-02 (const 4.730e-02)  |g| 5.22e+02  [2620s]
           5d geo 2.753e-03 med 2.737e-03   postmu 6d geo 3.563e-03 med 3.543e-03 p90 1.800e-02   mu |dlog| 0.1601
           corr(identifiable)  mu=+0.91  D_div_mu=+0.98  T0_div_mu=+0.59  Ly=+0.94  op_x=+0.89  op_y=+0.96   mean spread/GT 0.83
           err share           mu=28%  D_div_mu=1%  T0_div_mu=3%  Ly=19%  op_x=36%  op_y=13%
step  10100  train 1.0739e+02  |g| 7.28e+02  [2676s]
step  10200  train 9.3655e+01  |g| 4.56e+02  [2729s]
step  10300  train 9.1135e+01  |g| 1.14e+03  [2781s]
step  10400  train 8.5962e+01  |g| 4.09e+02  [2834s]
step  10500  train 8.6774e+01  |g| 5.86e+02  [2887s]
step  10600  train 1.0741e+02  |g| 5.70e+02  [2939s]
step  10700  train 8.1884e+01  |g| 5.82e+02  [2991s]
step  10800  train 8.9632e+01  |g| 5.51e+02  [3043s]
step  10900  train 8.6721e+01  |g| 6.18e+02  [3095s]
step  11000  train 8.4313e+01  |g| 6.81e+02  [3147s]
step  11100  train 1.3403e+02  |g| 2.60e+03  [3199s]
step  11200  train 9.9813e+01  |g| 5.81e+02  [3252s]
step  11300  train 9.2506e+01  |g| 9.12e+02  [3305s]
step  11400  train 8.2224e+01  |g| 5.35e+02  [3357s]
step  11500  train 8.2333e+01  |g| 7.10e+02  [3409s]
step  11600  train 8.1588e+01  |g| 5.34e+02  [3462s]
step  11700  train 9.1033e+01  |g| 8.29e+02  [3514s]
step  11800  train 8.7441e+01  |g| 6.90e+02  [3567s]
step  11900  train 9.0925e+01  |g| 7.72e+02  [3619s]
step  12000  train 8.3331e+01  val 8.4670e+01  6d geo 3.323e-03 med 3.259e-03 p90 1.588e-02 (const 4.730e-02)  |g| 8.14e+02  [3671s]
           5d geo 2.104e-03 med 2.010e-03   postmu 6d geo 2.711e-03 med 2.733e-03 p90 1.511e-02   mu |dlog| 0.1461
           corr(identifiable)  mu=+0.92  D_div_mu=+0.98  T0_div_mu=+0.61  Ly=+0.95  op_x=+0.91  op_y=+0.96   mean spread/GT 0.82
           err share           mu=30%  D_div_mu=1%  T0_div_mu=4%  Ly=17%  op_x=33%  op_y=15%
step  12100  train 8.4600e+01  |g| 6.96e+02  [3727s]
step  12200  train 8.9191e+01  |g| 1.77e+03  [3780s]
step  12300  train 8.6266e+01  |g| 1.13e+03  [3832s]
step  12400  train 8.4310e+01  |g| 1.49e+03  [3884s]
step  12500  train 7.9727e+01  |g| 5.82e+02  [3936s]
step  12600  train 8.7108e+01  |g| 9.05e+02  [3989s]
step  12700  train 8.0551e+01  |g| 1.50e+03  [4041s]
step  12800  train 9.5257e+01  |g| 9.76e+02  [4094s]
step  12900  train 1.1763e+02  |g| 1.64e+03  [4146s]
step  13000  train 8.5976e+01  |g| 4.90e+02  [4199s]
step  13100  train 8.1864e+01  |g| 5.14e+02  [4251s]
step  13200  train 7.8954e+01  |g| 9.96e+02  [4304s]
step  13300  train 8.2545e+01  |g| 1.29e+03  [4356s]
step  13400  train 1.0521e+02  |g| 2.25e+03  [4408s]
step  13500  train 9.0592e+01  |g| 1.10e+03  [4461s]
step  13600  train 9.2707e+01  |g| 2.69e+03  [4513s]
step  13700  train 7.7630e+01  |g| 9.57e+02  [4566s]
step  13800  train 7.1636e+01  |g| 1.16e+03  [4618s]
step  13900  train 7.8738e+01  |g| 6.32e+02  [4671s]
step  14000  train 1.1827e+02  val 7.7620e+01  6d geo 3.352e-03 med 3.568e-03 p90 1.537e-02 (const 4.730e-02)  |g| 3.54e+03  [4723s]
           5d geo 2.072e-03 med 1.962e-03   postmu 6d geo 3.125e-03 med 3.195e-03 p90 1.601e-02   mu |dlog| 0.1940
           corr(identifiable)  mu=+0.92  D_div_mu=+0.99  T0_div_mu=+0.62  Ly=+0.96  op_x=+0.92  op_y=+0.95   mean spread/GT 0.84
           err share           mu=29%  D_div_mu=1%  T0_div_mu=3%  Ly=16%  op_x=32%  op_y=18%
step  14100  train 8.1074e+01  |g| 1.15e+03  [4779s]
step  14200  train 7.0073e+01  |g| 9.07e+02  [4832s]
step  14300  train 8.0486e+01  |g| 2.13e+03  [4885s]
step  14400  train 8.1167e+01  |g| 1.03e+03  [4937s]
step  14500  train 7.9989e+01  |g| 8.21e+02  [4990s]
step  14600  train 7.6455e+01  |g| 1.33e+03  [5042s]
step  14700  train 7.9543e+01  |g| 1.55e+03  [5095s]
step  14800  train 8.3005e+01  |g| 1.37e+03  [5147s]
step  14900  train 9.0740e+01  |g| 3.79e+03  [5200s]
step  15000  train 7.1133e+01  |g| 1.23e+03  [5252s]
step  15100  train 7.7896e+01  |g| 1.50e+03  [5305s]
step  15200  train 7.4736e+01  |g| 6.40e+02  [5357s]
step  15300  train 7.6808e+01  |g| 7.07e+02  [5410s]
step  15400  train 7.6578e+01  |g| 2.17e+03  [5462s]
step  15500  train 7.6737e+01  |g| 9.71e+02  [5515s]
step  15600  train 7.0034e+01  |g| 1.18e+03  [5567s]
step  15700  train 7.1987e+01  |g| 1.20e+03  [5619s]
step  15800  train 8.0942e+01  |g| 1.44e+03  [5672s]
step  15900  train 7.2147e+01  |g| 1.00e+03  [5724s]
step  16000  train 7.2069e+01  val 8.0670e+01  6d geo 3.663e-03 med 3.649e-03 p90 1.771e-02 (const 4.730e-02)  |g| 1.11e+03  [5777s]
           5d geo 1.590e-03 med 1.418e-03   postmu 6d geo 2.542e-03 med 2.504e-03 p90 1.557e-02   mu |dlog| 0.1630
           corr(identifiable)  mu=+0.91  D_div_mu=+0.99  T0_div_mu=+0.62  Ly=+0.95  op_x=+0.93  op_y=+0.97   mean spread/GT 0.85
           err share           mu=44%  D_div_mu=1%  T0_div_mu=3%  Ly=17%  op_x=25%  op_y=11%
step  16100  train 9.8672e+01  |g| 2.78e+03  [5833s]
step  16200  train 8.3429e+01  |g| 2.39e+03  [5886s]
step  16300  train 9.1628e+01  |g| 1.80e+03  [5938s]
step  16400  train 7.8218e+01  |g| 1.78e+03  [5990s]
step  16500  train 9.7062e+01  |g| 3.82e+03  [6042s]
step  16600  train 6.2596e+01  |g| 6.53e+02  [6095s]
step  16700  train 1.0074e+02  |g| 2.36e+03  [6148s]
step  16800  train 7.9592e+01  |g| 3.48e+03  [6201s]
step  16900  train 1.0049e+02  |g| 3.46e+03  [6253s]
step  17000  train 6.9236e+01  |g| 9.64e+02  [6306s]
step  17100  train 8.7263e+01  |g| 2.71e+03  [6358s]
step  17200  train 7.1839e+01  |g| 1.42e+03  [6411s]
step  17300  train 7.4534e+01  |g| 1.67e+03  [6463s]
step  17400  train 7.2259e+01  |g| 1.87e+03  [6516s]
step  17500  train 7.5457e+01  |g| 2.17e+03  [6568s]
step  17600  train 7.3637e+01  |g| 2.09e+03  [6621s]
step  17700  train 6.6982e+01  |g| 9.32e+02  [6673s]
step  17800  train 6.9629e+01  |g| 8.96e+02  [6726s]
step  17900  train 8.0570e+01  |g| 1.95e+03  [6778s]
step  18000  train 7.5413e+01  val 7.4273e+01  6d geo 2.390e-03 med 2.238e-03 p90 1.390e-02 (const 4.730e-02)  |g| 2.17e+03  [6831s]
           5d geo 1.766e-03 med 1.599e-03   postmu 6d geo 2.158e-03 med 2.104e-03 p90 1.277e-02   mu |dlog| 0.1086
           corr(identifiable)  mu=+0.91  D_div_mu=+0.99  T0_div_mu=+0.63  Ly=+0.96  op_x=+0.93  op_y=+0.97   mean spread/GT 0.84
           err share           mu=29%  D_div_mu=1%  T0_div_mu=5%  Ly=18%  op_x=34%  op_y=13%
step  18100  train 6.4285e+01  |g| 1.68e+03  [6887s]
step  18200  train 9.6136e+01  |g| 4.89e+03  [6940s]
step  18300  train 7.1110e+01  |g| 2.71e+03  [6992s]
step  18400  train 7.3383e+01  |g| 1.73e+03  [7045s]
step  18500  train 7.1592e+01  |g| 1.90e+03  [7097s]
step  18600  train 6.3799e+01  |g| 2.42e+03  [7150s]
step  18700  train 6.9597e+01  |g| 1.33e+03  [7202s]
step  18800  train 8.0228e+01  |g| 2.88e+03  [7255s]
step  18900  train 6.8799e+01  |g| 1.44e+03  [7308s]
step  19000  train 8.0766e+01  |g| 1.87e+03  [7360s]
step  19100  train 8.1996e+01  |g| 3.35e+03  [7413s]
step  19200  train 7.4561e+01  |g| 2.22e+03  [7466s]
step  19300  train 7.7081e+01  |g| 5.28e+03  [7518s]
step  19400  train 8.8993e+01  |g| 5.79e+03  [7571s]
step  19500  train 6.4322e+01  |g| 3.16e+03  [7623s]
step  19600  train 6.2596e+01  |g| 7.73e+02  [7676s]
step  19700  train 6.4225e+01  |g| 1.74e+03  [7728s]
step  19800  train 6.6177e+01  |g| 1.86e+03  [7781s]
step  19900  train 6.0492e+01  |g| 9.94e+02  [7834s]
step  20000  train 7.3469e+01  val 6.8553e+01  6d geo 2.192e-03 med 2.170e-03 p90 1.118e-02 (const 4.730e-02)  |g| 4.85e+03  [7886s]
           5d geo 1.430e-03 med 1.315e-03   postmu 6d geo 2.122e-03 med 2.135e-03 p90 1.207e-02   mu |dlog| 0.1425
           corr(identifiable)  mu=+0.92  D_div_mu=+0.99  T0_div_mu=+0.66  Ly=+0.97  op_x=+0.93  op_y=+0.97   mean spread/GT 0.86
           err share           mu=31%  D_div_mu=1%  T0_div_mu=4%  Ly=16%  op_x=34%  op_y=15%
step  20100  train 7.1789e+01  |g| 1.15e+03  [7943s]
step  20200  train 8.6734e+01  |g| 6.74e+03  [7995s]
step  20300  train 6.5355e+01  |g| 1.47e+03  [8048s]
step  20400  train 6.8199e+01  |g| 4.02e+03  [8100s]
step  20500  train 7.1553e+01  |g| 1.14e+03  [8153s]
step  20600  train 5.2329e+01  |g| 1.01e+03  [8205s]
step  20700  train 6.4762e+01  |g| 1.90e+03  [8258s]
step  20800  train 7.7440e+01  |g| 4.29e+03  [8311s]
step  20900  train 7.1739e+01  |g| 3.35e+03  [8364s]
step  21000  train 8.1935e+01  |g| 4.05e+03  [8417s]
step  21100  train 8.1326e+01  |g| 3.52e+03  [8469s]
step  21200  train 6.0636e+01  |g| 1.42e+03  [8522s]
step  21300  train 6.1623e+01  |g| 1.27e+03  [8575s]
step  21400  train 7.1021e+01  |g| 3.72e+03  [8627s]
step  21500  train 6.5014e+01  |g| 3.09e+03  [8680s]
step  21600  train 7.0437e+01  |g| 3.18e+03  [8733s]
step  21700  train 6.4382e+01  |g| 3.41e+03  [8786s]
step  21800  train 6.2742e+01  |g| 4.72e+03  [8839s]
step  21900  train 8.3145e+01  |g| 5.14e+03  [8891s]
step  22000  train 7.0130e+01  val 6.2829e+01  6d geo 1.772e-03 med 1.667e-03 p90 1.129e-02 (const 4.730e-02)  |g| 3.51e+03  [8944s]
           5d geo 1.106e-03 med 1.000e-03   postmu 6d geo 1.637e-03 med 1.638e-03 p90 1.056e-02   mu |dlog| 0.1146
           corr(identifiable)  mu=+0.91  D_div_mu=+0.99  T0_div_mu=+0.66  Ly=+0.97  op_x=+0.95  op_y=+0.98   mean spread/GT 0.88
           err share           mu=39%  D_div_mu=1%  T0_div_mu=4%  Ly=16%  op_x=29%  op_y=12%
step  22100  train 6.4764e+01  |g| 1.32e+03  [9001s]
step  22200  train 7.7336e+01  |g| 1.84e+03  [9053s]
step  22300  train 5.2459e+01  |g| 1.65e+03  [9106s]
step  22400  train 5.9545e+01  |g| 1.27e+03  [9159s]
step  22500  train 6.0892e+01  |g| 1.66e+03  [9212s]
step  22600  train 6.9362e+01  |g| 3.46e+03  [9264s]
step  22700  train 6.9981e+01  |g| 2.76e+03  [9317s]
step  22800  train 6.5593e+01  |g| 5.83e+03  [9369s]
step  22900  train 6.1612e+01  |g| 1.14e+03  [9422s]
step  23000  train 6.2404e+01  |g| 2.15e+03  [9474s]
step  23100  train 6.9143e+01  |g| 2.27e+03  [9527s]
step  23200  train 6.6064e+01  |g| 3.85e+03  [9580s]
step  23300  train 6.0963e+01  |g| 1.24e+03  [9632s]
step  23400  train 6.2588e+01  |g| 4.69e+03  [9685s]
step  23500  train 5.4279e+01  |g| 1.51e+03  [9738s]
step  23600  train 6.0910e+01  |g| 2.05e+03  [9790s]
step  23700  train 5.3765e+01  |g| 8.64e+02  [9843s]
step  23800  train 6.7259e+01  |g| 2.33e+03  [9896s]
step  23900  train 7.9968e+01  |g| 2.99e+03  [9949s]
step  24000  train 7.1910e+01  val 6.1756e+01  6d geo 1.523e-03 med 1.379e-03 p90 1.015e-02 (const 4.730e-02)  |g| 3.92e+03  [10002s]
           5d geo 1.033e-03 med 9.333e-04   postmu 6d geo 1.442e-03 med 1.353e-03 p90 9.602e-03   mu |dlog| 0.1026
           corr(identifiable)  mu=+0.92  D_div_mu=+0.99  T0_div_mu=+0.67  Ly=+0.97  op_x=+0.95  op_y=+0.98   mean spread/GT 0.88
           err share           mu=35%  D_div_mu=1%  T0_div_mu=4%  Ly=17%  op_x=30%  op_y=13%
step  24100  train 6.3739e+01  |g| 2.58e+03  [10059s]
step  24200  train 6.5848e+01  |g| 3.26e+03  [10112s]
step  24300  train 5.3535e+01  |g| 9.69e+02  [10164s]
step  24400  train 5.8808e+01  |g| 1.94e+03  [10217s]
step  24500  train 6.4887e+01  |g| 3.10e+03  [10269s]
step  24600  train 6.5098e+01  |g| 1.30e+03  [10322s]
step  24700  train 5.8104e+01  |g| 1.36e+03  [10375s]
step  24800  train 5.7093e+01  |g| 2.32e+03  [10428s]
step  24900  train 5.4211e+01  |g| 1.70e+03  [10481s]
step  25000  train 6.0107e+01  |g| 2.02e+03  [10534s]
step  25100  train 5.9493e+01  |g| 2.29e+03  [10587s]
step  25200  train 6.3639e+01  |g| 3.23e+03  [10640s]
step  25300  train 6.5228e+01  |g| 3.51e+03  [10693s]
step  25400  train 5.9630e+01  |g| 1.41e+03  [10746s]
step  25500  train 6.7378e+01  |g| 1.40e+03  [10799s]
step  25600  train 6.4703e+01  |g| 3.47e+03  [10851s]
step  25700  train 6.6184e+01  |g| 2.86e+03  [10904s]
step  25800  train 6.1832e+01  |g| 4.62e+03  [10957s]
step  25900  train 6.0356e+01  |g| 3.15e+03  [11009s]
step  26000  train 5.9768e+01  val 5.6742e+01  6d geo 1.356e-03 med 1.224e-03 p90 1.052e-02 (const 4.730e-02)  |g| 4.65e+03  [11062s]
           5d geo 8.054e-04 med 7.052e-04   postmu 6d geo 1.151e-03 med 1.068e-03 p90 8.913e-03   mu |dlog| 0.0883
           corr(identifiable)  mu=+0.93  D_div_mu=+0.99  T0_div_mu=+0.68  Ly=+0.97  op_x=+0.95  op_y=+0.98   mean spread/GT 0.88
           err share           mu=34%  D_div_mu=0%  T0_div_mu=4%  Ly=16%  op_x=32%  op_y=13%
step  26100  train 5.6135e+01  |g| 2.93e+03  [11119s]
step  26200  train 6.7736e+01  |g| 3.89e+03  [11172s]
step  26300  train 5.7390e+01  |g| 1.02e+03  [11226s]
step  26400  train 5.1630e+01  |g| 1.17e+03  [11278s]
step  26500  train 5.4994e+01  |g| 1.50e+03  [11331s]
step  26600  train 6.3529e+01  |g| 2.60e+03  [11384s]
step  26700  train 5.7107e+01  |g| 1.35e+03  [11437s]
step  26800  train 8.0393e+01  |g| 4.24e+03  [11490s]
step  26900  train 4.9531e+01  |g| 9.18e+02  [11543s]
step  27000  train 6.0158e+01  |g| 4.34e+03  [11595s]
step  27100  train 5.9407e+01  |g| 2.88e+03  [11648s]
step  27200  train 5.3873e+01  |g| 1.51e+03  [11701s]
step  27300  train 5.9991e+01  |g| 3.95e+03  [11753s]
step  27400  train 5.6666e+01  |g| 2.24e+03  [11806s]
step  27500  train 5.3737e+01  |g| 2.08e+03  [11860s]
step  27600  train 6.6951e+01  |g| 3.48e+03  [11913s]
step  27700  train 5.7374e+01  |g| 3.62e+03  [11966s]
step  27800  train 5.2662e+01  |g| 2.95e+03  [12019s]
step  27900  train 4.8655e+01  |g| 9.89e+02  [12071s]
step  28000  train 5.9098e+01  val 6.0661e+01  6d geo 1.350e-03 med 1.226e-03 p90 9.203e-03 (const 4.730e-02)  |g| 4.46e+03  [12124s]
           5d geo 9.784e-04 med 8.866e-04   postmu 6d geo 1.452e-03 med 1.353e-03 p90 1.039e-02   mu |dlog| 0.1061
           corr(identifiable)  mu=+0.93  D_div_mu=+0.99  T0_div_mu=+0.68  Ly=+0.97  op_x=+0.95  op_y=+0.98   mean spread/GT 0.88
           err share           mu=32%  D_div_mu=1%  T0_div_mu=5%  Ly=16%  op_x=33%  op_y=14%
step  28100  train 5.3738e+01  |g| 1.31e+03  [12181s]
step  28200  train 5.7895e+01  |g| 3.09e+03  [12234s]
step  28300  train 5.4331e+01  |g| 2.46e+03  [12286s]
step  28400  train 5.2468e+01  |g| 2.82e+03  [12339s]
step  28500  train 5.5424e+01  |g| 1.59e+03  [12392s]
step  28600  train 5.6386e+01  |g| 3.06e+03  [12445s]
step  28700  train 5.5156e+01  |g| 2.28e+03  [12497s]
step  28800  train 4.7628e+01  |g| 1.46e+03  [12550s]
step  28900  train 5.3220e+01  |g| 4.90e+03  [12603s]
step  29000  train 5.2228e+01  |g| 3.07e+03  [12656s]
step  29100  train 6.4355e+01  |g| 3.94e+03  [12708s]
step  29200  train 5.6624e+01  |g| 4.11e+03  [12761s]
step  29300  train 6.2984e+01  |g| 3.49e+03  [12814s]
step  29400  train 6.1948e+01  |g| 4.36e+03  [12867s]
step  29500  train 5.0661e+01  |g| 2.17e+03  [12920s]
step  29600  train 5.1555e+01  |g| 2.02e+03  [12973s]
step  29700  train 6.4575e+01  |g| 2.47e+03  [13026s]
step  29800  train 5.7153e+01  |g| 4.53e+03  [13079s]
step  29900  train 4.7289e+01  |g| 1.11e+03  [13132s]
step  30000  train 5.9207e+01  val 5.4090e+01  6d geo 1.418e-03 med 1.299e-03 p90 9.068e-03 (const 4.730e-02)  |g| 3.25e+03  [13184s]
           5d geo 9.000e-04 med 8.126e-04   postmu 6d geo 1.382e-03 med 1.277e-03 p90 9.803e-03   mu |dlog| 0.1015
           corr(identifiable)  mu=+0.93  D_div_mu=+0.99  T0_div_mu=+0.69  Ly=+0.97  op_x=+0.96  op_y=+0.98   mean spread/GT 0.89
           err share           mu=37%  D_div_mu=1%  T0_div_mu=5%  Ly=16%  op_x=29%  op_y=12%
step  30100  train 5.6732e+01  |g| 1.09e+03  [13241s]
step  30200  train 5.9969e+01  |g| 3.09e+03  [13294s]
step  30300  train 6.1389e+01  |g| 3.55e+03  [13347s]
step  30400  train 5.5816e+01  |g| 2.18e+03  [13399s]
step  30500  train 6.2846e+01  |g| 5.67e+03  [13452s]
step  30600  train 6.1338e+01  |g| 4.03e+03  [13505s]
step  30700  train 5.0883e+01  |g| 2.19e+03  [13558s]
step  30800  train 6.4405e+01  |g| 4.08e+03  [13611s]
step  30900  train 5.6325e+01  |g| 3.84e+03  [13663s]
step  31000  train 5.1107e+01  |g| 2.18e+03  [13716s]
step  31100  train 5.1813e+01  |g| 2.09e+03  [13769s]
step  31200  train 4.7989e+01  |g| 1.11e+03  [13822s]
step  31300  train 5.2224e+01  |g| 2.29e+03  [13875s]
step  31400  train 4.4282e+01  |g| 2.80e+03  [13928s]
step  31500  train 4.7705e+01  |g| 2.22e+03  [13981s]
step  31600  train 4.4869e+01  |g| 2.26e+03  [14034s]
step  31700  train 5.1555e+01  |g| 3.84e+03  [14087s]
step  31800  train 4.3957e+01  |g| 9.46e+02  [14140s]
step  31900  train 4.2054e+01  |g| 1.31e+03  [14193s]
step  32000  train 4.6121e+01  val 5.5232e+01  6d geo 1.284e-03 med 1.196e-03 p90 7.795e-03 (const 4.730e-02)  |g| 3.43e+03  [14246s]
           5d geo 8.647e-04 med 8.209e-04   postmu 6d geo 1.435e-03 med 1.394e-03 p90 9.417e-03   mu |dlog| 0.1171
           corr(identifiable)  mu=+0.93  D_div_mu=+0.99  T0_div_mu=+0.70  Ly=+0.98  op_x=+0.96  op_y=+0.98   mean spread/GT 0.89
           err share           mu=36%  D_div_mu=1%  T0_div_mu=5%  Ly=16%  op_x=31%  op_y=12%
step  32100  train 6.5574e+01  |g| 5.01e+03  [14302s]
step  32200  train 6.8093e+01  |g| 8.63e+03  [14355s]
step  32300  train 4.8914e+01  |g| 3.83e+03  [14408s]
step  32400  train 4.3452e+01  |g| 2.26e+03  [14461s]
step  32500  train 4.7178e+01  |g| 3.41e+03  [14514s]
step  32600  train 6.3510e+01  |g| 6.40e+03  [14567s]
step  32700  train 4.6931e+01  |g| 4.56e+03  [14620s]
step  32800  train 4.4914e+01  |g| 2.69e+03  [14672s]
step  32900  train 4.5859e+01  |g| 3.45e+03  [14725s]
step  33000  train 5.9107e+01  |g| 4.49e+03  [14778s]
step  33100  train 4.2406e+01  |g| 1.51e+03  [14831s]
step  33200  train 5.6386e+01  |g| 3.77e+03  [14884s]
step  33300  train 4.4455e+01  |g| 1.19e+03  [14936s]
step  33400  train 5.0364e+01  |g| 1.35e+03  [14989s]
step  33500  train 4.8020e+01  |g| 2.36e+03  [15042s]
step  33600  train 4.1405e+01  |g| 2.12e+03  [15095s]
step  33700  train 5.1037e+01  |g| 5.22e+03  [15148s]
step  33800  train 4.7889e+01  |g| 1.47e+03  [15201s]
step  33900  train 4.3407e+01  |g| 1.07e+03  [15254s]
step  34000  train 5.0618e+01  val 5.1790e+01  6d geo 8.838e-04 med 7.737e-04 p90 6.415e-03 (const 4.730e-02)  |g| 6.41e+03  [15307s]
           5d geo 5.849e-04 med 5.618e-04   postmu 6d geo 9.146e-04 med 8.824e-04 p90 6.892e-03   mu |dlog| 0.0898
           corr(identifiable)  mu=+0.94  D_div_mu=+0.99  T0_div_mu=+0.71  Ly=+0.98  op_x=+0.97  op_y=+0.98   mean spread/GT 0.89
           err share           mu=34%  D_div_mu=1%  T0_div_mu=5%  Ly=17%  op_x=31%  op_y=12%
step  34100  train 3.9150e+01  |g| 5.88e+02  [15364s]
step  34200  train 4.4236e+01  |g| 2.82e+03  [15417s]
step  34300  train 5.2060e+01  |g| 7.49e+03  [15469s]
step  34400  train 4.7120e+01  |g| 7.88e+03  [15522s]
step  34500  train 5.0985e+01  |g| 8.16e+03  [15575s]
step  34600  train 4.0338e+01  |g| 2.42e+03  [15628s]
step  34700  train 3.9327e+01  |g| 2.08e+03  [15681s]
step  34800  train 4.0250e+01  |g| 4.70e+03  [15734s]
step  34900  train 3.7439e+01  |g| 1.79e+03  [15786s]
step  35000  train 3.5183e+01  |g| 1.19e+03  [15839s]
step  35100  train 4.5382e+01  |g| 5.36e+03  [15892s]
step  35200  train 3.9596e+01  |g| 2.85e+03  [15945s]
step  35300  train 3.7842e+01  |g| 2.95e+03  [15998s]
step  35400  train 3.6809e+01  |g| 2.61e+03  [16051s]
step  35500  train 3.4562e+01  |g| 1.28e+03  [16104s]
step  35600  train 4.5519e+01  |g| 4.92e+03  [16157s]
step  35700  train 4.2652e+01  |g| 2.66e+03  [16210s]
step  35800  train 3.7543e+01  |g| 7.49e+02  [16262s]
step  35900  train 4.7075e+01  |g| 7.29e+03  [16315s]
step  36000  train 3.7051e+01  val 4.6325e+01  6d geo 7.977e-04 med 6.876e-04 p90 6.582e-03 (const 4.730e-02)  |g| 3.67e+03  [16368s]
           5d geo 5.274e-04 med 4.628e-04   postmu 6d geo 8.253e-04 med 7.563e-04 p90 7.042e-03   mu |dlog| 0.0821
           corr(identifiable)  mu=+0.94  D_div_mu=+0.99  T0_div_mu=+0.72  Ly=+0.98  op_x=+0.97  op_y=+0.99   mean spread/GT 0.89
           err share           mu=34%  D_div_mu=1%  T0_div_mu=5%  Ly=18%  op_x=30%  op_y=12%
step  36100  train 4.1358e+01  |g| 3.79e+03  [16425s]
step  36200  train 4.1105e+01  |g| 1.92e+03  [16479s]
step  36300  train 4.5665e+01  |g| 7.77e+03  [16531s]
step  36400  train 3.2788e+01  |g| 1.33e+03  [16584s]
step  36500  train 4.3388e+01  |g| 4.07e+03  [16637s]
step  36600  train 4.2731e+01  |g| 7.08e+02  [16690s]
step  36700  train 4.2504e+01  |g| 6.65e+03  [16743s]
step  36800  train 3.7838e+01  |g| 1.10e+03  [16796s]
step  36900  train 3.9446e+01  |g| 8.91e+02  [16850s]
step  37000  train 4.2336e+01  |g| 1.35e+03  [16903s]
step  37100  train 3.8319e+01  |g| 4.99e+03  [16956s]
step  37200  train 3.5495e+01  |g| 2.20e+03  [17008s]
step  37300  train 3.7031e+01  |g| 7.74e+02  [17062s]
step  37400  train 3.4897e+01  |g| 1.05e+03  [17115s]
step  37500  train 3.8357e+01  |g| 4.28e+03  [17167s]
step  37600  train 4.3085e+01  |g| 4.90e+03  [17220s]
step  37700  train 4.3743e+01  |g| 2.87e+03  [17273s]
step  37800  train 3.3582e+01  |g| 3.66e+03  [17326s]
step  37900  train 4.6131e+01  |g| 6.00e+03  [17379s]
step  38000  train 4.7138e+01  val 4.3565e+01  6d geo 7.973e-04 med 7.294e-04 p90 6.633e-03 (const 4.730e-02)  |g| 5.98e+03  [17432s]
           5d geo 4.891e-04 med 4.417e-04   postmu 6d geo 7.402e-04 med 6.670e-04 p90 6.375e-03   mu |dlog| 0.0764
           corr(identifiable)  mu=+0.94  D_div_mu=+0.99  T0_div_mu=+0.72  Ly=+0.98  op_x=+0.97  op_y=+0.99   mean spread/GT 0.89
           err share           mu=36%  D_div_mu=1%  T0_div_mu=5%  Ly=18%  op_x=28%  op_y=12%
step  38100  train 3.6273e+01  |g| 1.68e+03  [17489s]
step  38200  train 3.5948e+01  |g| 9.60e+02  [17542s]
step  38300  train 3.5817e+01  |g| 8.16e+02  [17595s]
step  38400  train 3.7019e+01  |g| 8.43e+02  [17648s]
step  38500  train 4.3460e+01  |g| 4.37e+03  [17701s]
step  38600  train 3.8061e+01  |g| 3.72e+03  [17753s]
step  38700  train 3.4692e+01  |g| 1.33e+03  [17806s]
step  38800  train 4.2695e+01  |g| 4.81e+03  [17859s]
step  38900  train 4.2206e+01  |g| 6.04e+03  [17911s]
step  39000  train 3.1586e+01  |g| 2.11e+03  [17964s]
step  39100  train 3.9212e+01  |g| 1.24e+03  [18017s]
step  39200  train 4.3078e+01  |g| 5.67e+03  [18070s]
step  39300  train 3.6565e+01  |g| 4.18e+03  [18123s]
step  39400  train 4.1324e+01  |g| 2.99e+03  [18175s]
step  39500  train 3.6666e+01  |g| 3.46e+03  [18228s]
step  39600  train 3.7429e+01  |g| 2.10e+03  [18281s]
step  39700  train 4.5632e+01  |g| 4.46e+03  [18334s]
step  39800  train 3.3100e+01  |g| 3.07e+03  [18386s]
step  39900  train 4.0449e+01  |g| 4.93e+03  [18439s]
step  40000  train 3.7106e+01  val 4.3394e+01  6d geo 7.608e-04 med 6.721e-04 p90 6.118e-03 (const 4.730e-02)  |g| 1.04e+03  [18492s]
           5d geo 4.872e-04 med 4.367e-04   postmu 6d geo 7.369e-04 med 6.665e-04 p90 6.184e-03   mu |dlog| 0.0757
           corr(identifiable)  mu=+0.94  D_div_mu=+0.99  T0_div_mu=+0.72  Ly=+0.98  op_x=+0.97  op_y=+0.99   mean spread/GT 0.89
           err share           mu=34%  D_div_mu=1%  T0_div_mu=6%  Ly=18%  op_x=29%  op_y=12%
best val_nmse_6d_postmu_geo 7.3694e-04 (encoder_best.pt)

Done. Outputs written to /home/bhpark3/dafx_ddsp/results/ddsp/gamma_ppre/L1_STFT_g1
