======================================================================
  TERNARY-SEARCH μ-REFINEMENT on CUDA (float32)
======================================================================
  CMA-ES results: /home/bhpark3/dafxchal/results/decomp_sweep/sot/stage1
  Targets: /home/bhpark3/dafxchal/data/random-IR-100-1.0s
  Loss: SOT, Duration: 0.25s
  μ search bounds: [2.430, 106.150]
  Ternary iterations: 50  (~101 evals/IR)
  Sanity grid check: on

  Loaded 50 CMA-ES results
  [  1/50] random_IR_0001.npz             mu  80.675 ->  48.693 (GT  48.930)
          NMSE 0.015614 -> 0.000003 (-100.0%)  loss 0.001259 -> 0.000013  (1.1s)
  [  2/50] random_IR_0002.npz             mu   5.820 ->  84.049 (GT  84.056)
          NMSE 0.094827 -> 0.000000 (-100.0%)  loss 0.013375 -> 0.000000  (1.2s)
  [  3/50] random_IR_0003.npz             mu  67.299 ->   3.683 (GT  24.386)
          NMSE 0.133381 -> 0.111490 (-16.4%)  loss 0.001945 -> 0.000976  (1.0s)
  [  4/50] random_IR_0004.npz             mu  61.740 ->  15.344 (GT  13.244)
          NMSE 0.039344 -> 0.002977 (-92.4%)  loss 0.002015 -> 0.000713  (1.0s)
  [  5/50] random_IR_0005.npz             mu  36.502 ->  45.080 (GT  45.159)
          NMSE 0.001161 -> 0.000000 (-100.0%)  loss 0.007685 -> 0.000104  (1.6s)
  [ 10/50] random_IR_0010.npz             mu  32.257 ->  33.225 (GT  31.912)
          NMSE 0.055081 -> 0.055106 (+0.0%)  loss 0.050489 -> 0.050279  (3.5s)
  [ 20/50] random_IR_0020.npz             mu  53.534 ->  43.400 (GT  43.384)
          NMSE 0.001597 -> 0.000001 (-100.0%)  loss 0.002416 -> 0.000100  (0.8s)
  [ 30/50] random_IR_0030.npz             mu  21.052 ->  11.079 (GT  16.703)
          NMSE 0.055052 -> 0.055249 (+0.4%)  loss 0.102650 -> 0.071836  (3.8s)
  [ 40/50] random_IR_0040.npz             mu  19.829 -> 106.150 (GT  38.783)
          NMSE 0.096060 -> 0.160805 (+67.4%)  loss 0.073572 -> 0.002023  (5.6s)
  [ 50/50] random_IR_0050.npz             mu  13.038 ->  10.219 (GT  51.163)
          NMSE 0.169895 -> 0.173347 (+2.0%)  loss 0.000201 -> 0.000149  (0.4s)

======================================================================
  AGGREGATE
======================================================================
  Mean NMSE   orig: 0.037724
              refn: 0.027616
  Median NMSE orig: 0.020783
              refn: 0.004363
  IRs improved: 37 / 50  worsened: 13  unchanged: 0
  Mean elapsed/IR:    1.53 s
  Total runtime:      92.6 s
  Wrote: /home/bhpark3/dafxchal/results/decomp_sweep/sot/stage2/mu_refined_summary.csv
