Device cuda | loss L1_STFT_eps1e1 | duration 0.25s
Loading train targets from data/train-p99
Loading val targets from data/val-p99
  98304 train / 996 val in 42s   train tensor 4.34 GB
  training set held in host memory; batches transferred per step
reference levels:  gt_loss 6.6755e-07   saturation (unrelated IRs) 1.8151e-01
constant-predictor NMSE: 6d 4.730e-02  7d 7.959e-02  (the floor to beat)
training loss stuck near saturation = gradient uninformative; well below = learning

encoder: 3.74M params, width 32

loss scale (fixed): 1.4023e-01
step      1  train 1.4023e-01  val 1.5679e-01  6d geo 4.283e-02 med 4.750e-02 p90 8.157e-02 (const 4.730e-02)  |g| 3.13e+01  [1s]
           5d geo 4.206e-02 med 4.849e-02   postmu 6d geo 4.956e-02 med 5.181e-02 p90 1.269e-01   mu |dlog| 0.5564
           WARNING: prediction spread 0.000 of ground truth -- the output has collapsed to a constant (saturated tanh); lower --lr or raise --warmup-steps and restart
           corr(identifiable)  mu=-0.37  D_div_mu=+0.16  T0_div_mu=-0.01  Ly=-0.01  op_x=-0.48  op_y=-0.27   mean spread/GT 0.00
           err share           mu=16%  D_div_mu=3%  T0_div_mu=2%  Ly=26%  op_x=28%  op_y=26%
step    100  train 1.3771e-01  |g| 1.64e+01  [46s]
  WARNING: 1 of 64 parameter sets need a finer grid than the pinned (86, 282) and are truncated. Raise --fixed-mode-grid; targets rendered under a pin that truncates them are not the plate's output at those parameters.
step    200  train 1.2524e-01  |g| 3.57e+01  [89s]
step    300  train 1.4245e-01  |g| 3.51e+01  [130s]
step    400  train 1.6266e-01  |g| 5.17e+01  [175s]
step    500  train 1.4851e-01  |g| 4.70e+01  [223s]
step    600  train 1.2400e-01  |g| 2.01e+01  [269s]
step    700  train 1.3095e-01  |g| 1.79e+01  [312s]
step    800  train 1.2077e-01  |g| 1.32e+01  [353s]
step    900  train 1.1569e-01  |g| 5.78e+01  [396s]
step   1000  train 1.2068e-01  |g| 1.93e+01  [438s]
step   1100  train 1.1590e-01  |g| 3.90e+01  [481s]
step   1200  train 1.3294e-01  |g| 1.02e+01  [523s]
step   1300  train 1.2772e-01  |g| 8.64e+00  [564s]
step   1400  train 1.2544e-01  |g| 1.27e+01  [606s]
step   1500  train 1.2764e-01  |g| 1.10e+01  [648s]
step   1600  train 1.2400e-01  |g| 3.50e+01  [690s]
step   1700  train 1.1935e-01  |g| 2.17e+01  [737s]
step   1800  train 1.4745e-01  |g| 6.70e+01  [786s]
step   1900  train 1.4864e-01  |g| 6.57e+01  [828s]
step   2000  train 1.2228e-01  val 1.3004e-01  6d geo 9.171e-02 med 1.090e-01 p90 2.376e-01 (const 4.730e-02)  |g| 1.19e+01  [870s]
           5d geo 1.011e-01 med 1.237e-01   postmu 6d geo 9.156e-02 med 1.127e-01 p90 2.419e-01   mu |dlog| 0.3743
           corr(identifiable)  mu=+0.51  D_div_mu=+0.44  T0_div_mu=+0.32  Ly=-0.30  op_x=+0.14  op_y=+0.22   mean spread/GT 0.58
           err share           mu=5%  D_div_mu=1%  T0_div_mu=1%  Ly=36%  op_x=26%  op_y=32%
step   2100  train 1.3690e-01  |g| 7.38e+00  [915s]
step   2200  train 1.1516e-01  |g| 1.10e+01  [957s]
step   2300  train 1.3389e-01  |g| 1.39e+02  [1001s]
step   2400  train 1.3510e-01  |g| 1.09e+01  [1045s]
step   2500  train 1.3096e-01  |g| 1.00e+01  [1087s]
step   2600  train 1.2944e-01  |g| 2.10e+01  [1129s]
step   2700  train 1.2113e-01  |g| 1.80e+01  [1170s]
step   2800  train 1.2242e-01  |g| 5.59e+00  [1212s]
step   2900  train 1.2562e-01  |g| 1.71e+01  [1254s]
step   3000  train 1.2951e-01  |g| 2.58e+00  [1295s]
step   3100  train 1.2636e-01  |g| 1.99e+01  [1337s]
step   3200  train 1.2930e-01  |g| 2.23e+00  [1379s]
step   3300  train 1.5724e-01  |g| 1.51e+01  [1420s]
step   3400  train 1.1842e-01  |g| 5.74e+00  [1462s]
step   3500  train 1.2129e-01  |g| 3.82e+00  [1504s]
step   3600  train 1.2274e-01  |g| 1.11e+01  [1546s]
step   3700  train 1.2362e-01  |g| 1.23e+01  [1587s]
step   3800  train 1.2679e-01  |g| 1.10e+01  [1629s]
step   3900  train 1.2346e-01  |g| 5.13e+01  [1678s]
step   4000  train 1.3114e-01  val 1.2911e-01  6d geo 1.233e-01 med 1.475e-01 p90 2.761e-01 (const 4.730e-02)  |g| 1.44e+01  [1722s]
           5d geo 1.343e-01 med 1.637e-01   postmu 6d geo 1.215e-01 med 1.465e-01 p90 2.762e-01   mu |dlog| 0.6166
           corr(identifiable)  mu=+0.60  D_div_mu=-0.09  T0_div_mu=+0.24  Ly=-0.08  op_x=-0.29  op_y=+0.11   mean spread/GT 0.78
           err share           mu=7%  D_div_mu=1%  T0_div_mu=0%  Ly=31%  op_x=31%  op_y=28%
step   4100  train 1.2223e-01  |g| 1.99e+01  [1767s]
step   4200  train 1.2299e-01  |g| 1.03e+01  [1809s]
step   4300  train 1.3154e-01  |g| 4.59e+00  [1851s]
step   4400  train 1.1966e-01  |g| 2.71e+01  [1893s]
step   4500  train 1.2373e-01  |g| 8.54e+00  [1934s]
step   4600  train 1.5664e-01  |g| 6.85e+00  [1976s]
step   4700  train 1.3478e-01  |g| 2.44e+01  [2018s]
step   4800  train 1.5067e-01  |g| 3.76e-01  [2060s]
step   4900  train 1.5535e-01  |g| 9.71e+00  [2102s]
step   5000  train 1.4149e-01  |g| 3.41e+00  [2144s]
step   5100  train 1.2719e-01  |g| 4.01e+00  [2186s]
step   5200  train 1.3336e-01  |g| 5.72e+00  [2228s]
step   5300  train 1.3222e-01  |g| 1.71e+01  [2269s]
step   5400  train 1.5205e-01  |g| 3.89e+01  [2311s]
step   5500  train 1.3738e-01  |g| 2.88e+00  [2353s]
step   5600  train 1.3475e-01  |g| 4.62e+00  [2395s]
step   5700  train 1.3968e-01  |g| 3.87e+00  [2437s]
step   5800  train 1.3020e-01  |g| 5.87e+00  [2479s]
step   5900  train 1.3913e-01  |g| 4.98e+00  [2521s]
step   6000  train 1.3278e-01  val 1.4350e-01  6d geo 1.445e-01 med 1.659e-01 p90 2.898e-01 (const 4.730e-02)  |g| 1.12e+01  [2563s]
           5d geo 1.588e-01 med 1.838e-01   postmu 6d geo 1.416e-01 med 1.623e-01 p90 2.975e-01   mu |dlog| 0.5767
           corr(identifiable)  mu=-0.22  D_div_mu=-0.13  T0_div_mu=+0.28  Ly=+0.15  op_x=-0.02  op_y=+0.14   mean spread/GT 0.45
           err share           mu=7%  D_div_mu=1%  T0_div_mu=0%  Ly=31%  op_x=34%  op_y=27%
step   6100  train 1.4089e-01  |g| 8.11e+00  [2608s]
step   6200  train 1.2670e-01  |g| 4.26e+00  [2650s]
step   6300  train 1.3498e-01  |g| 7.92e+00  [2692s]
step   6400  train 1.4331e-01  |g| 4.62e+00  [2733s]
step   6500  train 1.3761e-01  |g| 8.45e+00  [2775s]
step   6600  train 1.2914e-01  |g| 2.01e+01  [2817s]
step   6700  train 1.3051e-01  |g| 1.46e+01  [2859s]
step   6800  train 1.3464e-01  |g| 3.35e+00  [2901s]
step   6900  train 1.4246e-01  |g| 1.24e+01  [2943s]
step   7000  train 1.3433e-01  |g| 3.92e+00  [2985s]
step   7100  train 1.3660e-01  |g| 6.43e-01  [3027s]
step   7200  train 1.3739e-01  |g| 7.40e-01  [3069s]
step   7300  train 1.3812e-01  |g| 3.25e+00  [3110s]
step   7400  train 1.4520e-01  |g| 1.28e+01  [3152s]
step   7500  train 1.4284e-01  |g| 4.75e+00  [3194s]
step   7600  train 1.4791e-01  |g| 1.35e+01  [3236s]
step   7700  train 1.2871e-01  |g| 1.58e+00  [3278s]
step   7800  train 1.4960e-01  |g| 4.94e+00  [3320s]
step   7900  train 1.3245e-01  |g| 3.20e+00  [3362s]
step   8000  train 1.3969e-01  val 1.4395e-01  6d geo 1.458e-01 med 1.671e-01 p90 2.919e-01 (const 4.730e-02)  |g| 1.24e+00  [3404s]
           5d geo 1.605e-01 med 1.859e-01   postmu 6d geo 1.426e-01 med 1.634e-01 p90 2.986e-01   mu |dlog| 0.5927
           corr(identifiable)  mu=-0.33  D_div_mu=-0.13  T0_div_mu=+0.26  Ly=+0.14  op_x=-0.00  op_y=+0.12   mean spread/GT 0.41
           err share           mu=6%  D_div_mu=1%  T0_div_mu=1%  Ly=31%  op_x=34%  op_y=28%
step   8100  train 1.3989e-01  |g| 1.11e+00  [3449s]
step   8200  train 1.6613e-01  |g| 8.28e+01  [3491s]
step   8300  train 1.4860e-01  |g| 1.06e+01  [3537s]
step   8400  train 1.4295e-01  |g| 3.95e+00  [3579s]
step   8500  train 1.3718e-01  |g| 1.01e+01  [3621s]
step   8600  train 1.3190e-01  |g| 1.09e+01  [3663s]
step   8700  train 1.3798e-01  |g| 1.10e+01  [3705s]
step   8800  train 1.3070e-01  |g| 7.70e+00  [3747s]
step   8900  train 1.3816e-01  |g| 4.78e+00  [3788s]
step   9000  train 1.3492e-01  |g| 6.67e+00  [3830s]
step   9100  train 1.3819e-01  |g| 3.58e+01  [3872s]
step   9200  train 1.3596e-01  |g| 8.93e+00  [3914s]
step   9300  train 1.3134e-01  |g| 1.92e+00  [3956s]
step   9400  train 1.3392e-01  |g| 3.89e+00  [3998s]
step   9500  train 1.3194e-01  |g| 6.87e+00  [4040s]
step   9600  train 1.3313e-01  |g| 1.55e+01  [4082s]
step   9700  train 1.2948e-01  |g| 5.08e+00  [4123s]
step   9800  train 1.3073e-01  |g| 3.92e+00  [4165s]
step   9900  train 1.4152e-01  |g| 1.34e+00  [4207s]
step  10000  train 1.5404e-01  val 1.3928e-01  6d geo 1.471e-01 med 1.687e-01 p90 2.965e-01 (const 4.730e-02)  |g| 1.02e+01  [4249s]
           5d geo 1.619e-01 med 1.905e-01   postmu 6d geo 1.546e-01 med 1.746e-01 p90 3.378e-01   mu |dlog| 0.6710
           corr(identifiable)  mu=+0.18  D_div_mu=-0.06  T0_div_mu=+0.36  Ly=+0.04  op_x=+0.01  op_y=+0.09   mean spread/GT 0.53
           err share           mu=6%  D_div_mu=1%  T0_div_mu=1%  Ly=30%  op_x=33%  op_y=28%
step  10100  train 1.3547e-01  |g| 2.12e+01  [4294s]
step  10200  train 1.3502e-01  |g| 3.86e+00  [4336s]
step  10300  train 1.4604e-01  |g| 4.26e+00  [4378s]
step  10400  train 1.3164e-01  |g| 5.37e+00  [4420s]
step  10500  train 1.3397e-01  |g| 1.48e+01  [4462s]
step  10600  train 1.3172e-01  |g| 1.47e-01  [4504s]
step  10700  train 1.3077e-01  |g| 3.21e-01  [4546s]
step  10800  train 1.4635e-01  |g| 5.57e+01  [4588s]
step  10900  train 1.4022e-01  |g| 1.66e+00  [4629s]
step  11000  train 1.4010e-01  |g| 6.25e-01  [4671s]
step  11100  train 1.3835e-01  |g| 3.46e+00  [4713s]
step  11200  train 1.4182e-01  |g| 8.11e+00  [4755s]
step  11300  train 1.4820e-01  |g| 1.34e+01  [4797s]
step  11400  train 1.4411e-01  |g| 6.66e-01  [4839s]
step  11500  train 1.5859e-01  |g| 2.51e+01  [4881s]
step  11600  train 1.5190e-01  |g| 1.91e+00  [4923s]
step  11700  train 1.5637e-01  |g| 1.26e+01  [4964s]
step  11800  train 1.7438e-01  |g| 3.88e+02  [5006s]
step  11900  train 1.2722e-01  |g| 3.47e+00  [5048s]
step  12000  train 1.5153e-01  val 1.4605e-01  6d geo 1.498e-01 med 1.720e-01 p90 3.014e-01 (const 4.730e-02)  |g| 2.67e-01  [5090s]
           5d geo 1.647e-01 med 1.940e-01   postmu 6d geo 1.652e-01 med 1.897e-01 p90 3.469e-01   mu |dlog| 0.7117
           corr(identifiable)  mu=+0.28  D_div_mu=-0.10  T0_div_mu=+0.34  Ly=+0.08  op_x=-0.02  op_y=+0.04   mean spread/GT 0.53
           err share           mu=6%  D_div_mu=1%  T0_div_mu=1%  Ly=30%  op_x=32%  op_y=29%
best val_nmse_6d_postmu_geo 4.9559e-02 (encoder_best.pt)

Done. Outputs written to /home/bhpark3/dafx_ddsp/results/ddsp/head_probe/softcap/L1_STFT_eps1e1
