======================================================================
  TERNARY-SEARCH μ-REFINEMENT on CUDA (float32)
======================================================================
  CMA-ES results: /home/bhpark3/dafxchal/results/decomp_sweep/spectralot_lp/stage1
  Targets: /home/bhpark3/dafxchal/data/random-IR-100-1.0s
  Loss: SpectralOT_LP, Duration: 0.25s
  μ search bounds: [2.430, 106.150]
  Ternary iterations: 50  (~101 evals/IR)
  Sanity grid check: on

  Loaded 50 CMA-ES results
  [  1/50] random_IR_0001.npz             mu  54.733 ->  48.729 (GT  48.930)
          NMSE 0.000523 -> 0.000002 (-99.7%)  loss 0.000031 -> 0.000001  (1.1s)
  [  2/50] random_IR_0002.npz             mu  32.789 ->  83.650 (GT  84.056)
          NMSE 0.040719 -> 0.000003 (-100.0%)  loss 0.000001 -> 0.000000  (1.2s)
  [  3/50] random_IR_0003.npz             mu  11.486 ->   2.430 (GT  24.386)
          NMSE 0.184652 -> 0.189542 (+2.6%)  loss 0.000120 -> 0.000045  (0.6s)
  [  4/50] random_IR_0004.npz             mu  15.182 ->  13.326 (GT  13.244)
          NMSE 0.000060 -> 0.000002 (-97.4%)  loss 0.000037 -> 0.000003  (1.0s)
  [  5/50] random_IR_0005.npz             mu  20.253 -> 106.150 (GT  45.159)
          NMSE 0.074924 -> 0.122945 (+64.1%)  loss 0.164961 -> 0.012833  (2.1s)
  [ 10/50] random_IR_0010.npz             mu 101.607 ->   6.487 (GT  31.912)
          NMSE 0.299888 -> 0.234650 (-21.8%)  loss 0.090820 -> 0.023638  (1.1s)
  [ 20/50] random_IR_0020.npz             mu  38.173 ->  43.451 (GT  43.384)
          NMSE 0.000428 -> 0.000007 (-98.3%)  loss 0.000570 -> 0.000062  (0.8s)
  [ 30/50] random_IR_0030.npz             mu  40.078 ->   3.458 (GT  16.703)
          NMSE 0.120112 -> 0.114365 (-4.8%)  loss 0.322053 -> 0.158640  (2.7s)
  [ 40/50] random_IR_0040.npz             mu  36.802 ->  63.808 (GT  38.783)
          NMSE 0.011779 -> 0.021421 (+81.9%)  loss 0.000280 -> 0.000070  (4.1s)
  [ 50/50] random_IR_0050.npz             mu  31.460 ->  10.214 (GT  51.163)
          NMSE 0.187218 -> 0.207182 (+10.7%)  loss 0.000005 -> 0.000002  (1.0s)

======================================================================
  AGGREGATE
======================================================================
  Mean NMSE   orig: 0.059362
              refn: 0.047701
  Median NMSE orig: 0.037074
              refn: 0.013201
  IRs improved: 38 / 50  worsened: 12  unchanged: 0
  Mean elapsed/IR:    1.34 s
  Total runtime:      81.1 s
  Wrote: /home/bhpark3/dafxchal/results/decomp_sweep/spectralot_lp/stage2/mu_refined_summary.csv
