CMA-ES with LHS + Normalized Space on CUDA
  Loss: L1_STFT_8192
  Available losses: MSS, SC+LogMag, CQT_L1, CQT+LogDec, Mel, LSD, L1_STFT, L1_STFT_1024, MultiResCQT, VQT, Gammatone, Envelope, ESR, FreqDecay, Subband, ModalDensity, Dispersion, CentroidTraj, OnsetDisp, NullPattern, GroupDelay, ComplexSTFT, InstFreq, Scattering1D, SoftDTW_Mel, L1, L2, L1_STFT_512, L1_STFT_2048, L1_STFT_8192, L1_STFT_multi, L1_STFT_log, L1_STFT_sc, L1_STFT_log_multi, L1_STFT_sc_multi, L1_STFT_log_sc
  Trials: 20
  Duration: 0.25s
  Search: normalized [-1, 1] space; expanded to physical bounds for synthesis
  sigma0: 0.6
  tolfun: 1e-05
  tolfunhist: 1e-05
  pruner_min_resource: 15
  pruner_reduction_factor: 3

============================================================
[1/50] random_IR_0001.npz
  GT loss: 0.000023
  terrain_mean=1.204953  early_threshold=0.011469  (alpha=0.0095)
    --> Trial 0 | pop=38 seed=29210 x0_norm_min=-0.944 x0_norm_max=0.730
        [Trial 0] gen   20  evals=  760  best=0.6828
        [Trial 0] gen   40  evals= 1520  best=0.6418
        [Trial 0] gen   60  evals= 2280  best=0.4802
        [Trial 0] gen   80  evals= 3040  best=0.4636
        [Trial 0] gen  100  evals= 3800  best=0.4601
        [Trial 0] gen  120  evals= 4560  best=0.4600
        [Done] Trial 0 best=0.4600
    --> Trial 1 | pop=35 seed=37035 x0_norm_min=-0.937 x0_norm_max=0.907
        [Pruned] Trial 1 at gen 15 (loss=0.6997)
    --> Trial 2 | pop=47 seed=46332 x0_norm_min=-0.344 x0_norm_max=0.824
        [Trial 2] gen   20  evals=  940  best=0.5768
        [Trial 2] gen   40  evals= 1880  best=0.1980
        [Trial 2] gen   60  evals= 2820  best=0.0089
        [Trial 2] gen   80  evals= 3760  best=0.0007
        [Trial 2] gen  100  evals= 4700  best=0.0000
        [Done] Trial 2 best=0.0000
    --> Early stop triggered: trial 2 reached loss=0.000017 < 0.011469

  Winner: Trial 2, loss=0.000017 (118s)
    Restarts run: 3
    mu: 53.401879
    D_mu: 13.780471
    T0_mu: 12.318893
    Ly: 2.691559
    op_x: 0.826488
    op_y: 0.724418
    NMSE: 0.000310
  [Saved] random_IR_0001

============================================================
[2/50] random_IR_0002.npz
  GT loss: 0.000028
  terrain_mean=1.401261  early_threshold=0.013340  (alpha=0.0095)
    --> Trial 0 | pop=35 seed=54186 x0_norm_min=-0.944 x0_norm_max=0.730
        [Trial 0] gen   20  evals=  700  best=0.7572
        [Trial 0] gen   40  evals= 1400  best=0.7572
        [Trial 0] gen   60  evals= 2100  best=0.7572
        [Trial 0] gen   80  evals= 2800  best=0.7572
        [Trial 0] gen  100  evals= 3500  best=0.7572
        [Trial 0] gen  120  evals= 4200  best=0.7572
        [Trial 0] gen  140  evals= 4900  best=0.7572
        [Done] Trial 0 best=0.7572
    --> Trial 1 | pop=38 seed=5472 x0_norm_min=-0.937 x0_norm_max=0.907
        [Pruned] Trial 1 at gen 15 (loss=0.9718)
    --> Trial 2 | pop=55 seed=54018 x0_norm_min=-0.344 x0_norm_max=0.824
        [Pruned] Trial 2 at gen 15 (loss=0.8143)
    --> Trial 3 | pop=50 seed=5847 x0_norm_min=-0.797 x0_norm_max=0.622
        [Pruned] Trial 3 at gen 15 (loss=0.9089)
    --> Trial 4 | pop=44 seed=73418 x0_norm_min=-0.947 x0_norm_max=0.785
        [Pruned] Trial 4 at gen 15 (loss=0.9102)
    --> Trial 5 | pop=31 seed=44592 x0_norm_min=-0.748 x0_norm_max=0.981
        [Trial 5] gen   20  evals=  620  best=0.7706
        [Trial 5] gen   40  evals= 1240  best=0.5917
        [Trial 5] gen   60  evals= 1860  best=0.0836
        [Trial 5] gen   80  evals= 2480  best=0.0189
        [Trial 5] gen  100  evals= 3100  best=0.0025
        [Trial 5] gen  120  evals= 3720  best=0.0001
        [Trial 5] gen  140  evals= 4340  best=0.0000
        [Done] Trial 5 best=0.0000
    --> Early stop triggered: trial 5 reached loss=0.000028 < 0.013340

  Winner: Trial 5, loss=0.000028 (224s)
    Restarts run: 6
    mu: 77.054306
    D_mu: 17.897193
    T0_mu: 4.561662
    Ly: 3.686142
    op_x: 0.788342
    op_y: 0.963542
    NMSE: 0.000759
  [Saved] random_IR_0002

============================================================
[3/50] random_IR_0003.npz
  GT loss: 0.000069
  terrain_mean=2.150705  early_threshold=0.020500  (alpha=0.0095)
    --> Trial 0 | pop=41 seed=36550 x0_norm_min=-0.944 x0_norm_max=0.730
        [Trial 0] gen   20  evals=  820  best=1.4845
        [Trial 0] gen   40  evals= 1640  best=1.4845
        [Trial 0] gen   60  evals= 2460  best=1.4785
        [Trial 0] gen   80  evals= 3280  best=1.4193
        [Trial 0] gen  100  evals= 4100  best=1.4193
        [Trial 0] gen  120  evals= 4920  best=1.4193
        [Trial 0] gen  140  evals= 5740  best=1.4193
        [Trial 0] gen  160  evals= 6560  best=1.4193
        [Trial 0] gen  180  evals= 7380  best=1.4193
        [Done] Trial 0 best=1.4193
    --> Trial 1 | pop=53 seed=450 x0_norm_min=-0.937 x0_norm_max=0.907
        [Trial 1] gen   20  evals= 1060  best=1.3526
        [Trial 1] gen   40  evals= 2120  best=1.2972
        [Trial 1] gen   60  evals= 3180  best=1.1282
        [Trial 1] gen   80  evals= 4240  best=0.5116
        [Trial 1] gen  100  evals= 5300  best=0.0390
        [Trial 1] gen  120  evals= 6360  best=0.0018
        [Trial 1] gen  140  evals= 7420  best=0.0001
NOTE (module=cma, iteration=144):  
condition in coordinate system exceeded 1.1e+08, rescaled to 1.0e+00, 
condition changed from 5.7e+08 to 1.2e+07
        [Trial 1] gen  160  evals= 8480  best=0.0001
        [Done] Trial 1 best=0.0001
    --> Early stop triggered: trial 1 reached loss=0.000055 < 0.020500

  Winner: Trial 1, loss=0.000055 (214s)
    Restarts run: 2
    mu: 21.958926
    D_mu: 1.663153
    T0_mu: 0.829456
    Ly: 1.306005
    op_x: 0.936306
    op_y: 0.989523
    NMSE: 0.000091
  [Saved] random_IR_0003

============================================================
[4/50] random_IR_0004.npz
  GT loss: 0.000033
  terrain_mean=1.563149  early_threshold=0.014883  (alpha=0.0095)
    --> Trial 0 | pop=60 seed=99248 x0_norm_min=-0.944 x0_norm_max=0.730
        [Trial 0] gen   20  evals= 1200  best=0.8478
        [Trial 0] gen   40  evals= 2400  best=0.7136
        [Trial 0] gen   60  evals= 3600  best=0.3487
        [Trial 0] gen   80  evals= 4800  best=0.0622
        [Trial 0] gen  100  evals= 6000  best=0.0030
        [Trial 0] gen  120  evals= 7200  best=0.0001
NOTE (module=cma, iteration=132):  
condition in coordinate system exceeded 1.2e+08, rescaled to 1.0e+00, 
condition changed from 3.4e+08 to 3.8e+06
        [Done] Trial 0 best=0.0000
    --> Early stop triggered: trial 0 reached loss=0.000030 < 0.014883

  Winner: Trial 0, loss=0.000030 (75s)
    Restarts run: 1
    mu: 16.966026
    D_mu: 25.512222
    T0_mu: 58.936689
    Ly: 3.417560
    op_x: 0.580243
    op_y: 0.972888
    NMSE: 0.000215
  [Saved] random_IR_0004

============================================================
[5/50] random_IR_0005.npz
  GT loss: 0.000012
  terrain_mean=1.285992  early_threshold=0.012229  (alpha=0.0095)
    --> Trial 0 | pop=50 seed=41707 x0_norm_min=-0.944 x0_norm_max=0.730
        [Trial 0] gen   20  evals= 1000  best=0.4604
        [Trial 0] gen   40  evals= 2000  best=0.1601
        [Trial 0] gen   60  evals= 3000  best=0.0298
        [Trial 0] gen   80  evals= 4000  best=0.0003
        [Trial 0] gen  100  evals= 5000  best=0.0000
        [Done] Trial 0 best=0.0000
    --> Early stop triggered: trial 0 reached loss=0.000012 < 0.012229

  Winner: Trial 0, loss=0.000012 (95s)
    Restarts run: 1
    mu: 50.656833
    D_mu: 5.059945
    T0_mu: 5.858521
    Ly: 2.613360
    op_x: 0.788533
    op_y: 0.519207
    NMSE: 0.000468
  [Saved] random_IR_0005

============================================================
[6/50] random_IR_0006.npz
  GT loss: 0.000018
  terrain_mean=1.229839  early_threshold=0.011702  (alpha=0.0095)
    --> Trial 0 | pop=44 seed=74599 x0_norm_min=-0.944 x0_norm_max=0.730
        [Trial 0] gen   20  evals=  880  best=0.6078
        [Trial 0] gen   40  evals= 1760  best=0.4323
        [Trial 0] gen   60  evals= 2640  best=0.1058
        [Trial 0] gen   80  evals= 3520  best=0.0261
        [Trial 0] gen  100  evals= 4400  best=0.0005
        [Trial 0] gen  120  evals= 5280  best=0.0000
        [Trial 0] gen  140  evals= 6160  best=0.0000
        [Done] Trial 0 best=0.0000
    --> Early stop triggered: trial 0 reached loss=0.000015 < 0.011702

  Winner: Trial 0, loss=0.000015 (79s)
    Restarts run: 1
    mu: 30.357837
    D_mu: 8.976844
    T0_mu: 8.868828
    Ly: 2.891143
    op_x: 0.686159
    op_y: 0.724146
    NMSE: 0.023812
  [Saved] random_IR_0006

============================================================
[7/50] random_IR_0007.npz
  GT loss: 0.000017
  terrain_mean=1.193064  early_threshold=0.011351  (alpha=0.0095)
    --> Trial 0 | pop=53 seed=9671 x0_norm_min=-0.944 x0_norm_max=0.730
        [Trial 0] gen   20  evals= 1060  best=0.4403
        [Trial 0] gen   40  evals= 2120  best=0.0587
        [Trial 0] gen   60  evals= 3180  best=0.0074
        [Trial 0] gen   80  evals= 4240  best=0.0002
NOTE (module=cma, iteration=93):  
condition in coordinate system exceeded 1.0e+08, rescaled to 1.0e+00, 
condition changed from 3.1e+08 to 5.8e+07
        [Trial 0] gen  100  evals= 5300  best=0.0000
        [Done] Trial 0 best=0.0000
    --> Early stop triggered: trial 0 reached loss=0.000014 < 0.011351

  Winner: Trial 0, loss=0.000014 (246s)
    Restarts run: 1
    mu: 12.002134
    D_mu: 0.902805
    T0_mu: 35.731307
    Ly: 3.123130
    op_x: 0.573174
    op_y: 0.664560
    NMSE: 0.000687
  [Saved] random_IR_0007

============================================================
[8/50] random_IR_0008.npz
  GT loss: 0.000010
  terrain_mean=1.447303  early_threshold=0.013759  (alpha=0.0095)
    --> Trial 0 | pop=44 seed=69466 x0_norm_min=-0.944 x0_norm_max=0.730
        [Trial 0] gen   20  evals=  880  best=0.3601
        [Trial 0] gen   40  evals= 1760  best=0.1614
        [Trial 0] gen   60  evals= 2640  best=0.0129
        [Trial 0] gen   80  evals= 3520  best=0.0008
        [Trial 0] gen  100  evals= 4400  best=0.0000
        [Done] Trial 0 best=0.0000
    --> Early stop triggered: trial 0 reached loss=0.000010 < 0.013759

  Winner: Trial 0, loss=0.000010 (78s)
    Restarts run: 1
    mu: 46.686218
    D_mu: 3.761799
    T0_mu: 6.362713
    Ly: 2.154761
    op_x: 0.612350
    op_y: 0.589042
    NMSE: 0.007668
  [Saved] random_IR_0008

============================================================
[9/50] random_IR_0009.npz
  GT loss: 0.000015
  terrain_mean=1.143449  early_threshold=0.010877  (alpha=0.0095)
    --> Trial 0 | pop=45 seed=61111 x0_norm_min=-0.944 x0_norm_max=0.730
        [Trial 0] gen   20  evals=  900  best=0.5033
        [Trial 0] gen   40  evals= 1800  best=0.4414
        [Trial 0] gen   60  evals= 2700  best=0.4401
        [Trial 0] gen   80  evals= 3600  best=0.4391
        [Trial 0] gen  100  evals= 4500  best=0.4391
        [Done] Trial 0 best=0.4391
    --> Trial 1 | pop=58 seed=46495 x0_norm_min=-0.937 x0_norm_max=0.907
        [Trial 1] gen   20  evals= 1160  best=0.4840
        [Trial 1] gen   40  evals= 2320  best=0.4441
        [Trial 1] gen   60  evals= 3480  best=0.4206
        [Trial 1] gen   80  evals= 4640  best=0.4182
        [Done] Trial 1 best=0.4182
    --> Trial 2 | pop=59 seed=285 x0_norm_min=-0.344 x0_norm_max=0.824
        [Trial 2] gen   20  evals= 1180  best=0.4451
        [Trial 2] gen   40  evals= 2360  best=0.2107
        [Trial 2] gen   60  evals= 3540  best=0.0114
        [Trial 2] gen   80  evals= 4720  best=0.0003
        [Trial 2] gen  100  evals= 5900  best=0.0000
        [Done] Trial 2 best=0.0000
    --> Early stop triggered: trial 2 reached loss=0.000013 < 0.010877

  Winner: Trial 2, loss=0.000013 (297s)
    Restarts run: 3
    mu: 21.654834
    D_mu: 4.683010
    T0_mu: 32.971733
    Ly: 2.994014
    op_x: 0.564084
    op_y: 0.831601
    NMSE: 0.000874
  [Saved] random_IR_0009

============================================================
[10/50] random_IR_0010.npz
  GT loss: 0.000020
  terrain_mean=1.205441  early_threshold=0.011472  (alpha=0.0095)
    --> Trial 0 | pop=55 seed=30907 x0_norm_min=-0.944 x0_norm_max=0.730
        [Trial 0] gen   20  evals= 1100  best=0.7281
        [Trial 0] gen   40  evals= 2200  best=0.7171
        [Trial 0] gen   60  evals= 3300  best=0.7171
        [Trial 0] gen   80  evals= 4400  best=0.7134
        [Trial 0] gen  100  evals= 5500  best=0.7126
        [Trial 0] gen  120  evals= 6600  best=0.7126
        [Done] Trial 0 best=0.7126
    --> Trial 1 | pop=55 seed=8973 x0_norm_min=-0.937 x0_norm_max=0.907
        [Pruned] Trial 1 at gen 15 (loss=0.7356)
    --> Trial 2 | pop=32 seed=89464 x0_norm_min=-0.344 x0_norm_max=0.824
        [Pruned] Trial 2 at gen 15 (loss=0.8501)
    --> Trial 3 | pop=51 seed=71600 x0_norm_min=-0.797 x0_norm_max=0.622
        [Pruned] Trial 3 at gen 15 (loss=0.7579)
    --> Trial 4 | pop=59 seed=52298 x0_norm_min=-0.947 x0_norm_max=0.785
        [Pruned] Trial 4 at gen 15 (loss=0.7690)
    --> Trial 5 | pop=51 seed=33507 x0_norm_min=-0.748 x0_norm_max=0.981
        [Pruned] Trial 5 at gen 15 (loss=0.7630)
    --> Trial 6 | pop=41 seed=83268 x0_norm_min=-0.929 x0_norm_max=0.732
        [Pruned] Trial 6 at gen 15 (loss=0.7367)
    --> Trial 7 | pop=47 seed=31151 x0_norm_min=-0.779 x0_norm_max=0.922
        [Pruned] Trial 7 at gen 15 (loss=0.7591)
    --> Trial 8 | pop=39 seed=83603 x0_norm_min=-0.814 x0_norm_max=0.843
        [Pruned] Trial 8 at gen 15 (loss=0.7451)
    --> Trial 9 | pop=50 seed=57144 x0_norm_min=-0.955 x0_norm_max=0.770
        [Pruned] Trial 9 at gen 15 (loss=0.7672)
    --> Trial 10 | pop=35 seed=2800 x0_norm_min=-0.841 x0_norm_max=0.672
        [Trial 10] gen   20  evals=  700  best=0.5031
        [Trial 10] gen   40  evals= 1400  best=0.5031
        [Trial 10] gen   60  evals= 2100  best=0.5031
        [Trial 10] gen   80  evals= 2800  best=0.5031
        [Trial 10] gen  100  evals= 3500  best=0.5031
        [Trial 10] gen  120  evals= 4200  best=0.5031
        [Done] Trial 10 best=0.5031
    --> Trial 11 | pop=30 seed=915 x0_norm_min=-0.781 x0_norm_max=0.859
        [Trial 11] gen   20  evals=  600  best=0.7132
        [Trial 11] gen   40  evals= 1200  best=0.5991
        [Trial 11] gen   60  evals= 1800  best=0.1635
        [Trial 11] gen   80  evals= 2400  best=0.0235
        [Trial 11] gen  100  evals= 3000  best=0.0028
        [Trial 11] gen  120  evals= 3600  best=0.0002
        [Trial 11] gen  140  evals= 4200  best=0.0000
        [Done] Trial 11 best=0.0000
    --> Early stop triggered: trial 11 reached loss=0.000018 < 0.011472

  Winner: Trial 11, loss=0.000018 (749s)
    Restarts run: 12
    mu: 39.978324
    D_mu: 1.299657
    T0_mu: 11.554491
    Ly: 1.500730
    op_x: 0.920593
    op_y: 0.557088
    NMSE: 0.001008
  [Saved] random_IR_0010

============================================================
[11/50] random_IR_0011.npz
  GT loss: 0.000016
  terrain_mean=1.232165  early_threshold=0.011722  (alpha=0.0095)
    --> Trial 0 | pop=32 seed=18915 x0_norm_min=-0.944 x0_norm_max=0.730
        [Trial 0] gen   20  evals=  640  best=0.2881
        [Trial 0] gen   40  evals= 1280  best=0.2368
        [Trial 0] gen   60  evals= 1920  best=0.1255
        [Trial 0] gen   80  evals= 2560  best=0.0258
        [Trial 0] gen  100  evals= 3200  best=0.0019
        [Trial 0] gen  120  evals= 3840  best=0.0001
        [Trial 0] gen  140  evals= 4480  best=0.0000
        [Done] Trial 0 best=0.0000
    --> Early stop triggered: trial 0 reached loss=0.000016 < 0.011722

  Winner: Trial 0, loss=0.000016 (80s)
    Restarts run: 1
    mu: 38.233112
    D_mu: 9.585650
    T0_mu: 24.620488
    Ly: 3.931732
    op_x: 0.529202
    op_y: 0.648575
    NMSE: 0.000032
  [Saved] random_IR_0011

============================================================
[12/50] random_IR_0012.npz
  GT loss: 0.000013
  terrain_mean=1.146053  early_threshold=0.010900  (alpha=0.0095)
    --> Trial 0 | pop=33 seed=22794 x0_norm_min=-0.944 x0_norm_max=0.730
        [Trial 0] gen   20  evals=  660  best=0.5847
        [Trial 0] gen   40  evals= 1320  best=0.5403
        [Trial 0] gen   60  evals= 1980  best=0.5328
        [Trial 0] gen   80  evals= 2640  best=0.5309
        [Trial 0] gen  100  evals= 3300  best=0.5308
        [Done] Trial 0 best=0.5308
    --> Trial 1 | pop=56 seed=13792 x0_norm_min=-0.937 x0_norm_max=0.907
        [Trial 1] gen   20  evals= 1120  best=0.5607
        [Trial 1] gen   40  evals= 2240  best=0.5045
        [Trial 1] gen   60  evals= 3360  best=0.4738
        [Trial 1] gen   80  evals= 4480  best=0.4698
        [Trial 1] gen  100  evals= 5600  best=0.4695
        [Done] Trial 1 best=0.4694
    --> Trial 2 | pop=46 seed=67879 x0_norm_min=-0.344 x0_norm_max=0.824
        [Trial 2] gen   20  evals=  920  best=0.5467
        [Trial 2] gen   40  evals= 1840  best=0.5388
        [Pruned] Trial 2 at gen 45 (loss=0.5210)
    --> Trial 3 | pop=43 seed=90066 x0_norm_min=-0.797 x0_norm_max=0.622
        [Pruned] Trial 3 at gen 15 (loss=0.5997)
    --> Trial 4 | pop=37 seed=1682 x0_norm_min=-0.947 x0_norm_max=0.785
        [Pruned] Trial 4 at gen 15 (loss=0.5813)
    --> Trial 5 | pop=53 seed=2424 x0_norm_min=-0.748 x0_norm_max=0.981
        [Pruned] Trial 5 at gen 15 (loss=0.6018)
    --> Trial 6 | pop=31 seed=33644 x0_norm_min=-0.929 x0_norm_max=0.732
        [Trial 6] gen   20  evals=  620  best=0.5359
        [Trial 6] gen   40  evals= 1240  best=0.4998
        [Pruned] Trial 6 at gen 45 (loss=0.4967)
    --> Trial 7 | pop=59 seed=6181 x0_norm_min=-0.779 x0_norm_max=0.922
        [Trial 7] gen   20  evals= 1180  best=0.2969
        [Trial 7] gen   40  evals= 2360  best=0.2969
        [Trial 7] gen   60  evals= 3540  best=0.2969
        [Trial 7] gen   80  evals= 4720  best=0.2969
        [Trial 7] gen  100  evals= 5900  best=0.2969
        [Trial 7] gen  120  evals= 7080  best=0.2969
        [Done] Trial 7 best=0.2969
    --> Trial 8 | pop=56 seed=15118 x0_norm_min=-0.814 x0_norm_max=0.843
        [Trial 8] gen   20  evals= 1120  best=0.5168
        [Trial 8] gen   40  evals= 2240  best=0.4915
        [Trial 8] gen   60  evals= 3360  best=0.4708
        [Trial 8] gen   80  evals= 4480  best=0.4696
        [Trial 8] gen  100  evals= 5600  best=0.4695
        [Done] Trial 8 best=0.4694
    --> Trial 9 | pop=43 seed=12582 x0_norm_min=-0.955 x0_norm_max=0.770
        [Pruned] Trial 9 at gen 15 (loss=0.5581)
    --> Trial 10 | pop=60 seed=48628 x0_norm_min=-0.841 x0_norm_max=0.672
        [Pruned] Trial 10 at gen 15 (loss=0.5638)
    --> Trial 11 | pop=52 seed=39135 x0_norm_min=-0.781 x0_norm_max=0.859
        [Pruned] Trial 11 at gen 15 (loss=0.5680)
    --> Trial 12 | pop=60 seed=26014 x0_norm_min=-0.402 x0_norm_max=0.428
        [Trial 12] gen   20  evals= 1200  best=0.5252
        [Trial 12] gen   40  evals= 2400  best=0.5252
        [Pruned] Trial 12 at gen 45 (loss=0.5248)
    --> Trial 13 | pop=50 seed=54357 x0_norm_min=-0.863 x0_norm_max=0.955
        [Trial 13] gen   20  evals= 1000  best=0.5242
        [Trial 13] gen   40  evals= 2000  best=0.5138
        [Pruned] Trial 13 at gen 45 (loss=0.5058)
    --> Trial 14 | pop=55 seed=14818 x0_norm_min=-0.897 x0_norm_max=-0.091
        [Trial 14] gen   20  evals= 1100  best=0.5304
        [Trial 14] gen   40  evals= 2200  best=0.5232
        [Pruned] Trial 14 at gen 45 (loss=0.5219)
    --> Trial 15 | pop=57 seed=441 x0_norm_min=-0.690 x0_norm_max=0.990
        [Trial 15] gen   20  evals= 1140  best=0.5224
        [Trial 15] gen   40  evals= 2280  best=0.5028
        [Pruned] Trial 15 at gen 45 (loss=0.5028)
    --> Trial 16 | pop=49 seed=24582 x0_norm_min=-0.776 x0_norm_max=0.982
        [Pruned] Trial 16 at gen 15 (loss=0.5998)
    --> Trial 17 | pop=58 seed=97855 x0_norm_min=-0.863 x0_norm_max=0.835
        [Trial 17] gen   20  evals= 1160  best=0.5132
        [Trial 17] gen   40  evals= 2320  best=0.5132
        [Pruned] Trial 17 at gen 45 (loss=0.4925)
    --> Trial 18 | pop=54 seed=39593 x0_norm_min=-0.933 x0_norm_max=0.907
        [Pruned] Trial 18 at gen 15 (loss=0.5785)
    --> Trial 19 | pop=49 seed=66812 x0_norm_min=-0.948 x0_norm_max=0.822
        [Trial 19] gen   20  evals=  980  best=0.5208
        [Trial 19] gen   40  evals= 1960  best=0.4864
        [Trial 19] gen   60  evals= 2940  best=0.4864
        [Trial 19] gen   80  evals= 3920  best=0.4864
        [Trial 19] gen  100  evals= 4900  best=0.4864
        [Done] Trial 19 best=0.4864

  Winner: Trial 7, loss=0.296910 (508s)
    Restarts run: 20
    mu: 65.070713
    D_mu: 6.694745
    T0_mu: 8.001071
    Ly: 1.455425
    op_x: 0.536662
    op_y: 0.859847
    NMSE: 0.033888
  [Saved] random_IR_0012

============================================================
[13/50] random_IR_0013.npz
  GT loss: 0.000045
  terrain_mean=1.810845  early_threshold=0.017248  (alpha=0.0095)
    --> Trial 0 | pop=57 seed=27592 x0_norm_min=-0.944 x0_norm_max=0.730
        [Trial 0] gen   20  evals= 1140  best=0.9313
        [Trial 0] gen   40  evals= 2280  best=0.5771
        [Trial 0] gen   60  evals= 3420  best=0.2501
        [Trial 0] gen   80  evals= 4560  best=0.0077
        [Trial 0] gen  100  evals= 5700  best=0.0006
        [Trial 0] gen  120  evals= 6840  best=0.0001
NOTE (module=cma, iteration=123):  
condition in coordinate system exceeded 1.1e+08, rescaled to 1.0e+00, 
condition changed from 4.0e+08 to 3.7e+07
        [Done] Trial 0 best=0.0000
    --> Early stop triggered: trial 0 reached loss=0.000045 < 0.017248

  Winner: Trial 0, loss=0.000045 (77s)
    Restarts run: 1
    mu: 16.354245
    D_mu: 13.965673
    T0_mu: 60.488428
    Ly: 2.743144
    op_x: 0.965355
    op_y: 0.666099
    NMSE: 0.000919
  [Saved] random_IR_0013

============================================================
[14/50] random_IR_0014.npz
  GT loss: 0.000016
  terrain_mean=1.101804  early_threshold=0.010483  (alpha=0.0095)
    --> Trial 0 | pop=47 seed=73078 x0_norm_min=-0.944 x0_norm_max=0.730
        [Trial 0] gen   20  evals=  940  best=0.4100
        [Trial 0] gen   40  evals= 1880  best=0.2371
        [Trial 0] gen   60  evals= 2820  best=0.0174
        [Trial 0] gen   80  evals= 3760  best=0.0008
        [Trial 0] gen  100  evals= 4700  best=0.0000
        [Done] Trial 0 best=0.0000
    --> Early stop triggered: trial 0 reached loss=0.000013 < 0.010483

  Winner: Trial 0, loss=0.000013 (135s)
    Restarts run: 1
    mu: 16.035070
    D_mu: 2.503032
    T0_mu: 59.593535
    Ly: 3.035490
    op_x: 0.797391
    op_y: 0.519853
    NMSE: 0.000250
  [Saved] random_IR_0014

============================================================
[15/50] random_IR_0015.npz
  GT loss: 0.000063
  terrain_mean=2.000036  early_threshold=0.019063  (alpha=0.0095)
    --> Trial 0 | pop=43 seed=33947 x0_norm_min=-0.944 x0_norm_max=0.730
        [Trial 0] gen   20  evals=  860  best=1.4090
        [Trial 0] gen   40  evals= 1720  best=1.3904
        [Trial 0] gen   60  evals= 2580  best=1.3607
        [Trial 0] gen   80  evals= 3440  best=1.3439
        [Trial 0] gen  100  evals= 4300  best=1.3402
        [Trial 0] gen  120  evals= 5160  best=1.3401
        [Done] Trial 0 best=1.3401
    --> Trial 1 | pop=35 seed=24358 x0_norm_min=-0.937 x0_norm_max=0.907
        [Pruned] Trial 1 at gen 15 (loss=1.4559)
    --> Trial 2 | pop=56 seed=65018 x0_norm_min=-0.344 x0_norm_max=0.824
        [Pruned] Trial 2 at gen 15 (loss=1.4789)
    --> Trial 3 | pop=60 seed=4262 x0_norm_min=-0.797 x0_norm_max=0.622
        [Trial 3] gen   20  evals= 1200  best=1.2265
        [Trial 3] gen   40  evals= 2400  best=0.6971
        [Trial 3] gen   60  evals= 3600  best=0.0281
        [Trial 3] gen   80  evals= 4800  best=0.0008
        [Trial 3] gen  100  evals= 6000  best=0.0001
        [Done] Trial 3 best=0.0001
    --> Early stop triggered: trial 3 reached loss=0.000056 < 0.019063

  Winner: Trial 3, loss=0.000056 (317s)
    Restarts run: 4
    mu: 7.431705
    D_mu: 2.206074
    T0_mu: 88.637232
    Ly: 3.503926
    op_x: 0.981472
    op_y: 0.631889
    NMSE: 0.000001
  [Saved] random_IR_0015

============================================================
[16/50] random_IR_0016.npz
  GT loss: 0.000021
  terrain_mean=1.384422  early_threshold=0.013173  (alpha=0.0095)
    --> Trial 0 | pop=47 seed=9084 x0_norm_min=-0.944 x0_norm_max=0.730
        [Trial 0] gen   20  evals=  940  best=0.6391
        [Trial 0] gen   40  evals= 1880  best=0.3242
        [Trial 0] gen   60  evals= 2820  best=0.0369
        [Trial 0] gen   80  evals= 3760  best=0.0035
        [Trial 0] gen  100  evals= 4700  best=0.0002
NOTE (module=cma, iteration=119):  
condition in coordinate system exceeded 1.4e+08, rescaled to 1.0e+00, 
condition changed from 2.9e+08 to 6.5e+07
        [Trial 0] gen  120  evals= 5640  best=0.0000
        [Done] Trial 0 best=0.0000
    --> Early stop triggered: trial 0 reached loss=0.000020 < 0.013173

  Winner: Trial 0, loss=0.000020 (44s)
    Restarts run: 1
    mu: 36.806609
    D_mu: 32.391454
    T0_mu: 25.649796
    Ly: 2.770856
    op_x: 0.729091
    op_y: 0.924740
    NMSE: 0.003256
  [Saved] random_IR_0016

============================================================
[17/50] random_IR_0017.npz
  GT loss: 0.000025
  terrain_mean=1.322664  early_threshold=0.012590  (alpha=0.0095)
    --> Trial 0 | pop=57 seed=71748 x0_norm_min=-0.944 x0_norm_max=0.730
        [Trial 0] gen   20  evals= 1140  best=0.7265
        [Trial 0] gen   40  evals= 2280  best=0.5218
        [Trial 0] gen   60  evals= 3420  best=0.0912
        [Trial 0] gen   80  evals= 4560  best=0.0037
        [Trial 0] gen  100  evals= 5700  best=0.0002
        [Trial 0] gen  120  evals= 6840  best=0.0000
NOTE (module=cma, iteration=125):  
condition in coordinate system exceeded 1.1e+08, rescaled to 1.0e+00, 
condition changed from 3.8e+08 to 7.8e+07
        [Done] Trial 0 best=0.0000
    --> Early stop triggered: trial 0 reached loss=0.000024 < 0.012590

  Winner: Trial 0, loss=0.000024 (105s)
    Restarts run: 1
    mu: 25.068423
    D_mu: 8.702205
    T0_mu: 37.599113
    Ly: 3.128490
    op_x: 0.794824
    op_y: 0.942050
    NMSE: 0.000182
  [Saved] random_IR_0017

============================================================
[18/50] random_IR_0018.npz
  GT loss: 0.000018
  terrain_mean=1.221775  early_threshold=0.011625  (alpha=0.0095)
    --> Trial 0 | pop=40 seed=22011 x0_norm_min=-0.944 x0_norm_max=0.730
        [Trial 0] gen   20  evals=  800  best=0.6929
        [Trial 0] gen   40  evals= 1600  best=0.2437
        [Trial 0] gen   60  evals= 2400  best=0.0237
        [Trial 0] gen   80  evals= 3200  best=0.0015
        [Trial 0] gen  100  evals= 4000  best=0.0000
        [Trial 0] gen  120  evals= 4800  best=0.0000
        [Done] Trial 0 best=0.0000
    --> Early stop triggered: trial 0 reached loss=0.000017 < 0.011625

  Winner: Trial 0, loss=0.000017 (63s)
    Restarts run: 1
    mu: 37.956902
    D_mu: 10.973824
    T0_mu: 6.298135
    Ly: 3.108342
    op_x: 0.717689
    op_y: 0.807133
    NMSE: 0.026864
  [Saved] random_IR_0018

============================================================
[19/50] random_IR_0019.npz
  GT loss: 0.000010
  terrain_mean=1.141305  early_threshold=0.010852  (alpha=0.0095)
    --> Trial 0 | pop=44 seed=7370 x0_norm_min=-0.944 x0_norm_max=0.730
        [Trial 0] gen   20  evals=  880  best=0.5869
        [Trial 0] gen   40  evals= 1760  best=0.5869
        [Trial 0] gen   60  evals= 2640  best=0.5808
        [Trial 0] gen   80  evals= 3520  best=0.5808
        [Done] Trial 0 best=0.5808
    --> Trial 1 | pop=53 seed=10759 x0_norm_min=-0.937 x0_norm_max=0.907
        [Trial 1] gen   20  evals= 1060  best=0.3109
        [Trial 1] gen   40  evals= 2120  best=0.1551
        [Trial 1] gen   60  evals= 3180  best=0.0096
        [Trial 1] gen   80  evals= 4240  best=0.0004
NOTE (module=cma, iteration=98):  
condition in coordinate system exceeded 1.3e+08, rescaled to 1.0e+00, 
condition changed from 2.6e+08 to 2.9e+07
        [Trial 1] gen  100  evals= 5300  best=0.0000
        [Done] Trial 1 best=0.0000
    --> Early stop triggered: trial 1 reached loss=0.000010 < 0.010852

  Winner: Trial 1, loss=0.000010 (78s)
    Restarts run: 2
    mu: 23.435113
    D_mu: 8.867139
    T0_mu: 37.955857
    Ly: 1.155660
    op_x: 0.720097
    op_y: 0.576382
    NMSE: 0.000566
  [Saved] random_IR_0019

============================================================
[20/50] random_IR_0020.npz
  GT loss: 0.000015
  terrain_mean=1.145252  early_threshold=0.010895  (alpha=0.0095)
    --> Trial 0 | pop=45 seed=79604 x0_norm_min=-0.944 x0_norm_max=0.730
        [Trial 0] gen   20  evals=  900  best=0.6437
        [Trial 0] gen   40  evals= 1800  best=0.5820
        [Trial 0] gen   60  evals= 2700  best=0.5650
        [Trial 0] gen   80  evals= 3600  best=0.5635
        [Trial 0] gen  100  evals= 4500  best=0.5635
        [Done] Trial 0 best=0.5635
    --> Trial 1 | pop=45 seed=51593 x0_norm_min=-0.937 x0_norm_max=0.907
        [Trial 1] gen   20  evals=  900  best=0.5695
        [Trial 1] gen   40  evals= 1800  best=0.0887
        [Trial 1] gen   60  evals= 2700  best=0.0166
        [Trial 1] gen   80  evals= 3600  best=0.0016
        [Trial 1] gen  100  evals= 4500  best=0.0001
NOTE (module=cma, iteration=116):  
condition in coordinate system exceeded 1.0e+08, rescaled to 1.0e+00, 
condition changed from 3.0e+08 to 4.6e+07
        [Trial 1] gen  120  evals= 5400  best=0.0000
        [Done] Trial 1 best=0.0000
    --> Early stop triggered: trial 1 reached loss=0.000015 < 0.010895

  Winner: Trial 1, loss=0.000015 (104s)
    Restarts run: 2
    mu: 61.711889
    D_mu: 12.068295
    T0_mu: 13.619849
    Ly: 1.965019
    op_x: 0.829531
    op_y: 0.721395
    NMSE: 0.005204
  [Saved] random_IR_0020

============================================================
[21/50] random_IR_0021.npz
  GT loss: 0.000016
  terrain_mean=1.196754  early_threshold=0.011385  (alpha=0.0095)
    --> Trial 0 | pop=40 seed=60918 x0_norm_min=-0.944 x0_norm_max=0.730
        [Trial 0] gen   20  evals=  800  best=0.4728
        [Trial 0] gen   40  evals= 1600  best=0.0731
        [Trial 0] gen   60  evals= 2400  best=0.0092
        [Trial 0] gen   80  evals= 3200  best=0.0003
        [Trial 0] gen  100  evals= 4000  best=0.0000
        [Done] Trial 0 best=0.0000
    --> Early stop triggered: trial 0 reached loss=0.000015 < 0.011385

  Winner: Trial 0, loss=0.000015 (99s)
    Restarts run: 1
    mu: 42.394492
    D_mu: 5.377945
    T0_mu: 9.190864
    Ly: 3.699985
    op_x: 0.854905
    op_y: 0.559111
    NMSE: 0.000392
  [Saved] random_IR_0021

============================================================
[22/50] random_IR_0022.npz
  GT loss: 0.000020
  terrain_mean=1.262133  early_threshold=0.012010  (alpha=0.0095)
    --> Trial 0 | pop=53 seed=12522 x0_norm_min=-0.944 x0_norm_max=0.730
        [Trial 0] gen   20  evals= 1060  best=0.7680
        [Trial 0] gen   40  evals= 2120  best=0.7297
        [Trial 0] gen   60  evals= 3180  best=0.7133
        [Trial 0] gen   80  evals= 4240  best=0.7109
        [Trial 0] gen  100  evals= 5300  best=0.7106
        [Done] Trial 0 best=0.7105
    --> Trial 1 | pop=51 seed=17990 x0_norm_min=-0.937 x0_norm_max=0.907
        [Trial 1] gen   20  evals= 1020  best=0.7102
        [Trial 1] gen   40  evals= 2040  best=0.6986
        [Trial 1] gen   60  evals= 3060  best=0.6700
        [Trial 1] gen   80  evals= 4080  best=0.6634
        [Trial 1] gen  100  evals= 5100  best=0.6628
        [Trial 1] gen  120  evals= 6120  best=0.6628
        [Done] Trial 1 best=0.6628
    --> Trial 2 | pop=34 seed=10841 x0_norm_min=-0.344 x0_norm_max=0.824
        [Trial 2] gen   20  evals=  680  best=0.4088
        [Trial 2] gen   40  evals= 1360  best=0.1114
        [Trial 2] gen   60  evals= 2040  best=0.0831
        [Trial 2] gen   80  evals= 2720  best=0.0237
        [Trial 2] gen  100  evals= 3400  best=0.0036
        [Trial 2] gen  120  evals= 4080  best=0.0002
        [Trial 2] gen  140  evals= 4760  best=0.0000
        [Done] Trial 2 best=0.0000
    --> Early stop triggered: trial 2 reached loss=0.000015 < 0.012010

  Winner: Trial 2, loss=0.000015 (333s)
    Restarts run: 3
    mu: 18.631849
    D_mu: 50.429485
    T0_mu: 49.425651
    Ly: 3.766500
    op_x: 0.589622
    op_y: 0.811624
    NMSE: 0.000039
  [Saved] random_IR_0022

============================================================
[23/50] random_IR_0023.npz
  GT loss: 0.000018
  terrain_mean=1.171091  early_threshold=0.011143  (alpha=0.0095)
    --> Trial 0 | pop=40 seed=43955 x0_norm_min=-0.944 x0_norm_max=0.730
        [Trial 0] gen   20  evals=  800  best=0.6612
        [Trial 0] gen   40  evals= 1600  best=0.6521
        [Trial 0] gen   60  evals= 2400  best=0.6277
        [Trial 0] gen   80  evals= 3200  best=0.6242
        [Trial 0] gen  100  evals= 4000  best=0.6242
        [Trial 0] gen  120  evals= 4800  best=0.6242
        [Done] Trial 0 best=0.6242
    --> Trial 1 | pop=53 seed=85983 x0_norm_min=-0.937 x0_norm_max=0.907
        [Trial 1] gen   20  evals= 1060  best=0.6120
        [Trial 1] gen   40  evals= 2120  best=0.5656
        [Trial 1] gen   60  evals= 3180  best=0.5409
        [Trial 1] gen   80  evals= 4240  best=0.5290
        [Trial 1] gen  100  evals= 5300  best=0.5285
        [Done] Trial 1 best=0.5285
    --> Trial 2 | pop=60 seed=9101 x0_norm_min=-0.344 x0_norm_max=0.824
        [Trial 2] gen   20  evals= 1200  best=0.5855
        [Trial 2] gen   40  evals= 2400  best=0.5464
        [Trial 2] gen   60  evals= 3600  best=0.5315
        [Trial 2] gen   80  evals= 4800  best=0.5285
        [Done] Trial 2 best=0.5285
    --> Trial 3 | pop=55 seed=76419 x0_norm_min=-0.797 x0_norm_max=0.622
        [Pruned] Trial 3 at gen 15 (loss=0.6798)
    --> Trial 4 | pop=43 seed=82825 x0_norm_min=-0.947 x0_norm_max=0.785
        [Pruned] Trial 4 at gen 15 (loss=0.6360)
    --> Trial 5 | pop=49 seed=1174 x0_norm_min=-0.748 x0_norm_max=0.981
        [Trial 5] gen   20  evals=  980  best=0.5860
        [Trial 5] gen   40  evals= 1960  best=0.5616
        [Pruned] Trial 5 at gen 45 (loss=0.5616)
    --> Trial 6 | pop=50 seed=14121 x0_norm_min=-0.929 x0_norm_max=0.732
        [Pruned] Trial 6 at gen 15 (loss=0.6513)
    --> Trial 7 | pop=36 seed=26434 x0_norm_min=-0.779 x0_norm_max=0.922
        [Pruned] Trial 7 at gen 15 (loss=0.6404)
    --> Trial 8 | pop=51 seed=26718 x0_norm_min=-0.814 x0_norm_max=0.843
        [Trial 8] gen   20  evals= 1020  best=0.6223
        [Trial 8] gen   40  evals= 2040  best=0.5778
        [Pruned] Trial 8 at gen 45 (loss=0.5531)
    --> Trial 9 | pop=40 seed=62655 x0_norm_min=-0.955 x0_norm_max=0.770
        [Pruned] Trial 9 at gen 15 (loss=0.6577)
    --> Trial 10 | pop=31 seed=96847 x0_norm_min=-0.841 x0_norm_max=0.672
        [Pruned] Trial 10 at gen 15 (loss=0.6416)
    --> Trial 11 | pop=60 seed=53318 x0_norm_min=-0.781 x0_norm_max=0.859
        [Trial 11] gen   20  evals= 1200  best=0.5909
        [Trial 11] gen   40  evals= 2400  best=0.5687
        [Pruned] Trial 11 at gen 45 (loss=0.5687)
    --> Trial 12 | pop=59 seed=38861 x0_norm_min=-0.402 x0_norm_max=0.428
        [Trial 12] gen   20  evals= 1180  best=0.6072
        [Trial 12] gen   40  evals= 2360  best=0.5597
        [Trial 12] gen   60  evals= 3540  best=0.5316
        [Trial 12] gen   80  evals= 4720  best=0.5286
        [Trial 12] gen  100  evals= 5900  best=0.5285
        [Done] Trial 12 best=0.5285
    --> Trial 13 | pop=55 seed=65709 x0_norm_min=-0.863 x0_norm_max=0.955
        [Pruned] Trial 13 at gen 15 (loss=0.6186)
    --> Trial 14 | pop=55 seed=93879 x0_norm_min=-0.897 x0_norm_max=-0.091
        [Pruned] Trial 14 at gen 15 (loss=0.6358)
    --> Trial 15 | pop=46 seed=1086 x0_norm_min=-0.690 x0_norm_max=0.990
        [Pruned] Trial 15 at gen 15 (loss=0.6653)
    --> Trial 16 | pop=57 seed=21409 x0_norm_min=-0.776 x0_norm_max=0.982
        [Trial 16] gen   20  evals= 1140  best=0.5873
        [Trial 16] gen   40  evals= 2280  best=0.5597
        [Pruned] Trial 16 at gen 45 (loss=0.5442)
    --> Trial 17 | pop=53 seed=40945 x0_norm_min=-0.863 x0_norm_max=0.835
        [Pruned] Trial 17 at gen 15 (loss=0.6275)
    --> Trial 18 | pop=47 seed=81377 x0_norm_min=-0.933 x0_norm_max=0.907
        [Pruned] Trial 18 at gen 15 (loss=0.6681)
    --> Trial 19 | pop=60 seed=56227 x0_norm_min=-0.948 x0_norm_max=0.822
        [Pruned] Trial 19 at gen 15 (loss=0.7092)

  Winner: Trial 1, loss=0.528475 (285s)
    Restarts run: 20
    mu: 83.817821
    D_mu: 20.479682
    T0_mu: 0.000124
    Ly: 1.579321
    op_x: 0.744690
    op_y: 0.735051
    NMSE: 0.048571
  [Saved] random_IR_0023

============================================================
[24/50] random_IR_0024.npz
  GT loss: 0.000015
  terrain_mean=1.301297  early_threshold=0.012377  (alpha=0.0095)
    --> Trial 0 | pop=55 seed=44787 x0_norm_min=-0.944 x0_norm_max=0.730
        [Trial 0] gen   20  evals= 1100  best=0.6222
        [Trial 0] gen   40  evals= 2200  best=0.5867
        [Trial 0] gen   60  evals= 3300  best=0.5819
        [Trial 0] gen   80  evals= 4400  best=0.5812
        [Trial 0] gen  100  evals= 5500  best=0.5812
        [Done] Trial 0 best=0.5812
    --> Trial 1 | pop=59 seed=38688 x0_norm_min=-0.937 x0_norm_max=0.907
        [Trial 1] gen   20  evals= 1180  best=0.5537
        [Trial 1] gen   40  evals= 2360  best=0.2925
        [Trial 1] gen   60  evals= 3540  best=0.0086
        [Trial 1] gen   80  evals= 4720  best=0.0005
        [Trial 1] gen  100  evals= 5900  best=0.0000
        [Done] Trial 1 best=0.0000
    --> Early stop triggered: trial 1 reached loss=0.000014 < 0.012377

  Winner: Trial 1, loss=0.000014 (106s)
    Restarts run: 2
    mu: 41.344782
    D_mu: 12.806964
    T0_mu: 10.728255
    Ly: 2.415274
    op_x: 0.515740
    op_y: 0.686389
    NMSE: 0.024066
  [Saved] random_IR_0024

============================================================
[25/50] random_IR_0025.npz
  GT loss: 0.000018
  terrain_mean=1.216048  early_threshold=0.011570  (alpha=0.0095)
    --> Trial 0 | pop=48 seed=24246 x0_norm_min=-0.944 x0_norm_max=0.730
        [Trial 0] gen   20  evals=  960  best=0.5217
        [Trial 0] gen   40  evals= 1920  best=0.4479
        [Trial 0] gen   60  evals= 2880  best=0.4353
        [Trial 0] gen   80  evals= 3840  best=0.4300
        [Trial 0] gen  100  evals= 4800  best=0.4299
        [Done] Trial 0 best=0.4299
    --> Trial 1 | pop=37 seed=62901 x0_norm_min=-0.937 x0_norm_max=0.907
        [Pruned] Trial 1 at gen 15 (loss=0.7056)
    --> Trial 2 | pop=51 seed=13157 x0_norm_min=-0.344 x0_norm_max=0.824
        [Pruned] Trial 2 at gen 15 (loss=0.5712)
    --> Trial 3 | pop=31 seed=1270 x0_norm_min=-0.797 x0_norm_max=0.622
        [Trial 3] gen   20  evals=  620  best=0.5378
        [Trial 3] gen   40  evals= 1240  best=0.4553
        [Pruned] Trial 3 at gen 45 (loss=0.4512)
    --> Trial 4 | pop=46 seed=30614 x0_norm_min=-0.947 x0_norm_max=0.785
        [Pruned] Trial 4 at gen 15 (loss=0.5911)
    --> Trial 5 | pop=33 seed=40303 x0_norm_min=-0.748 x0_norm_max=0.981
        [Pruned] Trial 5 at gen 15 (loss=0.6020)
    --> Trial 6 | pop=47 seed=31395 x0_norm_min=-0.929 x0_norm_max=0.732
        [Trial 6] gen   20  evals=  940  best=0.4648
        [Trial 6] gen   40  evals= 1880  best=0.4377
        [Trial 6] gen   60  evals= 2820  best=0.4300
        [Trial 6] gen   80  evals= 3760  best=0.4299
        [Done] Trial 6 best=0.4299
    --> Trial 7 | pop=37 seed=31483 x0_norm_min=-0.779 x0_norm_max=0.922
        [Pruned] Trial 7 at gen 15 (loss=0.6862)
    --> Trial 8 | pop=50 seed=51421 x0_norm_min=-0.814 x0_norm_max=0.843
        [Pruned] Trial 8 at gen 15 (loss=0.7019)
    --> Trial 9 | pop=40 seed=11987 x0_norm_min=-0.955 x0_norm_max=0.770
        [Trial 9] gen   20  evals=  800  best=0.5366
        [Trial 9] gen   40  evals= 1600  best=0.4480
        [Pruned] Trial 9 at gen 45 (loss=0.4462)
    --> Trial 10 | pop=59 seed=98967 x0_norm_min=-0.841 x0_norm_max=0.672
        [Pruned] Trial 10 at gen 15 (loss=0.6992)
    --> Trial 11 | pop=45 seed=66012 x0_norm_min=-0.781 x0_norm_max=0.859
        [Pruned] Trial 11 at gen 15 (loss=0.6526)
    --> Trial 12 | pop=55 seed=22354 x0_norm_min=-0.402 x0_norm_max=0.428
        [Pruned] Trial 12 at gen 15 (loss=0.5787)
    --> Trial 13 | pop=45 seed=47071 x0_norm_min=-0.863 x0_norm_max=0.955
        [Trial 13] gen   20  evals=  900  best=0.5116
        [Trial 13] gen   40  evals= 1800  best=0.4333
        [Trial 13] gen   60  evals= 2700  best=0.4300
        [Trial 13] gen   80  evals= 3600  best=0.4299
        [Done] Trial 13 best=0.4299
    --> Trial 14 | pop=42 seed=46898 x0_norm_min=-0.897 x0_norm_max=-0.091
        [Pruned] Trial 14 at gen 15 (loss=0.5844)
    --> Trial 15 | pop=53 seed=71739 x0_norm_min=-0.690 x0_norm_max=0.990
        [Trial 15] gen   20  evals= 1060  best=0.4642
        [Trial 15] gen   40  evals= 2120  best=0.4362
        [Pruned] Trial 15 at gen 45 (loss=0.4334)
    --> Trial 16 | pop=43 seed=87104 x0_norm_min=-0.776 x0_norm_max=0.982
        [Pruned] Trial 16 at gen 15 (loss=0.6185)
    --> Trial 17 | pop=59 seed=51110 x0_norm_min=-0.863 x0_norm_max=0.835
        [Pruned] Trial 17 at gen 15 (loss=0.7139)
    --> Trial 18 | pop=55 seed=40085 x0_norm_min=-0.933 x0_norm_max=0.907
        [Trial 18] gen   20  evals= 1100  best=0.5438
        [Trial 18] gen   40  evals= 2200  best=0.5321
        [Pruned] Trial 18 at gen 45 (loss=0.5031)
    --> Trial 19 | pop=39 seed=56150 x0_norm_min=-0.948 x0_norm_max=0.822
        [Pruned] Trial 19 at gen 15 (loss=0.6371)

  Winner: Trial 13, loss=0.429891 (455s)
    Restarts run: 20
    mu: 97.969115
    D_mu: 17.098773
    T0_mu: 0.000180
    Ly: 3.981608
    op_x: 0.543238
    op_y: 0.899183
    NMSE: 0.151837
  [Saved] random_IR_0025

============================================================
[26/50] random_IR_0026.npz
  GT loss: 0.000011
  terrain_mean=1.191753  early_threshold=0.011333  (alpha=0.0095)
    --> Trial 0 | pop=37 seed=76064 x0_norm_min=-0.944 x0_norm_max=0.730
        [Trial 0] gen   20  evals=  740  best=0.4870
        [Trial 0] gen   40  evals= 1480  best=0.4424
        [Trial 0] gen   60  evals= 2220  best=0.4077
        [Trial 0] gen   80  evals= 2960  best=0.3963
        [Trial 0] gen  100  evals= 3700  best=0.3954
        [Trial 0] gen  120  evals= 4440  best=0.3952
        [Done] Trial 0 best=0.3952
    --> Trial 1 | pop=35 seed=55335 x0_norm_min=-0.937 x0_norm_max=0.907
        [Pruned] Trial 1 at gen 15 (loss=0.4920)
    --> Trial 2 | pop=45 seed=52685 x0_norm_min=-0.344 x0_norm_max=0.824
        [Pruned] Trial 2 at gen 15 (loss=0.4885)
    --> Trial 3 | pop=43 seed=59891 x0_norm_min=-0.797 x0_norm_max=0.622
        [Trial 3] gen   20  evals=  860  best=0.4234
        [Trial 3] gen   40  evals= 1720  best=0.3578
        [Trial 3] gen   60  evals= 2580  best=0.0536
        [Trial 3] gen   80  evals= 3440  best=0.0032
        [Trial 3] gen  100  evals= 4300  best=0.0001
        [Trial 3] gen  120  evals= 5160  best=0.0000
NOTE (module=cma, iteration=123):  
condition in coordinate system exceeded 1.1e+08, rescaled to 1.0e+00, 
condition changed from 4.5e+08 to 2.0e+07
        [Done] Trial 3 best=0.0000
    --> Early stop triggered: trial 3 reached loss=0.000010 < 0.011333

  Winner: Trial 3, loss=0.000010 (283s)
    Restarts run: 4
    mu: 35.476397
    D_mu: 2.311631
    T0_mu: 24.865701
    Ly: 1.749382
    op_x: 0.590700
    op_y: 0.814524
    NMSE: 0.000053
  [Saved] random_IR_0026

============================================================
[27/50] random_IR_0027.npz
  GT loss: 0.000018
  terrain_mean=1.133270  early_threshold=0.010784  (alpha=0.0095)
    --> Trial 0 | pop=40 seed=44757 x0_norm_min=-0.944 x0_norm_max=0.730
        [Trial 0] gen   20  evals=  800  best=0.5931
        [Trial 0] gen   40  evals= 1600  best=0.4787
        [Trial 0] gen   60  evals= 2400  best=0.4360
        [Trial 0] gen   80  evals= 3200  best=0.4339
        [Trial 0] gen  100  evals= 4000  best=0.4331
        [Trial 0] gen  120  evals= 4800  best=0.4331
        [Done] Trial 0 best=0.4331
    --> Trial 1 | pop=46 seed=39266 x0_norm_min=-0.937 x0_norm_max=0.907
        [Trial 1] gen   20  evals=  920  best=0.5475
        [Trial 1] gen   40  evals= 1840  best=0.1469
        [Trial 1] gen   60  evals= 2760  best=0.0167
        [Trial 1] gen   80  evals= 3680  best=0.0007
        [Trial 1] gen  100  evals= 4600  best=0.0000
NOTE (module=cma, iteration=118):  
condition in coordinate system exceeded 1.2e+08, rescaled to 1.0e+00, 
condition changed from 3.8e+08 to 2.6e+07
        [Trial 1] gen  120  evals= 5520  best=0.0000
        [Done] Trial 1 best=0.0000
    --> Early stop triggered: trial 1 reached loss=0.000015 < 0.010784

  Winner: Trial 1, loss=0.000015 (213s)
    Restarts run: 2
    mu: 29.063805
    D_mu: 3.608993
    T0_mu: 34.259950
    Ly: 2.773963
    op_x: 0.799056
    op_y: 0.867760
    NMSE: 0.000050
  [Saved] random_IR_0027

============================================================
[28/50] random_IR_0028.npz
  GT loss: 0.000022
  terrain_mean=1.299097  early_threshold=0.012363  (alpha=0.0095)
    --> Trial 0 | pop=41 seed=28082 x0_norm_min=-0.944 x0_norm_max=0.730
        [Trial 0] gen   20  evals=  820  best=0.8544
        [Trial 0] gen   40  evals= 1640  best=0.7965
        [Trial 0] gen   60  evals= 2460  best=0.7755
        [Trial 0] gen   80  evals= 3280  best=0.7731
        [Trial 0] gen  100  evals= 4100  best=0.7717
        [Trial 0] gen  120  evals= 4920  best=0.7714
        [Done] Trial 0 best=0.7714
    --> Trial 1 | pop=32 seed=96730 x0_norm_min=-0.937 x0_norm_max=0.907
        [Trial 1] gen   20  evals=  640  best=0.7615
        [Trial 1] gen   40  evals= 1280  best=0.1774
        [Trial 1] gen   60  evals= 1920  best=0.0369
        [Trial 1] gen   80  evals= 2560  best=0.0016
        [Trial 1] gen  100  evals= 3200  best=0.0001
        [Trial 1] gen  120  evals= 3840  best=0.0000
        [Done] Trial 1 best=0.0000
    --> Early stop triggered: trial 1 reached loss=0.000021 < 0.012363

  Winner: Trial 1, loss=0.000021 (80s)
    Restarts run: 2
    mu: 37.464642
    D_mu: 21.311561
    T0_mu: 13.647296
    Ly: 2.004640
    op_x: 0.872380
    op_y: 0.750325
    NMSE: 0.007558
  [Saved] random_IR_0028

============================================================
[29/50] random_IR_0029.npz
  GT loss: 0.000013
  terrain_mean=1.214220  early_threshold=0.011548  (alpha=0.0095)
    --> Trial 0 | pop=47 seed=39807 x0_norm_min=-0.944 x0_norm_max=0.730
        [Trial 0] gen   20  evals=  940  best=0.5646
        [Trial 0] gen   40  evals= 1880  best=0.5063
        [Trial 0] gen   60  evals= 2820  best=0.4739
        [Trial 0] gen   80  evals= 3760  best=0.4698
        [Trial 0] gen  100  evals= 4700  best=0.4696
        [Done] Trial 0 best=0.4696
    --> Trial 1 | pop=34 seed=47960 x0_norm_min=-0.937 x0_norm_max=0.907
        [Trial 1] gen   20  evals=  680  best=0.5168
        [Trial 1] gen   40  evals= 1360  best=0.4745
        [Trial 1] gen   60  evals= 2040  best=0.4706
        [Trial 1] gen   80  evals= 2720  best=0.4697
        [Trial 1] gen  100  evals= 3400  best=0.4696
        [Done] Trial 1 best=0.4696
    --> Trial 2 | pop=41 seed=35763 x0_norm_min=-0.344 x0_norm_max=0.824
        [Pruned] Trial 2 at gen 15 (loss=0.5251)
    --> Trial 3 | pop=43 seed=58106 x0_norm_min=-0.797 x0_norm_max=0.622
        [Pruned] Trial 3 at gen 15 (loss=0.5924)
    --> Trial 4 | pop=41 seed=74197 x0_norm_min=-0.947 x0_norm_max=0.785
        [Pruned] Trial 4 at gen 15 (loss=0.5874)
    --> Trial 5 | pop=33 seed=6936 x0_norm_min=-0.748 x0_norm_max=0.981
        [Pruned] Trial 5 at gen 15 (loss=0.5913)
    --> Trial 6 | pop=50 seed=94575 x0_norm_min=-0.929 x0_norm_max=0.732
        [Trial 6] gen   20  evals= 1000  best=0.4858
        [Trial 6] gen   40  evals= 2000  best=0.1794
        [Trial 6] gen   60  evals= 3000  best=0.0158
        [Trial 6] gen   80  evals= 4000  best=0.0003
        [Trial 6] gen  100  evals= 5000  best=0.0000
        [Done] Trial 6 best=0.0000
    --> Early stop triggered: trial 6 reached loss=0.000013 < 0.011548

  Winner: Trial 6, loss=0.000013 (263s)
    Restarts run: 7
    mu: 53.595240
    D_mu: 3.915974
    T0_mu: 2.714785
    Ly: 1.759502
    op_x: 0.851208
    op_y: 0.695098
    NMSE: 0.016080
  [Saved] random_IR_0029

============================================================
[30/50] random_IR_0030.npz
  GT loss: 0.000020
  terrain_mean=1.184361  early_threshold=0.011271  (alpha=0.0095)
    --> Trial 0 | pop=37 seed=60115 x0_norm_min=-0.944 x0_norm_max=0.730
        [Trial 0] gen   20  evals=  740  best=0.7598
        [Trial 0] gen   40  evals= 1480  best=0.6628
        [Trial 0] gen   60  evals= 2220  best=0.5891
        [Trial 0] gen   80  evals= 2960  best=0.5848
        [Trial 0] gen  100  evals= 3700  best=0.5846
        [Trial 0] gen  120  evals= 4440  best=0.5846
        [Done] Trial 0 best=0.5846
    --> Trial 1 | pop=36 seed=42364 x0_norm_min=-0.937 x0_norm_max=0.907
        [Trial 1] gen   20  evals=  720  best=0.6959
        [Trial 1] gen   40  evals= 1440  best=0.6959
        [Pruned] Trial 1 at gen 45 (loss=0.6959)
    --> Trial 2 | pop=44 seed=13297 x0_norm_min=-0.344 x0_norm_max=0.824
        [Pruned] Trial 2 at gen 15 (loss=0.7670)
    --> Trial 3 | pop=48 seed=98201 x0_norm_min=-0.797 x0_norm_max=0.622
        [Trial 3] gen   20  evals=  960  best=0.6925
        [Trial 3] gen   40  evals= 1920  best=0.5978
        [Trial 3] gen   60  evals= 2880  best=0.5849
        [Trial 3] gen   80  evals= 3840  best=0.5846
        [Trial 3] gen  100  evals= 4800  best=0.5845
        [Done] Trial 3 best=0.5845
    --> Trial 4 | pop=35 seed=67414 x0_norm_min=-0.947 x0_norm_max=0.785
        [Pruned] Trial 4 at gen 15 (loss=0.7731)
    --> Trial 5 | pop=57 seed=67084 x0_norm_min=-0.748 x0_norm_max=0.981
        [Trial 5] gen   20  evals= 1140  best=0.6731
        [Trial 5] gen   40  evals= 2280  best=0.5878
        [Trial 5] gen   60  evals= 3420  best=0.5849
        [Trial 5] gen   80  evals= 4560  best=0.5846
        [Done] Trial 5 best=0.5845
    --> Trial 6 | pop=48 seed=35446 x0_norm_min=-0.929 x0_norm_max=0.732
        [Pruned] Trial 6 at gen 15 (loss=0.7398)
    --> Trial 7 | pop=34 seed=94910 x0_norm_min=-0.779 x0_norm_max=0.922
        [Pruned] Trial 7 at gen 15 (loss=0.7597)
    --> Trial 8 | pop=40 seed=4131 x0_norm_min=-0.814 x0_norm_max=0.843
        [Trial 8] gen   20  evals=  800  best=0.6473
        [Trial 8] gen   40  evals= 1600  best=0.5901
        [Pruned] Trial 8 at gen 45 (loss=0.5870)
    --> Trial 9 | pop=46 seed=60180 x0_norm_min=-0.955 x0_norm_max=0.770
        [Pruned] Trial 9 at gen 15 (loss=0.7298)
    --> Trial 10 | pop=56 seed=95861 x0_norm_min=-0.841 x0_norm_max=0.672
        [Pruned] Trial 10 at gen 15 (loss=0.7355)
    --> Trial 11 | pop=60 seed=77089 x0_norm_min=-0.781 x0_norm_max=0.859
        [Trial 11] gen   20  evals= 1200  best=0.6302
        [Trial 11] gen   40  evals= 2400  best=0.2044
        [Trial 11] gen   60  evals= 3600  best=0.0286
        [Trial 11] gen   80  evals= 4800  best=0.0006
        [Trial 11] gen  100  evals= 6000  best=0.0001
        [Done] Trial 11 best=0.0000
    --> Early stop triggered: trial 11 reached loss=0.000019 < 0.011271

  Winner: Trial 11, loss=0.000019 (916s)
    Restarts run: 12
    mu: 20.949159
    D_mu: 0.962862
    T0_mu: 4.026709
    Ly: 1.620851
    op_x: 0.772924
    op_y: 0.949369
    NMSE: 0.000279
  [Saved] random_IR_0030

============================================================
[31/50] random_IR_0031.npz
  GT loss: 0.000021
  terrain_mean=1.191880  early_threshold=0.011343  (alpha=0.0095)
    --> Trial 0 | pop=34 seed=42978 x0_norm_min=-0.944 x0_norm_max=0.730
        [Trial 0] gen   20  evals=  680  best=0.6674
        [Trial 0] gen   40  evals= 1360  best=0.6172
        [Trial 0] gen   60  evals= 2040  best=0.6020
        [Trial 0] gen   80  evals= 2720  best=0.6008
        [Trial 0] gen  100  evals= 3400  best=0.6007
        [Done] Trial 0 best=0.6007
    --> Trial 1 | pop=51 seed=55700 x0_norm_min=-0.937 x0_norm_max=0.907
        [Trial 1] gen   20  evals= 1020  best=0.6972
        [Trial 1] gen   40  evals= 2040  best=0.6548
        [Pruned] Trial 1 at gen 45 (loss=0.6518)
    --> Trial 2 | pop=44 seed=53650 x0_norm_min=-0.344 x0_norm_max=0.824
        [Pruned] Trial 2 at gen 15 (loss=0.7844)
    --> Trial 3 | pop=50 seed=51738 x0_norm_min=-0.797 x0_norm_max=0.622
        [Trial 3] gen   20  evals= 1000  best=0.6779
        [Trial 3] gen   40  evals= 2000  best=0.6122
        [Trial 3] gen   60  evals= 3000  best=0.5881
        [Trial 3] gen   80  evals= 4000  best=0.5863
        [Trial 3] gen  100  evals= 5000  best=0.5857
        [Trial 3] gen  120  evals= 6000  best=0.5856
        [Done] Trial 3 best=0.5856
    --> Trial 4 | pop=33 seed=25658 x0_norm_min=-0.947 x0_norm_max=0.785
        [Trial 4] gen   20  evals=  660  best=0.6701
        [Trial 4] gen   40  evals= 1320  best=0.6442
        [Pruned] Trial 4 at gen 45 (loss=0.6376)
    --> Trial 5 | pop=38 seed=72568 x0_norm_min=-0.748 x0_norm_max=0.981
        [Pruned] Trial 5 at gen 15 (loss=0.6868)
    --> Trial 6 | pop=51 seed=70286 x0_norm_min=-0.929 x0_norm_max=0.732
        [Pruned] Trial 6 at gen 15 (loss=0.7478)
    --> Trial 7 | pop=47 seed=5170 x0_norm_min=-0.779 x0_norm_max=0.922
        [Pruned] Trial 7 at gen 15 (loss=0.7182)
    --> Trial 8 | pop=30 seed=20330 x0_norm_min=-0.814 x0_norm_max=0.843
        [Pruned] Trial 8 at gen 15 (loss=0.7386)
    --> Trial 9 | pop=49 seed=23748 x0_norm_min=-0.955 x0_norm_max=0.770
        [Trial 9] gen   20  evals=  980  best=0.6188
        [Trial 9] gen   40  evals= 1960  best=0.0766
        [Trial 9] gen   60  evals= 2940  best=0.0137
        [Trial 9] gen   80  evals= 3920  best=0.0005
        [Trial 9] gen  100  evals= 4900  best=0.0000
        [Done] Trial 9 best=0.0000
    --> Early stop triggered: trial 9 reached loss=0.000019 < 0.011343

  Winner: Trial 9, loss=0.000019 (545s)
    Restarts run: 10
    mu: 20.515895
    D_mu: 2.947225
    T0_mu: 48.106363
    Ly: 3.971983
    op_x: 0.881605
    op_y: 0.666808
    NMSE: 0.000702
  [Saved] random_IR_0031

============================================================
[32/50] random_IR_0032.npz
  GT loss: 0.000020
  terrain_mean=1.206778  early_threshold=0.011484  (alpha=0.0095)
    --> Trial 0 | pop=35 seed=53879 x0_norm_min=-0.944 x0_norm_max=0.730
        [Trial 0] gen   20  evals=  700  best=0.7579
        [Trial 0] gen   40  evals= 1400  best=0.7556
        [Trial 0] gen   60  evals= 2100  best=0.7556
        [Trial 0] gen   80  evals= 2800  best=0.7556
        [Trial 0] gen  100  evals= 3500  best=0.7556
        [Trial 0] gen  120  evals= 4200  best=0.7556
        [Trial 0] gen  140  evals= 4900  best=0.7556
        [Trial 0] gen  160  evals= 5600  best=0.7556
        [Done] Trial 0 best=0.7556
    --> Trial 1 | pop=51 seed=55168 x0_norm_min=-0.937 x0_norm_max=0.907
        [Trial 1] gen   20  evals= 1020  best=0.5496
        [Trial 1] gen   40  evals= 2040  best=0.1930
        [Trial 1] gen   60  evals= 3060  best=0.0104
        [Trial 1] gen   80  evals= 4080  best=0.0004
        [Trial 1] gen  100  evals= 5100  best=0.0000
        [Done] Trial 1 best=0.0000
    --> Early stop triggered: trial 1 reached loss=0.000019 < 0.011484

  Winner: Trial 1, loss=0.000019 (110s)
    Restarts run: 2
    mu: 16.942203
    D_mu: 14.059476
    T0_mu: 17.385937
    Ly: 2.212045
    op_x: 0.644036
    op_y: 0.901043
    NMSE: 0.014752
  [Saved] random_IR_0032

============================================================
[33/50] random_IR_0033.npz
  GT loss: 0.000030
  terrain_mean=1.618412  early_threshold=0.015405  (alpha=0.0095)
    --> Trial 0 | pop=50 seed=83256 x0_norm_min=-0.944 x0_norm_max=0.730
        [Trial 0] gen   20  evals= 1000  best=0.9008
        [Trial 0] gen   40  evals= 2000  best=0.7001
        [Trial 0] gen   60  evals= 3000  best=0.6244
        [Trial 0] gen   80  evals= 4000  best=0.6180
        [Trial 0] gen  100  evals= 5000  best=0.6178
        [Done] Trial 0 best=0.6178
    --> Trial 1 | pop=37 seed=72340 x0_norm_min=-0.937 x0_norm_max=0.907
        [Trial 1] gen   20  evals=  740  best=0.7912
        [Trial 1] gen   40  evals= 1480  best=0.5255
        [Trial 1] gen   60  evals= 2220  best=0.5255
        [Trial 1] gen   80  evals= 2960  best=0.0383
        [Trial 1] gen  100  evals= 3700  best=0.0018
        [Trial 1] gen  120  evals= 4440  best=0.0001
NOTE (module=cma, iteration=138):  
condition in coordinate system exceeded 1.0e+08, rescaled to 1.0e+00, 
condition changed from 4.9e+08 to 7.8e+07
        [Trial 1] gen  140  evals= 5180  best=0.0000
        [Done] Trial 1 best=0.0000
    --> Early stop triggered: trial 1 reached loss=0.000026 < 0.015405

  Winner: Trial 1, loss=0.000026 (35s)
    Restarts run: 2
    mu: 16.680848
    D_mu: 67.281936
    T0_mu: 22.046344
    Ly: 1.638344
    op_x: 0.868119
    op_y: 0.634431
    NMSE: 0.003259
  [Saved] random_IR_0033

============================================================
[34/50] random_IR_0034.npz
  GT loss: 0.000014
  terrain_mean=1.054415  early_threshold=0.010031  (alpha=0.0095)
    --> Trial 0 | pop=38 seed=3405 x0_norm_min=-0.944 x0_norm_max=0.730
        [Trial 0] gen   20  evals=  760  best=0.4712
        [Trial 0] gen   40  evals= 1520  best=0.4712
        [Trial 0] gen   60  evals= 2280  best=0.4712
        [Trial 0] gen   80  evals= 3040  best=0.4712
        [Trial 0] gen  100  evals= 3800  best=0.4712
        [Trial 0] gen  120  evals= 4560  best=0.4712
        [Done] Trial 0 best=0.4712
    --> Trial 1 | pop=34 seed=83244 x0_norm_min=-0.937 x0_norm_max=0.907
        [Trial 1] gen   20  evals=  680  best=0.4969
        [Trial 1] gen   40  evals= 1360  best=0.4969
        [Pruned] Trial 1 at gen 45 (loss=0.4870)
    --> Trial 2 | pop=35 seed=4268 x0_norm_min=-0.344 x0_norm_max=0.824
        [Pruned] Trial 2 at gen 15 (loss=0.5445)
    --> Trial 3 | pop=37 seed=33494 x0_norm_min=-0.797 x0_norm_max=0.622
        [Pruned] Trial 3 at gen 15 (loss=0.5534)
    --> Trial 4 | pop=44 seed=98062 x0_norm_min=-0.947 x0_norm_max=0.785
        [Pruned] Trial 4 at gen 15 (loss=0.5214)
    --> Trial 5 | pop=60 seed=51990 x0_norm_min=-0.748 x0_norm_max=0.981
        [Pruned] Trial 5 at gen 15 (loss=0.5548)
    --> Trial 6 | pop=42 seed=43233 x0_norm_min=-0.929 x0_norm_max=0.732
        [Pruned] Trial 6 at gen 15 (loss=0.6393)
    --> Trial 7 | pop=45 seed=60765 x0_norm_min=-0.779 x0_norm_max=0.922
        [Trial 7] gen   20  evals=  900  best=0.3852
        [Trial 7] gen   40  evals= 1800  best=0.3852
        [Trial 7] gen   60  evals= 2700  best=0.3852
        [Trial 7] gen   80  evals= 3600  best=0.3852
        [Done] Trial 7 best=0.3852
    --> Trial 8 | pop=50 seed=26793 x0_norm_min=-0.814 x0_norm_max=0.843
        [Pruned] Trial 8 at gen 15 (loss=0.5143)
    --> Trial 9 | pop=55 seed=86988 x0_norm_min=-0.955 x0_norm_max=0.770
        [Pruned] Trial 9 at gen 15 (loss=0.5543)
    --> Trial 10 | pop=30 seed=62870 x0_norm_min=-0.841 x0_norm_max=0.672
        [Pruned] Trial 10 at gen 15 (loss=0.5197)
    --> Trial 11 | pop=44 seed=13053 x0_norm_min=-0.781 x0_norm_max=0.859
        [Trial 11] gen   20  evals=  880  best=0.2814
        [Trial 11] gen   40  evals= 1760  best=0.0901
        [Trial 11] gen   60  evals= 2640  best=0.0354
        [Trial 11] gen   80  evals= 3520  best=0.0136
        [Trial 11] gen  100  evals= 4400  best=0.0011
        [Trial 11] gen  120  evals= 5280  best=0.0000
        [Trial 11] gen  140  evals= 6160  best=0.0000
        [Done] Trial 11 best=0.0000
    --> Early stop triggered: trial 11 reached loss=0.000012 < 0.010031

  Winner: Trial 11, loss=0.000012 (166s)
    Restarts run: 12
    mu: 104.455688
    D_mu: 17.497698
    T0_mu: 1.319756
    Ly: 1.718605
    op_x: 0.693343
    op_y: 0.737152
    NMSE: 0.111943
  [Saved] random_IR_0034

============================================================
[35/50] random_IR_0035.npz
  GT loss: 0.000023
  terrain_mean=1.386150  early_threshold=0.013192  (alpha=0.0095)
    --> Trial 0 | pop=43 seed=63078 x0_norm_min=-0.944 x0_norm_max=0.730
        [Trial 0] gen   20  evals=  860  best=0.8312
        [Trial 0] gen   40  evals= 1720  best=0.7220
        [Trial 0] gen   60  evals= 2580  best=0.6982
        [Trial 0] gen   80  evals= 3440  best=0.6967
        [Trial 0] gen  100  evals= 4300  best=0.6966
        [Done] Trial 0 best=0.6966
    --> Trial 1 | pop=35 seed=90120 x0_norm_min=-0.937 x0_norm_max=0.907
        [Trial 1] gen   20  evals=  700  best=0.8131
        [Trial 1] gen   40  evals= 1400  best=0.7249
        [Pruned] Trial 1 at gen 45 (loss=0.7249)
    --> Trial 2 | pop=34 seed=11169 x0_norm_min=-0.344 x0_norm_max=0.824
        [Pruned] Trial 2 at gen 15 (loss=0.8410)
    --> Trial 3 | pop=35 seed=13283 x0_norm_min=-0.797 x0_norm_max=0.622
        [Pruned] Trial 3 at gen 15 (loss=0.9402)
    --> Trial 4 | pop=49 seed=9241 x0_norm_min=-0.947 x0_norm_max=0.785
        [Pruned] Trial 4 at gen 15 (loss=0.8755)
    --> Trial 5 | pop=49 seed=9287 x0_norm_min=-0.748 x0_norm_max=0.981
        [Pruned] Trial 5 at gen 15 (loss=0.8769)
    --> Trial 6 | pop=32 seed=84935 x0_norm_min=-0.929 x0_norm_max=0.732
        [Trial 6] gen   20  evals=  640  best=0.8008
        [Trial 6] gen   40  evals= 1280  best=0.4477
        [Trial 6] gen   60  evals= 1920  best=0.1792
        [Trial 6] gen   80  evals= 2560  best=0.0832
        [Trial 6] gen  100  evals= 3200  best=0.0047
        [Trial 6] gen  120  evals= 3840  best=0.0004
        [Trial 6] gen  140  evals= 4480  best=0.0000
NOTE (module=cma, iteration=145):  
condition in coordinate system exceeded 1.1e+08, rescaled to 1.0e+00, 
condition changed from 3.2e+08 to 7.6e+06
        [Done] Trial 6 best=0.0000
    --> Early stop triggered: trial 6 reached loss=0.000018 < 0.013192

  Winner: Trial 6, loss=0.000018 (85s)
    Restarts run: 7
    mu: 17.860886
    D_mu: 31.371811
    T0_mu: 55.627115
    Ly: 1.905123
    op_x: 0.574713
    op_y: 0.861261
    NMSE: 0.000084
  [Saved] random_IR_0035

============================================================
[36/50] random_IR_0036.npz
  GT loss: 0.000038
  terrain_mean=1.543293  early_threshold=0.014699  (alpha=0.0095)
    --> Trial 0 | pop=36 seed=6798 x0_norm_min=-0.944 x0_norm_max=0.730
        [Trial 0] gen   20  evals=  720  best=1.0993
        [Trial 0] gen   40  evals= 1440  best=1.0486
        [Trial 0] gen   60  evals= 2160  best=1.0098
        [Trial 0] gen   80  evals= 2880  best=0.9934
        [Trial 0] gen  100  evals= 3600  best=0.9932
        [Done] Trial 0 best=0.9931
    --> Trial 1 | pop=56 seed=55335 x0_norm_min=-0.937 x0_norm_max=0.907
        [Trial 1] gen   20  evals= 1120  best=1.0082
        [Trial 1] gen   40  evals= 2240  best=1.0082
        [Trial 1] gen   60  evals= 3360  best=1.0064
        [Trial 1] gen   80  evals= 4480  best=0.9520
        [Trial 1] gen  100  evals= 5600  best=0.9449
        [Trial 1] gen  120  evals= 6720  best=0.9444
        [Trial 1] gen  140  evals= 7840  best=0.9444
        [Done] Trial 1 best=0.9444
    --> Trial 2 | pop=40 seed=71443 x0_norm_min=-0.344 x0_norm_max=0.824
        [Pruned] Trial 2 at gen 15 (loss=1.0177)
    --> Trial 3 | pop=56 seed=64761 x0_norm_min=-0.797 x0_norm_max=0.622
        [Pruned] Trial 3 at gen 15 (loss=1.0733)
    --> Trial 4 | pop=46 seed=29157 x0_norm_min=-0.947 x0_norm_max=0.785
        [Pruned] Trial 4 at gen 15 (loss=1.0653)
    --> Trial 5 | pop=49 seed=22374 x0_norm_min=-0.748 x0_norm_max=0.981
        [Pruned] Trial 5 at gen 15 (loss=1.1236)
    --> Trial 6 | pop=50 seed=68669 x0_norm_min=-0.929 x0_norm_max=0.732
        [Pruned] Trial 6 at gen 15 (loss=1.0612)
    --> Trial 7 | pop=39 seed=88261 x0_norm_min=-0.779 x0_norm_max=0.922
        [Pruned] Trial 7 at gen 15 (loss=1.0331)
    --> Trial 8 | pop=55 seed=48404 x0_norm_min=-0.814 x0_norm_max=0.843
        [Pruned] Trial 8 at gen 15 (loss=1.0886)
    --> Trial 9 | pop=39 seed=72823 x0_norm_min=-0.955 x0_norm_max=0.770
        [Pruned] Trial 9 at gen 15 (loss=1.0336)
    --> Trial 10 | pop=30 seed=41033 x0_norm_min=-0.841 x0_norm_max=0.672
        [Pruned] Trial 10 at gen 15 (loss=1.1100)
    --> Trial 11 | pop=60 seed=5624 x0_norm_min=-0.781 x0_norm_max=0.859
        [Trial 11] gen   20  evals= 1200  best=0.8437
        [Trial 11] gen   40  evals= 2400  best=0.8437
        [Trial 11] gen   60  evals= 3600  best=0.8437
        [Trial 11] gen   80  evals= 4800  best=0.8437
        [Trial 11] gen  100  evals= 6000  best=0.8437
        [Trial 11] gen  120  evals= 7200  best=0.8437
        [Trial 11] gen  140  evals= 8400  best=0.8437
        [Done] Trial 11 best=0.8437
    --> Trial 12 | pop=60 seed=1923 x0_norm_min=-0.402 x0_norm_max=0.428
        [Pruned] Trial 12 at gen 15 (loss=1.1036)
    --> Trial 13 | pop=60 seed=98483 x0_norm_min=-0.863 x0_norm_max=0.955
        [Pruned] Trial 13 at gen 15 (loss=1.0931)
    --> Trial 14 | pop=55 seed=18676 x0_norm_min=-0.897 x0_norm_max=-0.091
        [Pruned] Trial 14 at gen 15 (loss=1.0632)
    --> Trial 15 | pop=52 seed=50886 x0_norm_min=-0.690 x0_norm_max=0.990
        [Pruned] Trial 15 at gen 15 (loss=1.1154)
    --> Trial 16 | pop=58 seed=34811 x0_norm_min=-0.776 x0_norm_max=0.982
        [Pruned] Trial 16 at gen 15 (loss=1.1260)
    --> Trial 17 | pop=46 seed=16119 x0_norm_min=-0.863 x0_norm_max=0.835
        [Pruned] Trial 17 at gen 15 (loss=1.1175)
    --> Trial 18 | pop=53 seed=60248 x0_norm_min=-0.933 x0_norm_max=0.907
        [Pruned] Trial 18 at gen 15 (loss=1.1267)
    --> Trial 19 | pop=57 seed=86433 x0_norm_min=-0.948 x0_norm_max=0.822
        [Pruned] Trial 19 at gen 15 (loss=1.1042)

  Winner: Trial 11, loss=0.843673 (428s)
    Restarts run: 20
    mu: 83.574665
    D_mu: 25.676690
    T0_mu: 8.884296
    Ly: 2.260620
    op_x: 0.565808
    op_y: 0.970484
    NMSE: 0.078808
  [Saved] random_IR_0036

============================================================
[37/50] random_IR_0037.npz
  GT loss: 0.000052
  terrain_mean=2.084716  early_threshold=0.019856  (alpha=0.0095)
    --> Trial 0 | pop=37 seed=41445 x0_norm_min=-0.944 x0_norm_max=0.730
        [Trial 0] gen   20  evals=  740  best=1.4720
        [Trial 0] gen   40  evals= 1480  best=1.4226
        [Trial 0] gen   60  evals= 2220  best=1.4025
        [Trial 0] gen   80  evals= 2960  best=1.4025
        [Trial 0] gen  100  evals= 3700  best=1.4001
        [Trial 0] gen  120  evals= 4440  best=1.3992
        [Trial 0] gen  140  evals= 5180  best=1.3992
        [Done] Trial 0 best=1.3992
    --> Trial 1 | pop=33 seed=43706 x0_norm_min=-0.937 x0_norm_max=0.907
        [Pruned] Trial 1 at gen 15 (loss=1.4831)
    --> Trial 2 | pop=59 seed=78260 x0_norm_min=-0.344 x0_norm_max=0.824
        [Trial 2] gen   20  evals= 1180  best=1.2638
        [Trial 2] gen   40  evals= 2360  best=1.2259
        [Trial 2] gen   60  evals= 3540  best=1.2259
        [Trial 2] gen   80  evals= 4720  best=1.2259
        [Trial 2] gen  100  evals= 5900  best=1.2259
        [Trial 2] gen  120  evals= 7080  best=1.2259
        [Done] Trial 2 best=1.2259
    --> Trial 3 | pop=59 seed=16482 x0_norm_min=-0.797 x0_norm_max=0.622
        [Pruned] Trial 3 at gen 15 (loss=1.4439)
    --> Trial 4 | pop=37 seed=15472 x0_norm_min=-0.947 x0_norm_max=0.785
        [Trial 4] gen   20  evals=  740  best=1.2531
        [Trial 4] gen   40  evals= 1480  best=1.1326
        [Trial 4] gen   60  evals= 2220  best=0.8348
        [Trial 4] gen   80  evals= 2960  best=0.2970
        [Trial 4] gen  100  evals= 3700  best=0.0856
        [Trial 4] gen  120  evals= 4440  best=0.0081
        [Trial 4] gen  140  evals= 5180  best=0.0005
        [Trial 4] gen  160  evals= 5920  best=0.0001
        [Trial 4] gen  180  evals= 6660  best=0.0000
        [Done] Trial 4 best=0.0000
    --> Early stop triggered: trial 4 reached loss=0.000045 < 0.019856

  Winner: Trial 4, loss=0.000045 (182s)
    Restarts run: 5
    mu: 10.433489
    D_mu: 53.739898
    T0_mu: 56.581440
    Ly: 3.319443
    op_x: 0.796393
    op_y: 0.981349
    NMSE: 0.000475
  [Saved] random_IR_0037

============================================================
[38/50] random_IR_0038.npz
  GT loss: 0.000023
  terrain_mean=1.431217  early_threshold=0.013619  (alpha=0.0095)
    --> Trial 0 | pop=35 seed=34203 x0_norm_min=-0.944 x0_norm_max=0.730
        [Trial 0] gen   20  evals=  700  best=0.9952
        [Trial 0] gen   40  evals= 1400  best=0.8021
        [Trial 0] gen   60  evals= 2100  best=0.6341
        [Trial 0] gen   80  evals= 2800  best=0.2431
        [Trial 0] gen  100  evals= 3500  best=0.0116
        [Trial 0] gen  120  evals= 4200  best=0.0025
        [Trial 0] gen  140  evals= 4900  best=0.0001
        [Trial 0] gen  160  evals= 5600  best=0.0000
        [Done] Trial 0 best=0.0000
    --> Early stop triggered: trial 0 reached loss=0.000022 < 0.013619

  Winner: Trial 0, loss=0.000022 (39s)
    Restarts run: 1
    mu: 6.234131
    D_mu: 26.173027
    T0_mu: 18.653177
    Ly: 1.947228
    op_x: 0.838259
    op_y: 0.894725
    NMSE: 0.000011
  [Saved] random_IR_0038

============================================================
[39/50] random_IR_0039.npz
  GT loss: 0.000037
  terrain_mean=1.569722  early_threshold=0.014949  (alpha=0.0095)
    --> Trial 0 | pop=56 seed=7475 x0_norm_min=-0.944 x0_norm_max=0.730
        [Trial 0] gen   20  evals= 1120  best=1.0801
        [Trial 0] gen   40  evals= 2240  best=0.4240
        [Trial 0] gen   60  evals= 3360  best=0.0772
        [Trial 0] gen   80  evals= 4480  best=0.0169
        [Trial 0] gen  100  evals= 5600  best=0.0006
        [Trial 0] gen  120  evals= 6720  best=0.0000
NOTE (module=cma, iteration=122):  
condition in coordinate system exceeded 1.1e+08, rescaled to 1.0e+00, 
condition changed from 2.6e+08 to 1.4e+08
        [Done] Trial 0 best=0.0000
    --> Early stop triggered: trial 0 reached loss=0.000034 < 0.014949

  Winner: Trial 0, loss=0.000034 (51s)
    Restarts run: 1
    mu: 80.807833
    D_mu: 18.639209
    T0_mu: 1.654073
    Ly: 1.917017
    op_x: 0.939488
    op_y: 0.675698
    NMSE: 0.027502
  [Saved] random_IR_0039

============================================================
[40/50] random_IR_0040.npz
  GT loss: 0.000025
  terrain_mean=1.272298  early_threshold=0.012111  (alpha=0.0095)
    --> Trial 0 | pop=35 seed=99339 x0_norm_min=-0.944 x0_norm_max=0.730
        [Trial 0] gen   20  evals=  700  best=0.6954
        [Trial 0] gen   40  evals= 1400  best=0.4635
        [Trial 0] gen   60  evals= 2100  best=0.1866
        [Trial 0] gen   80  evals= 2800  best=0.0115
        [Trial 0] gen  100  evals= 3500  best=0.0005
        [Trial 0] gen  120  evals= 4200  best=0.0001
        [Trial 0] gen  140  evals= 4900  best=0.0000
        [Done] Trial 0 best=0.0000
    --> Early stop triggered: trial 0 reached loss=0.000024 < 0.012111

  Winner: Trial 0, loss=0.000024 (144s)
    Restarts run: 1
    mu: 36.745010
    D_mu: 3.103311
    T0_mu: 24.477929
    Ly: 3.888553
    op_x: 0.818919
    op_y: 0.938401
    NMSE: 0.000064
  [Saved] random_IR_0040

============================================================
[41/50] random_IR_0041.npz
  GT loss: 0.000043
  terrain_mean=2.004747  early_threshold=0.019087  (alpha=0.0095)
    --> Trial 0 | pop=53 seed=59511 x0_norm_min=-0.944 x0_norm_max=0.730
        [Trial 0] gen   20  evals= 1060  best=1.5824
        [Trial 0] gen   40  evals= 2120  best=1.4670
        [Trial 0] gen   60  evals= 3180  best=1.4459
        [Trial 0] gen   80  evals= 4240  best=1.4425
        [Trial 0] gen  100  evals= 5300  best=1.4424
        [Done] Trial 0 best=1.4424
    --> Trial 1 | pop=37 seed=20854 x0_norm_min=-0.937 x0_norm_max=0.907
        [Pruned] Trial 1 at gen 15 (loss=1.5895)
    --> Trial 2 | pop=37 seed=33437 x0_norm_min=-0.344 x0_norm_max=0.824
        [Pruned] Trial 2 at gen 15 (loss=1.5893)
    --> Trial 3 | pop=47 seed=54633 x0_norm_min=-0.797 x0_norm_max=0.622
        [Trial 3] gen   20  evals=  940  best=1.5055
        [Trial 3] gen   40  evals= 1880  best=1.5055
        [Pruned] Trial 3 at gen 45 (loss=1.5055)
    --> Trial 4 | pop=46 seed=16817 x0_norm_min=-0.947 x0_norm_max=0.785
        [Pruned] Trial 4 at gen 15 (loss=1.5464)
    --> Trial 5 | pop=48 seed=52606 x0_norm_min=-0.748 x0_norm_max=0.981
        [Pruned] Trial 5 at gen 15 (loss=1.5652)
    --> Trial 6 | pop=30 seed=16717 x0_norm_min=-0.929 x0_norm_max=0.732
        [Trial 6] gen   20  evals=  600  best=1.5156
        [Trial 6] gen   40  evals= 1200  best=1.5156
        [Pruned] Trial 6 at gen 45 (loss=1.5156)
    --> Trial 7 | pop=44 seed=35887 x0_norm_min=-0.779 x0_norm_max=0.922
        [Trial 7] gen   20  evals=  880  best=1.2970
        [Trial 7] gen   40  evals= 1760  best=1.2970
        [Trial 7] gen   60  evals= 2640  best=1.2970
        [Trial 7] gen   80  evals= 3520  best=1.2970
        [Trial 7] gen  100  evals= 4400  best=1.2970
        [Done] Trial 7 best=1.2970
    --> Trial 8 | pop=46 seed=64367 x0_norm_min=-0.814 x0_norm_max=0.843
        [Pruned] Trial 8 at gen 15 (loss=1.5255)
    --> Trial 9 | pop=53 seed=10359 x0_norm_min=-0.955 x0_norm_max=0.770
        [Trial 9] gen   20  evals= 1060  best=1.3812
        [Trial 9] gen   40  evals= 2120  best=1.2605
        [Trial 9] gen   60  evals= 3180  best=0.9187
        [Trial 9] gen   80  evals= 4240  best=0.1603
        [Trial 9] gen  100  evals= 5300  best=0.0272
        [Trial 9] gen  120  evals= 6360  best=0.0016
        [Trial 9] gen  140  evals= 7420  best=0.0000
        [Done] Trial 9 best=0.0000
    --> Early stop triggered: trial 9 reached loss=0.000038 < 0.019087

  Winner: Trial 9, loss=0.000038 (171s)
    Restarts run: 10
    mu: 8.152406
    D_mu: 77.020953
    T0_mu: 52.470818
    Ly: 1.949759
    op_x: 0.582589
    op_y: 0.991096
    NMSE: 0.000203
  [Saved] random_IR_0041

============================================================
[42/50] random_IR_0042.npz
  GT loss: 0.000025
  terrain_mean=1.310695  early_threshold=0.012476  (alpha=0.0095)
    --> Trial 0 | pop=42 seed=87195 x0_norm_min=-0.944 x0_norm_max=0.730
        [Trial 0] gen   20  evals=  840  best=0.7264
        [Trial 0] gen   40  evals= 1680  best=0.1611
        [Trial 0] gen   60  evals= 2520  best=0.0037
        [Trial 0] gen   80  evals= 3360  best=0.0002
        [Trial 0] gen  100  evals= 4200  best=0.0000
        [Done] Trial 0 best=0.0000
    --> Early stop triggered: trial 0 reached loss=0.000024 < 0.012476

  Winner: Trial 0, loss=0.000024 (59s)
    Restarts run: 1
    mu: 41.710594
    D_mu: 7.465019
    T0_mu: 22.854209
    Ly: 2.487274
    op_x: 0.912838
    op_y: 0.603025
    NMSE: 0.002921
  [Saved] random_IR_0042

============================================================
[43/50] random_IR_0043.npz
  GT loss: 0.000062
  terrain_mean=2.028392  early_threshold=0.019331  (alpha=0.0095)
    --> Trial 0 | pop=33 seed=24254 x0_norm_min=-0.944 x0_norm_max=0.730
        [Trial 0] gen   20  evals=  660  best=1.4026
        [Trial 0] gen   40  evals= 1320  best=1.1436
        [Trial 0] gen   60  evals= 1980  best=0.7416
        [Trial 0] gen   80  evals= 2640  best=0.2610
        [Trial 0] gen  100  evals= 3300  best=0.1164
        [Trial 0] gen  120  evals= 3960  best=0.0102
        [Trial 0] gen  140  evals= 4620  best=0.0009
        [Trial 0] gen  160  evals= 5280  best=0.0001
        [Done] Trial 0 best=0.0001
    --> Early stop triggered: trial 0 reached loss=0.000055 < 0.019331

  Winner: Trial 0, loss=0.000055 (107s)
    Restarts run: 1
    mu: 52.946174
    D_mu: 3.705468
    T0_mu: 2.766935
    Ly: 2.582825
    op_x: 0.980809
    op_y: 0.954212
    NMSE: 0.004790
  [Saved] random_IR_0043

============================================================
[44/50] random_IR_0044.npz
  GT loss: 0.000012
  terrain_mean=1.243940  early_threshold=0.011829  (alpha=0.0095)
    --> Trial 0 | pop=37 seed=38098 x0_norm_min=-0.944 x0_norm_max=0.730
        [Trial 0] gen   20  evals=  740  best=0.3646
        [Trial 0] gen   40  evals= 1480  best=0.0893
        [Trial 0] gen   60  evals= 2220  best=0.0031
        [Trial 0] gen   80  evals= 2960  best=0.0001
        [Trial 0] gen  100  evals= 3700  best=0.0000
        [Done] Trial 0 best=0.0000
    --> Early stop triggered: trial 0 reached loss=0.000011 < 0.011829

  Winner: Trial 0, loss=0.000011 (85s)
    Restarts run: 1
    mu: 51.416591
    D_mu: 4.916484
    T0_mu: 3.447662
    Ly: 3.344737
    op_x: 0.574919
    op_y: 0.536179
    NMSE: 0.012051
  [Saved] random_IR_0044

============================================================
[45/50] random_IR_0045.npz
  GT loss: 0.000024
  terrain_mean=1.227945  early_threshold=0.011689  (alpha=0.0095)
    --> Trial 0 | pop=52 seed=26051 x0_norm_min=-0.944 x0_norm_max=0.730
        [Trial 0] gen   20  evals= 1040  best=0.7066
        [Trial 0] gen   40  evals= 2080  best=0.6425
        [Trial 0] gen   60  evals= 3120  best=0.6095
        [Trial 0] gen   80  evals= 4160  best=0.6059
        [Trial 0] gen  100  evals= 5200  best=0.6057
        [Done] Trial 0 best=0.6056
    --> Trial 1 | pop=33 seed=39101 x0_norm_min=-0.937 x0_norm_max=0.907
        [Pruned] Trial 1 at gen 15 (loss=0.7567)
    --> Trial 2 | pop=30 seed=82283 x0_norm_min=-0.344 x0_norm_max=0.824
        [Pruned] Trial 2 at gen 15 (loss=0.7675)
    --> Trial 3 | pop=56 seed=5110 x0_norm_min=-0.797 x0_norm_max=0.622
        [Trial 3] gen   20  evals= 1120  best=0.7052
        [Trial 3] gen   40  evals= 2240  best=0.5953
        [Trial 3] gen   60  evals= 3360  best=0.5804
        [Trial 3] gen   80  evals= 4480  best=0.5797
        [Trial 3] gen  100  evals= 5600  best=0.5796
        [Done] Trial 3 best=0.5796
    --> Trial 4 | pop=48 seed=59973 x0_norm_min=-0.947 x0_norm_max=0.785
        [Pruned] Trial 4 at gen 15 (loss=0.7803)
    --> Trial 5 | pop=41 seed=44272 x0_norm_min=-0.748 x0_norm_max=0.981
        [Trial 5] gen   20  evals=  820  best=0.7147
        [Trial 5] gen   40  evals= 1640  best=0.6416
        [Pruned] Trial 5 at gen 45 (loss=0.6306)
    --> Trial 6 | pop=31 seed=4261 x0_norm_min=-0.929 x0_norm_max=0.732
        [Pruned] Trial 6 at gen 15 (loss=0.7389)
    --> Trial 7 | pop=54 seed=39129 x0_norm_min=-0.779 x0_norm_max=0.922
        [Pruned] Trial 7 at gen 15 (loss=0.7656)
    --> Trial 8 | pop=60 seed=68697 x0_norm_min=-0.814 x0_norm_max=0.843
        [Pruned] Trial 8 at gen 15 (loss=0.7491)
    --> Trial 9 | pop=30 seed=6745 x0_norm_min=-0.955 x0_norm_max=0.770
        [Pruned] Trial 9 at gen 15 (loss=0.7646)
    --> Trial 10 | pop=41 seed=99939 x0_norm_min=-0.841 x0_norm_max=0.672
        [Trial 10] gen   20  evals=  820  best=0.6809
        [Trial 10] gen   40  evals= 1640  best=0.5422
        [Trial 10] gen   60  evals= 2460  best=0.0904
        [Trial 10] gen   80  evals= 3280  best=0.0062
        [Trial 10] gen  100  evals= 4100  best=0.0003
        [Trial 10] gen  120  evals= 4920  best=0.0000
NOTE (module=cma, iteration=130):  
condition in coordinate system exceeded 1.0e+08, rescaled to 1.0e+00, 
condition changed from 9.8e+08 to 4.0e+08
        [Done] Trial 10 best=0.0000
    --> Early stop triggered: trial 10 reached loss=0.000023 < 0.011689

  Winner: Trial 10, loss=0.000023 (644s)
    Restarts run: 11
    mu: 5.223059
    D_mu: 1.481934
    T0_mu: 141.913446
    Ly: 3.204224
    op_x: 0.553906
    op_y: 0.839303
    NMSE: 0.000001
  [Saved] random_IR_0045

============================================================
[46/50] random_IR_0046.npz
  GT loss: 0.000011
  terrain_mean=1.187411  early_threshold=0.011291  (alpha=0.0095)
    --> Trial 0 | pop=34 seed=68591 x0_norm_min=-0.944 x0_norm_max=0.730
        [Trial 0] gen   20  evals=  680  best=0.3851
        [Trial 0] gen   40  evals= 1360  best=0.1639
        [Trial 0] gen   60  evals= 2040  best=0.0116
        [Trial 0] gen   80  evals= 2720  best=0.0010
        [Trial 0] gen  100  evals= 3400  best=0.0001
        [Trial 0] gen  120  evals= 4080  best=0.0000
NOTE (module=cma, iteration=122):  
condition in coordinate system exceeded 1.2e+08, rescaled to 1.0e+00, 
condition changed from 4.1e+08 to 4.0e+07
        [Done] Trial 0 best=0.0000
    --> Early stop triggered: trial 0 reached loss=0.000010 < 0.011291

  Winner: Trial 0, loss=0.000010 (45s)
    Restarts run: 1
    mu: 49.380243
    D_mu: 6.125022
    T0_mu: 11.167462
    Ly: 1.811565
    op_x: 0.642461
    op_y: 0.574427
    NMSE: 0.000004
  [Saved] random_IR_0046

============================================================
[47/50] random_IR_0047.npz
  GT loss: 0.000014
  terrain_mean=1.146876  early_threshold=0.010909  (alpha=0.0095)
    --> Trial 0 | pop=35 seed=33903 x0_norm_min=-0.944 x0_norm_max=0.730
        [Trial 0] gen   20  evals=  700  best=0.6540
        [Trial 0] gen   40  evals= 1400  best=0.6114
        [Trial 0] gen   60  evals= 2100  best=0.5985
        [Trial 0] gen   80  evals= 2800  best=0.5947
        [Trial 0] gen  100  evals= 3500  best=0.5943
        [Trial 0] gen  120  evals= 4200  best=0.5942
        [Done] Trial 0 best=0.5942
    --> Trial 1 | pop=44 seed=1455 x0_norm_min=-0.937 x0_norm_max=0.907
        [Trial 1] gen   20  evals=  880  best=0.5060
        [Trial 1] gen   40  evals= 1760  best=0.2456
        [Trial 1] gen   60  evals= 2640  best=0.0222
        [Trial 1] gen   80  evals= 3520  best=0.0006
        [Trial 1] gen  100  evals= 4400  best=0.0000
NOTE (module=cma, iteration=113):  
condition in coordinate system exceeded 1.0e+08, rescaled to 1.0e+00, 
condition changed from 3.4e+08 to 3.7e+07
        [Trial 1] gen  120  evals= 5280  best=0.0000
        [Done] Trial 1 best=0.0000
    --> Early stop triggered: trial 1 reached loss=0.000014 < 0.010909

  Winner: Trial 1, loss=0.000014 (129s)
    Restarts run: 2
    mu: 42.000667
    D_mu: 6.744921
    T0_mu: 10.794880
    Ly: 1.260585
    op_x: 0.850856
    op_y: 0.648924
    NMSE: 0.004864
  [Saved] random_IR_0047

============================================================
[48/50] random_IR_0048.npz
  GT loss: 0.000024
  terrain_mean=1.372733  early_threshold=0.013065  (alpha=0.0095)
    --> Trial 0 | pop=50 seed=67235 x0_norm_min=-0.944 x0_norm_max=0.730
        [Trial 0] gen   20  evals= 1000  best=0.8155
        [Trial 0] gen   40  evals= 2000  best=0.6887
        [Trial 0] gen   60  evals= 3000  best=0.1350
        [Trial 0] gen   80  evals= 4000  best=0.0053
        [Trial 0] gen  100  evals= 5000  best=0.0002
        [Trial 0] gen  120  evals= 6000  best=0.0000
NOTE (module=cma, iteration=123):  
condition in coordinate system exceeded 1.1e+08, rescaled to 1.0e+00, 
condition changed from 5.7e+08 to 5.4e+07
        [Done] Trial 0 best=0.0000
    --> Early stop triggered: trial 0 reached loss=0.000024 < 0.013065

  Winner: Trial 0, loss=0.000024 (60s)
    Restarts run: 1
    mu: 6.550408
    D_mu: 13.120947
    T0_mu: 130.685267
    Ly: 2.201788
    op_x: 0.891561
    op_y: 0.890930
    NMSE: 0.000004
  [Saved] random_IR_0048

============================================================
[49/50] random_IR_0049.npz
  GT loss: 0.000013
  terrain_mean=1.122188  early_threshold=0.010674  (alpha=0.0095)
    --> Trial 0 | pop=43 seed=24063 x0_norm_min=-0.944 x0_norm_max=0.730
        [Trial 0] gen   20  evals=  860  best=0.3891
        [Trial 0] gen   40  evals= 1720  best=0.3891
        [Trial 0] gen   60  evals= 2580  best=0.3891
        [Trial 0] gen   80  evals= 3440  best=0.3891
        [Trial 0] gen  100  evals= 4300  best=0.3891
        [Done] Trial 0 best=0.3891
    --> Trial 1 | pop=36 seed=48492 x0_norm_min=-0.937 x0_norm_max=0.907
        [Pruned] Trial 1 at gen 15 (loss=0.5517)
    --> Trial 2 | pop=45 seed=15375 x0_norm_min=-0.344 x0_norm_max=0.824
        [Pruned] Trial 2 at gen 15 (loss=0.5122)
    --> Trial 3 | pop=34 seed=40286 x0_norm_min=-0.797 x0_norm_max=0.622
        [Pruned] Trial 3 at gen 15 (loss=0.4891)
    --> Trial 4 | pop=33 seed=29739 x0_norm_min=-0.947 x0_norm_max=0.785
        [Pruned] Trial 4 at gen 15 (loss=0.5949)
    --> Trial 5 | pop=39 seed=10625 x0_norm_min=-0.748 x0_norm_max=0.981
        [Pruned] Trial 5 at gen 15 (loss=0.6326)
    --> Trial 6 | pop=35 seed=19485 x0_norm_min=-0.929 x0_norm_max=0.732
        [Pruned] Trial 6 at gen 15 (loss=0.4924)
    --> Trial 7 | pop=42 seed=29802 x0_norm_min=-0.779 x0_norm_max=0.922
        [Pruned] Trial 7 at gen 15 (loss=0.5667)
    --> Trial 8 | pop=43 seed=72807 x0_norm_min=-0.814 x0_norm_max=0.843
        [Pruned] Trial 8 at gen 15 (loss=0.5412)
    --> Trial 9 | pop=30 seed=87051 x0_norm_min=-0.955 x0_norm_max=0.770
        [Pruned] Trial 9 at gen 15 (loss=0.5046)
    --> Trial 10 | pop=56 seed=60596 x0_norm_min=-0.841 x0_norm_max=0.672
        [Pruned] Trial 10 at gen 15 (loss=0.5791)
    --> Trial 11 | pop=49 seed=43458 x0_norm_min=-0.781 x0_norm_max=0.859
        [Trial 11] gen   20  evals=  980  best=0.3824
        [Trial 11] gen   40  evals= 1960  best=0.1786
        [Trial 11] gen   60  evals= 2940  best=0.0843
        [Trial 11] gen   80  evals= 3920  best=0.0088
        [Trial 11] gen  100  evals= 4900  best=0.0002
        [Trial 11] gen  120  evals= 5880  best=0.0000
NOTE (module=cma, iteration=127):  
condition in coordinate system exceeded 1.2e+08, rescaled to 1.0e+00, 
condition changed from 2.7e+08 to 1.2e+07
        [Done] Trial 11 best=0.0000
    --> Early stop triggered: trial 11 reached loss=0.000012 < 0.010674

  Winner: Trial 11, loss=0.000012 (168s)
    Restarts run: 12
    mu: 31.835610
    D_mu: 9.059847
    T0_mu: 31.153189
    Ly: 1.852325
    op_x: 0.606557
    op_y: 0.735329
    NMSE: 0.002608
  [Saved] random_IR_0049

============================================================
[50/50] random_IR_0050.npz
  GT loss: 0.000048
  terrain_mean=1.863820  early_threshold=0.017754  (alpha=0.0095)
    --> Trial 0 | pop=48 seed=23430 x0_norm_min=-0.944 x0_norm_max=0.730
        [Trial 0] gen   20  evals=  960  best=1.4700
        [Trial 0] gen   40  evals= 1920  best=1.0766
        [Trial 0] gen   60  evals= 2880  best=1.0486
        [Trial 0] gen   80  evals= 3840  best=0.4719
        [Trial 0] gen  100  evals= 4800  best=0.1135
        [Trial 0] gen  120  evals= 5760  best=0.0747
        [Trial 0] gen  140  evals= 6720  best=0.0068
        [Trial 0] gen  160  evals= 7680  best=0.0008
        [Trial 0] gen  180  evals= 8640  best=0.0001
NOTE (module=cma, iteration=182):  
condition in coordinate system exceeded 1.0e+08, rescaled to 1.0e+00, 
condition changed from 8.3e+08 to 3.6e+07
        [Done] Trial 0 best=0.0000
    --> Early stop triggered: trial 0 reached loss=0.000043 < 0.017754

  Winner: Trial 0, loss=0.000043 (57s)
    Restarts run: 1
    mu: 55.710150
    D_mu: 14.657745
    T0_mu: 1.504305
    Ly: 1.229376
    op_x: 0.792996
    op_y: 0.980122
    NMSE: 0.000320
  [Saved] random_IR_0050
