======================================================================
  TERNARY-SEARCH μ-REFINEMENT on CUDA (float32)
======================================================================
  CMA-ES results: /home/bhpark3/dafxchal/results/decomp_sweep/l1_stft_8192/stage1
  Targets: /home/bhpark3/dafxchal/data/random-IR-100-1.0s
  Loss: L1_STFT_8192, Duration: 0.25s
  μ search bounds: [2.430, 106.150]
  Ternary iterations: 50  (~101 evals/IR)
  Sanity grid check: on

  Loaded 50 CMA-ES results
  [  1/50] random_IR_0001.npz             mu  53.402 ->  48.931 (GT  48.930)
          NMSE 0.000310 -> 0.000000 (-100.0%)  loss 0.000000 -> 0.000000  (1.0s)
  [  2/50] random_IR_0002.npz             mu  77.054 ->  84.056 (GT  84.056)
          NMSE 0.000759 -> 0.000000 (-100.0%)  loss 0.000000 -> 0.000000  (1.2s)
  [  3/50] random_IR_0003.npz             mu  21.959 ->  24.386 (GT  24.386)
          NMSE 0.000091 -> 0.000000 (-100.0%)  loss 0.000000 -> 0.000000  (1.4s)
  [  4/50] random_IR_0004.npz             mu  16.966 ->  13.244 (GT  13.244)
          NMSE 0.000215 -> 0.000000 (-100.0%)  loss 0.000000 -> 0.000000  (1.0s)
  [  5/50] random_IR_0005.npz             mu  50.657 ->  45.159 (GT  45.159)
          NMSE 0.000468 -> 0.000000 (-100.0%)  loss 0.000000 -> 0.000000  (1.6s)
  [ 10/50] random_IR_0010.npz             mu  39.978 ->  31.912 (GT  31.912)
          NMSE 0.001008 -> 0.000000 (-100.0%)  loss 0.000000 -> 0.000000  (1.8s)
  [ 20/50] random_IR_0020.npz             mu  61.712 ->  43.384 (GT  43.384)
          NMSE 0.005204 -> 0.000000 (-100.0%)  loss 0.000000 -> 0.000000  (0.8s)
  [ 30/50] random_IR_0030.npz             mu  20.949 ->  16.703 (GT  16.703)
          NMSE 0.000279 -> 0.000000 (-100.0%)  loss 0.000000 -> 0.000000  (2.3s)
  [ 40/50] random_IR_0040.npz             mu  36.745 ->  38.783 (GT  38.783)
          NMSE 0.000064 -> 0.000000 (-100.0%)  loss 0.000000 -> 0.000000  (3.0s)
  [ 50/50] random_IR_0050.npz             mu  55.710 ->  51.163 (GT  51.163)
          NMSE 0.000320 -> 0.000000 (-100.0%)  loss 0.000000 -> 0.000000  (0.5s)

======================================================================
  AGGREGATE
======================================================================
  Mean NMSE   orig: 0.012427
              refn: 0.001365
  Median NMSE orig: 0.000731
              refn: 0.000000
  IRs improved: 50 / 50  worsened: 0  unchanged: 0
  Mean elapsed/IR:    1.39 s
  Total runtime:      84.2 s
  Wrote: /home/bhpark3/dafxchal/results/decomp_sweep/l1_stft_8192/stage2/mu_refined_summary.csv
