Traceback (most recent call last):
  File "<frozen runpy>", line 198, in _run_module_as_main
  File "<frozen runpy>", line 88, in _run_code
  File "/home/bhpark3/dafx_ddsp/src/ddsp/train_encoder.py", line 1164, in <module>
    main()
  File "/home/bhpark3/dafx_ddsp/src/ddsp/train_encoder.py", line 1160, in main
    run(args)
  File "/home/bhpark3/dafx_ddsp/src/ddsp/train_encoder.py", line 631, in run
    z_tr, x_tr = load_dataset(space, args.data_dir, args.duration, device, args.n_train)
                 ^^^^^^^^^^^^^^^^^^^^^^^^^^^^^^^^^^^^^^^^^^^^^^^^^^^^^^^^^^^^^^^^^^^^^^^
  File "/home/bhpark3/dafx_ddsp/src/ddsp/train_encoder.py", line 237, in load_dataset
    ir = load_target_ir_from_npz(npz, duration, SAMPLE_RATE)
         ^^^^^^^^^^^^^^^^^^^^^^^^^^^^^^^^^^^^^^^^^^^^^^^^^^^
  File "/home/bhpark3/dafx_ddsp/src/mu_optimization/ternary_mu.py", line 51, in load_target_ir_from_npz
    with np.load(npz_path) as data:
         ^^^^^^^^^^^^^^^^^
  File "/home/bhpark3/dafxenv/lib/python3.12/site-packages/numpy/lib/_npyio_impl.py", line 471, in load
    ret = NpzFile(fid, own_fid=own_fid, allow_pickle=allow_pickle,
          ^^^^^^^^^^^^^^^^^^^^^^^^^^^^^^^^^^^^^^^^^^^^^^^^^^^^^^^^
  File "/home/bhpark3/dafxenv/lib/python3.12/site-packages/numpy/lib/_npyio_impl.py", line 197, in __init__
    _zip = zipfile_factory(fid)
           ^^^^^^^^^^^^^^^^^^^^
  File "/home/bhpark3/dafxenv/lib/python3.12/site-packages/numpy/lib/_npyio_impl.py", line 112, in zipfile_factory
    return zipfile.ZipFile(file, *args, **kwargs)
           ^^^^^^^^^^^^^^^^^^^^^^^^^^^^^^^^^^^^^^
  File "/usr/lib/python3.12/zipfile/__init__.py", line 1365, in __init__
    self._RealGetContents()
  File "/usr/lib/python3.12/zipfile/__init__.py", line 1428, in _RealGetContents
    endrec = _EndRecData(fp)
             ^^^^^^^^^^^^^^^
  File "/usr/lib/python3.12/zipfile/__init__.py", line 312, in _EndRecData
    fpin.seek(-sizeEndCentDir, 2)
KeyboardInterrupt
Device cuda | loss L1_STFT | duration 0.25s
Loading train targets from data/train-p99
