======================================================================
  TERNARY-SEARCH μ-REFINEMENT on CUDA (float32)
======================================================================
  CMA-ES results: /home/bhpark3/dafxchal/results/ladder_1restart/l1_stft_c2/stage1
  Targets: /home/bhpark3/dafxchal/random-IR-200-0.2s
  Loss: L1_STFT_c2, Duration: 0.25s
  μ search bounds: [2.430, 106.150]
  Ternary iterations: 50  (~101 evals/IR)
  Sanity grid check: on

  Loaded 200 CMA-ES results
  [  1/200] random_IR_0001.npz             mu  18.662 ->  89.564 (GT  48.930)
          NMSE 0.108700 -> 0.120085 (+10.5%)  loss 0.000000 -> 0.000000  (4.8s)
  [  2/200] random_IR_0002.npz             mu  20.790 -> 106.150 (GT  84.056)
          NMSE 0.070357 -> 0.015911 (-77.4%)  loss 0.000000 -> 0.000000  (1.2s)
  [  3/200] random_IR_0003.npz             mu  25.655 ->   4.008 (GT  24.386)
          NMSE 0.166607 -> 0.173016 (+3.8%)  loss 0.000000 -> 0.000000  (1.4s)
  [  4/200] random_IR_0004.npz             mu  52.611 ->  22.524 (GT  13.244)
          NMSE 0.116606 -> 0.093931 (-19.4%)  loss 0.000000 -> 0.000000  (1.9s)
  [  5/200] random_IR_0005.npz             mu  63.267 ->  45.564 (GT  45.159)
          NMSE 0.005217 -> 0.000139 (-97.3%)  loss 0.000000 -> 0.000000  (1.6s)
  [ 10/200] random_IR_0010.npz             mu  22.643 ->   8.535 (GT  31.912)
          NMSE 0.199178 -> 0.206314 (+3.6%)  loss 0.000000 -> 0.000000  (3.0s)
  [ 20/200] random_IR_0020.npz             mu  19.476 -> 106.150 (GT  43.384)
          NMSE 0.074157 -> 0.126337 (+70.4%)  loss 0.000000 -> 0.000000  (3.8s)
  [ 30/200] random_IR_0030.npz             mu  16.615 ->   7.326 (GT  16.703)
          NMSE 0.095073 -> 0.096435 (+1.4%)  loss 0.000000 -> 0.000000  (4.4s)
  [ 40/200] random_IR_0040.npz             mu   7.466 ->  72.521 (GT  38.783)
          NMSE 0.086483 -> 0.088924 (+2.8%)  loss 0.000000 -> 0.000000  (5.7s)
  [ 50/200] random_IR_0050.npz             mu  27.614 -> 106.150 (GT  51.163)
          NMSE 0.066005 -> 0.104256 (+58.0%)  loss 0.000000 -> 0.000000  (1.3s)
  [ 60/200] random_IR_0060.npz             mu  27.520 ->   7.344 (GT   9.223)
          NMSE 0.045887 -> 0.040755 (-11.2%)  loss 0.000000 -> 0.000000  (1.9s)
  [ 70/200] random_IR_0070.npz             mu  14.921 ->  39.208 (GT  14.682)
          NMSE 0.114778 -> 0.124096 (+8.1%)  loss 0.000000 -> 0.000000  (2.1s)
  [ 80/200] random_IR_0080.npz             mu  18.458 ->  44.463 (GT  25.343)
          NMSE 0.064950 -> 0.069880 (+7.6%)  loss 0.000000 -> 0.000000  (3.2s)
  [ 90/200] random_IR_0090.npz             mu  19.345 -> 106.150 (GT  82.421)
          NMSE 0.126305 -> 0.073391 (-41.9%)  loss 0.000000 -> 0.000000  (3.8s)
  [100/200] random_IR_0100.npz             mu  37.197 ->  12.874 (GT  18.620)
          NMSE 0.081566 -> 0.076731 (-5.9%)  loss 0.000000 -> 0.000000  (1.7s)
  [110/200] random_IR_0110.npz             mu  12.457 ->  72.704 (GT  95.328)
          NMSE 0.184558 -> 0.086092 (-53.4%)  loss 0.000000 -> 0.000000  (1.6s)
  [120/200] random_IR_0120.npz             mu  75.033 ->  70.034 (GT  83.381)
          NMSE 0.015679 -> 0.017359 (+10.7%)  loss 0.000000 -> 0.000000  (2.1s)
  [130/200] random_IR_0130.npz             mu  37.607 ->  52.105 (GT  21.116)
          NMSE 0.015731 -> 0.026396 (+67.8%)  loss 0.000000 -> 0.000000  (1.1s)
  [140/200] random_IR_0140.npz             mu   4.634 ->  44.391 (GT  62.422)
          NMSE 0.108539 -> 0.061840 (-43.0%)  loss 0.000000 -> 0.000000  (3.1s)
  [150/200] random_IR_0150.npz             mu   9.010 ->  20.846 (GT  16.116)
          NMSE 0.055116 -> 0.054681 (-0.8%)  loss 0.000000 -> 0.000000  (5.8s)
  [160/200] random_IR_0160.npz             mu  11.443 -> 106.150 (GT  33.863)
          NMSE 0.025334 -> 0.098501 (+288.8%)  loss 0.000000 -> 0.000000  (1.8s)
  [170/200] random_IR_0170.npz             mu   9.782 ->  28.015 (GT  28.231)
          NMSE 0.008565 -> 0.003293 (-61.6%)  loss 0.000000 -> 0.000000  (1.8s)
  [180/200] random_IR_0180.npz             mu   3.039 ->  74.817 (GT  34.882)
          NMSE 0.132084 -> 0.141083 (+6.8%)  loss 0.000000 -> 0.000000  (2.2s)
  [190/200] random_IR_0190.npz             mu   5.724 ->  51.422 (GT  87.996)
          NMSE 0.309245 -> 0.225104 (-27.2%)  loss 0.000000 -> 0.000000  (3.8s)
  [200/200] random_IR_0200.npz             mu  36.854 -> 106.150 (GT  68.271)
          NMSE 0.094338 -> 0.101276 (+7.4%)  loss 0.000000 -> 0.000000  (1.9s)

======================================================================
  AGGREGATE
======================================================================
  Mean NMSE   orig: 0.077798
              refn: 0.083139
  Median NMSE orig: 0.063506
              refn: 0.074785
  IRs improved: 98 / 200  worsened: 102  unchanged: 0
  Mean elapsed/IR:    2.78 s
  Total runtime:      670.0 s
  Wrote: /home/bhpark3/dafxchal/results/ladder_1restart/l1_stft_c2/stage2/mu_refined_summary.csv
