CMA-ES with LHS + Normalized Space on CUDA
  Loss: L1_STFT_multi
  Available losses: MSS, SC+LogMag, CQT_L1, CQT+LogDec, Mel, LSD, L1_STFT, L1_STFT_1024, MultiResCQT, VQT, Gammatone, Envelope, ESR, FreqDecay, Subband, ModalDensity, Dispersion, CentroidTraj, OnsetDisp, NullPattern, GroupDelay, ComplexSTFT, InstFreq, Scattering1D, SoftDTW_Mel, L1, L2, L1_STFT_512, L1_STFT_2048, L1_STFT_8192, L1_STFT_multi, L1_STFT_log, L1_STFT_sc, L1_STFT_log_multi, L1_STFT_sc_multi, L1_STFT_log_sc
  Trials: 20
  Duration: 0.25s
  Search: normalized [-1, 1] space; expanded to physical bounds for synthesis
  sigma0: 0.6
  tolfun: 1e-05
  tolfunhist: 1e-05
  pruner_min_resource: 15
  pruner_reduction_factor: 3

============================================================
[1/50] random_IR_0001.npz
  GT loss: 0.000013
  terrain_mean=0.756797  early_threshold=0.007202  (alpha=0.0095)
    --> Trial 0 | pop=35 seed=10891 x0_norm_min=-0.944 x0_norm_max=0.730
        [Trial 0] gen   20  evals=  700  best=0.4574
        [Trial 0] gen   40  evals= 1400  best=0.3165
        [Trial 0] gen   60  evals= 2100  best=0.0882
        [Trial 0] gen   80  evals= 2800  best=0.0156
        [Trial 0] gen  100  evals= 3500  best=0.0008
        [Trial 0] gen  120  evals= 4200  best=0.0000
        [Trial 0] gen  140  evals= 4900  best=0.0000
        [Done] Trial 0 best=0.0000
    --> Early stop triggered: trial 0 reached loss=0.000010 < 0.007202

  Winner: Trial 0, loss=0.000010 (52s)
    Restarts run: 1
    mu: 77.711268
    D_mu: 13.780470
    T0_mu: 12.318912
    Ly: 2.691559
    op_x: 0.826488
    op_y: 0.724418
    NMSE: 0.012833
  [Saved] random_IR_0001

============================================================
[2/50] random_IR_0002.npz
  GT loss: 0.000017
  terrain_mean=0.851259  early_threshold=0.008104  (alpha=0.0095)
    --> Trial 0 | pop=59 seed=24958 x0_norm_min=-0.944 x0_norm_max=0.730
        [Trial 0] gen   20  evals= 1180  best=0.4803
        [Trial 0] gen   40  evals= 2360  best=0.1943
        [Trial 0] gen   60  evals= 3540  best=0.0585
        [Trial 0] gen   80  evals= 4720  best=0.0019
        [Trial 0] gen  100  evals= 5900  best=0.0001
        [Done] Trial 0 best=0.0000
    --> Early stop triggered: trial 0 reached loss=0.000017 < 0.008104

  Winner: Trial 0, loss=0.000017 (82s)
    Restarts run: 1
    mu: 35.054149
    D_mu: 17.897193
    T0_mu: 4.561802
    Ly: 3.686142
    op_x: 0.788342
    op_y: 0.963542
    NMSE: 0.037200
  [Saved] random_IR_0002

============================================================
[3/50] random_IR_0003.npz
  GT loss: 0.000040
  terrain_mean=1.286115  early_threshold=0.012257  (alpha=0.0095)
    --> Trial 0 | pop=39 seed=74355 x0_norm_min=-0.944 x0_norm_max=0.730
        [Trial 0] gen   20  evals=  780  best=0.6263
        [Trial 0] gen   40  evals= 1560  best=0.6263
        [Trial 0] gen   60  evals= 2340  best=0.6174
        [Trial 0] gen   80  evals= 3120  best=0.5763
        [Trial 0] gen  100  evals= 3900  best=0.5393
        [Trial 0] gen  120  evals= 4680  best=0.0888
        [Trial 0] gen  140  evals= 5460  best=0.0129
        [Trial 0] gen  160  evals= 6240  best=0.0003
        [Trial 0] gen  180  evals= 7020  best=0.0000
NOTE (module=cma, iteration=187):  
condition in coordinate system exceeded 1.7e+08, rescaled to 1.0e+00, 
condition changed from 3.9e+08 to 5.5e+07
        [Done] Trial 0 best=0.0000
    --> Early stop triggered: trial 0 reached loss=0.000034 < 0.012257

  Winner: Trial 0, loss=0.000034 (101s)
    Restarts run: 1
    mu: 27.407959
    D_mu: 1.663153
    T0_mu: 0.829543
    Ly: 1.306005
    op_x: 0.936306
    op_y: 0.989523
    NMSE: 0.000142
  [Saved] random_IR_0003

============================================================
[4/50] random_IR_0004.npz
  GT loss: 0.000021
  terrain_mean=0.932319  early_threshold=0.008877  (alpha=0.0095)
    --> Trial 0 | pop=55 seed=94597 x0_norm_min=-0.944 x0_norm_max=0.730
        [Trial 0] gen   20  evals= 1100  best=0.4957
        [Trial 0] gen   40  evals= 2200  best=0.2567
        [Trial 0] gen   60  evals= 3300  best=0.0527
        [Trial 0] gen   80  evals= 4400  best=0.0040
        [Trial 0] gen  100  evals= 5500  best=0.0001
        [Trial 0] gen  120  evals= 6600  best=0.0000
NOTE (module=cma, iteration=122):  
condition in coordinate system exceeded 1.1e+08, rescaled to 1.0e+00, 
condition changed from 4.2e+08 to 3.2e+07
        [Done] Trial 0 best=0.0000
    --> Early stop triggered: trial 0 reached loss=0.000019 < 0.008877

  Winner: Trial 0, loss=0.000019 (62s)
    Restarts run: 1
    mu: 16.947887
    D_mu: 25.512222
    T0_mu: 58.936469
    Ly: 3.417560
    op_x: 0.580243
    op_y: 0.972888
    NMSE: 0.000213
  [Saved] random_IR_0004

============================================================
[5/50] random_IR_0005.npz
  GT loss: 0.000007
  terrain_mean=0.825348  early_threshold=0.007848  (alpha=0.0095)
    --> Trial 0 | pop=44 seed=39218 x0_norm_min=-0.944 x0_norm_max=0.730
        [Trial 0] gen   20  evals=  880  best=0.2142
        [Trial 0] gen   40  evals= 1760  best=0.0468
        [Trial 0] gen   60  evals= 2640  best=0.0025
        [Trial 0] gen   80  evals= 3520  best=0.0001
        [Trial 0] gen  100  evals= 4400  best=0.0000
        [Done] Trial 0 best=0.0000
    --> Early stop triggered: trial 0 reached loss=0.000007 < 0.007848

  Winner: Trial 0, loss=0.000007 (77s)
    Restarts run: 1
    mu: 68.828861
    D_mu: 5.059945
    T0_mu: 5.858513
    Ly: 2.613360
    op_x: 0.788533
    op_y: 0.519207
    NMSE: 0.008680
  [Saved] random_IR_0005

============================================================
[6/50] random_IR_0006.npz
  GT loss: 0.000011
  terrain_mean=0.784213  early_threshold=0.007461  (alpha=0.0095)
    --> Trial 0 | pop=45 seed=22884 x0_norm_min=-0.944 x0_norm_max=0.730
        [Trial 0] gen   20  evals=  900  best=0.3652
        [Trial 0] gen   40  evals= 1800  best=0.3652
        [Trial 0] gen   60  evals= 2700  best=0.3652
        [Trial 0] gen   80  evals= 3600  best=0.3652
        [Trial 0] gen  100  evals= 4500  best=0.3652
        [Done] Trial 0 best=0.3652
    --> Trial 1 | pop=49 seed=23516 x0_norm_min=-0.937 x0_norm_max=0.907
        [Pruned] Trial 1 at gen 15 (loss=0.4262)
    --> Trial 2 | pop=59 seed=3614 x0_norm_min=-0.344 x0_norm_max=0.824
        [Trial 2] gen   20  evals= 1180  best=0.2547
        [Trial 2] gen   40  evals= 2360  best=0.0409
        [Trial 2] gen   60  evals= 3540  best=0.0032
        [Trial 2] gen   80  evals= 4720  best=0.0002
        [Trial 2] gen  100  evals= 5900  best=0.0000
        [Done] Trial 2 best=0.0000
    --> Early stop triggered: trial 2 reached loss=0.000009 < 0.007461

  Winner: Trial 2, loss=0.000009 (151s)
    Restarts run: 3
    mu: 90.438573
    D_mu: 8.976842
    T0_mu: 8.868864
    Ly: 2.891143
    op_x: 0.686159
    op_y: 0.724146
    NMSE: 0.006752
  [Saved] random_IR_0006

============================================================
[7/50] random_IR_0007.npz
  GT loss: 0.000010
  terrain_mean=0.787205  early_threshold=0.007488  (alpha=0.0095)
    --> Trial 0 | pop=50 seed=757 x0_norm_min=-0.944 x0_norm_max=0.730
        [Trial 0] gen   20  evals= 1000  best=0.2875
        [Trial 0] gen   40  evals= 2000  best=0.2097
        [Trial 0] gen   60  evals= 3000  best=0.0307
        [Trial 0] gen   80  evals= 4000  best=0.0008
        [Trial 0] gen  100  evals= 5000  best=0.0001
        [Trial 0] gen  120  evals= 6000  best=0.0000
NOTE (module=cma, iteration=120):  
condition in coordinate system exceeded 1.0e+08, rescaled to 1.0e+00, 
condition changed from 5.1e+08 to 1.8e+07
        [Done] Trial 0 best=0.0000
    --> Early stop triggered: trial 0 reached loss=0.000008 < 0.007488

  Winner: Trial 0, loss=0.000008 (269s)
    Restarts run: 1
    mu: 26.233837
    D_mu: 0.902805
    T0_mu: 35.731299
    Ly: 3.123130
    op_x: 0.573174
    op_y: 0.664560
    NMSE: 0.000889
  [Saved] random_IR_0007

============================================================
[8/50] random_IR_0008.npz
  GT loss: 0.000006
  terrain_mean=0.920078  early_threshold=0.008747  (alpha=0.0095)
    --> Trial 0 | pop=49 seed=99645 x0_norm_min=-0.944 x0_norm_max=0.730
        [Trial 0] gen   20  evals=  980  best=0.2542
        [Trial 0] gen   40  evals= 1960  best=0.0909
        [Trial 0] gen   60  evals= 2940  best=0.0045
        [Trial 0] gen   80  evals= 3920  best=0.0003
        [Trial 0] gen  100  evals= 4900  best=0.0000
        [Done] Trial 0 best=0.0000
    --> Early stop triggered: trial 0 reached loss=0.000006 < 0.008747

  Winner: Trial 0, loss=0.000006 (81s)
    Restarts run: 1
    mu: 20.616934
    D_mu: 3.761798
    T0_mu: 6.362757
    Ly: 2.154761
    op_x: 0.612350
    op_y: 0.589042
    NMSE: 0.036168
  [Saved] random_IR_0008

============================================================
[9/50] random_IR_0009.npz
  GT loss: 0.000009
  terrain_mean=0.764969  early_threshold=0.007276  (alpha=0.0095)
    --> Trial 0 | pop=57 seed=56887 x0_norm_min=-0.944 x0_norm_max=0.730
        [Trial 0] gen   20  evals= 1140  best=0.3738
        [Trial 0] gen   40  evals= 2280  best=0.2918
        [Trial 0] gen   60  evals= 3420  best=0.2478
        [Trial 0] gen   80  evals= 4560  best=0.2456
        [Trial 0] gen  100  evals= 5700  best=0.2455
        [Done] Trial 0 best=0.2455
    --> Trial 1 | pop=44 seed=52784 x0_norm_min=-0.937 x0_norm_max=0.907
        [Trial 1] gen   20  evals=  880  best=0.3615
        [Trial 1] gen   40  evals= 1760  best=0.1864
        [Trial 1] gen   60  evals= 2640  best=0.0168
        [Trial 1] gen   80  evals= 3520  best=0.0006
        [Trial 1] gen  100  evals= 4400  best=0.0000
        [Done] Trial 1 best=0.0000
    --> Early stop triggered: trial 1 reached loss=0.000008 < 0.007276

  Winner: Trial 1, loss=0.000008 (213s)
    Restarts run: 2
    mu: 29.235749
    D_mu: 4.683009
    T0_mu: 32.971742
    Ly: 2.994014
    op_x: 0.564084
    op_y: 0.831602
    NMSE: 0.003529
  [Saved] random_IR_0009

============================================================
[10/50] random_IR_0010.npz
  GT loss: 0.000012
  terrain_mean=0.753625  early_threshold=0.007171  (alpha=0.0095)
    --> Trial 0 | pop=33 seed=75652 x0_norm_min=-0.944 x0_norm_max=0.730
        [Trial 0] gen   20  evals=  660  best=0.4901
        [Trial 0] gen   40  evals= 1320  best=0.4813
        [Trial 0] gen   60  evals= 1980  best=0.4744
        [Trial 0] gen   80  evals= 2640  best=0.4667
        [Trial 0] gen  100  evals= 3300  best=0.4666
        [Trial 0] gen  120  evals= 3960  best=0.4666
        [Done] Trial 0 best=0.4666
    --> Trial 1 | pop=50 seed=29960 x0_norm_min=-0.937 x0_norm_max=0.907
        [Trial 1] gen   20  evals= 1000  best=0.4695
        [Trial 1] gen   40  evals= 2000  best=0.4690
        [Trial 1] gen   60  evals= 3000  best=0.4449
        [Trial 1] gen   80  evals= 4000  best=0.4449
        [Trial 1] gen  100  evals= 5000  best=0.4449
        [Trial 1] gen  120  evals= 6000  best=0.4449
        [Done] Trial 1 best=0.4449
    --> Trial 2 | pop=54 seed=19130 x0_norm_min=-0.344 x0_norm_max=0.824
        [Trial 2] gen   20  evals= 1080  best=0.4552
        [Trial 2] gen   40  evals= 2160  best=0.4357
        [Trial 2] gen   60  evals= 3240  best=0.1615
        [Trial 2] gen   80  evals= 4320  best=0.0369
        [Trial 2] gen  100  evals= 5400  best=0.0011
        [Trial 2] gen  120  evals= 6480  best=0.0000
        [Done] Trial 2 best=0.0000
    --> Early stop triggered: trial 2 reached loss=0.000012 < 0.007171

  Winner: Trial 2, loss=0.000012 (626s)
    Restarts run: 3
    mu: 39.562218
    D_mu: 1.299656
    T0_mu: 11.554529
    Ly: 1.500730
    op_x: 0.920593
    op_y: 0.557088
    NMSE: 0.000907
  [Saved] random_IR_0010

============================================================
[11/50] random_IR_0011.npz
  GT loss: 0.000010
  terrain_mean=0.791563  early_threshold=0.007529  (alpha=0.0095)
    --> Trial 0 | pop=31 seed=60357 x0_norm_min=-0.944 x0_norm_max=0.730
        [Trial 0] gen   20  evals=  620  best=0.3560
        [Trial 0] gen   40  evals= 1240  best=0.1866
        [Trial 0] gen   60  evals= 1860  best=0.0550
        [Trial 0] gen   80  evals= 2480  best=0.0045
        [Trial 0] gen  100  evals= 3100  best=0.0002
        [Trial 0] gen  120  evals= 3720  best=0.0000
        [Trial 0] gen  140  evals= 4340  best=0.0000
        [Done] Trial 0 best=0.0000
    --> Early stop triggered: trial 0 reached loss=0.000009 < 0.007529

  Winner: Trial 0, loss=0.000009 (74s)
    Restarts run: 1
    mu: 36.266426
    D_mu: 9.585649
    T0_mu: 24.620504
    Ly: 3.931732
    op_x: 0.529202
    op_y: 0.648575
    NMSE: 0.000180
  [Saved] random_IR_0011

============================================================
[12/50] random_IR_0012.npz
  GT loss: 0.000008
  terrain_mean=0.732013  early_threshold=0.006962  (alpha=0.0095)
    --> Trial 0 | pop=51 seed=45828 x0_norm_min=-0.944 x0_norm_max=0.730
        [Trial 0] gen   20  evals= 1020  best=0.3889
        [Trial 0] gen   40  evals= 2040  best=0.3826
        [Trial 0] gen   60  evals= 3060  best=0.3691
        [Trial 0] gen   80  evals= 4080  best=0.3677
        [Trial 0] gen  100  evals= 5100  best=0.3674
        [Trial 0] gen  120  evals= 6120  best=0.3673
        [Done] Trial 0 best=0.3673
    --> Trial 1 | pop=38 seed=71688 x0_norm_min=-0.937 x0_norm_max=0.907
        [Trial 1] gen   20  evals=  760  best=0.3807
        [Trial 1] gen   40  evals= 1520  best=0.3709
        [Pruned] Trial 1 at gen 45 (loss=0.3709)
    --> Trial 2 | pop=47 seed=55781 x0_norm_min=-0.344 x0_norm_max=0.824
        [Trial 2] gen   20  evals=  940  best=0.3505
        [Trial 2] gen   40  evals= 1880  best=0.3311
        [Trial 2] gen   60  evals= 2820  best=0.3295
        [Trial 2] gen   80  evals= 3760  best=0.3291
        [Done] Trial 2 best=0.3291
    --> Trial 3 | pop=42 seed=99338 x0_norm_min=-0.797 x0_norm_max=0.622
        [Trial 3] gen   20  evals=  840  best=0.3646
        [Trial 3] gen   40  evals= 1680  best=0.3495
        [Pruned] Trial 3 at gen 45 (loss=0.3476)
    --> Trial 4 | pop=47 seed=8124 x0_norm_min=-0.947 x0_norm_max=0.785
        [Pruned] Trial 4 at gen 15 (loss=0.3849)
    --> Trial 5 | pop=60 seed=32282 x0_norm_min=-0.748 x0_norm_max=0.981
        [Pruned] Trial 5 at gen 15 (loss=0.3908)
    --> Trial 6 | pop=38 seed=31851 x0_norm_min=-0.929 x0_norm_max=0.732
        [Trial 6] gen   20  evals=  760  best=0.3506
        [Trial 6] gen   40  evals= 1520  best=0.3506
        [Pruned] Trial 6 at gen 45 (loss=0.3506)
    --> Trial 7 | pop=33 seed=13957 x0_norm_min=-0.779 x0_norm_max=0.922
        [Pruned] Trial 7 at gen 15 (loss=0.3867)
    --> Trial 8 | pop=60 seed=17029 x0_norm_min=-0.814 x0_norm_max=0.843
        [Trial 8] gen   20  evals= 1200  best=0.3232
        [Trial 8] gen   40  evals= 2400  best=0.3232
        [Trial 8] gen   60  evals= 3600  best=0.3232
        [Trial 8] gen   80  evals= 4800  best=0.3232
        [Done] Trial 8 best=0.3232
    --> Trial 9 | pop=55 seed=13538 x0_norm_min=-0.955 x0_norm_max=0.770
        [Pruned] Trial 9 at gen 15 (loss=0.3833)
    --> Trial 10 | pop=30 seed=88097 x0_norm_min=-0.841 x0_norm_max=0.672
        [Pruned] Trial 10 at gen 15 (loss=0.3843)
    --> Trial 11 | pop=60 seed=61925 x0_norm_min=-0.781 x0_norm_max=0.859
        [Trial 11] gen   20  evals= 1200  best=0.2787
        [Trial 11] gen   40  evals= 2400  best=0.2787
        [Trial 11] gen   60  evals= 3600  best=0.2787
        [Trial 11] gen   80  evals= 4800  best=0.2787
        [Trial 11] gen  100  evals= 6000  best=0.2787
        [Done] Trial 11 best=0.2787
    --> Trial 12 | pop=60 seed=67466 x0_norm_min=-0.402 x0_norm_max=0.428
        [Pruned] Trial 12 at gen 15 (loss=0.3648)
    --> Trial 13 | pop=55 seed=34660 x0_norm_min=-0.863 x0_norm_max=0.955
        [Pruned] Trial 13 at gen 15 (loss=0.3834)
    --> Trial 14 | pop=55 seed=1087 x0_norm_min=-0.897 x0_norm_max=-0.091
        [Trial 14] gen   20  evals= 1100  best=0.3433
        [Trial 14] gen   40  evals= 2200  best=0.3433
        [Pruned] Trial 14 at gen 45 (loss=0.3433)
    --> Trial 15 | pop=60 seed=75244 x0_norm_min=-0.690 x0_norm_max=0.990
        [Pruned] Trial 15 at gen 15 (loss=0.3799)
    --> Trial 16 | pop=56 seed=52094 x0_norm_min=-0.776 x0_norm_max=0.982
        [Trial 16] gen   20  evals= 1120  best=0.3620
        [Trial 16] gen   40  evals= 2240  best=0.3555
        [Pruned] Trial 16 at gen 45 (loss=0.3346)
    --> Trial 17 | pop=50 seed=19802 x0_norm_min=-0.863 x0_norm_max=0.835
        [Pruned] Trial 17 at gen 15 (loss=0.3795)
    --> Trial 18 | pop=57 seed=61367 x0_norm_min=-0.933 x0_norm_max=0.907
        [Trial 18] gen   20  evals= 1140  best=0.3533
        [Trial 18] gen   40  evals= 2280  best=0.3533
        [Pruned] Trial 18 at gen 45 (loss=0.3503)
    --> Trial 19 | pop=50 seed=82458 x0_norm_min=-0.948 x0_norm_max=0.822
        [Pruned] Trial 19 at gen 15 (loss=0.3785)

  Winner: Trial 11, loss=0.278737 (489s)
    Restarts run: 20
    mu: 68.117306
    D_mu: 7.503316
    T0_mu: 7.943587
    Ly: 1.494043
    op_x: 0.558739
    op_y: 0.834279
    NMSE: 0.038756
  [Saved] random_IR_0012

============================================================
[13/50] random_IR_0013.npz
  GT loss: 0.000028
  terrain_mean=1.093193  early_threshold=0.010413  (alpha=0.0095)
    --> Trial 0 | pop=41 seed=85543 x0_norm_min=-0.944 x0_norm_max=0.730
        [Trial 0] gen   20  evals=  820  best=0.7405
        [Trial 0] gen   40  evals= 1640  best=0.3744
        [Trial 0] gen   60  evals= 2460  best=0.2433
        [Trial 0] gen   80  evals= 3280  best=0.2128
        [Trial 0] gen  100  evals= 4100  best=0.0600
        [Trial 0] gen  120  evals= 4920  best=0.0059
        [Trial 0] gen  140  evals= 5740  best=0.0003
        [Trial 0] gen  160  evals= 6560  best=0.0000
NOTE (module=cma, iteration=164):  
condition in coordinate system exceeded 1.1e+08, rescaled to 1.0e+00, 
condition changed from 4.6e+08 to 8.5e+06
        [Done] Trial 0 best=0.0000
    --> Early stop triggered: trial 0 reached loss=0.000028 < 0.010413

  Winner: Trial 0, loss=0.000028 (70s)
    Restarts run: 1
    mu: 16.491872
    D_mu: 13.965674
    T0_mu: 60.488362
    Ly: 2.743144
    op_x: 0.965355
    op_y: 0.666099
    NMSE: 0.000953
  [Saved] random_IR_0013

============================================================
[14/50] random_IR_0014.npz
  GT loss: 0.000009
  terrain_mean=0.711288  early_threshold=0.006767  (alpha=0.0095)
    --> Trial 0 | pop=60 seed=75823 x0_norm_min=-0.944 x0_norm_max=0.730
        [Trial 0] gen   20  evals= 1200  best=0.3200
        [Trial 0] gen   40  evals= 2400  best=0.0911
        [Trial 0] gen   60  evals= 3600  best=0.0124
        [Trial 0] gen   80  evals= 4800  best=0.0002
        [Trial 0] gen  100  evals= 6000  best=0.0000
NOTE (module=cma, iteration=108):  
condition in coordinate system exceeded 1.2e+08, rescaled to 1.0e+00, 
condition changed from 5.4e+08 to 2.8e+07
        [Done] Trial 0 best=0.0000
    --> Early stop triggered: trial 0 reached loss=0.000008 < 0.006767

  Winner: Trial 0, loss=0.000008 (164s)
    Restarts run: 1
    mu: 13.029617
    D_mu: 2.503032
    T0_mu: 59.593476
    Ly: 3.035490
    op_x: 0.797391
    op_y: 0.519853
    NMSE: 0.000016
  [Saved] random_IR_0014

============================================================
[15/50] random_IR_0015.npz
  GT loss: 0.000036
  terrain_mean=1.191481  early_threshold=0.011355  (alpha=0.0095)
    --> Trial 0 | pop=51 seed=54285 x0_norm_min=-0.944 x0_norm_max=0.730
        [Trial 0] gen   20  evals= 1020  best=0.8540
        [Trial 0] gen   40  evals= 2040  best=0.7494
        [Trial 0] gen   60  evals= 3060  best=0.4705
        [Trial 0] gen   80  evals= 4080  best=0.1079
        [Trial 0] gen  100  evals= 5100  best=0.0020
        [Trial 0] gen  120  evals= 6120  best=0.0001
NOTE (module=cma, iteration=138):  
condition in coordinate system exceeded 1.0e+08, rescaled to 1.0e+00, 
condition changed from 1.0e+09 to 6.8e+07
        [Trial 0] gen  140  evals= 7140  best=0.0000
        [Done] Trial 0 best=0.0000
    --> Early stop triggered: trial 0 reached loss=0.000033 < 0.011355

  Winner: Trial 0, loss=0.000033 (184s)
    Restarts run: 1
    mu: 7.627526
    D_mu: 2.206074
    T0_mu: 88.637252
    Ly: 3.503926
    op_x: 0.981472
    op_y: 0.631889
    NMSE: 0.000000
  [Saved] random_IR_0015

============================================================
[16/50] random_IR_0016.npz
  GT loss: 0.000013
  terrain_mean=0.844366  early_threshold=0.008034  (alpha=0.0095)
    --> Trial 0 | pop=57 seed=20717 x0_norm_min=-0.944 x0_norm_max=0.730
        [Trial 0] gen   20  evals= 1140  best=0.4612
        [Trial 0] gen   40  evals= 2280  best=0.4581
        [Trial 0] gen   60  evals= 3420  best=0.4581
        [Trial 0] gen   80  evals= 4560  best=0.4581
        [Trial 0] gen  100  evals= 5700  best=0.4581
        [Done] Trial 0 best=0.4581
    --> Trial 1 | pop=58 seed=1701 x0_norm_min=-0.937 x0_norm_max=0.907
        [Trial 1] gen   20  evals= 1160  best=0.4301
        [Trial 1] gen   40  evals= 2320  best=0.4301
        [Trial 1] gen   60  evals= 3480  best=0.4301
        [Trial 1] gen   80  evals= 4640  best=0.4301
        [Trial 1] gen  100  evals= 5800  best=0.4301
        [Done] Trial 1 best=0.4301
    --> Trial 2 | pop=51 seed=99185 x0_norm_min=-0.344 x0_norm_max=0.824
        [Pruned] Trial 2 at gen 15 (loss=0.5023)
    --> Trial 3 | pop=57 seed=86762 x0_norm_min=-0.797 x0_norm_max=0.622
        [Pruned] Trial 3 at gen 15 (loss=0.5388)
    --> Trial 4 | pop=52 seed=73926 x0_norm_min=-0.947 x0_norm_max=0.785
        [Pruned] Trial 4 at gen 15 (loss=0.4493)
    --> Trial 5 | pop=45 seed=61530 x0_norm_min=-0.748 x0_norm_max=0.981
        [Pruned] Trial 5 at gen 15 (loss=0.5369)
    --> Trial 6 | pop=42 seed=12697 x0_norm_min=-0.929 x0_norm_max=0.732
        [Trial 6] gen   20  evals=  840  best=0.3813
        [Trial 6] gen   40  evals= 1680  best=0.3197
        [Trial 6] gen   60  evals= 2520  best=0.0344
        [Trial 6] gen   80  evals= 3360  best=0.0040
        [Trial 6] gen  100  evals= 4200  best=0.0005
        [Trial 6] gen  120  evals= 5040  best=0.0000
        [Done] Trial 6 best=0.0000
    --> Early stop triggered: trial 6 reached loss=0.000012 < 0.008034

  Winner: Trial 6, loss=0.000012 (187s)
    Restarts run: 7
    mu: 21.144535
    D_mu: 32.391451
    T0_mu: 25.649713
    Ly: 2.770856
    op_x: 0.729091
    op_y: 0.924740
    NMSE: 0.000021
  [Saved] random_IR_0016

============================================================
[17/50] random_IR_0017.npz
  GT loss: 0.000015
  terrain_mean=0.808850  early_threshold=0.007699  (alpha=0.0095)
    --> Trial 0 | pop=37 seed=18801 x0_norm_min=-0.944 x0_norm_max=0.730
        [Trial 0] gen   20  evals=  740  best=0.4714
        [Trial 0] gen   40  evals= 1480  best=0.3822
        [Trial 0] gen   60  evals= 2220  best=0.0647
        [Trial 0] gen   80  evals= 2960  best=0.0051
        [Trial 0] gen  100  evals= 3700  best=0.0001
        [Trial 0] gen  120  evals= 4440  best=0.0000
NOTE (module=cma, iteration=127):  
condition in coordinate system exceeded 1.0e+08, rescaled to 1.0e+00, 
condition changed from 2.5e+08 to 2.6e+07
        [Done] Trial 0 best=0.0000
    --> Early stop triggered: trial 0 reached loss=0.000014 < 0.007699

  Winner: Trial 0, loss=0.000014 (67s)
    Restarts run: 1
    mu: 26.114115
    D_mu: 8.702206
    T0_mu: 37.599015
    Ly: 3.128490
    op_x: 0.794824
    op_y: 0.942050
    NMSE: 0.000310
  [Saved] random_IR_0017

============================================================
[18/50] random_IR_0018.npz
  GT loss: 0.000011
  terrain_mean=0.787625  early_threshold=0.007493  (alpha=0.0095)
    --> Trial 0 | pop=31 seed=16760 x0_norm_min=-0.944 x0_norm_max=0.730
        [Trial 0] gen   20  evals=  620  best=0.2408
        [Trial 0] gen   40  evals= 1240  best=0.0444
        [Trial 0] gen   60  evals= 1860  best=0.0022
        [Trial 0] gen   80  evals= 2480  best=0.0001
        [Trial 0] gen  100  evals= 3100  best=0.0000
        [Done] Trial 0 best=0.0000
    --> Early stop triggered: trial 0 reached loss=0.000011 < 0.007493

  Winner: Trial 0, loss=0.000011 (42s)
    Restarts run: 1
    mu: 43.139471
    D_mu: 10.973825
    T0_mu: 6.298285
    Ly: 3.108342
    op_x: 0.717689
    op_y: 0.807133
    NMSE: 0.020593
  [Saved] random_IR_0018

============================================================
[19/50] random_IR_0019.npz
  GT loss: 0.000006
  terrain_mean=0.740270  early_threshold=0.007038  (alpha=0.0095)
    --> Trial 0 | pop=39 seed=3977 x0_norm_min=-0.944 x0_norm_max=0.730
        [Trial 0] gen   20  evals=  780  best=0.3429
        [Trial 0] gen   40  evals= 1560  best=0.1954
        [Trial 0] gen   60  evals= 2340  best=0.0528
        [Trial 0] gen   80  evals= 3120  best=0.0023
        [Trial 0] gen  100  evals= 3900  best=0.0001
        [Trial 0] gen  120  evals= 4680  best=0.0000
        [Done] Trial 0 best=0.0000
    --> Early stop triggered: trial 0 reached loss=0.000006 < 0.007038

  Winner: Trial 0, loss=0.000006 (35s)
    Restarts run: 1
    mu: 14.401819
    D_mu: 8.867140
    T0_mu: 37.955904
    Ly: 1.155660
    op_x: 0.720097
    op_y: 0.576382
    NMSE: 0.000139
  [Saved] random_IR_0019

============================================================
[20/50] random_IR_0020.npz
  GT loss: 0.000009
  terrain_mean=0.731613  early_threshold=0.006959  (alpha=0.0095)
    --> Trial 0 | pop=51 seed=70133 x0_norm_min=-0.944 x0_norm_max=0.730
        [Trial 0] gen   20  evals= 1020  best=0.4592
        [Trial 0] gen   40  evals= 2040  best=0.4236
        [Trial 0] gen   60  evals= 3060  best=0.4212
        [Trial 0] gen   80  evals= 4080  best=0.4210
        [Done] Trial 0 best=0.4210
    --> Trial 1 | pop=34 seed=10703 x0_norm_min=-0.937 x0_norm_max=0.907
        [Trial 1] gen   20  evals=  680  best=0.4415
        [Trial 1] gen   40  evals= 1360  best=0.3392
        [Trial 1] gen   60  evals= 2040  best=0.2882
        [Trial 1] gen   80  evals= 2720  best=0.2830
        [Trial 1] gen  100  evals= 3400  best=0.2824
        [Done] Trial 1 best=0.2824
    --> Trial 2 | pop=51 seed=39049 x0_norm_min=-0.344 x0_norm_max=0.824
        [Trial 2] gen   20  evals= 1020  best=0.3547
        [Trial 2] gen   40  evals= 2040  best=0.0775
        [Trial 2] gen   60  evals= 3060  best=0.0036
        [Trial 2] gen   80  evals= 4080  best=0.0002
        [Trial 2] gen  100  evals= 5100  best=0.0000
NOTE (module=cma, iteration=108):  
condition in coordinate system exceeded 1.2e+08, rescaled to 1.0e+00, 
condition changed from 2.6e+08 to 6.6e+07
        [Done] Trial 2 best=0.0000
    --> Early stop triggered: trial 2 reached loss=0.000009 < 0.006959

  Winner: Trial 2, loss=0.000009 (150s)
    Restarts run: 3
    mu: 40.618575
    D_mu: 12.068297
    T0_mu: 13.619756
    Ly: 1.965019
    op_x: 0.829531
    op_y: 0.721395
    NMSE: 0.000118
  [Saved] random_IR_0020

============================================================
[21/50] random_IR_0021.npz
  GT loss: 0.000010
  terrain_mean=0.772648  early_threshold=0.007350  (alpha=0.0095)
    --> Trial 0 | pop=41 seed=94248 x0_norm_min=-0.944 x0_norm_max=0.730
        [Trial 0] gen   20  evals=  820  best=0.2838
        [Trial 0] gen   40  evals= 1640  best=0.2405
        [Trial 0] gen   60  evals= 2460  best=0.0162
        [Trial 0] gen   80  evals= 3280  best=0.0010
        [Trial 0] gen  100  evals= 4100  best=0.0000
        [Done] Trial 0 best=0.0000
    --> Early stop triggered: trial 0 reached loss=0.000010 < 0.007350

  Winner: Trial 0, loss=0.000010 (107s)
    Restarts run: 1
    mu: 41.420979
    D_mu: 5.377946
    T0_mu: 9.190808
    Ly: 3.699985
    op_x: 0.854905
    op_y: 0.559111
    NMSE: 0.000558
  [Saved] random_IR_0021

============================================================
[22/50] random_IR_0022.npz
  GT loss: 0.000011
  terrain_mean=0.775605  early_threshold=0.007380  (alpha=0.0095)
    --> Trial 0 | pop=45 seed=39044 x0_norm_min=-0.944 x0_norm_max=0.730
        [Trial 0] gen   20  evals=  900  best=0.1920
        [Trial 0] gen   40  evals= 1800  best=0.0185
        [Trial 0] gen   60  evals= 2700  best=0.0005
        [Trial 0] gen   80  evals= 3600  best=0.0000
        [Done] Trial 0 best=0.0000
    --> Early stop triggered: trial 0 reached loss=0.000010 < 0.007380

  Winner: Trial 0, loss=0.000010 (32s)
    Restarts run: 1
    mu: 20.087535
    D_mu: 50.429491
    T0_mu: 49.425842
    Ly: 3.766500
    op_x: 0.589622
    op_y: 0.811624
    NMSE: 0.000000
  [Saved] random_IR_0022

============================================================
[23/50] random_IR_0023.npz
  GT loss: 0.000011
  terrain_mean=0.737964  early_threshold=0.007021  (alpha=0.0095)
    --> Trial 0 | pop=50 seed=31164 x0_norm_min=-0.944 x0_norm_max=0.730
        [Trial 0] gen   20  evals= 1000  best=0.4108
        [Trial 0] gen   40  evals= 2000  best=0.4092
        [Trial 0] gen   60  evals= 3000  best=0.4092
        [Trial 0] gen   80  evals= 4000  best=0.4092
        [Trial 0] gen  100  evals= 5000  best=0.4092
        [Trial 0] gen  120  evals= 6000  best=0.4092
        [Done] Trial 0 best=0.4092
    --> Trial 1 | pop=45 seed=33908 x0_norm_min=-0.937 x0_norm_max=0.907
        [Pruned] Trial 1 at gen 15 (loss=0.4222)
    --> Trial 2 | pop=47 seed=80835 x0_norm_min=-0.344 x0_norm_max=0.824
        [Pruned] Trial 2 at gen 15 (loss=0.4172)
    --> Trial 3 | pop=59 seed=65299 x0_norm_min=-0.797 x0_norm_max=0.622
        [Pruned] Trial 3 at gen 15 (loss=0.4364)
    --> Trial 4 | pop=41 seed=84456 x0_norm_min=-0.947 x0_norm_max=0.785
        [Pruned] Trial 4 at gen 15 (loss=0.4293)
    --> Trial 5 | pop=39 seed=41754 x0_norm_min=-0.748 x0_norm_max=0.981
        [Pruned] Trial 5 at gen 15 (loss=0.4331)
    --> Trial 6 | pop=53 seed=99296 x0_norm_min=-0.929 x0_norm_max=0.732
        [Trial 6] gen   20  evals= 1060  best=0.3904
        [Trial 6] gen   40  evals= 2120  best=0.3878
        [Trial 6] gen   60  evals= 3180  best=0.3556
        [Trial 6] gen   80  evals= 4240  best=0.3541
        [Trial 6] gen  100  evals= 5300  best=0.3539
        [Done] Trial 6 best=0.3539
    --> Trial 7 | pop=50 seed=97683 x0_norm_min=-0.779 x0_norm_max=0.922
        [Trial 7] gen   20  evals= 1000  best=0.2955
        [Trial 7] gen   40  evals= 2000  best=0.2955
        [Trial 7] gen   60  evals= 3000  best=0.2955
        [Trial 7] gen   80  evals= 4000  best=0.2955
        [Trial 7] gen  100  evals= 5000  best=0.2955
        [Done] Trial 7 best=0.2955
    --> Trial 8 | pop=54 seed=39406 x0_norm_min=-0.814 x0_norm_max=0.843
        [Trial 8] gen   20  evals= 1080  best=0.3629
        [Trial 8] gen   40  evals= 2160  best=0.3629
        [Pruned] Trial 8 at gen 45 (loss=0.3629)
    --> Trial 9 | pop=45 seed=79612 x0_norm_min=-0.955 x0_norm_max=0.770
        [Pruned] Trial 9 at gen 15 (loss=0.4344)
    --> Trial 10 | pop=31 seed=1563 x0_norm_min=-0.841 x0_norm_max=0.672
        [Pruned] Trial 10 at gen 15 (loss=0.4178)
    --> Trial 11 | pop=55 seed=98237 x0_norm_min=-0.781 x0_norm_max=0.859
        [Trial 11] gen   20  evals= 1100  best=0.3986
        [Trial 11] gen   40  evals= 2200  best=0.3986
        [Pruned] Trial 11 at gen 45 (loss=0.3986)
    --> Trial 12 | pop=52 seed=98739 x0_norm_min=-0.402 x0_norm_max=0.428
        [Pruned] Trial 12 at gen 15 (loss=0.4276)
    --> Trial 13 | pop=60 seed=61686 x0_norm_min=-0.863 x0_norm_max=0.955
        [Trial 13] gen   20  evals= 1200  best=0.3016
        [Trial 13] gen   40  evals= 2400  best=0.3016
        [Trial 13] gen   60  evals= 3600  best=0.0429
        [Trial 13] gen   80  evals= 4800  best=0.0032
        [Trial 13] gen  100  evals= 6000  best=0.0001
NOTE (module=cma, iteration=109):  
condition in coordinate system exceeded 1.1e+08, rescaled to 1.0e+00, 
condition changed from 2.0e+08 to 1.0e+07
        [Trial 13] gen  120  evals= 7200  best=0.0000
        [Done] Trial 13 best=0.0000
    --> Early stop triggered: trial 13 reached loss=0.000009 < 0.007021

  Winner: Trial 13, loss=0.000009 (207s)
    Restarts run: 14
    mu: 65.571186
    D_mu: 16.886480
    T0_mu: 14.000569
    Ly: 1.459078
    op_x: 0.543892
    op_y: 0.851740
    NMSE: 0.000969
  [Saved] random_IR_0023

============================================================
[24/50] random_IR_0024.npz
  GT loss: 0.000009
  terrain_mean=0.860911  early_threshold=0.008188  (alpha=0.0095)
    --> Trial 0 | pop=41 seed=87673 x0_norm_min=-0.944 x0_norm_max=0.730
        [Trial 0] gen   20  evals=  820  best=0.3327
        [Trial 0] gen   40  evals= 1640  best=0.1833
        [Trial 0] gen   60  evals= 2460  best=0.0186
        [Trial 0] gen   80  evals= 3280  best=0.0009
        [Trial 0] gen  100  evals= 4100  best=0.0000
        [Trial 0] gen  120  evals= 4920  best=0.0000
        [Done] Trial 0 best=0.0000
    --> Early stop triggered: trial 0 reached loss=0.000008 < 0.008188

  Winner: Trial 0, loss=0.000008 (49s)
    Restarts run: 1
    mu: 65.624727
    D_mu: 12.806963
    T0_mu: 10.728178
    Ly: 2.415274
    op_x: 0.515740
    op_y: 0.686389
    NMSE: 0.003548
  [Saved] random_IR_0024

============================================================
[25/50] random_IR_0025.npz
  GT loss: 0.000011
  terrain_mean=0.784847  early_threshold=0.007467  (alpha=0.0095)
    --> Trial 0 | pop=49 seed=21892 x0_norm_min=-0.944 x0_norm_max=0.730
        [Trial 0] gen   20  evals=  980  best=0.2664
        [Trial 0] gen   40  evals= 1960  best=0.1754
        [Trial 0] gen   60  evals= 2940  best=0.0191
        [Trial 0] gen   80  evals= 3920  best=0.0007
        [Trial 0] gen  100  evals= 4900  best=0.0000
        [Done] Trial 0 best=0.0000
    --> Early stop triggered: trial 0 reached loss=0.000010 < 0.007467

  Winner: Trial 0, loss=0.000010 (95s)
    Restarts run: 1
    mu: 5.178562
    D_mu: 7.149282
    T0_mu: 89.508950
    Ly: 3.216973
    op_x: 0.519076
    op_y: 0.898912
    NMSE: 0.000006
  [Saved] random_IR_0025

============================================================
[26/50] random_IR_0026.npz
  GT loss: 0.000007
  terrain_mean=0.762176  early_threshold=0.007247  (alpha=0.0095)
    --> Trial 0 | pop=46 seed=11446 x0_norm_min=-0.944 x0_norm_max=0.730
        [Trial 0] gen   20  evals=  920  best=0.2911
        [Trial 0] gen   40  evals= 1840  best=0.2837
        [Trial 0] gen   60  evals= 2760  best=0.2703
        [Trial 0] gen   80  evals= 3680  best=0.2688
        [Trial 0] gen  100  evals= 4600  best=0.2686
        [Done] Trial 0 best=0.2686
    --> Trial 1 | pop=40 seed=25974 x0_norm_min=-0.937 x0_norm_max=0.907
        [Trial 1] gen   20  evals=  800  best=0.2858
        [Trial 1] gen   40  evals= 1600  best=0.2105
        [Trial 1] gen   60  evals= 2400  best=0.2105
        [Trial 1] gen   80  evals= 3200  best=0.2105
        [Trial 1] gen  100  evals= 4000  best=0.2105
        [Done] Trial 1 best=0.2105
    --> Trial 2 | pop=47 seed=32210 x0_norm_min=-0.344 x0_norm_max=0.824
        [Pruned] Trial 2 at gen 15 (loss=0.2969)
    --> Trial 3 | pop=59 seed=50129 x0_norm_min=-0.797 x0_norm_max=0.622
        [Pruned] Trial 3 at gen 15 (loss=0.3182)
    --> Trial 4 | pop=34 seed=73428 x0_norm_min=-0.947 x0_norm_max=0.785
        [Pruned] Trial 4 at gen 15 (loss=0.2963)
    --> Trial 5 | pop=59 seed=8640 x0_norm_min=-0.748 x0_norm_max=0.981
        [Pruned] Trial 5 at gen 15 (loss=0.3246)
    --> Trial 6 | pop=39 seed=93010 x0_norm_min=-0.929 x0_norm_max=0.732
        [Trial 6] gen   20  evals=  780  best=0.2593
        [Trial 6] gen   40  evals= 1560  best=0.2350
        [Pruned] Trial 6 at gen 45 (loss=0.2118)
    --> Trial 7 | pop=35 seed=63230 x0_norm_min=-0.779 x0_norm_max=0.922
        [Pruned] Trial 7 at gen 15 (loss=0.2996)
    --> Trial 8 | pop=32 seed=58556 x0_norm_min=-0.814 x0_norm_max=0.843
        [Pruned] Trial 8 at gen 15 (loss=0.2966)
    --> Trial 9 | pop=46 seed=13380 x0_norm_min=-0.955 x0_norm_max=0.770
        [Trial 9] gen   20  evals=  920  best=0.2324
        [Trial 9] gen   40  evals= 1840  best=0.2324
        [Pruned] Trial 9 at gen 45 (loss=0.2324)
    --> Trial 10 | pop=52 seed=99613 x0_norm_min=-0.841 x0_norm_max=0.672
        [Trial 10] gen   20  evals= 1040  best=0.2815
        [Trial 10] gen   40  evals= 2080  best=0.2726
        [Pruned] Trial 10 at gen 45 (loss=0.2726)
    --> Trial 11 | pop=42 seed=29162 x0_norm_min=-0.781 x0_norm_max=0.859
        [Pruned] Trial 11 at gen 15 (loss=0.3204)
    --> Trial 12 | pop=50 seed=27912 x0_norm_min=-0.402 x0_norm_max=0.428
        [Trial 12] gen   20  evals= 1000  best=0.2537
        [Trial 12] gen   40  evals= 2000  best=0.2327
        [Pruned] Trial 12 at gen 45 (loss=0.2327)
    --> Trial 13 | pop=40 seed=1179 x0_norm_min=-0.863 x0_norm_max=0.955
        [Trial 13] gen   20  evals=  800  best=0.2753
        [Trial 13] gen   40  evals= 1600  best=0.0636
        [Trial 13] gen   60  evals= 2400  best=0.0047
        [Trial 13] gen   80  evals= 3200  best=0.0005
        [Trial 13] gen  100  evals= 4000  best=0.0000
NOTE (module=cma, iteration=117):  
condition in coordinate system exceeded 1.1e+08, rescaled to 1.0e+00, 
condition changed from 1.5e+08 to 1.4e+07
        [Done] Trial 13 best=0.0000
    --> Early stop triggered: trial 13 reached loss=0.000006 < 0.007247

  Winner: Trial 13, loss=0.000006 (559s)
    Restarts run: 14
    mu: 38.190171
    D_mu: 2.311631
    T0_mu: 24.865686
    Ly: 1.749382
    op_x: 0.590700
    op_y: 0.814524
    NMSE: 0.000012
  [Saved] random_IR_0026

============================================================
[27/50] random_IR_0027.npz
  GT loss: 0.000011
  terrain_mean=0.737067  early_threshold=0.007013  (alpha=0.0095)
    --> Trial 0 | pop=34 seed=81791 x0_norm_min=-0.944 x0_norm_max=0.730
        [Trial 0] gen   20  evals=  680  best=0.3889
        [Trial 0] gen   40  evals= 1360  best=0.3507
        [Trial 0] gen   60  evals= 2040  best=0.3444
        [Trial 0] gen   80  evals= 2720  best=0.3439
        [Trial 0] gen  100  evals= 3400  best=0.3439
        [Done] Trial 0 best=0.3439
    --> Trial 1 | pop=46 seed=85925 x0_norm_min=-0.937 x0_norm_max=0.907
        [Trial 1] gen   20  evals=  920  best=0.3275
        [Trial 1] gen   40  evals= 1840  best=0.1199
        [Trial 1] gen   60  evals= 2760  best=0.0106
        [Trial 1] gen   80  evals= 3680  best=0.0004
        [Trial 1] gen  100  evals= 4600  best=0.0000
NOTE (module=cma, iteration=114):  
condition in coordinate system exceeded 1.2e+08, rescaled to 1.0e+00, 
condition changed from 3.8e+08 to 3.2e+07
        [Done] Trial 1 best=0.0000
    --> Early stop triggered: trial 1 reached loss=0.000009 < 0.007013

  Winner: Trial 1, loss=0.000009 (181s)
    Restarts run: 2
    mu: 19.709138
    D_mu: 3.608994
    T0_mu: 34.259888
    Ly: 2.773963
    op_x: 0.799056
    op_y: 0.867760
    NMSE: 0.000885
  [Saved] random_IR_0027

============================================================
[28/50] random_IR_0028.npz
  GT loss: 0.000014
  terrain_mean=0.804733  early_threshold=0.007659  (alpha=0.0095)
    --> Trial 0 | pop=56 seed=67430 x0_norm_min=-0.944 x0_norm_max=0.730
        [Trial 0] gen   20  evals= 1120  best=0.5149
        [Trial 0] gen   40  evals= 2240  best=0.4990
        [Trial 0] gen   60  evals= 3360  best=0.4744
        [Trial 0] gen   80  evals= 4480  best=0.4677
        [Trial 0] gen  100  evals= 5600  best=0.4676
        [Done] Trial 0 best=0.4676
    --> Trial 1 | pop=35 seed=89564 x0_norm_min=-0.937 x0_norm_max=0.907
        [Trial 1] gen   20  evals=  700  best=0.4680
        [Trial 1] gen   40  evals= 1400  best=0.1793
        [Trial 1] gen   60  evals= 2100  best=0.0227
        [Trial 1] gen   80  evals= 2800  best=0.0032
        [Trial 1] gen  100  evals= 3500  best=0.0001
        [Trial 1] gen  120  evals= 4200  best=0.0000
        [Done] Trial 1 best=0.0000
    --> Early stop triggered: trial 1 reached loss=0.000013 < 0.007659

  Winner: Trial 1, loss=0.000013 (90s)
    Restarts run: 2
    mu: 44.499678
    D_mu: 21.311561
    T0_mu: 13.647211
    Ly: 2.004640
    op_x: 0.872380
    op_y: 0.750325
    NMSE: 0.013140
  [Saved] random_IR_0028

============================================================
[29/50] random_IR_0029.npz
  GT loss: 0.000008
  terrain_mean=0.781040  early_threshold=0.007428  (alpha=0.0095)
    --> Trial 0 | pop=46 seed=80169 x0_norm_min=-0.944 x0_norm_max=0.730
        [Trial 0] gen   20  evals=  920  best=0.3667
        [Trial 0] gen   40  evals= 1840  best=0.3365
        [Trial 0] gen   60  evals= 2760  best=0.3349
        [Trial 0] gen   80  evals= 3680  best=0.3340
        [Trial 0] gen  100  evals= 4600  best=0.3339
        [Done] Trial 0 best=0.3339
    --> Trial 1 | pop=52 seed=90533 x0_norm_min=-0.937 x0_norm_max=0.907
        [Trial 1] gen   20  evals= 1040  best=0.3354
        [Trial 1] gen   40  evals= 2080  best=0.3139
        [Trial 1] gen   60  evals= 3120  best=0.3129
        [Done] Trial 1 best=0.3129
    --> Trial 2 | pop=45 seed=38054 x0_norm_min=-0.344 x0_norm_max=0.824
        [Trial 2] gen   20  evals=  900  best=0.3344
        [Trial 2] gen   40  evals= 1800  best=0.3297
        [Pruned] Trial 2 at gen 45 (loss=0.3284)
    --> Trial 3 | pop=36 seed=33654 x0_norm_min=-0.797 x0_norm_max=0.622
        [Pruned] Trial 3 at gen 15 (loss=0.3557)
    --> Trial 4 | pop=51 seed=16813 x0_norm_min=-0.947 x0_norm_max=0.785
        [Pruned] Trial 4 at gen 15 (loss=0.3674)
    --> Trial 5 | pop=55 seed=36112 x0_norm_min=-0.748 x0_norm_max=0.981
        [Pruned] Trial 5 at gen 15 (loss=0.3534)
    --> Trial 6 | pop=51 seed=67579 x0_norm_min=-0.929 x0_norm_max=0.732
        [Trial 6] gen   20  evals= 1020  best=0.3071
        [Trial 6] gen   40  evals= 2040  best=0.3036
        [Trial 6] gen   60  evals= 3060  best=0.0465
        [Trial 6] gen   80  evals= 4080  best=0.0010
        [Trial 6] gen  100  evals= 5100  best=0.0000
        [Done] Trial 6 best=0.0000
    --> Early stop triggered: trial 6 reached loss=0.000009 < 0.007428

  Winner: Trial 6, loss=0.000009 (344s)
    Restarts run: 7
    mu: 28.550079
    D_mu: 3.915975
    T0_mu: 2.714779
    Ly: 1.759502
    op_x: 0.851208
    op_y: 0.695098
    NMSE: 0.000797
  [Saved] random_IR_0029

============================================================
[30/50] random_IR_0030.npz
  GT loss: 0.000012
  terrain_mean=0.766746  early_threshold=0.007296  (alpha=0.0095)
    --> Trial 0 | pop=33 seed=73233 x0_norm_min=-0.944 x0_norm_max=0.730
        [Trial 0] gen   20  evals=  660  best=0.4938
        [Trial 0] gen   40  evals= 1320  best=0.4786
        [Trial 0] gen   60  evals= 1980  best=0.4782
        [Trial 0] gen   80  evals= 2640  best=0.4782
        [Done] Trial 0 best=0.4781
    --> Trial 1 | pop=47 seed=33403 x0_norm_min=-0.937 x0_norm_max=0.907
        [Trial 1] gen   20  evals=  940  best=0.4755
        [Trial 1] gen   40  evals= 1880  best=0.4501
        [Trial 1] gen   60  evals= 2820  best=0.4408
        [Trial 1] gen   80  evals= 3760  best=0.4401
        [Done] Trial 1 best=0.4401
    --> Trial 2 | pop=37 seed=44453 x0_norm_min=-0.344 x0_norm_max=0.824
        [Trial 2] gen   20  evals=  740  best=0.4311
        [Trial 2] gen   40  evals= 1480  best=0.3857
        [Trial 2] gen   60  evals= 2220  best=0.3741
        [Trial 2] gen   80  evals= 2960  best=0.3735
        [Trial 2] gen  100  evals= 3700  best=0.3735
        [Trial 2] gen  120  evals= 4440  best=0.3735
        [Done] Trial 2 best=0.3734
    --> Trial 3 | pop=37 seed=61850 x0_norm_min=-0.797 x0_norm_max=0.622
        [Pruned] Trial 3 at gen 15 (loss=0.4384)
    --> Trial 4 | pop=58 seed=21326 x0_norm_min=-0.947 x0_norm_max=0.785
        [Pruned] Trial 4 at gen 15 (loss=0.4375)
    --> Trial 5 | pop=58 seed=77989 x0_norm_min=-0.748 x0_norm_max=0.981
        [Pruned] Trial 5 at gen 15 (loss=0.4409)
    --> Trial 6 | pop=30 seed=26121 x0_norm_min=-0.929 x0_norm_max=0.732
        [Pruned] Trial 6 at gen 15 (loss=0.4627)
    --> Trial 7 | pop=56 seed=28365 x0_norm_min=-0.779 x0_norm_max=0.922
        [Trial 7] gen   20  evals= 1120  best=0.4027
        [Trial 7] gen   40  evals= 2240  best=0.3872
        [Trial 7] gen   60  evals= 3360  best=0.3715
        [Trial 7] gen   80  evals= 4480  best=0.3702
        [Trial 7] gen  100  evals= 5600  best=0.3701
        [Done] Trial 7 best=0.3701
    --> Trial 8 | pop=48 seed=86183 x0_norm_min=-0.814 x0_norm_max=0.843
        [Trial 8] gen   20  evals=  960  best=0.3809
        [Trial 8] gen   40  evals= 1920  best=0.0806
        [Trial 8] gen   60  evals= 2880  best=0.0044
        [Trial 8] gen   80  evals= 3840  best=0.0003
        [Trial 8] gen  100  evals= 4800  best=0.0000
NOTE (module=cma, iteration=106):  
condition in coordinate system exceeded 1.2e+08, rescaled to 1.0e+00, 
condition changed from 2.8e+08 to 3.6e+07
        [Done] Trial 8 best=0.0000
    --> Early stop triggered: trial 8 reached loss=0.000011 < 0.007296

  Winner: Trial 8, loss=0.000011 (721s)
    Restarts run: 9
    mu: 21.124184
    D_mu: 0.962862
    T0_mu: 4.026728
    Ly: 1.620851
    op_x: 0.772924
    op_y: 0.949369
    NMSE: 0.000303
  [Saved] random_IR_0030

============================================================
[31/50] random_IR_0031.npz
  GT loss: 0.000012
  terrain_mean=0.772784  early_threshold=0.007354  (alpha=0.0095)
    --> Trial 0 | pop=48 seed=50398 x0_norm_min=-0.944 x0_norm_max=0.730
        [Trial 0] gen   20  evals=  960  best=0.3107
        [Trial 0] gen   40  evals= 1920  best=0.0847
        [Trial 0] gen   60  evals= 2880  best=0.0198
        [Trial 0] gen   80  evals= 3840  best=0.0005
        [Trial 0] gen  100  evals= 4800  best=0.0000
        [Done] Trial 0 best=0.0000
    --> Early stop triggered: trial 0 reached loss=0.000012 < 0.007354

  Winner: Trial 0, loss=0.000012 (160s)
    Restarts run: 1
    mu: 19.503634
    D_mu: 2.947224
    T0_mu: 48.106318
    Ly: 3.971983
    op_x: 0.881606
    op_y: 0.666808
    NMSE: 0.000507
  [Saved] random_IR_0031

============================================================
[32/50] random_IR_0032.npz
  GT loss: 0.000012
  terrain_mean=0.761743  early_threshold=0.007249  (alpha=0.0095)
    --> Trial 0 | pop=48 seed=87114 x0_norm_min=-0.944 x0_norm_max=0.730
        [Trial 0] gen   20  evals=  960  best=0.5022
        [Trial 0] gen   40  evals= 1920  best=0.3665
        [Trial 0] gen   60  evals= 2880  best=0.1456
        [Trial 0] gen   80  evals= 3840  best=0.0151
        [Trial 0] gen  100  evals= 4800  best=0.0005
        [Trial 0] gen  120  evals= 5760  best=0.0000
        [Done] Trial 0 best=0.0000
    --> Early stop triggered: trial 0 reached loss=0.000012 < 0.007249

  Winner: Trial 0, loss=0.000012 (60s)
    Restarts run: 1
    mu: 5.157088
    D_mu: 14.059476
    T0_mu: 17.385738
    Ly: 2.212045
    op_x: 0.644035
    op_y: 0.901043
    NMSE: 0.028172
  [Saved] random_IR_0032

============================================================
[33/50] random_IR_0033.npz
  GT loss: 0.000019
  terrain_mean=0.956521  early_threshold=0.009106  (alpha=0.0095)
    --> Trial 0 | pop=30 seed=10730 x0_norm_min=-0.944 x0_norm_max=0.730
        [Trial 0] gen   20  evals=  600  best=0.5323
        [Trial 0] gen   40  evals= 1200  best=0.5012
        [Trial 0] gen   60  evals= 1800  best=0.3966
        [Trial 0] gen   80  evals= 2400  best=0.3820
        [Trial 0] gen  100  evals= 3000  best=0.3787
        [Trial 0] gen  120  evals= 3600  best=0.3787
        [Done] Trial 0 best=0.3787
    --> Trial 1 | pop=31 seed=79477 x0_norm_min=-0.937 x0_norm_max=0.907
        [Pruned] Trial 1 at gen 15 (loss=0.6042)
    --> Trial 2 | pop=51 seed=64720 x0_norm_min=-0.344 x0_norm_max=0.824
        [Pruned] Trial 2 at gen 15 (loss=0.5474)
    --> Trial 3 | pop=34 seed=35021 x0_norm_min=-0.797 x0_norm_max=0.622
        [Pruned] Trial 3 at gen 15 (loss=0.6425)
    --> Trial 4 | pop=59 seed=50383 x0_norm_min=-0.947 x0_norm_max=0.785
        [Trial 4] gen   20  evals= 1180  best=0.4812
        [Trial 4] gen   40  evals= 2360  best=0.3880
        [Trial 4] gen   60  evals= 3540  best=0.3789
        [Trial 4] gen   80  evals= 4720  best=0.3787
        [Done] Trial 4 best=0.3787
    --> Trial 5 | pop=52 seed=47541 x0_norm_min=-0.748 x0_norm_max=0.981
        [Trial 5] gen   20  evals= 1040  best=0.5209
        [Trial 5] gen   40  evals= 2080  best=0.2908
        [Trial 5] gen   60  evals= 3120  best=0.0214
        [Trial 5] gen   80  evals= 4160  best=0.0013
        [Trial 5] gen  100  evals= 5200  best=0.0000
NOTE (module=cma, iteration=114):  
condition in coordinate system exceeded 1.1e+08, rescaled to 1.0e+00, 
condition changed from 3.9e+08 to 4.6e+07
        [Trial 5] gen  120  evals= 6240  best=0.0000
        [Done] Trial 5 best=0.0000
    --> Early stop triggered: trial 5 reached loss=0.000016 < 0.009106

  Winner: Trial 5, loss=0.000016 (61s)
    Restarts run: 6
    mu: 25.378961
    D_mu: 67.281919
    T0_mu: 22.046509
    Ly: 1.638344
    op_x: 0.868119
    op_y: 0.634431
    NMSE: 0.000522
  [Saved] random_IR_0033

============================================================
[34/50] random_IR_0034.npz
  GT loss: 0.000008
  terrain_mean=0.684099  early_threshold=0.006507  (alpha=0.0095)
    --> Trial 0 | pop=39 seed=73599 x0_norm_min=-0.944 x0_norm_max=0.730
        [Trial 0] gen   20  evals=  780  best=0.3591
        [Trial 0] gen   40  evals= 1560  best=0.3360
        [Trial 0] gen   60  evals= 2340  best=0.3294
        [Trial 0] gen   80  evals= 3120  best=0.3288
        [Trial 0] gen  100  evals= 3900  best=0.3288
        [Done] Trial 0 best=0.3288
    --> Trial 1 | pop=53 seed=50279 x0_norm_min=-0.937 x0_norm_max=0.907
        [Trial 1] gen   20  evals= 1060  best=0.3319
        [Trial 1] gen   40  evals= 2120  best=0.1128
        [Trial 1] gen   60  evals= 3180  best=0.0058
        [Trial 1] gen   80  evals= 4240  best=0.0002
        [Trial 1] gen  100  evals= 5300  best=0.0000
        [Done] Trial 1 best=0.0000
    --> Early stop triggered: trial 1 reached loss=0.000008 < 0.006507

  Winner: Trial 1, loss=0.000008 (88s)
    Restarts run: 2
    mu: 68.063731
    D_mu: 17.497695
    T0_mu: 1.319837
    Ly: 1.718605
    op_x: 0.693343
    op_y: 0.737152
    NMSE: 0.036610
  [Saved] random_IR_0034

============================================================
[35/50] random_IR_0035.npz
  GT loss: 0.000014
  terrain_mean=0.850303  early_threshold=0.008091  (alpha=0.0095)
    --> Trial 0 | pop=40 seed=73934 x0_norm_min=-0.944 x0_norm_max=0.730
        [Trial 0] gen   20  evals=  800  best=0.5334
        [Trial 0] gen   40  evals= 1600  best=0.4602
        [Trial 0] gen   60  evals= 2400  best=0.4323
        [Trial 0] gen   80  evals= 3200  best=0.4294
        [Trial 0] gen  100  evals= 4000  best=0.4292
        [Done] Trial 0 best=0.4292
    --> Trial 1 | pop=37 seed=53259 x0_norm_min=-0.937 x0_norm_max=0.907
        [Trial 1] gen   20  evals=  740  best=0.4533
        [Trial 1] gen   40  evals= 1480  best=0.4533
        [Pruned] Trial 1 at gen 45 (loss=0.4533)
    --> Trial 2 | pop=44 seed=5923 x0_norm_min=-0.344 x0_norm_max=0.824
        [Pruned] Trial 2 at gen 15 (loss=0.4965)
    --> Trial 3 | pop=52 seed=74321 x0_norm_min=-0.797 x0_norm_max=0.622
        [Trial 3] gen   20  evals= 1040  best=0.4129
        [Trial 3] gen   40  evals= 2080  best=0.2450
        [Trial 3] gen   60  evals= 3120  best=0.1412
        [Trial 3] gen   80  evals= 4160  best=0.0727
        [Trial 3] gen  100  evals= 5200  best=0.0032
        [Trial 3] gen  120  evals= 6240  best=0.0001
NOTE (module=cma, iteration=137):  
condition in coordinate system exceeded 1.0e+08, rescaled to 1.0e+00, 
condition changed from 1.5e+08 to 6.2e+05
        [Trial 3] gen  140  evals= 7280  best=0.0000
        [Done] Trial 3 best=0.0000
    --> Early stop triggered: trial 3 reached loss=0.000011 < 0.008091

  Winner: Trial 3, loss=0.000011 (81s)
    Restarts run: 4
    mu: 17.947926
    D_mu: 31.371815
    T0_mu: 55.627144
    Ly: 1.905123
    op_x: 0.574713
    op_y: 0.861261
    NMSE: 0.000091
  [Saved] random_IR_0035

============================================================
[36/50] random_IR_0036.npz
  GT loss: 0.000023
  terrain_mean=0.932634  early_threshold=0.008883  (alpha=0.0095)
    --> Trial 0 | pop=40 seed=49850 x0_norm_min=-0.944 x0_norm_max=0.730
        [Trial 0] gen   20  evals=  800  best=0.6269
        [Trial 0] gen   40  evals= 1600  best=0.6084
        [Trial 0] gen   60  evals= 2400  best=0.5662
        [Trial 0] gen   80  evals= 3200  best=0.5523
        [Trial 0] gen  100  evals= 4000  best=0.5465
        [Trial 0] gen  120  evals= 4800  best=0.5463
        [Done] Trial 0 best=0.5463
    --> Trial 1 | pop=48 seed=84806 x0_norm_min=-0.937 x0_norm_max=0.907
        [Trial 1] gen   20  evals=  960  best=0.5953
        [Trial 1] gen   40  evals= 1920  best=0.5668
        [Trial 1] gen   60  evals= 2880  best=0.5112
        [Trial 1] gen   80  evals= 3840  best=0.5060
        [Trial 1] gen  100  evals= 4800  best=0.5059
        [Done] Trial 1 best=0.5059
    --> Trial 2 | pop=33 seed=9412 x0_norm_min=-0.344 x0_norm_max=0.824
        [Trial 2] gen   20  evals=  660  best=0.5293
        [Trial 2] gen   40  evals= 1320  best=0.4134
        [Trial 2] gen   60  evals= 1980  best=0.3992
        [Trial 2] gen   80  evals= 2640  best=0.3987
        [Trial 2] gen  100  evals= 3300  best=0.3987
        [Done] Trial 2 best=0.3987
    --> Trial 3 | pop=51 seed=48974 x0_norm_min=-0.797 x0_norm_max=0.622
        [Pruned] Trial 3 at gen 15 (loss=0.6399)
    --> Trial 4 | pop=37 seed=23213 x0_norm_min=-0.947 x0_norm_max=0.785
        [Pruned] Trial 4 at gen 15 (loss=0.6423)
    --> Trial 5 | pop=56 seed=15959 x0_norm_min=-0.748 x0_norm_max=0.981
        [Pruned] Trial 5 at gen 15 (loss=0.6306)
    --> Trial 6 | pop=36 seed=71395 x0_norm_min=-0.929 x0_norm_max=0.732
        [Pruned] Trial 6 at gen 15 (loss=0.6256)
    --> Trial 7 | pop=53 seed=16526 x0_norm_min=-0.779 x0_norm_max=0.922
        [Trial 7] gen   20  evals= 1060  best=0.5534
        [Trial 7] gen   40  evals= 2120  best=0.4895
        [Trial 7] gen   60  evals= 3180  best=0.0883
        [Trial 7] gen   80  evals= 4240  best=0.0108
        [Trial 7] gen  100  evals= 5300  best=0.0002
        [Trial 7] gen  120  evals= 6360  best=0.0000
        [Done] Trial 7 best=0.0000
    --> Early stop triggered: trial 7 reached loss=0.000021 < 0.008883

  Winner: Trial 7, loss=0.000021 (188s)
    Restarts run: 8
    mu: 30.017156
    D_mu: 25.998336
    T0_mu: 10.905122
    Ly: 2.248573
    op_x: 0.684250
    op_y: 0.970812
    NMSE: 0.002703
  [Saved] random_IR_0036

============================================================
[37/50] random_IR_0037.npz
  GT loss: 0.000031
  terrain_mean=1.234533  early_threshold=0.011759  (alpha=0.0095)
    --> Trial 0 | pop=36 seed=54465 x0_norm_min=-0.944 x0_norm_max=0.730
        [Trial 0] gen   20  evals=  720  best=0.6066
        [Trial 0] gen   40  evals= 1440  best=0.4217
        [Trial 0] gen   60  evals= 2160  best=0.1334
        [Trial 0] gen   80  evals= 2880  best=0.0401
        [Trial 0] gen  100  evals= 3600  best=0.0109
        [Trial 0] gen  120  evals= 4320  best=0.0005
        [Trial 0] gen  140  evals= 5040  best=0.0001
        [Trial 0] gen  160  evals= 5760  best=0.0000
        [Done] Trial 0 best=0.0000
    --> Early stop triggered: trial 0 reached loss=0.000028 < 0.011759

  Winner: Trial 0, loss=0.000028 (38s)
    Restarts run: 1
    mu: 8.514211
    D_mu: 53.739894
    T0_mu: 56.581545
    Ly: 3.319443
    op_x: 0.796393
    op_y: 0.981349
    NMSE: 0.000862
  [Saved] random_IR_0037

============================================================
[38/50] random_IR_0038.npz
  GT loss: 0.000014
  terrain_mean=0.874231  early_threshold=0.008319  (alpha=0.0095)
    --> Trial 0 | pop=32 seed=73768 x0_norm_min=-0.944 x0_norm_max=0.730
        [Trial 0] gen   20  evals=  640  best=0.5917
        [Trial 0] gen   40  evals= 1280  best=0.5917
        [Trial 0] gen   60  evals= 1920  best=0.5917
        [Trial 0] gen   80  evals= 2560  best=0.5917
        [Trial 0] gen  100  evals= 3200  best=0.5917
        [Trial 0] gen  120  evals= 3840  best=0.5917
        [Done] Trial 0 best=0.5917
    --> Trial 1 | pop=46 seed=3315 x0_norm_min=-0.937 x0_norm_max=0.907
        [Trial 1] gen   20  evals=  920  best=0.4476
        [Trial 1] gen   40  evals= 1840  best=0.2952
        [Trial 1] gen   60  evals= 2760  best=0.0601
        [Trial 1] gen   80  evals= 3680  best=0.0061
        [Trial 1] gen  100  evals= 4600  best=0.0006
        [Trial 1] gen  120  evals= 5520  best=0.0000
NOTE (module=cma, iteration=121):  
condition in coordinate system exceeded 1.2e+08, rescaled to 1.0e+00, 
condition changed from 1.9e+08 to 1.3e+07
        [Done] Trial 1 best=0.0000
    --> Early stop triggered: trial 1 reached loss=0.000014 < 0.008319

  Winner: Trial 1, loss=0.000014 (74s)
    Restarts run: 2
    mu: 45.958039
    D_mu: 26.173032
    T0_mu: 18.653170
    Ly: 1.947228
    op_x: 0.838259
    op_y: 0.894725
    NMSE: 0.025513
  [Saved] random_IR_0038

============================================================
[39/50] random_IR_0039.npz
  GT loss: 0.000023
  terrain_mean=0.949153  early_threshold=0.009040  (alpha=0.0095)
    --> Trial 0 | pop=47 seed=13257 x0_norm_min=-0.944 x0_norm_max=0.730
        [Trial 0] gen   20  evals=  940  best=0.6368
        [Trial 0] gen   40  evals= 1880  best=0.3150
        [Trial 0] gen   60  evals= 2820  best=0.0835
        [Trial 0] gen   80  evals= 3760  best=0.0077
        [Trial 0] gen  100  evals= 4700  best=0.0002
        [Trial 0] gen  120  evals= 5640  best=0.0000
NOTE (module=cma, iteration=128):  
condition in coordinate system exceeded 1.1e+08, rescaled to 1.0e+00, 
condition changed from 2.0e+08 to 1.1e+08
        [Done] Trial 0 best=0.0000
    --> Early stop triggered: trial 0 reached loss=0.000022 < 0.009040

  Winner: Trial 0, loss=0.000022 (42s)
    Restarts run: 1
    mu: 59.564934
    D_mu: 18.639210
    T0_mu: 1.654074
    Ly: 1.917017
    op_x: 0.939487
    op_y: 0.675698
    NMSE: 0.006761
  [Saved] random_IR_0039

============================================================
[40/50] random_IR_0040.npz
  GT loss: 0.000015
  terrain_mean=0.819898  early_threshold=0.007804  (alpha=0.0095)
    --> Trial 0 | pop=37 seed=34711 x0_norm_min=-0.944 x0_norm_max=0.730
        [Trial 0] gen   20  evals=  740  best=0.4133
        [Trial 0] gen   40  evals= 1480  best=0.2000
        [Trial 0] gen   60  evals= 2220  best=0.1376
        [Trial 0] gen   80  evals= 2960  best=0.0077
        [Trial 0] gen  100  evals= 3700  best=0.0002
        [Trial 0] gen  120  evals= 4440  best=0.0000
        [Done] Trial 0 best=0.0000
    --> Early stop triggered: trial 0 reached loss=0.000014 < 0.007804

  Winner: Trial 0, loss=0.000014 (146s)
    Restarts run: 1
    mu: 19.119587
    D_mu: 3.103311
    T0_mu: 24.477989
    Ly: 3.888553
    op_x: 0.818919
    op_y: 0.938401
    NMSE: 0.005990
  [Saved] random_IR_0040

============================================================
[41/50] random_IR_0041.npz
  GT loss: 0.000026
  terrain_mean=1.182027  early_threshold=0.011255  (alpha=0.0095)
    --> Trial 0 | pop=33 seed=27473 x0_norm_min=-0.944 x0_norm_max=0.730
        [Trial 0] gen   20  evals=  660  best=0.8667
        [Trial 0] gen   40  evals= 1320  best=0.8660
        [Trial 0] gen   60  evals= 1980  best=0.8355
        [Trial 0] gen   80  evals= 2640  best=0.8328
        [Trial 0] gen  100  evals= 3300  best=0.8311
        [Trial 0] gen  120  evals= 3960  best=0.8276
        [Trial 0] gen  140  evals= 4620  best=0.8275
        [Done] Trial 0 best=0.8275
    --> Trial 1 | pop=40 seed=41548 x0_norm_min=-0.937 x0_norm_max=0.907
        [Trial 1] gen   20  evals=  800  best=0.8374
        [Trial 1] gen   40  evals= 1600  best=0.6997
        [Trial 1] gen   60  evals= 2400  best=0.4320
        [Trial 1] gen   80  evals= 3200  best=0.0485
        [Trial 1] gen  100  evals= 4000  best=0.0041
        [Trial 1] gen  120  evals= 4800  best=0.0001
        [Trial 1] gen  140  evals= 5600  best=0.0000
NOTE (module=cma, iteration=157):  
condition in coordinate system exceeded 1.0e+08, rescaled to 1.0e+00, 
condition changed from 1.9e+08 to 1.8e+07
        [Done] Trial 1 best=0.0000
    --> Early stop triggered: trial 1 reached loss=0.000025 < 0.011255

  Winner: Trial 1, loss=0.000025 (63s)
    Restarts run: 2
    mu: 9.187512
    D_mu: 77.020952
    T0_mu: 52.471283
    Ly: 1.949759
    op_x: 0.582589
    op_y: 0.991096
    NMSE: 0.000104
  [Saved] random_IR_0041

============================================================
[42/50] random_IR_0042.npz
  GT loss: 0.000015
  terrain_mean=0.825563  early_threshold=0.007858  (alpha=0.0095)
    --> Trial 0 | pop=38 seed=54688 x0_norm_min=-0.944 x0_norm_max=0.730
        [Trial 0] gen   20  evals=  760  best=0.4779
        [Trial 0] gen   40  evals= 1520  best=0.1274
        [Trial 0] gen   60  evals= 2280  best=0.0166
        [Trial 0] gen   80  evals= 3040  best=0.0006
        [Trial 0] gen  100  evals= 3800  best=0.0000
NOTE (module=cma, iteration=115):  
condition in coordinate system exceeded 1.2e+08, rescaled to 1.0e+00, 
condition changed from 4.6e+08 to 1.1e+08
        [Done] Trial 0 best=0.0000
    --> Early stop triggered: trial 0 reached loss=0.000015 < 0.007858

  Winner: Trial 0, loss=0.000015 (56s)
    Restarts run: 1
    mu: 31.594972
    D_mu: 7.465017
    T0_mu: 22.854317
    Ly: 2.487274
    op_x: 0.912838
    op_y: 0.603025
    NMSE: 0.000202
  [Saved] random_IR_0042

============================================================
[43/50] random_IR_0043.npz
  GT loss: 0.000036
  terrain_mean=1.218099  early_threshold=0.011608  (alpha=0.0095)
    --> Trial 0 | pop=32 seed=15417 x0_norm_min=-0.944 x0_norm_max=0.730
        [Trial 0] gen   20  evals=  640  best=0.7827
        [Trial 0] gen   40  evals= 1280  best=0.7812
        [Trial 0] gen   60  evals= 1920  best=0.7504
        [Trial 0] gen   80  evals= 2560  best=0.7096
        [Trial 0] gen  100  evals= 3200  best=0.7060
        [Trial 0] gen  120  evals= 3840  best=0.7058
        [Done] Trial 0 best=0.7058
    --> Trial 1 | pop=45 seed=10743 x0_norm_min=-0.937 x0_norm_max=0.907
        [Pruned] Trial 1 at gen 15 (loss=0.7935)
    --> Trial 2 | pop=60 seed=92504 x0_norm_min=-0.344 x0_norm_max=0.824
        [Pruned] Trial 2 at gen 15 (loss=0.8145)
    --> Trial 3 | pop=51 seed=51313 x0_norm_min=-0.797 x0_norm_max=0.622
        [Pruned] Trial 3 at gen 15 (loss=0.8085)
    --> Trial 4 | pop=47 seed=80284 x0_norm_min=-0.947 x0_norm_max=0.785
        [Pruned] Trial 4 at gen 15 (loss=0.8153)
    --> Trial 5 | pop=56 seed=90503 x0_norm_min=-0.748 x0_norm_max=0.981
        [Trial 5] gen   20  evals= 1120  best=0.7479
        [Trial 5] gen   40  evals= 2240  best=0.6484
        [Trial 5] gen   60  evals= 3360  best=0.2847
        [Trial 5] gen   80  evals= 4480  best=0.0526
        [Trial 5] gen  100  evals= 5600  best=0.0026
        [Trial 5] gen  120  evals= 6720  best=0.0001
        [Trial 5] gen  140  evals= 7840  best=0.0000
        [Done] Trial 5 best=0.0000
    --> Early stop triggered: trial 5 reached loss=0.000033 < 0.011608

  Winner: Trial 5, loss=0.000033 (310s)
    Restarts run: 6
    mu: 43.793869
    D_mu: 3.705468
    T0_mu: 2.767045
    Ly: 2.582825
    op_x: 0.980809
    op_y: 0.954212
    NMSE: 0.001101
  [Saved] random_IR_0043

============================================================
[44/50] random_IR_0044.npz
  GT loss: 0.000007
  terrain_mean=0.802774  early_threshold=0.007633  (alpha=0.0095)
    --> Trial 0 | pop=38 seed=64378 x0_norm_min=-0.944 x0_norm_max=0.730
        [Trial 0] gen   20  evals=  760  best=0.2260
        [Trial 0] gen   40  evals= 1520  best=0.1084
        [Trial 0] gen   60  evals= 2280  best=0.0105
        [Trial 0] gen   80  evals= 3040  best=0.0009
        [Trial 0] gen  100  evals= 3800  best=0.0000
        [Trial 0] gen  120  evals= 4560  best=0.0000
        [Done] Trial 0 best=0.0000
    --> Early stop triggered: trial 0 reached loss=0.000007 < 0.007633

  Winner: Trial 0, loss=0.000007 (93s)
    Restarts run: 1
    mu: 53.957477
    D_mu: 4.916484
    T0_mu: 3.447597
    Ly: 3.344737
    op_x: 0.574919
    op_y: 0.536179
    NMSE: 0.014347
  [Saved] random_IR_0044

============================================================
[45/50] random_IR_0045.npz
  GT loss: 0.000014
  terrain_mean=0.815632  early_threshold=0.007763  (alpha=0.0095)
    --> Trial 0 | pop=52 seed=24556 x0_norm_min=-0.944 x0_norm_max=0.730
        [Trial 0] gen   20  evals= 1040  best=0.4373
        [Trial 0] gen   40  evals= 2080  best=0.3785
        [Trial 0] gen   60  evals= 3120  best=0.3632
        [Trial 0] gen   80  evals= 4160  best=0.3628
        [Trial 0] gen  100  evals= 5200  best=0.3628
        [Done] Trial 0 best=0.3628
    --> Trial 1 | pop=37 seed=42867 x0_norm_min=-0.937 x0_norm_max=0.907
        [Pruned] Trial 1 at gen 15 (loss=0.5067)
    --> Trial 2 | pop=58 seed=58882 x0_norm_min=-0.344 x0_norm_max=0.824
        [Pruned] Trial 2 at gen 15 (loss=0.5100)
    --> Trial 3 | pop=60 seed=42562 x0_norm_min=-0.797 x0_norm_max=0.622
        [Pruned] Trial 3 at gen 15 (loss=0.4786)
    --> Trial 4 | pop=35 seed=34014 x0_norm_min=-0.947 x0_norm_max=0.785
        [Pruned] Trial 4 at gen 15 (loss=0.5587)
    --> Trial 5 | pop=57 seed=87005 x0_norm_min=-0.748 x0_norm_max=0.981
        [Pruned] Trial 5 at gen 15 (loss=0.4804)
    --> Trial 6 | pop=42 seed=81182 x0_norm_min=-0.929 x0_norm_max=0.732
        [Pruned] Trial 6 at gen 15 (loss=0.4924)
    --> Trial 7 | pop=30 seed=63571 x0_norm_min=-0.779 x0_norm_max=0.922
        [Pruned] Trial 7 at gen 15 (loss=0.5233)
    --> Trial 8 | pop=30 seed=10390 x0_norm_min=-0.814 x0_norm_max=0.843
        [Pruned] Trial 8 at gen 15 (loss=0.5019)
    --> Trial 9 | pop=54 seed=30433 x0_norm_min=-0.955 x0_norm_max=0.770
        [Trial 9] gen   20  evals= 1080  best=0.4220
        [Trial 9] gen   40  evals= 2160  best=0.3879
        [Pruned] Trial 9 at gen 45 (loss=0.3796)
    --> Trial 10 | pop=50 seed=7816 x0_norm_min=-0.841 x0_norm_max=0.672
        [Pruned] Trial 10 at gen 15 (loss=0.5087)
    --> Trial 11 | pop=50 seed=23271 x0_norm_min=-0.781 x0_norm_max=0.859
        [Pruned] Trial 11 at gen 15 (loss=0.4939)
    --> Trial 12 | pop=51 seed=23347 x0_norm_min=-0.402 x0_norm_max=0.428
        [Pruned] Trial 12 at gen 15 (loss=0.5213)
    --> Trial 13 | pop=54 seed=1875 x0_norm_min=-0.863 x0_norm_max=0.955
        [Pruned] Trial 13 at gen 15 (loss=0.5081)
    --> Trial 14 | pop=44 seed=25575 x0_norm_min=-0.897 x0_norm_max=-0.091
        [Pruned] Trial 14 at gen 15 (loss=0.4983)
    --> Trial 15 | pop=45 seed=53784 x0_norm_min=-0.690 x0_norm_max=0.990
        [Pruned] Trial 15 at gen 15 (loss=0.5186)
    --> Trial 16 | pop=53 seed=71812 x0_norm_min=-0.776 x0_norm_max=0.982
        [Trial 16] gen   20  evals= 1060  best=0.4910
        [Trial 16] gen   40  evals= 2120  best=0.4833
        [Pruned] Trial 16 at gen 45 (loss=0.4833)
    --> Trial 17 | pop=47 seed=41197 x0_norm_min=-0.863 x0_norm_max=0.835
        [Pruned] Trial 17 at gen 15 (loss=0.5239)
    --> Trial 18 | pop=55 seed=96175 x0_norm_min=-0.933 x0_norm_max=0.907
        [Pruned] Trial 18 at gen 15 (loss=0.5069)
    --> Trial 19 | pop=48 seed=16014 x0_norm_min=-0.948 x0_norm_max=0.822
        [Trial 19] gen   20  evals=  960  best=0.4852
        [Trial 19] gen   40  evals= 1920  best=0.4852
        [Pruned] Trial 19 at gen 45 (loss=0.4852)

  Winner: Trial 0, loss=0.362817 (604s)
    Restarts run: 20
    mu: 5.894334
    D_mu: 4.110640
    T0_mu: 135.386712
    Ly: 4.000000
    op_x: 0.549347
    op_y: 0.834910
    NMSE: 0.012651
  [Saved] random_IR_0045

============================================================
[46/50] random_IR_0046.npz
  GT loss: 0.000007
  terrain_mean=0.779469  early_threshold=0.007412  (alpha=0.0095)
    --> Trial 0 | pop=38 seed=14323 x0_norm_min=-0.944 x0_norm_max=0.730
        [Trial 0] gen   20  evals=  760  best=0.3569
        [Trial 0] gen   40  evals= 1520  best=0.1754
        [Trial 0] gen   60  evals= 2280  best=0.0260
        [Trial 0] gen   80  evals= 3040  best=0.0025
        [Trial 0] gen  100  evals= 3800  best=0.0001
        [Trial 0] gen  120  evals= 4560  best=0.0000
NOTE (module=cma, iteration=121):  
condition in coordinate system exceeded 1.2e+08, rescaled to 1.0e+00, 
condition changed from 3.5e+08 to 6.7e+07
        [Done] Trial 0 best=0.0000
    --> Early stop triggered: trial 0 reached loss=0.000006 < 0.007412

  Winner: Trial 0, loss=0.000006 (53s)
    Restarts run: 1
    mu: 47.579686
    D_mu: 6.125023
    T0_mu: 11.167445
    Ly: 1.811565
    op_x: 0.642461
    op_y: 0.574427
    NMSE: 0.000084
  [Saved] random_IR_0046

============================================================
[47/50] random_IR_0047.npz
  GT loss: 0.000009
  terrain_mean=0.728689  early_threshold=0.006931  (alpha=0.0095)
    --> Trial 0 | pop=38 seed=84332 x0_norm_min=-0.944 x0_norm_max=0.730
        [Trial 0] gen   20  evals=  760  best=0.3836
        [Trial 0] gen   40  evals= 1520  best=0.3647
        [Trial 0] gen   60  evals= 2280  best=0.3636
        [Trial 0] gen   80  evals= 3040  best=0.3603
        [Done] Trial 0 best=0.3603
    --> Trial 1 | pop=42 seed=17090 x0_norm_min=-0.937 x0_norm_max=0.907
        [Trial 1] gen   20  evals=  840  best=0.2845
        [Trial 1] gen   40  evals= 1680  best=0.0928
        [Trial 1] gen   60  evals= 2520  best=0.0048
        [Trial 1] gen   80  evals= 3360  best=0.0002
        [Trial 1] gen  100  evals= 4200  best=0.0000
NOTE (module=cma, iteration=111):  
condition in coordinate system exceeded 1.2e+08, rescaled to 1.0e+00, 
condition changed from 4.0e+08 to 2.8e+07
        [Done] Trial 1 best=0.0000
    --> Early stop triggered: trial 1 reached loss=0.000009 < 0.006931

  Winner: Trial 1, loss=0.000009 (83s)
    Restarts run: 2
    mu: 62.929856
    D_mu: 6.744921
    T0_mu: 10.794891
    Ly: 1.260586
    op_x: 0.850856
    op_y: 0.648924
    NMSE: 0.023140
  [Saved] random_IR_0047

============================================================
[48/50] random_IR_0048.npz
  GT loss: 0.000015
  terrain_mean=0.845153  early_threshold=0.008044  (alpha=0.0095)
    --> Trial 0 | pop=51 seed=21736 x0_norm_min=-0.944 x0_norm_max=0.730
        [Trial 0] gen   20  evals= 1020  best=0.5553
        [Trial 0] gen   40  evals= 2040  best=0.5169
        [Trial 0] gen   60  evals= 3060  best=0.5007
        [Trial 0] gen   80  evals= 4080  best=0.4982
        [Trial 0] gen  100  evals= 5100  best=0.4981
        [Done] Trial 0 best=0.4981
    --> Trial 1 | pop=55 seed=7737 x0_norm_min=-0.937 x0_norm_max=0.907
        [Trial 1] gen   20  evals= 1100  best=0.4736
        [Trial 1] gen   40  evals= 2200  best=0.3690
        [Trial 1] gen   60  evals= 3300  best=0.0710
        [Trial 1] gen   80  evals= 4400  best=0.0021
        [Trial 1] gen  100  evals= 5500  best=0.0001
NOTE (module=cma, iteration=118):  
condition in coordinate system exceeded 1.1e+08, rescaled to 1.0e+00, 
condition changed from 2.5e+08 to 3.9e+07
        [Trial 1] gen  120  evals= 6600  best=0.0000
        [Done] Trial 1 best=0.0000
    --> Early stop triggered: trial 1 reached loss=0.000015 < 0.008044

  Winner: Trial 1, loss=0.000015 (135s)
    Restarts run: 2
    mu: 6.193233
    D_mu: 13.120950
    T0_mu: 130.685055
    Ly: 2.201788
    op_x: 0.891561
    op_y: 0.890930
    NMSE: 0.000000
  [Saved] random_IR_0048

============================================================
[49/50] random_IR_0049.npz
  GT loss: 0.000008
  terrain_mean=0.741544  early_threshold=0.007053  (alpha=0.0095)
    --> Trial 0 | pop=40 seed=57803 x0_norm_min=-0.944 x0_norm_max=0.730
        [Trial 0] gen   20  evals=  800  best=0.3715
        [Trial 0] gen   40  evals= 1600  best=0.1019
        [Trial 0] gen   60  evals= 2400  best=0.0078
        [Trial 0] gen   80  evals= 3200  best=0.0003
        [Trial 0] gen  100  evals= 4000  best=0.0000
        [Done] Trial 0 best=0.0000
    --> Early stop triggered: trial 0 reached loss=0.000007 < 0.007053

  Winner: Trial 0, loss=0.000007 (43s)
    Restarts run: 1
    mu: 26.457244
    D_mu: 9.059848
    T0_mu: 31.153201
    Ly: 1.852325
    op_x: 0.606557
    op_y: 0.735329
    NMSE: 0.000894
  [Saved] random_IR_0049

============================================================
[50/50] random_IR_0050.npz
  GT loss: 0.000031
  terrain_mean=1.116174  early_threshold=0.010634  (alpha=0.0095)
    --> Trial 0 | pop=43 seed=23144 x0_norm_min=-0.944 x0_norm_max=0.730
        [Trial 0] gen   20  evals=  860  best=0.8245
        [Trial 0] gen   40  evals= 1720  best=0.8158
        [Trial 0] gen   60  evals= 2580  best=0.8154
        [Trial 0] gen   80  evals= 3440  best=0.8083
        [Trial 0] gen  100  evals= 4300  best=0.8078
        [Trial 0] gen  120  evals= 5160  best=0.8078
        [Done] Trial 0 best=0.8078
    --> Trial 1 | pop=35 seed=75603 x0_norm_min=-0.937 x0_norm_max=0.907
        [Trial 1] gen   20  evals=  700  best=0.6448
        [Trial 1] gen   40  evals= 1400  best=0.5726
        [Trial 1] gen   60  evals= 2100  best=0.3501
        [Trial 1] gen   80  evals= 2800  best=0.0668
        [Trial 1] gen  100  evals= 3500  best=0.0322
        [Trial 1] gen  120  evals= 4200  best=0.0052
        [Trial 1] gen  140  evals= 4900  best=0.0005
        [Trial 1] gen  160  evals= 5600  best=0.0001
        [Trial 1] gen  180  evals= 6300  best=0.0000
        [Done] Trial 1 best=0.0000
    --> Early stop triggered: trial 1 reached loss=0.000028 < 0.010634

  Winner: Trial 1, loss=0.000028 (89s)
    Restarts run: 2
    mu: 64.425902
    D_mu: 14.657747
    T0_mu: 1.504401
    Ly: 1.229376
    op_x: 0.792996
    op_y: 0.980122
    NMSE: 0.002725
  [Saved] random_IR_0050
