Device cuda | loss L1_STFT | duration 0.25s
Loading train targets from data/train-p99
Loading val targets from data/val-p99
  98304 train / 996 val in 41s   train tensor 4.34 GB
  training set held in host memory; batches transferred per step
reference levels:  gt_loss 0.0000e+00   saturation (unrelated IRs) 4.1194e+00
constant-predictor NMSE: 6d 4.730e-02  7d 7.959e-02  (the floor to beat)
training loss stuck near saturation = gradient uninformative; well below = learning

encoder: 3.74M params, width 32

loss scale (fixed): 2.1184e+00
step      1  train 2.1184e+00  val 1.3910e+01  6d geo 4.283e-02 med 4.750e-02 p90 8.157e-02 (const 4.730e-02)  |g| 1.69e+00  [1s]
           5d geo 4.206e-02 med 4.849e-02   postmu 6d geo 4.965e-02 med 5.162e-02 p90 1.270e-01   mu |dlog| 0.5563
           WARNING: prediction spread 0.000 of ground truth -- the output has collapsed to a constant (saturated tanh); lower --lr or raise --warmup-steps and restart
           corr(identifiable)  mu=-0.37  D_div_mu=+0.15  T0_div_mu=-0.01  Ly=-0.01  op_x=-0.48  op_y=-0.27   mean spread/GT 0.00
           err share           mu=16%  D_div_mu=3%  T0_div_mu=2%  Ly=26%  op_x=28%  op_y=26%
step    100  train 7.8783e-01  |g| 2.85e+00  [25s]
step    200  train 7.0591e-01  |g| 6.58e+00  [48s]
step    300  train 8.7034e-01  |g| 7.38e+00  [73s]
step    400  train 3.3159e+00  |g| 6.46e+00  [98s]
step    500  train 8.5092e-01  |g| 6.07e+00  [123s]
step    600  train 7.1516e-01  |g| 1.12e+01  [148s]
  WARNING: 1 of 64 parameter sets need a finer grid than the pinned (86, 282) and are truncated. Raise --fixed-mode-grid; targets rendered under a pin that truncates them are not the plate's output at those parameters.
step    700  train 7.0875e-01  |g| 1.10e+01  [173s]
step    800  train 7.9933e-01  |g| 9.15e+00  [198s]
step    900  train 6.3080e-01  |g| 1.20e+01  [223s]
step   1000  train 8.4858e-01  |g| 7.88e+00  [249s]
step   1100  train 7.4814e-01  |g| 8.66e+00  [275s]
step   1200  train 6.9407e-01  |g| 1.24e+01  [300s]
step   1300  train 1.2162e+00  |g| 7.67e+00  [325s]
step   1400  train 7.5731e-01  |g| 6.94e+00  [351s]
step   1500  train 8.8407e-01  |g| 7.35e+00  [376s]
step   1600  train 8.0063e-01  |g| 9.29e+00  [401s]
step   1700  train 7.4412e-01  |g| 9.03e+00  [427s]
step   1800  train 4.2353e+00  |g| 7.45e+00  [452s]
step   1900  train 1.0868e+00  |g| 8.93e+00  [477s]
step   2000  train 7.2852e-01  val 1.6087e+00  6d geo 6.517e-03 med 6.982e-03 p90 2.467e-02 (const 4.730e-02)  |g| 8.17e+00  [503s]
           5d geo 5.878e-03 med 6.416e-03   postmu 6d geo 1.019e-02 med 1.102e-02 p90 3.834e-02   mu |dlog| 0.3895
           corr(identifiable)  mu=+0.90  D_div_mu=+0.96  T0_div_mu=+0.59  Ly=+0.90  op_x=+0.86  op_y=+0.95   mean spread/GT 0.76
           err share           mu=16%  D_div_mu=2%  T0_div_mu=3%  Ly=31%  op_x=33%  op_y=16%
step   2100  train 9.4188e-01  |g| 8.29e+00  [533s]
step   2200  train 7.1884e-01  |g| 8.63e+00  [559s]
step   2300  train 7.8639e-01  |g| 8.78e+00  [584s]
step   2400  train 9.9373e-01  |g| 8.25e+00  [609s]
step   2500  train 8.4898e-01  |g| 6.50e+00  [635s]
step   2600  train 8.9304e-01  |g| 6.72e+00  [660s]
step   2700  train 6.7949e-01  |g| 8.74e+00  [686s]
step   2800  train 8.2060e-01  |g| 8.06e+00  [712s]
step   2900  train 6.4535e-01  |g| 6.80e+00  [737s]
step   3000  train 6.2160e-01  |g| 7.59e+00  [763s]
step   3100  train 7.5882e-01  |g| 7.37e+00  [788s]
step   3200  train 6.9724e-01  |g| 5.72e+00  [814s]
step   3300  train 7.5835e-01  |g| 8.18e+00  [839s]
step   3400  train 6.5913e-01  |g| 7.07e+00  [865s]
step   3500  train 6.7258e-01  |g| 7.55e+00  [890s]
step   3600  train 6.3441e-01  |g| 7.52e+00  [916s]
step   3700  train 6.3833e-01  |g| 1.24e+01  [941s]
step   3800  train 9.7411e-01  |g| 9.20e+00  [967s]
step   3900  train 6.2466e-01  |g| 7.82e+00  [993s]
step   4000  train 6.7761e-01  val 1.4866e+00  6d geo 3.839e-03 med 3.805e-03 p90 1.398e-02 (const 4.730e-02)  |g| 6.77e+00  [1018s]
           5d geo 2.856e-03 med 2.889e-03   postmu 6d geo 3.950e-03 med 4.001e-03 p90 1.827e-02   mu |dlog| 0.1849
           corr(identifiable)  mu=+0.94  D_div_mu=+0.98  T0_div_mu=+0.60  Ly=+0.94  op_x=+0.92  op_y=+0.97   mean spread/GT 0.81
           err share           mu=24%  D_div_mu=1%  T0_div_mu=4%  Ly=24%  op_x=34%  op_y=12%
step   4100  train 9.4211e-01  |g| 1.00e+01  [1048s]
step   4200  train 6.1507e-01  |g| 6.90e+00  [1073s]
step   4300  train 6.2165e-01  |g| 7.73e+00  [1099s]
step   4400  train 7.2361e-01  |g| 6.69e+00  [1125s]
step   4500  train 7.5123e-01  |g| 7.90e+00  [1150s]
step   4600  train 7.5809e-01  |g| 8.76e+00  [1175s]
step   4700  train 6.1311e-01  |g| 7.46e+00  [1201s]
step   4800  train 5.8400e-01  |g| 8.53e+00  [1227s]
step   4900  train 9.1408e-01  |g| 6.17e+00  [1252s]
step   5000  train 7.1170e-01  |g| 6.18e+00  [1278s]
best val_nmse_6d_postmu_geo 3.9500e-03 (encoder_best.pt)

Done. Outputs written to /home/bhpark3/dafx_ddsp/results/ddsp/gamma_pre/L1_STFT
