======================================================================
  TERNARY-SEARCH μ-REFINEMENT on CUDA (float32)
======================================================================
  CMA-ES results: /home/bhpark3/dafxchal/results/decomp_sweep/l1_stft_2048/stage1
  Targets: /home/bhpark3/dafxchal/data/random-IR-100-1.0s
  Loss: L1_STFT_2048, Duration: 0.25s
  μ search bounds: [2.430, 106.150]
  Ternary iterations: 50  (~101 evals/IR)
  Sanity grid check: on

  Loaded 50 CMA-ES results
  [  1/50] random_IR_0001.npz             mu  81.040 ->  48.930 (GT  48.930)
          NMSE 0.015973 -> 0.000000 (-100.0%)  loss 0.000000 -> 0.000000  (1.0s)
  [  2/50] random_IR_0002.npz             mu  53.059 ->  84.056 (GT  84.056)
          NMSE 0.014885 -> 0.000000 (-100.0%)  loss 0.000000 -> 0.000000  (1.2s)
  [  3/50] random_IR_0003.npz             mu  24.367 ->  24.386 (GT  24.386)
          NMSE 0.000000 -> 0.000000 (-100.0%)  loss 0.000000 -> 0.000000  (1.4s)
  [  4/50] random_IR_0004.npz             mu  14.393 ->  13.244 (GT  13.244)
          NMSE 0.000020 -> 0.000000 (-100.0%)  loss 0.000000 -> 0.000000  (1.0s)
  [  5/50] random_IR_0005.npz             mu  71.118 ->  45.159 (GT  45.159)
          NMSE 0.010440 -> 0.000000 (-100.0%)  loss 0.000000 -> 0.000000  (1.6s)
  [ 10/50] random_IR_0010.npz             mu  26.342 ->  24.589 (GT  31.912)
          NMSE 0.014637 -> 0.014987 (+2.4%)  loss 0.000000 -> 0.000000  (2.2s)
  [ 20/50] random_IR_0020.npz             mu  64.621 ->  43.384 (GT  43.384)
          NMSE 0.006988 -> 0.000000 (-100.0%)  loss 0.000000 -> 0.000000  (0.8s)
  [ 30/50] random_IR_0030.npz             mu  38.448 ->  16.703 (GT  16.703)
          NMSE 0.007325 -> 0.000000 (-100.0%)  loss 0.000000 -> 0.000000  (2.3s)
  [ 40/50] random_IR_0040.npz             mu  24.948 ->  38.783 (GT  38.783)
          NMSE 0.002965 -> 0.000000 (-100.0%)  loss 0.000000 -> 0.000000  (3.0s)
  [ 50/50] random_IR_0050.npz             mu  98.270 ->  51.163 (GT  51.163)
          NMSE 0.034379 -> 0.000000 (-100.0%)  loss 0.000000 -> 0.000000  (0.5s)

======================================================================
  AGGREGATE
======================================================================
  Mean NMSE   orig: 0.010494
              refn: 0.001614
  Median NMSE orig: 0.002350
              refn: 0.000000
  IRs improved: 49 / 50  worsened: 1  unchanged: 0
  Mean elapsed/IR:    1.40 s
  Total runtime:      84.9 s
  Wrote: /home/bhpark3/dafxchal/results/decomp_sweep/l1_stft_2048/stage2/mu_refined_summary.csv
