Device cuda | loss L1_STFT_eps1e7 | duration 0.25s
Loading train targets from data/train-p99
Loading val targets from data/val-p99
  98304 train / 996 val in 41s   train tensor 4.34 GB
  training set held in host memory; batches transferred per step
reference levels:  gt_loss 1.1978e-03   saturation (unrelated IRs) 1.5265e+00
constant-predictor NMSE: 6d 4.730e-02  7d 7.959e-02  (the floor to beat)
training loss stuck near saturation = gradient uninformative; well below = learning

encoder: 3.74M params, width 32

loss scale (fixed): 1.1891e+00
step      1  train 1.1891e+00  val 1.3107e+00  6d geo 4.283e-02 med 4.750e-02 p90 8.157e-02 (const 4.730e-02)  |g| 4.58e+02  [1s]
           5d geo 4.206e-02 med 4.849e-02   postmu 6d geo 4.304e-02 med 4.719e-02 p90 9.398e-02   mu |dlog| 0.4442
           WARNING: prediction spread 0.000 of ground truth -- the output has collapsed to a constant (saturated tanh); lower --lr or raise --warmup-steps and restart
           corr(identifiable)  mu=-0.37  D_div_mu=+0.15  T0_div_mu=-0.01  Ly=-0.01  op_x=-0.48  op_y=-0.27   mean spread/GT 0.00
           err share           mu=16%  D_div_mu=3%  T0_div_mu=2%  Ly=26%  op_x=28%  op_y=26%
step    100  train 1.2945e+00  |g| 1.65e+02  [47s]
step    200  train 1.2897e+00  |g| 1.93e+02  [93s]
step    300  train 1.2607e+00  |g| 3.04e+02  [165s]
step    400  train 1.3973e+00  |g| 2.49e+02  [248s]
step    500  train 1.3464e+00  |g| 7.59e+02  [351s]
step    600  train 1.2704e+00  |g| 5.45e+02  [433s]
  WARNING: 1 of 64 parameter sets need a finer grid than the pinned (86, 282) and are truncated. Raise --fixed-mode-grid; targets rendered under a pin that truncates them are not the plate's output at those parameters.
step    700  train 1.3151e+00  |g| 7.28e+02  [496s]
step    800  train 1.5505e+00  |g| 4.14e+02  [553s]
step    900  train 1.4512e+00  |g| 8.02e+01  [602s]
step   1000  train 1.3619e+00  |g| 7.30e+02  [644s]
step   1100  train 1.4123e+00  |g| 3.21e+02  [686s]
step   1200  train 1.9343e+00  |g| 6.34e+01  [727s]
step   1300  train 1.6633e+00  |g| 1.76e+01  [769s]
step   1400  train 1.7603e+00  |g| 3.12e+00  [810s]
step   1500  train 1.7219e+00  |g| 2.39e+01  [851s]
step   1600  train 1.6451e+00  |g| 1.64e+01  [892s]
step   1700  train 1.8047e+00  |g| 7.32e+00  [933s]
step   1800  train 1.7019e+00  |g| 2.37e+01  [974s]
step   1900  train 1.7559e+00  |g| 1.95e+00  [1016s]
step   2000  train 1.6352e+00  val 1.6944e+00  6d geo 2.300e-01 med 2.449e-01 p90 3.822e-01 (const 4.730e-02)  |g| 4.63e+00  [1057s]
           5d geo 1.696e-01 med 1.931e-01   postmu 6d geo 1.473e-01 med 1.675e-01 p90 3.042e-01   mu |dlog| 0.4232
           WARNING: prediction spread 0.006 of ground truth -- the output has collapsed to a constant (saturated tanh); lower --lr or raise --warmup-steps and restart
           corr(identifiable)  mu=+0.04  D_div_mu=+0.43  T0_div_mu=+0.11  Ly=+0.01  op_x=-0.21  op_y=-0.33   mean spread/GT 0.01
           err share           mu=33%  D_div_mu=1%  T0_div_mu=0%  Ly=21%  op_x=23%  op_y=22%
step   2100  train 1.7497e+00  |g| 2.95e+01  [1101s]
step   2200  train 1.6214e+00  |g| 1.27e+01  [1142s]
step   2300  train 1.6442e+00  |g| 1.31e+01  [1183s]
step   2400  train 1.9321e+00  |g| 9.94e+00  [1224s]
step   2500  train 1.7440e+00  |g| 2.44e+01  [1266s]
step   2600  train 1.5548e+00  |g| 6.35e+00  [1307s]
step   2700  train 1.7140e+00  |g| 2.52e+00  [1348s]
step   2800  train 1.5567e+00  |g| 6.62e+00  [1389s]
step   2900  train 1.6699e+00  |g| 1.10e+01  [1430s]
step   3000  train 1.7572e+00  |g| 1.01e+01  [1471s]
step   3100  train 1.7652e+00  |g| 2.43e+01  [1512s]
step   3200  train 1.8846e+00  |g| 2.97e+01  [1554s]
step   3300  train 1.9562e+00  |g| 1.14e+01  [1595s]
step   3400  train 1.6673e+00  |g| 3.22e+01  [1636s]
step   3500  train 1.8798e+00  |g| 4.72e+01  [1677s]
step   3600  train 1.7229e+00  |g| 5.24e+01  [1718s]
step   3700  train 1.6051e+00  |g| 1.02e+02  [1759s]
step   3800  train 1.5797e+00  |g| 3.17e+01  [1800s]
step   3900  train 1.7786e+00  |g| 4.40e+00  [1842s]
step   4000  train 1.9382e+00  val 1.6668e+00  6d geo 2.308e-01 med 2.460e-01 p90 3.816e-01 (const 4.730e-02)  |g| 2.10e+01  [1883s]
           5d geo 1.711e-01 med 1.949e-01   postmu 6d geo 1.486e-01 med 1.687e-01 p90 3.050e-01   mu |dlog| 0.4338
           WARNING: prediction spread 0.044 of ground truth -- the output has collapsed to a constant (saturated tanh); lower --lr or raise --warmup-steps and restart
           corr(identifiable)  mu=+0.42  D_div_mu=+0.20  T0_div_mu=+0.08  Ly=+0.23  op_x=+0.17  op_y=-0.18   mean spread/GT 0.04
           err share           mu=33%  D_div_mu=1%  T0_div_mu=0%  Ly=21%  op_x=23%  op_y=22%
step   4100  train 1.5952e+00  |g| 1.83e+01  [1927s]
step   4200  train 1.7795e+00  |g| 4.04e+01  [1968s]
step   4300  train 1.7286e+00  |g| 2.26e+01  [2009s]
step   4400  train 1.6780e+00  |g| 2.11e+01  [2051s]
step   4500  train 1.7025e+00  |g| 5.45e+00  [2092s]
step   4600  train 1.7783e+00  |g| 7.39e+01  [2133s]
step   4700  train 1.6483e+00  |g| 2.68e+00  [2174s]
step   4800  train 1.7186e+00  |g| 2.47e+01  [2215s]
step   4900  train 1.6741e+00  |g| 1.40e+01  [2257s]
step   5000  train 1.6700e+00  |g| 2.85e+01  [2298s]
step   5100  train 1.6463e+00  |g| 3.39e+01  [2339s]
step   5200  train 1.5969e+00  |g| 1.53e+01  [2380s]
step   5300  train 1.6048e+00  |g| 6.41e+00  [2421s]
step   5400  train 1.6933e+00  |g| 6.27e+00  [2462s]
step   5500  train 1.7150e+00  |g| 2.59e+01  [2504s]
step   5600  train 1.6413e+00  |g| 3.28e+01  [2545s]
step   5700  train 1.7061e+00  |g| 7.22e+01  [2586s]
step   5800  train 1.6903e+00  |g| 3.03e+00  [2627s]
step   5900  train 1.8031e+00  |g| 6.24e+01  [2668s]
step   6000  train 1.5871e+00  val 1.6718e+00  6d geo 2.302e-01 med 2.459e-01 p90 3.821e-01 (const 4.730e-02)  |g| 3.06e+01  [2710s]
           5d geo 1.710e-01 med 1.948e-01   postmu 6d geo 1.486e-01 med 1.689e-01 p90 3.050e-01   mu |dlog| 0.4364
           WARNING: prediction spread 0.007 of ground truth -- the output has collapsed to a constant (saturated tanh); lower --lr or raise --warmup-steps and restart
           corr(identifiable)  mu=-0.31  D_div_mu=-0.05  T0_div_mu=-0.14  Ly=-0.30  op_x=+0.11  op_y=-0.19   mean spread/GT 0.01
           err share           mu=33%  D_div_mu=1%  T0_div_mu=0%  Ly=21%  op_x=23%  op_y=22%
step   6100  train 1.4603e+00  |g| 5.76e+01  [2754s]
step   6200  train 1.7606e+00  |g| 6.52e+00  [2795s]
step   6300  train 1.6828e+00  |g| 1.62e+01  [2836s]
step   6400  train 1.7006e+00  |g| 4.73e+00  [2877s]
step   6500  train 1.6389e+00  |g| 2.95e+01  [2919s]
step   6600  train 1.6191e+00  |g| 8.66e+00  [2960s]
step   6700  train 1.7341e+00  |g| 6.60e+01  [3001s]
step   6800  train 1.6254e+00  |g| 8.42e+00  [3042s]
step   6900  train 1.7068e+00  |g| 3.09e+01  [3083s]
step   7000  train 1.6493e+00  |g| 4.19e+00  [3124s]
step   7100  train 1.6904e+00  |g| 2.71e+00  [3166s]
step   7200  train 1.6266e+00  |g| 6.02e+00  [3207s]
step   7300  train 1.7498e+00  |g| 4.78e+00  [3248s]
step   7400  train 1.6049e+00  |g| 8.62e-01  [3289s]
step   7500  train 1.6992e+00  |g| 3.57e+00  [3330s]
step   7600  train 1.8366e+00  |g| 3.11e+01  [3371s]
step   7700  train 1.7741e+00  |g| 3.73e+01  [3413s]
step   7800  train 1.6733e+00  |g| 2.83e+01  [3454s]
step   7900  train 1.7348e+00  |g| 7.02e+00  [3495s]
step   8000  train 1.5713e+00  val 1.6579e+00  6d geo 2.303e-01 med 2.455e-01 p90 3.816e-01 (const 4.730e-02)  |g| 1.11e+01  [3536s]
           5d geo 1.709e-01 med 1.947e-01   postmu 6d geo 1.485e-01 med 1.688e-01 p90 3.048e-01   mu |dlog| 0.4301
           WARNING: prediction spread 0.047 of ground truth -- the output has collapsed to a constant (saturated tanh); lower --lr or raise --warmup-steps and restart
           corr(identifiable)  mu=+0.24  D_div_mu=+0.16  T0_div_mu=+0.08  Ly=-0.09  op_x=-0.08  op_y=-0.22   mean spread/GT 0.05
           err share           mu=33%  D_div_mu=1%  T0_div_mu=0%  Ly=21%  op_x=23%  op_y=22%
step   8100  train 1.7881e+00  |g| 8.00e+00  [3581s]
step   8200  train 1.5883e+00  |g| 4.24e+01  [3622s]
step   8300  train 1.6712e+00  |g| 4.85e+01  [3663s]
step   8400  train 1.5752e+00  |g| 1.24e+01  [3704s]
step   8500  train 1.6335e+00  |g| 3.78e+01  [3745s]
step   8600  train 1.6981e+00  |g| 4.54e+01  [3786s]
step   8700  train 1.6191e+00  |g| 4.78e+00  [3828s]
step   8800  train 1.6371e+00  |g| 4.05e+01  [3869s]
step   8900  train 1.6252e+00  |g| 4.27e+01  [3910s]
step   9000  train 1.6031e+00  |g| 1.63e+01  [3951s]
step   9100  train 1.7679e+00  |g| 1.96e+01  [3992s]
step   9200  train 1.6232e+00  |g| 1.17e+01  [4033s]
step   9300  train 1.6507e+00  |g| 2.56e+01  [4075s]
step   9400  train 1.7382e+00  |g| 3.87e+00  [4116s]
step   9500  train 1.7699e+00  |g| 3.08e+01  [4157s]
step   9600  train 1.7872e+00  |g| 1.23e+01  [4198s]
step   9700  train 1.7213e+00  |g| 5.57e+01  [4239s]
step   9800  train 1.8100e+00  |g| 3.10e+01  [4280s]
step   9900  train 1.5567e+00  |g| 7.10e+01  [4322s]
step  10000  train 1.6909e+00  val 1.6634e+00  6d geo 2.296e-01 med 2.450e-01 p90 3.810e-01 (const 4.730e-02)  |g| 3.38e+00  [4363s]
           5d geo 1.710e-01 med 1.947e-01   postmu 6d geo 1.485e-01 med 1.688e-01 p90 3.050e-01   mu |dlog| 0.4280
           WARNING: prediction spread 0.001 of ground truth -- the output has collapsed to a constant (saturated tanh); lower --lr or raise --warmup-steps and restart
           corr(identifiable)  mu=+0.12  D_div_mu=-0.06  T0_div_mu=+0.16  Ly=-0.20  op_x=+0.05  op_y=+0.10   mean spread/GT 0.00
           err share           mu=33%  D_div_mu=1%  T0_div_mu=0%  Ly=21%  op_x=23%  op_y=22%
step  10100  train 1.5696e+00  |g| 3.21e+01  [4407s]
step  10200  train 1.6374e+00  |g| 4.34e+01  [4448s]
step  10300  train 1.6461e+00  |g| 6.44e+01  [4489s]
step  10400  train 1.7196e+00  |g| 4.74e+01  [4531s]
step  10500  train 1.6057e+00  |g| 9.48e+01  [4572s]
step  10600  train 1.6775e+00  |g| 2.87e+01  [4613s]
step  10700  train 1.6734e+00  |g| 6.48e+00  [4654s]
step  10800  train 1.5244e+00  |g| 1.81e+01  [4695s]
step  10900  train 1.9538e+00  |g| 2.06e-04  [4736s]
step  11000  train 2.0336e+00  |g| 4.47e-05  [4777s]
step  11100  train 2.1211e+00  |g| 3.78e-05  [4819s]
step  11200  train 2.0627e+00  |g| 1.92e-04  [4860s]
step  11300  train 1.8903e+00  |g| 3.24e-04  [4901s]
step  11400  train 1.8962e+00  |g| 8.15e-04  [4942s]
step  11500  train 1.7794e+00  |g| 1.26e-04  [4983s]
step  11600  train 1.9178e+00  |g| 2.64e-05  [5024s]
step  11700  train 1.8241e+00  |g| 1.01e-04  [5065s]
step  11800  train 2.0654e+00  |g| 1.90e-05  [5107s]
step  11900  train 2.1681e+00  |g| 9.10e-06  [5148s]
step  12000  train 1.8227e+00  val 1.9178e+00  6d geo 2.325e-01 med 2.477e-01 p90 3.836e-01 (const 4.730e-02)  |g| 1.44e-04  [5189s]
           5d geo 1.708e-01 med 1.947e-01   postmu 6d geo 1.484e-01 med 1.685e-01 p90 3.050e-01   mu |dlog| 0.4327
           WARNING: prediction spread 0.000 of ground truth -- the output has collapsed to a constant (saturated tanh); lower --lr or raise --warmup-steps and restart
           corr(identifiable)  mu=+0.03  D_div_mu=+0.10  T0_div_mu=+0.10  Ly=+0.03  op_x=-0.18  op_y=-0.12   mean spread/GT 0.00
           err share           mu=33%  D_div_mu=1%  T0_div_mu=0%  Ly=21%  op_x=23%  op_y=22%
step  12100  train 2.1631e+00  |g| 1.01e-05  [5233s]
step  12200  train 1.9665e+00  |g| 1.12e-05  [5274s]
step  12300  train 2.0884e+00  |g| 4.61e-05  [5315s]
step  12400  train 1.9212e+00  |g| 4.32e-05  [5356s]
step  12500  train 1.9257e+00  |g| 4.37e-05  [5398s]
step  12600  train 1.8939e+00  |g| 2.08e-05  [5439s]
step  12700  train 2.0003e+00  |g| 2.74e-05  [5480s]
step  12800  train 1.9332e+00  |g| 1.81e-05  [5521s]
step  12900  train 2.0248e+00  |g| 8.09e-06  [5562s]
step  13000  train 1.9945e+00  |g| 1.77e-05  [5603s]
step  13100  train 1.8171e+00  |g| 2.60e-05  [5645s]
step  13200  train 1.8719e+00  |g| 1.82e-05  [5686s]
step  13300  train 2.0107e+00  |g| 4.63e-05  [5727s]
step  13400  train 2.1330e+00  |g| 1.56e-06  [5768s]
step  13500  train 1.9184e+00  |g| 1.26e-06  [5809s]
step  13600  train 2.0051e+00  |g| 1.01e-05  [5850s]
step  13700  train 1.8956e+00  |g| 6.87e-07  [5892s]
step  13800  train 2.1092e+00  |g| 2.35e-05  [5933s]
step  13900  train 2.1246e+00  |g| 1.14e-06  [5974s]
step  14000  train 1.9328e+00  val 1.9178e+00  6d geo 2.325e-01 med 2.477e-01 p90 3.836e-01 (const 4.730e-02)  |g| 1.92e-05  [6015s]
           5d geo 1.708e-01 med 1.947e-01   postmu 6d geo 1.484e-01 med 1.685e-01 p90 3.050e-01   mu |dlog| 0.4327
           WARNING: prediction spread 0.000 of ground truth -- the output has collapsed to a constant (saturated tanh); lower --lr or raise --warmup-steps and restart
           corr(identifiable)  mu=+0.02  D_div_mu=+0.07  T0_div_mu=+0.10  Ly=+0.03  op_x=-0.16  op_y=-0.11   mean spread/GT 0.00
           err share           mu=33%  D_div_mu=1%  T0_div_mu=0%  Ly=21%  op_x=23%  op_y=22%
step  14100  train 1.9832e+00  |g| 3.13e-05  [6060s]
step  14200  train 1.8913e+00  |g| 1.78e-05  [6101s]
step  14300  train 1.8709e+00  |g| 1.30e-06  [6142s]
step  14400  train 1.9825e+00  |g| 1.95e-06  [6183s]
step  14500  train 1.9398e+00  |g| 3.37e-06  [6225s]
step  14600  train 1.9559e+00  |g| 2.05e-06  [6266s]
step  14700  train 1.9362e+00  |g| 1.25e-05  [6307s]
step  14800  train 1.8676e+00  |g| 1.51e-05  [6348s]
step  14900  train 2.0295e+00  |g| 3.70e-05  [6390s]
step  15000  train 1.9094e+00  |g| 1.62e-06  [6431s]
step  15100  train 2.0865e+00  |g| 1.24e-05  [6472s]
step  15200  train 1.7553e+00  |g| 2.07e-05  [6514s]
step  15300  train 2.0281e+00  |g| 1.78e-06  [6555s]
step  15400  train 1.7863e+00  |g| 3.55e-06  [6596s]
step  15500  train 2.0142e+00  |g| 7.14e-06  [6637s]
step  15600  train 1.9068e+00  |g| 3.28e-06  [6678s]
step  15700  train 1.8912e+00  |g| 1.67e-05  [6720s]
step  15800  train 1.9249e+00  |g| 3.44e-07  [6761s]
step  15900  train 2.0622e+00  |g| 4.04e-07  [6802s]
step  16000  train 1.7613e+00  val 1.9178e+00  6d geo 2.325e-01 med 2.477e-01 p90 3.836e-01 (const 4.730e-02)  |g| 1.80e-06  [6843s]
           5d geo 1.708e-01 med 1.947e-01   postmu 6d geo 1.484e-01 med 1.685e-01 p90 3.050e-01   mu |dlog| 0.4327
           WARNING: prediction spread 0.000 of ground truth -- the output has collapsed to a constant (saturated tanh); lower --lr or raise --warmup-steps and restart
           corr(identifiable)  mu=+0.02  D_div_mu=+0.07  T0_div_mu=+0.10  Ly=+0.02  op_x=-0.13  op_y=-0.11   mean spread/GT 0.00
           err share           mu=33%  D_div_mu=1%  T0_div_mu=0%  Ly=21%  op_x=23%  op_y=22%
step  16100  train 1.8385e+00  |g| 6.31e-07  [6888s]
step  16200  train 1.9081e+00  |g| 3.60e-05  [6929s]
step  16300  train 2.0397e+00  |g| 1.64e-06  [6970s]
step  16400  train 2.0052e+00  |g| 2.16e-05  [7012s]
step  16500  train 1.9606e+00  |g| 2.04e-03  [7053s]
step  16600  train 2.0465e+00  |g| 1.23e-04  [7094s]
step  16700  train 1.9363e+00  |g| 4.47e-05  [7135s]
step  16800  train 1.8442e+00  |g| 1.62e-05  [7177s]
step  16900  train 1.7487e+00  |g| 1.98e-05  [7218s]
step  17000  train 1.9618e+00  |g| 2.25e-05  [7259s]
step  17100  train 1.8696e+00  |g| 2.26e-05  [7300s]
step  17200  train 1.8963e+00  |g| 2.59e-05  [7341s]
step  17300  train 1.9126e+00  |g| 2.42e-05  [7383s]
step  17400  train 2.0041e+00  |g| 3.45e-06  [7424s]
step  17500  train 1.9876e+00  |g| 1.42e-05  [7465s]
step  17600  train 1.9745e+00  |g| 1.88e-05  [7506s]
step  17700  train 1.8860e+00  |g| 4.69e-05  [7548s]
step  17800  train 1.8789e+00  |g| 7.13e-06  [7589s]
step  17900  train 1.9454e+00  |g| 7.86e-06  [7630s]
step  18000  train 1.9796e+00  val 1.8846e+00  6d geo 2.328e-01 med 2.486e-01 p90 3.844e-01 (const 4.730e-02)  |g| 8.29e-06  [7671s]
           5d geo 1.714e-01 med 1.951e-01   postmu 6d geo 1.489e-01 med 1.688e-01 p90 3.054e-01   mu |dlog| 0.4315
           WARNING: prediction spread 0.000 of ground truth -- the output has collapsed to a constant (saturated tanh); lower --lr or raise --warmup-steps and restart
           corr(identifiable)  mu=+0.00  D_div_mu=+0.00  T0_div_mu=+0.00  Ly=-0.06  op_x=+0.00  op_y=+0.00   mean spread/GT 0.00
           err share           mu=33%  D_div_mu=1%  T0_div_mu=0%  Ly=21%  op_x=23%  op_y=22%
step  18100  train 1.9660e+00  |g| 5.20e-06  [7716s]
step  18200  train 1.8664e+00  |g| 5.29e-06  [7757s]
step  18300  train 1.9021e+00  |g| 0.00e+00  [7798s]
step  18400  train 1.8746e+00  |g| 4.06e-06  [7839s]
step  18500  train 1.9639e+00  |g| 5.27e-06  [7880s]