Device cuda | loss L1_STFT_eps1e1 | duration 0.25s
Loading train targets from data/train-p99
Loading val targets from data/val-p99
  98304 train / 996 val in 42s   train tensor 4.34 GB
  training set held in host memory; batches transferred per step
reference levels:  gt_loss 0.0000e+00   saturation (unrelated IRs) 1.8151e-01
constant-predictor NMSE: 6d 4.730e-02  7d 7.959e-02  (the floor to beat)
training loss stuck near saturation = gradient uninformative; well below = learning

encoder: 3.74M params, width 32

loss scale (fixed): 1.4023e-01
step      1  train 1.4023e-01  val 1.5680e-01  6d geo 4.283e-02 med 4.750e-02 p90 8.157e-02 (const 4.730e-02)  |g| 3.10e+01  [1s]
           5d geo 4.206e-02 med 4.849e-02   postmu 6d geo 4.956e-02 med 5.181e-02 p90 1.269e-01   mu |dlog| 0.5564
           WARNING: prediction spread 0.000 of ground truth -- the output has collapsed to a constant (saturated tanh); lower --lr or raise --warmup-steps and restart
           corr(identifiable)  mu=-0.37  D_div_mu=+0.16  T0_div_mu=-0.01  Ly=-0.01  op_x=-0.48  op_y=-0.27   mean spread/GT 0.00
           err share           mu=16%  D_div_mu=3%  T0_div_mu=2%  Ly=26%  op_x=28%  op_y=26%
step    100  train 1.3962e-01  |g| 1.44e+01  [49s]
  WARNING: 1 of 64 parameter sets need a finer grid than the pinned (86, 282) and are truncated. Raise --fixed-mode-grid; targets rendered under a pin that truncates them are not the plate's output at those parameters.
step    200  train 1.3172e-01  |g| 5.80e+00  [92s]
step    300  train 1.1660e-01  |g| 1.29e+01  [136s]
step    400  train 1.2825e-01  |g| 5.06e+01  [182s]
step    500  train 1.1089e-01  |g| 3.05e+01  [231s]
step    600  train 1.1991e-01  |g| 2.40e+01  [284s]
step    700  train 1.1220e-01  |g| 1.43e+01  [336s]
step    800  train 1.1168e-01  |g| 1.67e+01  [384s]
step    900  train 1.1963e-01  |g| 3.44e+01  [434s]
step   1000  train 1.2117e-01  |g| 3.22e+01  [477s]
step   1100  train 1.1503e-01  |g| 7.47e+01  [524s]
step   1200  train 1.1600e-01  |g| 4.12e+01  [567s]
step   1300  train 1.2860e-01  |g| 3.74e+01  [611s]
step   1400  train 1.0759e-01  |g| 2.86e+01  [658s]
step   1500  train 1.2708e-01  |g| 1.05e+02  [700s]
step   1600  train 1.5134e-01  |g| 3.50e+01  [751s]
step   1700  train 1.3151e-01  |g| 2.44e+01  [793s]
step   1800  train 1.6704e-01  |g| 2.60e+01  [835s]
step   1900  train 1.3145e-01  |g| 1.83e+01  [876s]
step   2000  train 1.1233e-01  val 1.4685e-01  6d geo 1.036e-01 med 1.132e-01 p90 2.380e-01 (const 4.730e-02)  |g| 1.17e+02  [918s]
           5d geo 1.111e-01 med 1.272e-01   postmu 6d geo 1.117e-01 med 1.244e-01 p90 2.641e-01   mu |dlog| 1.1501
           corr(identifiable)  mu=-0.29  D_div_mu=-0.06  T0_div_mu=+0.32  Ly=+0.40  op_x=+0.01  op_y=+0.00   mean spread/GT 0.60
           err share           mu=9%  D_div_mu=1%  T0_div_mu=1%  Ly=27%  op_x=28%  op_y=34%
step   2100  train 2.0528e-01  |g| 2.86e-01  [967s]
step   2200  train 1.8350e-01  |g| 1.51e-01  [1009s]
step   2300  train 1.9532e-01  |g| 9.75e-02  [1051s]
step   2400  train 1.7912e-01  |g| 1.42e-01  [1093s]
step   2500  train 1.7870e-01  |g| 4.95e-01  [1135s]
step   2600  train 2.0413e-01  |g| 1.38e+00  [1176s]
step   2700  train 1.7647e-01  |g| 5.12e-01  [1218s]
step   2800  train 1.8623e-01  |g| 3.47e+00  [1260s]
step   2900  train 1.8660e-01  |g| 5.65e+00  [1302s]
step   3000  train 1.5012e-01  |g| 8.25e+00  [1343s]
step   3100  train 1.4153e-01  |g| 7.30e+00  [1385s]
step   3200  train 1.3849e-01  |g| 2.99e+01  [1427s]
step   3300  train 1.4576e-01  |g| 2.55e+01  [1469s]
step   3400  train 1.2904e-01  |g| 3.16e+00  [1510s]
step   3500  train 1.3345e-01  |g| 8.06e+00  [1552s]
step   3600  train 1.3191e-01  |g| 8.08e-01  [1594s]
step   3700  train 1.3309e-01  |g| 1.96e+00  [1636s]
step   3800  train 1.3574e-01  |g| 1.31e+01  [1678s]
step   3900  train 1.2697e-01  |g| 1.47e+01  [1719s]
step   4000  train 1.5500e-01  val 1.6223e-01  6d geo 1.285e-01 med 1.428e-01 p90 2.497e-01 (const 4.730e-02)  |g| 2.26e+01  [1770s]
           5d geo 1.391e-01 med 1.554e-01   postmu 6d geo 1.797e-01 med 1.906e-01 p90 2.985e-01   mu |dlog| 1.0340
           corr(identifiable)  mu=+0.01  D_div_mu=-0.42  T0_div_mu=-0.09  Ly=+0.01  op_x=-0.48  op_y=+0.41   mean spread/GT 0.17
           err share           mu=7%  D_div_mu=1%  T0_div_mu=1%  Ly=36%  op_x=39%  op_y=16%
step   4100  train 1.7078e-01  |g| 1.34e+01  [1815s]
step   4200  train 1.5280e-01  |g| 2.03e+00  [1857s]
step   4300  train 1.4046e-01  |g| 6.58e+00  [1899s]
step   4400  train 1.2980e-01  |g| 7.30e-01  [1941s]
step   4500  train 1.3188e-01  |g| 4.05e+00  [1983s]
step   4600  train 1.3722e-01  |g| 1.33e+01  [2024s]
step   4700  train 1.2851e-01  |g| 1.46e+00  [2066s]
step   4800  train 1.3323e-01  |g| 1.03e+01  [2108s]
step   4900  train 1.3890e-01  |g| 5.94e+00  [2150s]
step   5000  train 1.3358e-01  |g| 1.17e+01  [2192s]
step   5100  train 1.2773e-01  |g| 8.74e+00  [2233s]
step   5200  train 1.2707e-01  |g| 6.51e+00  [2275s]
step   5300  train 1.3621e-01  |g| 1.29e+01  [2317s]
step   5400  train 1.4409e-01  |g| 7.04e+00  [2359s]
step   5500  train 1.3408e-01  |g| 2.01e+01  [2400s]
step   5600  train 1.2781e-01  |g| 8.67e+00  [2442s]
step   5700  train 1.3274e-01  |g| 8.33e+00  [2484s]
step   5800  train 1.2431e-01  |g| 5.13e+00  [2526s]
step   5900  train 1.3878e-01  |g| 1.48e+00  [2567s]
step   6000  train 1.2765e-01  val 1.2727e-01  6d geo 1.453e-01 med 1.655e-01 p90 2.943e-01 (const 4.730e-02)  |g| 7.59e+00  [2609s]
           5d geo 1.602e-01 med 1.812e-01   postmu 6d geo 1.476e-01 med 1.652e-01 p90 2.961e-01   mu |dlog| 0.6401
           corr(identifiable)  mu=+0.47  D_div_mu=-0.38  T0_div_mu=+0.25  Ly=+0.20  op_x=-0.14  op_y=+0.14   mean spread/GT 0.26
           err share           mu=7%  D_div_mu=1%  T0_div_mu=1%  Ly=31%  op_x=34%  op_y=27%
step   6100  train 1.3519e-01  |g| 2.03e+01  [2654s]
step   6200  train 1.2437e-01  |g| 5.22e+00  [2696s]
step   6300  train 1.2683e-01  |g| 4.40e+00  [2738s]
step   6400  train 1.3816e-01  |g| 2.77e+01  [2779s]
step   6500  train 1.2826e-01  |g| 1.36e+01  [2821s]
step   6600  train 1.2138e-01  |g| 7.96e+00  [2863s]
step   6700  train 1.2670e-01  |g| 1.10e+01  [2905s]
step   6800  train 1.2276e-01  |g| 1.12e+01  [2946s]
step   6900  train 1.3303e-01  |g| 1.37e+01  [2988s]
step   7000  train 1.2724e-01  |g| 8.79e+00  [3030s]
step   7100  train 1.2158e-01  |g| 2.30e+00  [3072s]
step   7200  train 1.2360e-01  |g| 1.17e+01  [3113s]
step   7300  train 1.3285e-01  |g| 1.65e+01  [3155s]
step   7400  train 1.2805e-01  |g| 1.03e+01  [3197s]
step   7500  train 1.2181e-01  |g| 3.96e+00  [3239s]
step   7600  train 1.2973e-01  |g| 7.11e+00  [3281s]
step   7700  train 1.2674e-01  |g| 1.69e+01  [3322s]
step   7800  train 1.3283e-01  |g| 1.12e+01  [3364s]
step   7900  train 1.2336e-01  |g| 1.34e+01  [3406s]
step   8000  train 1.2916e-01  val 1.2895e-01  6d geo 1.521e-01 med 1.709e-01 p90 2.968e-01 (const 4.730e-02)  |g| 3.32e+00  [3448s]
           5d geo 1.678e-01 med 1.918e-01   postmu 6d geo 1.533e-01 med 1.720e-01 p90 2.974e-01   mu |dlog| 0.6228
           corr(identifiable)  mu=+0.37  D_div_mu=-0.23  T0_div_mu=+0.40  Ly=+0.44  op_x=-0.13  op_y=-0.01   mean spread/GT 0.09
           err share           mu=6%  D_div_mu=1%  T0_div_mu=1%  Ly=30%  op_x=33%  op_y=29%
step   8100  train 1.3135e-01  |g| 7.78e+00  [3493s]
step   8200  train 1.3803e-01  |g| 1.90e+01  [3534s]
step   8300  train 1.3451e-01  |g| 1.42e+01  [3576s]
step   8400  train 1.6093e-01  |g| 1.02e+02  [3633s]
step   8500  train 1.1518e-01  |g| 3.87e+01  [3674s]
step   8600  train 1.1179e-01  |g| 1.14e+01  [3716s]
step   8700  train 1.1731e-01  |g| 1.79e+01  [3757s]
step   8800  train 1.1619e-01  |g| 4.12e+01  [3799s]
step   8900  train 1.2093e-01  |g| 4.94e+01  [3840s]
step   9000  train 1.1564e-01  |g| 4.08e+01  [3882s]
step   9100  train 1.2349e-01  |g| 4.67e+01  [3923s]
step   9200  train 1.1620e-01  |g| 4.79e+00  [3965s]
step   9300  train 1.1147e-01  |g| 2.06e+01  [4006s]
step   9400  train 1.1300e-01  |g| 6.11e+00  [4048s]
step   9500  train 1.1326e-01  |g| 1.38e+01  [4089s]
step   9600  train 1.1736e-01  |g| 3.08e+01  [4131s]
step   9700  train 1.1053e-01  |g| 1.04e+01  [4172s]
step   9800  train 1.1516e-01  |g| 2.43e+01  [4213s]
step   9900  train 1.1476e-01  |g| 9.71e+00  [4254s]
step  10000  train 1.1741e-01  val 1.1549e-01  6d geo 1.692e-01 med 1.865e-01 p90 3.211e-01 (const 4.730e-02)  |g| 6.02e+00  [4296s]
           5d geo 1.706e-01 med 1.964e-01   postmu 6d geo 1.691e-01 med 1.865e-01 p90 3.211e-01   mu |dlog| 2.5474
           WARNING: prediction spread 0.001 of ground truth -- the output has collapsed to a constant (saturated tanh); lower --lr or raise --warmup-steps and restart
           corr(identifiable)  mu=+0.52  D_div_mu=-0.17  T0_div_mu=-0.25  Ly=+0.00  op_x=+0.00  op_y=+0.00   mean spread/GT 0.00
           err share           mu=13%  D_div_mu=1%  T0_div_mu=1%  Ly=28%  op_x=30%  op_y=28%
step  10100  train 1.1263e-01  |g| 2.18e+01  [4340s]
step  10200  train 1.1522e-01  |g| 2.39e+00  [4382s]
step  10300  train 1.1376e-01  |g| 7.68e+00  [4423s]
step  10400  train 1.1132e-01  |g| 1.29e+01  [4465s]
step  10500  train 1.1341e-01  |g| 1.05e+01  [4506s]
step  10600  train 1.1402e-01  |g| 1.84e+01  [4548s]
step  10700  train 1.1236e-01  |g| 8.84e+00  [4589s]
step  10800  train 1.1329e-01  |g| 2.25e+01  [4631s]
step  10900  train 1.1789e-01  |g| 1.54e+01  [4672s]
step  11000  train 1.1443e-01  |g| 7.00e+00  [4714s]
step  11100  train 1.2283e-01  |g| 4.07e+01  [4755s]
step  11200  train 1.1578e-01  |g| 1.24e+01  [4796s]
step  11300  train 1.1556e-01  |g| 1.05e+01  [4838s]
step  11400  train 1.1573e-01  |g| 2.02e+01  [4879s]
step  11500  train 1.2511e-01  |g| 4.69e+01  [4921s]
step  11600  train 1.1363e-01  |g| 1.40e+00  [4962s]
step  11700  train 1.1602e-01  |g| 3.83e+00  [5003s]
step  11800  train 1.1808e-01  |g| 1.79e+00  [5045s]
step  11900  train 1.1934e-01  |g| 3.34e+01  [5086s]
step  12000  train 1.2010e-01  val 1.1503e-01  6d geo 1.690e-01 med 1.865e-01 p90 3.204e-01 (const 4.730e-02)  |g| 2.66e+01  [5127s]
           5d geo 1.704e-01 med 1.964e-01   postmu 6d geo 1.688e-01 med 1.864e-01 p90 3.199e-01   mu |dlog| 2.4945
           WARNING: prediction spread 0.005 of ground truth -- the output has collapsed to a constant (saturated tanh); lower --lr or raise --warmup-steps and restart
           corr(identifiable)  mu=+0.69  D_div_mu=-0.33  T0_div_mu=-0.06  Ly=-0.09  op_x=-0.07  op_y=+0.01   mean spread/GT 0.01
           err share           mu=13%  D_div_mu=1%  T0_div_mu=1%  Ly=28%  op_x=30%  op_y=28%
step  12100  train 1.1844e-01  |g| 2.59e+01  [5172s]
step  12200  train 1.0914e-01  |g| 2.53e+00  [5213s]
step  12300  train 1.1349e-01  |g| 3.43e+00  [5254s]
step  12400  train 1.1624e-01  |g| 4.51e+00  [5295s]
step  12500  train 1.2308e-01  |g| 2.93e+01  [5336s]
step  12600  train 1.1299e-01  |g| 2.63e+00  [5378s]
step  12700  train 1.1409e-01  |g| 1.83e+00  [5419s]
step  12800  train 1.1626e-01  |g| 2.20e+01  [5461s]
step  12900  train 1.1872e-01  |g| 2.57e+01  [5502s]
step  13000  train 1.1409e-01  |g| 3.66e+00  [5543s]
step  13100  train 1.1373e-01  |g| 1.37e+01  [5585s]
step  13200  train 1.1473e-01  |g| 1.84e+01  [5626s]
step  13300  train 1.1814e-01  |g| 1.59e+01  [5668s]
step  13400  train 1.1149e-01  |g| 1.38e+00  [5709s]
step  13500  train 1.1047e-01  |g| 9.02e+00  [5750s]
step  13600  train 1.1203e-01  |g| 4.91e+00  [5792s]
step  13700  train 1.1055e-01  |g| 1.16e+01  [5833s]
step  13800  train 1.1595e-01  |g| 1.26e+01  [5874s]
step  13900  train 1.1193e-01  |g| 1.46e+01  [5915s]
step  14000  train 1.1465e-01  val 1.1561e-01  6d geo 1.672e-01 med 1.850e-01 p90 3.183e-01 (const 4.730e-02)  |g| 1.25e+01  [5957s]
           5d geo 1.682e-01 med 1.942e-01   postmu 6d geo 1.671e-01 med 1.850e-01 p90 3.183e-01   mu |dlog| 2.5489
           WARNING: prediction spread 0.005 of ground truth -- the output has collapsed to a constant (saturated tanh); lower --lr or raise --warmup-steps and restart
           corr(identifiable)  mu=-0.43  D_div_mu=+0.06  T0_div_mu=+0.42  Ly=+0.41  op_x=-0.09  op_y=+0.01   mean spread/GT 0.01
           err share           mu=13%  D_div_mu=1%  T0_div_mu=1%  Ly=28%  op_x=29%  op_y=28%
step  14100  train 1.1286e-01  |g| 1.46e+01  [6001s]
step  14200  train 1.1607e-01  |g| 1.32e+00  [6043s]
step  14300  train 1.0678e-01  |g| 9.16e+00  [6084s]
step  14400  train 1.1538e-01  |g| 2.44e+01  [6125s]
step  14500  train 1.1186e-01  |g| 1.55e+01  [6167s]
step  14600  train 1.1325e-01  |g| 2.67e+00  [6208s]
step  14700  train 1.1390e-01  |g| 3.69e+00  [6249s]
step  14800  train 1.1440e-01  |g| 1.21e+01  [6291s]
step  14900  train 1.1618e-01  |g| 2.94e+00  [6332s]
step  15000  train 1.1131e-01  |g| 3.74e+00  [6373s]
step  15100  train 1.1610e-01  |g| 1.80e+01  [6415s]
step  15200  train 1.1187e-01  |g| 1.04e+01  [6456s]
step  15300  train 1.1220e-01  |g| 6.95e+00  [6497s]
step  15400  train 1.1045e-01  |g| 1.96e+01  [6539s]
step  15500  train 1.1180e-01  |g| 6.66e+00  [6580s]
step  15600  train 1.1176e-01  |g| 2.08e-01  [6621s]
step  15700  train 1.1488e-01  |g| 8.65e+00  [6663s]
step  15800  train 1.1598e-01  |g| 2.41e+01  [6704s]
step  15900  train 1.1031e-01  |g| 8.88e+00  [6745s]
step  16000  train 1.1657e-01  val 1.1122e-01  6d geo 1.671e-01 med 1.846e-01 p90 3.186e-01 (const 4.730e-02)  |g| 2.01e+01  [6787s]
           5d geo 1.681e-01 med 1.942e-01   postmu 6d geo 1.670e-01 med 1.846e-01 p90 3.183e-01   mu |dlog| 2.5179
           WARNING: prediction spread 0.007 of ground truth -- the output has collapsed to a constant (saturated tanh); lower --lr or raise --warmup-steps and restart
           corr(identifiable)  mu=-0.65  D_div_mu=+0.21  T0_div_mu=+0.40  Ly=+0.13  op_x=-0.05  op_y=+0.02   mean spread/GT 0.01
           err share           mu=13%  D_div_mu=1%  T0_div_mu=1%  Ly=28%  op_x=29%  op_y=28%
step  16100  train 1.1009e-01  |g| 6.41e+00  [6831s]
step  16200  train 1.1296e-01  |g| 3.14e+00  [6873s]
step  16300  train 1.1118e-01  |g| 5.17e+00  [6914s]
step  16400  train 1.0792e-01  |g| 4.74e+00  [6955s]
step  16500  train 1.1269e-01  |g| 7.70e+00  [6997s]
step  16600  train 1.1361e-01  |g| 7.44e+00  [7038s]
step  16700  train 1.1395e-01  |g| 8.08e+00  [7079s]
step  16800  train 1.1225e-01  |g| 1.83e+00  [7121s]
step  16900  train 1.1999e-01  |g| 2.69e+01  [7162s]
step  17000  train 1.0900e-01  |g| 8.85e+00  [7203s]
step  17100  train 1.1205e-01  |g| 9.97e+00  [7245s]
step  17200  train 1.1366e-01  |g| 3.11e+00  [7286s]
step  17300  train 1.1783e-01  |g| 2.71e+01  [7327s]
step  17400  train 1.1065e-01  |g| 1.18e+01  [7369s]
step  17500  train 1.0764e-01  |g| 3.43e+00  [7410s]
step  17600  train 1.1291e-01  |g| 1.54e+01  [7452s]
step  17700  train 1.1703e-01  |g| 1.70e+01  [7493s]
step  17800  train 1.1033e-01  |g| 2.35e+00  [7534s]
step  17900  train 1.1369e-01  |g| 1.71e+01  [7576s]
step  18000  train 1.1365e-01  val 1.1171e-01  6d geo 1.665e-01 med 1.845e-01 p90 3.171e-01 (const 4.730e-02)  |g| 1.47e+01  [7617s]
           5d geo 1.674e-01 med 1.932e-01   postmu 6d geo 1.664e-01 med 1.845e-01 p90 3.170e-01   mu |dlog| 2.5426
           WARNING: prediction spread 0.006 of ground truth -- the output has collapsed to a constant (saturated tanh); lower --lr or raise --warmup-steps and restart
           corr(identifiable)  mu=-0.27  D_div_mu=-0.09  T0_div_mu=+0.33  Ly=-0.11  op_x=-0.01  op_y=+0.01   mean spread/GT 0.01
           err share           mu=13%  D_div_mu=1%  T0_div_mu=1%  Ly=28%  op_x=29%  op_y=28%
step  18100  train 1.0823e-01  |g| 1.12e+01  [7662s]
step  18200  train 1.1019e-01  |g| 4.31e+00  [7703s]
step  18300  train 1.0955e-01  |g| 3.12e+00  [7744s]
step  18400  train 1.1271e-01  |g| 1.25e+01  [7786s]
step  18500  train 1.0894e-01  |g| 2.86e+00  [7827s]
step  18600  train 1.1277e-01  |g| 1.81e+01  [7868s]
step  18700  train 1.1101e-01  |g| 1.65e+01  [7910s]
step  18800  train 1.1557e-01  |g| 1.82e+01  [7951s]
step  18900  train 1.1779e-01  |g| 2.53e+01  [7993s]
step  19000  train 1.1626e-01  |g| 9.31e+00  [8034s]
step  19100  train 1.1240e-01  |g| 1.31e+01  [8075s]
step  19200  train 1.0703e-01  |g| 4.79e+00  [8117s]
step  19300  train 1.1211e-01  |g| 4.50e+00  [8158s]
step  19400  train 1.1684e-01  |g| 7.08e+00  [8199s]
step  19500  train 1.1572e-01  |g| 2.13e+01  [8241s]
step  19600  train 1.0935e-01  |g| 9.50e+00  [8282s]
step  19700  train 1.0872e-01  |g| 2.57e+00  [8323s]
step  19800  train 1.1312e-01  |g| 3.29e+00  [8365s]
step  19900  train 1.1169e-01  |g| 5.10e+00  [8406s]
step  20000  train 1.1162e-01  val 1.1109e-01  6d geo 1.661e-01 med 1.843e-01 p90 3.168e-01 (const 4.730e-02)  |g| 1.91e+00  [8447s]
           5d geo 1.669e-01 med 1.926e-01   postmu 6d geo 1.660e-01 med 1.843e-01 p90 3.165e-01   mu |dlog| 2.5181
           WARNING: prediction spread 0.011 of ground truth -- the output has collapsed to a constant (saturated tanh); lower --lr or raise --warmup-steps and restart
           corr(identifiable)  mu=-0.17  D_div_mu=-0.05  T0_div_mu=+0.28  Ly=-0.01  op_x=+0.01  op_y=+0.00   mean spread/GT 0.01
           err share           mu=13%  D_div_mu=1%  T0_div_mu=1%  Ly=28%  op_x=29%  op_y=28%
step  20100  train 1.1022e-01  |g| 9.22e+00  [8492s]
step  20200  train 1.1135e-01  |g| 7.89e+00  [8533s]
step  20300  train 1.1076e-01  |g| 1.52e+00  [8575s]
step  20400  train 1.1148e-01  |g| 7.82e-01  [8616s]
step  20500  train 1.1281e-01  |g| 1.76e+00  [8657s]
step  20600  train 1.1212e-01  |g| 1.08e+01  [8699s]
step  20700  train 1.1230e-01  |g| 1.48e+01  [8740s]
step  20800  train 1.0951e-01  |g| 7.66e+00  [8781s]
step  20900  train 1.1025e-01  |g| 7.19e+00  [8823s]
step  21000  train 1.0977e-01  |g| 5.52e+00  [8864s]
step  21100  train 1.1014e-01  |g| 8.21e+00  [8905s]
step  21200  train 1.1323e-01  |g| 5.77e+00  [8947s]
step  21300  train 1.1097e-01  |g| 5.79e+00  [8988s]
step  21400  train 1.1027e-01  |g| 5.82e+00  [9029s]
step  21500  train 1.1133e-01  |g| 1.03e+01  [9071s]
step  21600  train 1.1016e-01  |g| 9.43e+00  [9112s]
step  21700  train 1.1222e-01  |g| 1.24e+00  [9154s]
step  21800  train 1.1559e-01  |g| 2.48e+01  [9195s]
step  21900  train 1.0815e-01  |g| 7.28e-01  [9236s]
step  22000  train 1.1072e-01  val 1.1193e-01  6d geo 1.665e-01 med 1.847e-01 p90 3.170e-01 (const 4.730e-02)  |g| 5.43e+00  [9278s]
           5d geo 1.674e-01 med 1.930e-01   postmu 6d geo 1.664e-01 med 1.845e-01 p90 3.167e-01   mu |dlog| 2.5378
           WARNING: prediction spread 0.006 of ground truth -- the output has collapsed to a constant (saturated tanh); lower --lr or raise --warmup-steps and restart
           corr(identifiable)  mu=-0.09  D_div_mu=-0.03  T0_div_mu=+0.26  Ly=-0.03  op_x=+0.02  op_y=+0.02   mean spread/GT 0.01
           err share           mu=13%  D_div_mu=1%  T0_div_mu=1%  Ly=28%  op_x=29%  op_y=28%
step  22100  train 1.0912e-01  |g| 8.92e-01  [9323s]
step  22200  train 1.1332e-01  |g| 8.74e+00  [9364s]
step  22300  train 1.0927e-01  |g| 6.01e+00  [9405s]
step  22400  train 1.1327e-01  |g| 3.73e+00  [9447s]
step  22500  train 1.1117e-01  |g| 1.47e+01  [9488s]
step  22600  train 1.1328e-01  |g| 8.26e+00  [9530s]
step  22700  train 1.1378e-01  |g| 1.28e+01  [9571s]
step  22800  train 1.1153e-01  |g| 1.10e+01  [9613s]
step  22900  train 1.1337e-01  |g| 1.47e+01  [9654s]
step  23000  train 1.1242e-01  |g| 2.18e+01  [9695s]
step  23100  train 1.1242e-01  |g| 9.66e+00  [9737s]
step  23200  train 1.1570e-01  |g| 1.59e+01  [9778s]
step  23300  train 1.0904e-01  |g| 9.00e+00  [9820s]
step  23400  train 1.0790e-01  |g| 5.92e+00  [9861s]
step  23500  train 1.1523e-01  |g| 1.36e+01  [9903s]
step  23600  train 1.1258e-01  |g| 1.20e+01  [9944s]
step  23700  train 1.0834e-01  |g| 4.41e+00  [9985s]
step  23800  train 1.1318e-01  |g| 9.81e+00  [10027s]
step  23900  train 1.0916e-01  |g| 3.80e+00  [10068s]
step  24000  train 1.0982e-01  val 1.1141e-01  6d geo 1.655e-01 med 1.829e-01 p90 3.166e-01 (const 4.730e-02)  |g| 1.92e+00  [10110s]
           5d geo 1.661e-01 med 1.910e-01   postmu 6d geo 1.653e-01 med 1.829e-01 p90 3.159e-01   mu |dlog| 2.5033
           WARNING: prediction spread 0.015 of ground truth -- the output has collapsed to a constant (saturated tanh); lower --lr or raise --warmup-steps and restart
           corr(identifiable)  mu=-0.11  D_div_mu=-0.01  T0_div_mu=+0.25  Ly=+0.01  op_x=+0.00  op_y=+0.01   mean spread/GT 0.02
           err share           mu=13%  D_div_mu=1%  T0_div_mu=1%  Ly=28%  op_x=29%  op_y=28%
step  24100  train 1.1584e-01  |g| 2.08e+01  [10154s]
step  24200  train 1.0917e-01  |g| 8.49e+00  [10196s]
step  24300  train 1.1254e-01  |g| 1.38e+01  [10237s]
step  24400  train 1.0937e-01  |g| 5.21e+00  [10279s]
step  24500  train 1.1288e-01  |g| 7.56e+00  [10320s]
step  24600  train 1.1662e-01  |g| 1.10e+01  [10361s]
step  24700  train 1.1269e-01  |g| 2.56e+01  [10403s]
step  24800  train 1.1659e-01  |g| 1.04e+01  [10444s]
step  24900  train 1.1013e-01  |g| 5.44e+00  [10485s]
step  25000  train 1.1094e-01  |g| 1.67e+01  [10527s]
step  25100  train 1.1131e-01  |g| 3.94e+00  [10568s]
step  25200  train 1.1219e-01  |g| 1.09e+01  [10610s]
step  25300  train 1.1041e-01  |g| 7.55e+00  [10651s]
step  25400  train 1.1298e-01  |g| 1.65e+01  [10693s]
step  25500  train 1.1368e-01  |g| 1.61e+01  [10734s]
step  25600  train 1.1134e-01  |g| 5.84e+00  [10775s]
step  25700  train 1.0876e-01  |g| 6.52e+00  [10817s]
step  25800  train 1.1091e-01  |g| 1.09e+01  [10858s]
step  25900  train 1.1339e-01  |g| 3.87e+00  [10900s]
step  26000  train 1.1070e-01  val 1.1089e-01  6d geo 1.658e-01 med 1.842e-01 p90 3.167e-01 (const 4.730e-02)  |g| 2.63e+00  [10941s]
           5d geo 1.665e-01 med 1.922e-01   postmu 6d geo 1.657e-01 med 1.842e-01 p90 3.167e-01   mu |dlog| 2.5285
           WARNING: prediction spread 0.023 of ground truth -- the output has collapsed to a constant (saturated tanh); lower --lr or raise --warmup-steps and restart
           corr(identifiable)  mu=-0.14  D_div_mu=+0.00  T0_div_mu=+0.24  Ly=-0.01  op_x=+0.02  op_y=+0.01   mean spread/GT 0.02
           err share           mu=13%  D_div_mu=1%  T0_div_mu=1%  Ly=28%  op_x=29%  op_y=28%
step  26100  train 1.1413e-01  |g| 1.38e+01  [10986s]
step  26200  train 1.1321e-01  |g| 1.78e+00  [11027s]
step  26300  train 1.1100e-01  |g| 1.03e+01  [11069s]
step  26400  train 1.0720e-01  |g| 3.08e+00  [11110s]
step  26500  train 1.1205e-01  |g| 1.39e+00  [11152s]
step  26600  train 1.0908e-01  |g| 9.29e-01  [11193s]
step  26700  train 1.1248e-01  |g| 1.64e+00  [11234s]
step  26800  train 1.0952e-01  |g| 2.03e+00  [11276s]
step  26900  train 1.1053e-01  |g| 7.02e+00  [11317s]
step  27000  train 1.1107e-01  |g| 5.94e+00  [11359s]
step  27100  train 1.1255e-01  |g| 1.05e+01  [11400s]
step  27200  train 1.1092e-01  |g| 1.06e+01  [11442s]
step  27300  train 1.1321e-01  |g| 3.63e+00  [11483s]
step  27400  train 1.1523e-01  |g| 9.49e+00  [11524s]
step  27500  train 1.1102e-01  |g| 1.46e+00  [11565s]
step  27600  train 1.1791e-01  |g| 1.34e+01  [11607s]
step  27700  train 1.1417e-01  |g| 5.89e+00  [11648s]
step  27800  train 1.1200e-01  |g| 1.09e+01  [11689s]
step  27900  train 1.1011e-01  |g| 7.08e+00  [11730s]
step  28000  train 1.1303e-01  val 1.1141e-01  6d geo 1.656e-01 med 1.841e-01 p90 3.166e-01 (const 4.730e-02)  |g| 1.57e+01  [11772s]
           5d geo 1.663e-01 med 1.914e-01   postmu 6d geo 1.655e-01 med 1.841e-01 p90 3.162e-01   mu |dlog| 2.5094
           WARNING: prediction spread 0.038 of ground truth -- the output has collapsed to a constant (saturated tanh); lower --lr or raise --warmup-steps and restart
           corr(identifiable)  mu=-0.12  D_div_mu=-0.02  T0_div_mu=+0.12  Ly=+0.02  op_x=+0.01  op_y=+0.02   mean spread/GT 0.04
           err share           mu=13%  D_div_mu=1%  T0_div_mu=1%  Ly=28%  op_x=29%  op_y=28%
step  28100  train 1.1072e-01  |g| 2.01e+00  [11816s]
step  28200  train 1.1251e-01  |g| 1.60e+01  [11857s]
step  28300  train 1.1323e-01  |g| 1.03e+01  [11899s]
step  28400  train 1.1314e-01  |g| 5.66e+00  [11940s]
step  28500  train 1.1674e-01  |g| 1.20e+01  [11981s]
step  28600  train 1.1231e-01  |g| 2.27e+00  [12022s]
step  28700  train 1.0698e-01  |g| 4.96e+00  [12063s]
step  28800  train 1.0846e-01  |g| 8.57e+00  [12105s]
step  28900  train 1.1157e-01  |g| 3.34e+00  [12146s]
step  29000  train 1.0981e-01  |g| 7.51e+00  [12188s]
step  29100  train 1.1355e-01  |g| 6.89e+00  [12229s]
step  29200  train 1.0853e-01  |g| 1.62e+00  [12270s]
step  29300  train 1.1777e-01  |g| 3.05e+01  [12311s]
step  29400  train 1.0878e-01  |g| 6.03e+00  [12353s]
step  29500  train 1.1203e-01  |g| 1.67e+01  [12394s]
step  29600  train 1.0912e-01  |g| 6.79e+00  [12435s]
step  29700  train 1.1307e-01  |g| 9.59e+00  [12476s]
step  29800  train 1.1217e-01  |g| 5.97e+00  [12518s]
step  29900  train 1.0948e-01  |g| 4.46e+00  [12559s]
step  30000  train 1.1047e-01  val 1.1051e-01  6d geo 1.654e-01 med 1.832e-01 p90 3.161e-01 (const 4.730e-02)  |g| 4.78e+00  [12600s]
           5d geo 1.660e-01 med 1.909e-01   postmu 6d geo 1.653e-01 med 1.832e-01 p90 3.158e-01   mu |dlog| 2.5171
           WARNING: prediction spread 0.013 of ground truth -- the output has collapsed to a constant (saturated tanh); lower --lr or raise --warmup-steps and restart
           corr(identifiable)  mu=-0.14  D_div_mu=+0.02  T0_div_mu=+0.12  Ly=+0.02  op_x=+0.07  op_y=+0.02   mean spread/GT 0.01
           err share           mu=13%  D_div_mu=1%  T0_div_mu=1%  Ly=28%  op_x=29%  op_y=28%
step  30100  train 1.0951e-01  |g| 2.80e+00  [12645s]
step  30200  train 1.0801e-01  |g| 9.82e+00  [12686s]
step  30300  train 1.1073e-01  |g| 5.58e+00  [12727s]
step  30400  train 1.0819e-01  |g| 2.00e+00  [12769s]
step  30500  train 1.1091e-01  |g| 3.82e+00  [12810s]
step  30600  train 1.1129e-01  |g| 6.82e+00  [12851s]
step  30700  train 1.0915e-01  |g| 6.58e+00  [12892s]
step  30800  train 1.1125e-01  |g| 2.40e+00  [12934s]
step  30900  train 1.0861e-01  |g| 8.46e+00  [12975s]
step  31000  train 1.1856e-01  |g| 2.23e+01  [13016s]
step  31100  train 1.1453e-01  |g| 6.60e+00  [13057s]
step  31200  train 1.1235e-01  |g| 1.88e+01  [13099s]
step  31300  train 1.0874e-01  |g| 3.35e+00  [13140s]
step  31400  train 1.1212e-01  |g| 5.07e+00  [13181s]
step  31500  train 1.1160e-01  |g| 4.97e+00  [13222s]
step  31600  train 1.1240e-01  |g| 2.27e+00  [13264s]
step  31700  train 1.1136e-01  |g| 1.44e+01  [13305s]
step  31800  train 1.1081e-01  |g| 4.17e+00  [13346s]
step  31900  train 1.1254e-01  |g| 9.70e+00  [13387s]
step  32000  train 1.1377e-01  val 1.1074e-01  6d geo 1.648e-01 med 1.820e-01 p90 3.161e-01 (const 4.730e-02)  |g| 1.47e+01  [13429s]
           5d geo 1.653e-01 med 1.898e-01   postmu 6d geo 1.647e-01 med 1.820e-01 p90 3.160e-01   mu |dlog| 2.5204
           WARNING: prediction spread 0.036 of ground truth -- the output has collapsed to a constant (saturated tanh); lower --lr or raise --warmup-steps and restart
           corr(identifiable)  mu=-0.17  D_div_mu=+0.04  T0_div_mu=+0.03  Ly=+0.02  op_x=+0.03  op_y=+0.01   mean spread/GT 0.04
           err share           mu=13%  D_div_mu=1%  T0_div_mu=1%  Ly=28%  op_x=29%  op_y=28%
step  32100  train 1.1069e-01  |g| 9.33e+00  [13473s]
step  32200  train 1.1118e-01  |g| 9.52e-01  [13515s]
step  32300  train 1.1454e-01  |g| 1.16e+01  [13556s]
step  32400  train 1.0913e-01  |g| 9.57e+00  [13597s]
step  32500  train 1.1090e-01  |g| 7.26e+00  [13638s]
step  32600  train 1.0949e-01  |g| 1.60e+00  [13680s]
step  32700  train 1.1150e-01  |g| 1.58e+01  [13721s]
step  32800  train 1.0894e-01  |g| 2.52e+00  [13763s]
step  32900  train 1.0987e-01  |g| 3.46e+00  [13804s]
step  33000  train 1.0870e-01  |g| 1.19e+01  [13845s]
step  33100  train 1.1644e-01  |g| 3.10e+00  [13887s]
step  33200  train 1.1081e-01  |g| 8.72e+00  [13928s]
step  33300  train 1.0980e-01  |g| 9.19e+00  [13970s]
step  33400  train 1.1108e-01  |g| 7.74e+00  [14011s]
step  33500  train 1.1050e-01  |g| 6.45e+00  [14053s]
step  33600  train 1.1533e-01  |g| 5.75e+00  [14094s]
step  33700  train 1.1491e-01  |g| 1.17e+01  [14135s]
step  33800  train 1.1089e-01  |g| 1.23e+01  [14177s]
step  33900  train 1.1575e-01  |g| 8.01e+00  [14218s]
step  34000  train 1.1009e-01  val 1.1066e-01  6d geo 1.650e-01 med 1.809e-01 p90 3.161e-01 (const 4.730e-02)  |g| 7.67e+00  [14260s]
           5d geo 1.656e-01 med 1.903e-01   postmu 6d geo 1.649e-01 med 1.809e-01 p90 3.163e-01   mu |dlog| 2.5275
           corr(identifiable)  mu=-0.16  D_div_mu=+0.06  T0_div_mu=+0.14  Ly=+0.15  op_x=+0.03  op_y=-0.03   mean spread/GT 0.06
           err share           mu=13%  D_div_mu=1%  T0_div_mu=1%  Ly=28%  op_x=29%  op_y=28%
step  34100  train 1.1207e-01  |g| 1.42e+01  [14304s]
step  34200  train 1.1193e-01  |g| 1.68e+01  [14346s]
step  34300  train 1.1066e-01  |g| 3.37e+00  [14387s]
step  34400  train 1.0881e-01  |g| 1.01e+01  [14429s]
step  34500  train 1.1488e-01  |g| 1.07e+01  [14470s]
step  34600  train 1.0982e-01  |g| 5.83e+00  [14512s]
step  34700  train 1.0968e-01  |g| 9.70e+00  [14553s]
step  34800  train 1.1254e-01  |g| 1.34e+01  [14594s]
step  34900  train 1.1206e-01  |g| 6.17e+00  [14636s]
step  35000  train 1.1209e-01  |g| 5.94e+00  [14677s]
step  35100  train 1.1140e-01  |g| 6.54e+00  [14719s]
step  35200  train 1.0961e-01  |g| 1.05e+01  [14760s]
step  35300  train 1.1228e-01  |g| 1.05e+01  [14802s]
step  35400  train 1.1404e-01  |g| 1.17e+01  [14843s]
step  35500  train 1.1295e-01  |g| 2.25e+00  [14885s]
step  35600  train 1.0871e-01  |g| 4.87e+00  [14926s]
step  35700  train 1.1170e-01  |g| 1.18e+01  [14968s]
step  35800  train 1.1214e-01  |g| 1.37e+01  [15009s]
step  35900  train 1.0972e-01  |g| 3.11e+00  [15050s]
step  36000  train 1.1684e-01  val 1.1072e-01  6d geo 1.648e-01 med 1.808e-01 p90 3.163e-01 (const 4.730e-02)  |g| 9.49e+00  [15092s]
           5d geo 1.654e-01 med 1.901e-01   postmu 6d geo 1.647e-01 med 1.807e-01 p90 3.161e-01   mu |dlog| 2.5231
           corr(identifiable)  mu=-0.06  D_div_mu=+0.02  T0_div_mu=+0.14  Ly=+0.18  op_x=+0.03  op_y=-0.02   mean spread/GT 0.06
           err share           mu=13%  D_div_mu=1%  T0_div_mu=1%  Ly=28%  op_x=29%  op_y=28%
step  36100  train 1.1212e-01  |g| 1.44e+00  [15137s]
step  36200  train 1.1440e-01  |g| 9.18e+00  [15178s]
step  36300  train 1.1428e-01  |g| 1.34e+01  [15220s]
step  36400  train 1.1086e-01  |g| 7.06e+00  [15261s]
step  36500  train 1.1209e-01  |g| 1.47e+01  [15303s]
step  36600  train 1.0999e-01  |g| 2.20e+00  [15344s]
step  36700  train 1.1061e-01  |g| 7.91e+00  [15385s]
step  36800  train 1.0954e-01  |g| 1.55e+00  [15427s]
step  36900  train 1.1006e-01  |g| 2.84e+00  [15468s]
step  37000  train 1.1212e-01  |g| 6.37e+00  [15509s]
step  37100  train 1.0970e-01  |g| 6.86e+00  [15551s]
step  37200  train 1.0883e-01  |g| 7.55e+00  [15592s]
step  37300  train 1.0905e-01  |g| 4.42e+00  [15634s]
step  37400  train 1.1235e-01  |g| 1.63e+00  [15675s]
step  37500  train 1.1292e-01  |g| 1.29e+01  [15716s]
step  37600  train 1.1033e-01  |g| 1.56e+00  [15758s]
step  37700  train 1.0919e-01  |g| 5.39e+00  [15799s]
step  37800  train 1.0971e-01  |g| 1.40e+01  [15841s]
step  37900  train 1.0767e-01  |g| 1.34e+01  [15882s]
step  38000  train 1.1376e-01  val 1.1049e-01  6d geo 1.649e-01 med 1.810e-01 p90 3.165e-01 (const 4.730e-02)  |g| 1.38e+00  [15923s]
           5d geo 1.655e-01 med 1.908e-01   postmu 6d geo 1.649e-01 med 1.810e-01 p90 3.168e-01   mu |dlog| 2.5252
           corr(identifiable)  mu=-0.03  D_div_mu=-0.00  T0_div_mu=+0.14  Ly=+0.17  op_x=+0.02  op_y=-0.02   mean spread/GT 0.06
           err share           mu=13%  D_div_mu=1%  T0_div_mu=1%  Ly=28%  op_x=29%  op_y=28%
step  38100  train 1.1013e-01  |g| 1.38e+00  [15968s]
step  38200  train 1.1160e-01  |g| 3.46e+00  [16009s]
step  38300  train 1.1153e-01  |g| 1.80e+00  [16051s]
step  38400  train 1.0759e-01  |g| 7.40e+00  [16092s]
step  38500  train 1.0814e-01  |g| 8.60e+00  [16134s]
step  38600  train 1.1067e-01  |g| 1.09e+01  [16175s]
step  38700  train 1.1081e-01  |g| 6.33e+00  [16216s]
step  38800  train 1.1269e-01  |g| 8.24e+00  [16258s]
step  38900  train 1.1344e-01  |g| 2.32e+01  [16299s]
step  39000  train 1.1189e-01  |g| 1.00e+01  [16341s]
step  39100  train 1.0961e-01  |g| 8.85e+00  [16382s]
step  39200  train 1.0780e-01  |g| 2.30e+00  [16423s]
step  39300  train 1.1020e-01  |g| 1.64e+00  [16465s]
step  39400  train 1.0582e-01  |g| 4.83e+00  [16506s]
step  39500  train 1.1284e-01  |g| 5.44e+00  [16547s]
step  39600  train 1.1096e-01  |g| 8.06e+00  [16589s]
step  39700  train 1.1075e-01  |g| 5.36e+00  [16630s]
step  39800  train 1.1099e-01  |g| 9.37e+00  [16672s]
step  39900  train 1.1228e-01  |g| 1.59e+01  [16713s]
step  40000  train 1.1102e-01  val 1.1030e-01  6d geo 1.649e-01 med 1.809e-01 p90 3.163e-01 (const 4.730e-02)  |g| 1.05e+01  [16754s]
           5d geo 1.655e-01 med 1.903e-01   postmu 6d geo 1.648e-01 med 1.809e-01 p90 3.168e-01   mu |dlog| 2.5269
           corr(identifiable)  mu=-0.03  D_div_mu=-0.01  T0_div_mu=+0.13  Ly=+0.16  op_x=+0.03  op_y=-0.02   mean spread/GT 0.06
           err share           mu=13%  D_div_mu=1%  T0_div_mu=1%  Ly=28%  op_x=29%  op_y=28%
best val_nmse_6d_postmu_geo 4.9559e-02 (encoder_best.pt)

Done. Outputs written to /home/bhpark3/dafx_ddsp/results/ddsp/eps_ladder/L1_STFT_eps1e1
