Device cuda | loss L1_STFT_eps1e3 | duration 0.25s
Loading train targets from data/train-p99
Loading val targets from data/val-p99
  98304 train / 996 val in 43s   train tensor 4.34 GB
  training set held in host memory; batches transferred per step
reference levels:  gt_loss 4.1998e-05   saturation (unrelated IRs) 4.6383e-01
constant-predictor NMSE: 6d 4.730e-02  7d 7.959e-02  (the floor to beat)
training loss stuck near saturation = gradient uninformative; well below = learning

encoder: 3.74M params, width 32

loss scale (fixed): 3.8644e-01
step      1  train 3.8644e-01  val 4.5023e-01  6d geo 4.283e-02 med 4.750e-02 p90 8.157e-02 (const 4.730e-02)  |g| 1.16e+02  [1s]
           5d geo 4.206e-02 med 4.849e-02   postmu 6d geo 4.962e-02 med 5.161e-02 p90 1.270e-01   mu |dlog| 0.5492
           WARNING: prediction spread 0.000 of ground truth -- the output has collapsed to a constant (saturated tanh); lower --lr or raise --warmup-steps and restart
           corr(identifiable)  mu=-0.37  D_div_mu=+0.15  T0_div_mu=-0.01  Ly=-0.01  op_x=-0.48  op_y=-0.27   mean spread/GT 0.00
           err share           mu=16%  D_div_mu=3%  T0_div_mu=2%  Ly=26%  op_x=28%  op_y=26%
step    100  train 3.8477e-01  |g| 1.81e+02  [53s]
  WARNING: 1 of 64 parameter sets need a finer grid than the pinned (86, 282) and are truncated. Raise --fixed-mode-grid; targets rendered under a pin that truncates them are not the plate's output at those parameters.
step    200  train 3.7426e-01  |g| 4.91e+01  [100s]
step    300  train 3.7056e-01  |g| 5.22e+01  [144s]
step    400  train 5.2671e-01  |g| 1.04e+02  [186s]
step    500  train 4.7014e-01  |g| 8.57e+01  [227s]
step    600  train 3.9145e-01  |g| 1.51e+02  [277s]
step    700  train 3.9293e-01  |g| 8.23e+01  [318s]
step    800  train 4.5303e-01  |g| 1.57e+02  [385s]
step    900  train 5.3793e-01  |g| 3.56e+01  [480s]
step   1000  train 4.6831e-01  |g| 1.57e+01  [616s]
step   1100  train 4.1385e-01  |g| 6.75e+01  [752s]
step   1200  train 4.3048e-01  |g| 1.14e+02  [887s]
step   1300  train 4.3359e-01  |g| 9.20e+01  [1023s]
step   1400  train 3.7790e-01  |g| 1.18e+02  [1157s]
step   1500  train 3.6214e-01  |g| 2.27e+01  [1273s]
step   1600  train 3.6795e-01  |g| 1.67e+01  [1391s]
step   1700  train 3.8057e-01  |g| 8.69e+01  [1510s]
step   1800  train 3.8602e-01  |g| 7.91e+01  [1629s]
step   1900  train 3.5434e-01  |g| 8.67e+00  [1748s]
step   2000  train 3.5925e-01  val 3.7534e-01  6d geo 1.458e-01 med 1.649e-01 p90 2.865e-01 (const 4.730e-02)  |g| 6.31e+01  [1867s]
           5d geo 1.555e-01 med 1.770e-01   postmu 6d geo 1.460e-01 med 1.650e-01 p90 2.863e-01   mu |dlog| 1.0527
           WARNING: prediction spread 0.038 of ground truth -- the output has collapsed to a constant (saturated tanh); lower --lr or raise --warmup-steps and restart
           corr(identifiable)  mu=-0.49  D_div_mu=+0.11  T0_div_mu=+0.03  Ly=-0.19  op_x=+0.44  op_y=+0.01   mean spread/GT 0.04
           err share           mu=10%  D_div_mu=6%  T0_div_mu=1%  Ly=33%  op_x=21%  op_y=29%
step   2100  train 3.3176e-01  |g| 1.93e+01  [1995s]
step   2200  train 3.2622e-01  |g| 5.34e+01  [2114s]
step   2300  train 3.4309e-01  |g| 4.91e+01  [2233s]
step   2400  train 3.4904e-01  |g| 6.03e+01  [2353s]
step   2500  train 3.0388e-01  |g| 1.74e+01  [2472s]
step   2600  train 3.2158e-01  |g| 6.89e+01  [2591s]
step   2700  train 3.0958e-01  |g| 4.54e+01  [2710s]
step   2800  train 2.8905e-01  |g| 1.58e+01  [2829s]
step   2900  train 3.0258e-01  |g| 1.34e+01  [2948s]
step   3000  train 3.2573e-01  |g| 5.64e+01  [3068s]
step   3100  train 3.2609e-01  |g| 4.12e+00  [3187s]
step   3200  train 3.1076e-01  |g| 3.98e+01  [3306s]
step   3300  train 3.0852e-01  |g| 4.47e+01  [3425s]
step   3400  train 3.1468e-01  |g| 8.47e+01  [3544s]
step   3500  train 2.9965e-01  |g| 3.09e+01  [3664s]
step   3600  train 3.0840e-01  |g| 5.74e+01  [3783s]
step   3700  train 2.9302e-01  |g| 1.50e+01  [3902s]
step   3800  train 2.9189e-01  |g| 3.72e+01  [4021s]
step   3900  train 3.0790e-01  |g| 2.53e+01  [4141s]
step   4000  train 2.9344e-01  val 3.0348e-01  6d geo 1.493e-01 med 1.688e-01 p90 2.937e-01 (const 4.730e-02)  |g| 3.89e+01  [4259s]
           5d geo 1.602e-01 med 1.816e-01   postmu 6d geo 1.496e-01 med 1.685e-01 p90 2.943e-01   mu |dlog| 0.9582
           corr(identifiable)  mu=-0.60  D_div_mu=-0.06  T0_div_mu=-0.27  Ly=-0.17  op_x=-0.02  op_y=+0.04   mean spread/GT 0.05
           err share           mu=9%  D_div_mu=6%  T0_div_mu=2%  Ly=32%  op_x=22%  op_y=28%
step   4100  train 3.4103e-01  |g| 5.41e+00  [4387s]
step   4200  train 3.2030e-01  |g| 1.44e+01  [4506s]
step   4300  train 2.8543e-01  |g| 2.22e+01  [4626s]
step   4400  train 3.1896e-01  |g| 1.47e+01  [4745s]
step   4500  train 3.0670e-01  |g| 2.67e+01  [4864s]
step   4600  train 3.1941e-01  |g| 2.84e+01  [4983s]
step   4700  train 3.1054e-01  |g| 2.65e+01  [5102s]
step   4800  train 3.1694e-01  |g| 4.07e+01  [5221s]
step   4900  train 3.3295e-01  |g| 2.99e+01  [5339s]
step   5000  train 2.9971e-01  |g| 4.70e+01  [5459s]
step   5100  train 3.0253e-01  |g| 5.14e+01  [5578s]
step   5200  train 2.9293e-01  |g| 7.50e+00  [5697s]
step   5300  train 3.1300e-01  |g| 8.38e+01  [5816s]
step   5400  train 3.0261e-01  |g| 5.67e+01  [5935s]
step   5500  train 3.0289e-01  |g| 8.86e+01  [6054s]
step   5600  train 2.9829e-01  |g| 1.68e+01  [6173s]
step   5700  train 3.1084e-01  |g| 6.52e+01  [6292s]
step   5800  train 3.2507e-01  |g| 1.23e+01  [6411s]
step   5900  train 3.4033e-01  |g| 4.00e+01  [6530s]
step   6000  train 3.1653e-01  val 3.1134e-01  6d geo 1.469e-01 med 1.659e-01 p90 2.882e-01 (const 4.730e-02)  |g| 2.30e+01  [6649s]
           5d geo 1.568e-01 med 1.787e-01   postmu 6d geo 1.488e-01 med 1.670e-01 p90 2.906e-01   mu |dlog| 1.1868
           corr(identifiable)  mu=-0.37  D_div_mu=-0.07  T0_div_mu=-0.06  Ly=-0.17  op_x=+0.10  op_y=+0.03   mean spread/GT 0.13
           err share           mu=10%  D_div_mu=6%  T0_div_mu=1%  Ly=33%  op_x=22%  op_y=30%
step   6100  train 3.2197e-01  |g| 5.51e+01  [6776s]
step   6200  train 2.9438e-01  |g| 5.90e+01  [6895s]
step   6300  train 2.9530e-01  |g| 1.64e+01  [7015s]
step   6400  train 3.0575e-01  |g| 5.67e+01  [7134s]
step   6500  train 3.3449e-01  |g| 3.30e+01  [7253s]
step   6600  train 3.1984e-01  |g| 3.75e+01  [7372s]
step   6700  train 3.3584e-01  |g| 4.07e+01  [7491s]
step   6800  train 3.2105e-01  |g| 6.28e+01  [7610s]
step   6900  train 3.2048e-01  |g| 2.14e+01  [7729s]
step   7000  train 3.3318e-01  |g| 1.20e+02  [7848s]
step   7100  train 3.1787e-01  |g| 3.67e+01  [7967s]
step   7200  train 3.0994e-01  |g| 1.10e+01  [8086s]
step   7300  train 3.0083e-01  |g| 2.11e+01  [8205s]
step   7400  train 3.0007e-01  |g| 1.52e+01  [8324s]
step   7500  train 3.1927e-01  |g| 1.05e+01  [8443s]
step   7600  train 3.2870e-01  |g| 1.24e+01  [8562s]
step   7700  train 3.0342e-01  |g| 3.31e+01  [8681s]
step   7800  train 2.9383e-01  |g| 8.25e+01  [8800s]
step   7900  train 3.0302e-01  |g| 5.87e+01  [8919s]
step   8000  train 3.0936e-01  val 3.2926e-01  6d geo 1.462e-01 med 1.648e-01 p90 2.879e-01 (const 4.730e-02)  |g| 2.86e+01  [9038s]
           5d geo 1.559e-01 med 1.783e-01   postmu 6d geo 1.455e-01 med 1.633e-01 p90 2.875e-01   mu |dlog| 0.9099
           corr(identifiable)  mu=-0.00  D_div_mu=+0.01  T0_div_mu=+0.07  Ly=-0.29  op_x=+0.15  op_y=+0.08   mean spread/GT 0.07
           err share           mu=10%  D_div_mu=6%  T0_div_mu=1%  Ly=33%  op_x=22%  op_y=29%
step   8100  train 3.2307e-01  |g| 2.84e+01  [9166s]
step   8200  train 3.2769e-01  |g| 3.86e+01  [9285s]
step   8300  train 3.0869e-01  |g| 3.60e+01  [9404s]
step   8400  train 3.4576e-01  |g| 7.47e+01  [9524s]
step   8500  train 2.8547e-01  |g| 6.53e+00  [9643s]
step   8600  train 2.9783e-01  |g| 3.20e+01  [9762s]
step   8700  train 2.9787e-01  |g| 2.45e+01  [9881s]
step   8800  train 3.5204e-01  |g| 1.63e+01  [10000s]
step   8900  train 3.0113e-01  |g| 6.66e+01  [10120s]
step   9000  train 3.0941e-01  |g| 5.10e+01  [10239s]
step   9100  train 3.0830e-01  |g| 4.04e+01  [10358s]
step   9200  train 3.0071e-01  |g| 6.92e+01  [10477s]
step   9300  train 2.8936e-01  |g| 6.81e+01  [10596s]
step   9400  train 2.8872e-01  |g| 1.44e+01  [10716s]
step   9500  train 2.9858e-01  |g| 6.22e+01  [10835s]
step   9600  train 2.9992e-01  |g| 3.29e+01  [10954s]
step   9700  train 2.8863e-01  |g| 5.14e+01  [11073s]
step   9800  train 2.8550e-01  |g| 3.05e+01  [11193s]
step   9900  train 2.8739e-01  |g| 1.93e+01  [11312s]
step  10000  train 2.8215e-01  val 2.9697e-01  6d geo 1.481e-01 med 1.667e-01 p90 2.896e-01 (const 4.730e-02)  |g| 2.77e+01  [11431s]
           5d geo 1.582e-01 med 1.797e-01   postmu 6d geo 1.511e-01 med 1.694e-01 p90 2.948e-01   mu |dlog| 1.3078
           corr(identifiable)  mu=+0.04  D_div_mu=-0.01  T0_div_mu=+0.02  Ly=-0.27  op_x=+0.05  op_y=+0.06   mean spread/GT 0.18
           err share           mu=10%  D_div_mu=6%  T0_div_mu=1%  Ly=33%  op_x=22%  op_y=30%
step  10100  train 2.8569e-01  |g| 5.90e+01  [11558s]
step  10200  train 2.7919e-01  |g| 1.21e+01  [11677s]
step  10300  train 2.9924e-01  |g| 4.22e+01  [11796s]
step  10400  train 3.0186e-01  |g| 2.84e+01  [11915s]
step  10500  train 3.0234e-01  |g| 7.33e+01  [12033s]
step  10600  train 2.9194e-01  |g| 7.02e+01  [12153s]
step  10700  train 2.8910e-01  |g| 3.20e+01  [12272s]
step  10800  train 2.8976e-01  |g| 4.10e+01  [12390s]
step  10900  train 3.0534e-01  |g| 5.52e+01  [12509s]
step  11000  train 2.9233e-01  |g| 8.28e+01  [12628s]
step  11100  train 2.9399e-01  |g| 2.25e+01  [12747s]
step  11200  train 2.9471e-01  |g| 5.25e+01  [12866s]
step  11300  train 2.8195e-01  |g| 1.85e+01  [12985s]
step  11400  train 2.9367e-01  |g| 6.10e+01  [13104s]
step  11500  train 3.2491e-01  |g| 4.63e+01  [13223s]
step  11600  train 2.8134e-01  |g| 3.29e+01  [13342s]
step  11700  train 2.8561e-01  |g| 4.34e+01  [13460s]
step  11800  train 2.8612e-01  |g| 2.38e+01  [13579s]
step  11900  train 2.9168e-01  |g| 3.10e+01  [13698s]
step  12000  train 3.0165e-01  val 2.8575e-01  6d geo 1.465e-01 med 1.654e-01 p90 2.877e-01 (const 4.730e-02)  |g| 3.56e+01  [13818s]
           5d geo 1.564e-01 med 1.776e-01   postmu 6d geo 1.478e-01 med 1.664e-01 p90 2.888e-01   mu |dlog| 1.1098
           corr(identifiable)  mu=+0.04  D_div_mu=-0.01  T0_div_mu=+0.01  Ly=-0.21  op_x=+0.08  op_y=+0.09   mean spread/GT 0.20
           err share           mu=10%  D_div_mu=6%  T0_div_mu=1%  Ly=33%  op_x=21%  op_y=30%
step  12100  train 3.0281e-01  |g| 3.20e+01  [13945s]
step  12200  train 2.8589e-01  |g| 5.48e+01  [14065s]
step  12300  train 2.9371e-01  |g| 5.79e+01  [14184s]
step  12400  train 2.8282e-01  |g| 4.26e+01  [14303s]
step  12500  train 3.2727e-01  |g| 6.58e+01  [14422s]
step  12600  train 2.8678e-01  |g| 3.05e+01  [14542s]
step  12700  train 2.8136e-01  |g| 2.57e+01  [14661s]
step  12800  train 2.8192e-01  |g| 2.99e+01  [14780s]
step  12900  train 2.8657e-01  |g| 4.95e+01  [14900s]
step  13000  train 3.0396e-01  |g| 4.38e+01  [15019s]
step  13100  train 2.8733e-01  |g| 1.77e+01  [15138s]
step  13200  train 2.9084e-01  |g| 3.01e+01  [15257s]
step  13300  train 2.8711e-01  |g| 8.03e+01  [15377s]
step  13400  train 2.9730e-01  |g| 3.85e+01  [15496s]
step  13500  train 2.8678e-01  |g| 5.47e+01  [15615s]
step  13600  train 2.9088e-01  |g| 5.78e+01  [15734s]
step  13700  train 2.8611e-01  |g| 2.96e+01  [15853s]
step  13800  train 2.9545e-01  |g| 2.88e+01  [15973s]
step  13900  train 2.9106e-01  |g| 2.35e+01  [16092s]
step  14000  train 2.8931e-01  val 2.9010e-01  6d geo 1.472e-01 med 1.659e-01 p90 2.882e-01 (const 4.730e-02)  |g| 5.99e+01  [16211s]
           5d geo 1.572e-01 med 1.782e-01   postmu 6d geo 1.497e-01 med 1.675e-01 p90 2.920e-01   mu |dlog| 1.2661
           corr(identifiable)  mu=+0.02  D_div_mu=-0.02  T0_div_mu=-0.04  Ly=-0.21  op_x=+0.10  op_y=+0.09   mean spread/GT 0.22
           err share           mu=10%  D_div_mu=6%  T0_div_mu=1%  Ly=33%  op_x=21%  op_y=30%
step  14100  train 2.8779e-01  |g| 1.50e+01  [16339s]
step  14200  train 2.8380e-01  |g| 3.30e+01  [16458s]
step  14300  train 2.7844e-01  |g| 1.92e+01  [16577s]
step  14400  train 2.9872e-01  |g| 7.25e+01  [16696s]
step  14500  train 2.8006e-01  |g| 2.15e+01  [16815s]
step  14600  train 2.9278e-01  |g| 3.33e+01  [16935s]
step  14700  train 2.9099e-01  |g| 3.20e+01  [17054s]
step  14800  train 2.8447e-01  |g| 1.94e+01  [17173s]
step  14900  train 2.8321e-01  |g| 1.76e+01  [17292s]
step  15000  train 2.7311e-01  |g| 4.34e+01  [17411s]
step  15100  train 3.0086e-01  |g| 7.17e+01  [17530s]
step  15200  train 2.9640e-01  |g| 3.44e+01  [17649s]
step  15300  train 2.7282e-01  |g| 1.34e+01  [17769s]
step  15400  train 2.8553e-01  |g| 4.01e+01  [17888s]
step  15500  train 2.7517e-01  |g| 5.18e+01  [18007s]
step  15600  train 2.7889e-01  |g| 2.13e+01  [18126s]
step  15700  train 2.9433e-01  |g| 4.93e+01  [18245s]
step  15800  train 3.0167e-01  |g| 2.76e+01  [18364s]
step  15900  train 2.8833e-01  |g| 2.35e+01  [18484s]
step  16000  train 2.9791e-01  val 2.8500e-01  6d geo 1.478e-01 med 1.664e-01 p90 2.892e-01 (const 4.730e-02)  |g| 4.72e+01  [18603s]
           5d geo 1.580e-01 med 1.789e-01   postmu 6d geo 1.500e-01 med 1.683e-01 p90 2.938e-01   mu |dlog| 1.2644
           corr(identifiable)  mu=-0.02  D_div_mu=-0.04  T0_div_mu=-0.07  Ly=-0.22  op_x=+0.03  op_y=+0.05   mean spread/GT 0.24
           err share           mu=10%  D_div_mu=6%  T0_div_mu=1%  Ly=33%  op_x=21%  op_y=30%
step  16100  train 3.0445e-01  |g| 7.47e+01  [18730s]
step  16200  train 2.8045e-01  |g| 2.81e+01  [18850s]
step  16300  train 2.8009e-01  |g| 3.45e+01  [18969s]
step  16400  train 2.7490e-01  |g| 7.34e+01  [19088s]
step  16500  train 2.8203e-01  |g| 4.47e+01  [19207s]
step  16600  train 2.8523e-01  |g| 8.11e+01  [19326s]
step  16700  train 2.9450e-01  |g| 6.55e+01  [19445s]
step  16800  train 2.8445e-01  |g| 1.79e+01  [19565s]
step  16900  train 2.9017e-01  |g| 3.38e+01  [19684s]
step  17000  train 2.8425e-01  |g| 4.32e+01  [19803s]
step  17100  train 2.8672e-01  |g| 3.54e+01  [19922s]
step  17200  train 2.7956e-01  |g| 3.41e+01  [20041s]
step  17300  train 2.8289e-01  |g| 1.54e+01  [20161s]
step  17400  train 3.0646e-01  |g| 7.82e+01  [20280s]
step  17500  train 2.7617e-01  |g| 5.97e+01  [20399s]
step  17600  train 2.8700e-01  |g| 5.11e+01  [20518s]
step  17700  train 2.9138e-01  |g| 2.48e+01  [20637s]
step  17800  train 2.7218e-01  |g| 1.98e+01  [20757s]
step  17900  train 2.9732e-01  |g| 2.47e+01  [20876s]
step  18000  train 2.8590e-01  val 2.8098e-01  6d geo 1.457e-01 med 1.639e-01 p90 2.869e-01 (const 4.730e-02)  |g| 1.98e+01  [20995s]
           5d geo 1.555e-01 med 1.778e-01   postmu 6d geo 1.461e-01 med 1.644e-01 p90 2.891e-01   mu |dlog| 1.0092
           corr(identifiable)  mu=+0.03  D_div_mu=-0.03  T0_div_mu=-0.11  Ly=-0.18  op_x=+0.09  op_y=+0.09   mean spread/GT 0.22
           err share           mu=10%  D_div_mu=6%  T0_div_mu=1%  Ly=33%  op_x=21%  op_y=29%
step  18100  train 2.7870e-01  |g| 1.03e+01  [21122s]
step  18200  train 2.8585e-01  |g| 1.58e+01  [21241s]
step  18300  train 2.9098e-01  |g| 6.07e+01  [21360s]
step  18400  train 2.8476e-01  |g| 3.58e+01  [21480s]
step  18500  train 2.8016e-01  |g| 4.13e+01  [21599s]
step  18600  train 2.9024e-01  |g| 2.22e+01  [21718s]
step  18700  train 2.8818e-01  |g| 4.70e+01  [21837s]
step  18800  train 2.9520e-01  |g| 9.13e+01  [21956s]
step  18900  train 2.8444e-01  |g| 3.97e+01  [22075s]
step  19000  train 2.9083e-01  |g| 2.76e+01  [22194s]
step  19100  train 2.9195e-01  |g| 4.18e+01  [22313s]
step  19200  train 2.7255e-01  |g| 1.43e+01  [22432s]
step  19300  train 2.7333e-01  |g| 3.89e+01  [22551s]
step  19400  train 2.9636e-01  |g| 5.41e+01  [22670s]
step  19500  train 2.7655e-01  |g| 2.16e+01  [22789s]
step  19600  train 2.7564e-01  |g| 3.99e+01  [22908s]
step  19700  train 2.6974e-01  |g| 1.90e+01  [23028s]
step  19800  train 2.8893e-01  |g| 9.31e+01  [23147s]
step  19900  train 2.8162e-01  |g| 1.53e+01  [23266s]
step  20000  train 2.7665e-01  val 2.7267e-01  6d geo 1.471e-01 med 1.663e-01 p90 2.895e-01 (const 4.730e-02)  |g| 4.02e+01  [23386s]
           5d geo 1.571e-01 med 1.785e-01   postmu 6d geo 1.490e-01 med 1.684e-01 p90 2.921e-01   mu |dlog| 1.2017
           corr(identifiable)  mu=-0.04  D_div_mu=-0.06  T0_div_mu=-0.11  Ly=-0.12  op_x=+0.04  op_y=+0.06   mean spread/GT 0.23
           err share           mu=10%  D_div_mu=6%  T0_div_mu=1%  Ly=33%  op_x=21%  op_y=30%