Device cuda | loss L1_STFT | duration 0.25s
Loading train targets from data/train-p99
Loading val targets from data/val-p99
  98304 train / 996 val in 43s   train tensor 4.34 GB
  training set held in host memory; batches transferred per step
reference levels:  gt_loss 7.3539e-08   saturation (unrelated IRs) 4.1194e+00
constant-predictor NMSE: 6d 4.730e-02  7d 7.959e-02  (the floor to beat)
training loss stuck near saturation = gradient uninformative; well below = learning

encoder: 3.74M params, width 32

loss scale (fixed): 2.1184e+00
step      1  train 2.1184e+00  val 1.3910e+01  6d geo 4.283e-02 med 4.750e-02 p90 8.157e-02 (const 4.730e-02)  |g| 9.55e+00  [1s]
           5d geo 4.206e-02 med 4.849e-02   postmu 6d geo 4.965e-02 med 5.162e-02 p90 1.270e-01   mu |dlog| 0.5563
           WARNING: prediction spread 0.000 of ground truth -- the output has collapsed to a constant (saturated tanh); lower --lr or raise --warmup-steps and restart
           corr(identifiable)  mu=-0.37  D_div_mu=+0.15  T0_div_mu=-0.01  Ly=-0.01  op_x=-0.48  op_y=-0.27   mean spread/GT 0.00
           err share           mu=16%  D_div_mu=3%  T0_div_mu=2%  Ly=26%  op_x=28%  op_y=26%
step    100  train 8.6409e-01  |g| 6.14e-01  [47s]
step    200  train 7.8865e-01  |g| 1.11e+00  [90s]
step    300  train 7.3818e-01  |g| 3.09e+00  [134s]
step    400  train 7.8932e-01  |g| 4.59e+00  [182s]
step    500  train 7.6325e-01  |g| 3.98e+00  [233s]
step    600  train 7.1744e-01  |g| 1.31e+00  [286s]
step    700  train 6.8024e-01  |g| 1.35e+00  [337s]
step    800  train 7.0458e-01  |g| 1.03e+00  [383s]
step    900  train 7.1403e-01  |g| 1.84e+00  [428s]
step   1000  train 7.2501e-01  |g| 1.98e+00  [474s]
step   1100  train 7.0528e-01  |g| 1.64e+00  [520s]
step   1200  train 6.8600e-01  |g| 1.29e+00  [566s]
  WARNING: 1 of 64 parameter sets need a finer grid than the pinned (86, 282) and are truncated. Raise --fixed-mode-grid; targets rendered under a pin that truncates them are not the plate's output at those parameters.
step   1300  train 6.7882e-01  |g| 2.92e+00  [610s]
step   1400  train 6.7612e-01  |g| 1.42e+00  [653s]
step   1500  train 7.2400e-01  |g| 2.27e+00  [699s]
step   1600  train 6.8055e-01  |g| 1.17e+00  [744s]
step   1700  train 6.9039e-01  |g| 1.68e+00  [788s]
step   1800  train 7.4753e-01  |g| 2.29e+00  [834s]
step   1900  train 6.8190e-01  |g| 1.98e+00  [878s]
step   2000  train 6.5571e-01  val 7.0501e-01  6d geo 4.006e-02 med 4.512e-02 p90 1.656e-01 (const 4.730e-02)  |g| 1.30e+00  [922s]
           5d geo 3.992e-02 med 4.553e-02   postmu 6d geo 3.939e-02 med 4.411e-02 p90 1.650e-01   mu |dlog| 0.3710
           corr(identifiable)  mu=+0.72  D_div_mu=+0.72  T0_div_mu=+0.45  Ly=-0.08  op_x=+0.65  op_y=+0.58   mean spread/GT 0.81
           err share           mu=10%  D_div_mu=1%  T0_div_mu=6%  Ly=45%  op_x=14%  op_y=23%
step   2100  train 6.9236e-01  |g| 1.22e+00  [970s]
step   2200  train 6.5192e-01  |g| 1.10e+00  [1013s]
step   2300  train 6.5740e-01  |g| 1.56e+00  [1058s]
step   2400  train 7.1210e-01  |g| 2.31e+00  [1102s]
step   2500  train 6.5854e-01  |g| 1.45e+00  [1146s]
step   2600  train 6.8321e-01  |g| 2.08e+00  [1190s]
step   2700  train 7.2896e-01  |g| 2.31e+00  [1235s]
step   2800  train 6.5419e-01  |g| 2.32e+00  [1282s]
step   2900  train 6.4957e-01  |g| 1.79e+00  [1326s]
step   3000  train 6.6977e-01  |g| 1.75e+00  [1371s]
step   3100  train 7.1574e-01  |g| 1.76e+00  [1418s]
step   3200  train 6.5592e-01  |g| 2.61e+00  [1464s]
step   3300  train 6.8937e-01  |g| 1.70e+00  [1508s]
step   3400  train 6.5039e-01  |g| 1.97e+00  [1554s]
step   3500  train 6.5664e-01  |g| 1.57e+00  [1598s]
step   3600  train 6.8356e-01  |g| 1.44e+00  [1645s]
step   3700  train 6.2215e-01  |g| 1.34e+00  [1689s]
step   3800  train 6.5721e-01  |g| 2.62e+00  [1734s]
step   3900  train 6.4640e-01  |g| 1.42e+00  [1780s]
step   4000  train 6.5707e-01  val 6.5173e-01  6d geo 3.320e-02 med 3.434e-02 p90 1.080e-01 (const 4.730e-02)  |g| 1.92e+00  [1825s]
           5d geo 3.218e-02 med 3.543e-02   postmu 6d geo 3.315e-02 med 3.494e-02 p90 1.087e-01   mu |dlog| 0.3819
           corr(identifiable)  mu=+0.74  D_div_mu=+0.85  T0_div_mu=+0.43  Ly=+0.36  op_x=+0.68  op_y=+0.72   mean spread/GT 0.81
           err share           mu=11%  D_div_mu=1%  T0_div_mu=2%  Ly=40%  op_x=21%  op_y=25%
step   4100  train 7.0234e-01  |g| 1.90e+00  [1874s]
step   4200  train 6.6535e-01  |g| 1.77e+00  [1919s]
step   4300  train 6.6898e-01  |g| 1.22e+00  [1964s]
step   4400  train 6.4771e-01  |g| 1.51e+00  [2009s]
step   4500  train 6.4148e-01  |g| 1.22e+00  [2054s]
step   4600  train 6.3950e-01  |g| 2.02e+00  [2101s]
step   4700  train 5.9782e-01  |g| 1.65e+00  [2146s]
step   4800  train 6.2311e-01  |g| 2.08e+00  [2191s]
step   4900  train 6.9710e-01  |g| 1.61e+00  [2237s]
step   5000  train 6.6665e-01  |g| 2.52e+00  [2283s]
step   5100  train 6.2741e-01  |g| 1.85e+00  [2328s]
step   5200  train 6.2396e-01  |g| 1.84e+00  [2373s]
step   5300  train 7.0102e-01  |g| 3.25e+00  [2419s]
step   5400  train 6.4612e-01  |g| 1.35e+00  [2464s]
step   5500  train 6.5243e-01  |g| 1.85e+00  [2511s]
step   5600  train 6.3750e-01  |g| 1.91e+00  [2558s]
step   5700  train 6.4361e-01  |g| 1.82e+00  [2603s]
step   5800  train 6.2609e-01  |g| 1.94e+00  [2649s]
step   5900  train 6.5220e-01  |g| 1.77e+00  [2694s]
step   6000  train 6.3527e-01  val 6.7852e-01  6d geo 2.725e-02 med 2.854e-02 p90 1.056e-01 (const 4.730e-02)  |g| 1.77e+00  [2739s]
           5d geo 2.818e-02 med 2.968e-02   postmu 6d geo 2.838e-02 med 2.954e-02 p90 1.097e-01   mu |dlog| 0.3930
           corr(identifiable)  mu=+0.75  D_div_mu=+0.90  T0_div_mu=+0.47  Ly=+0.24  op_x=+0.71  op_y=+0.73   mean spread/GT 0.78
           err share           mu=11%  D_div_mu=4%  T0_div_mu=4%  Ly=48%  op_x=20%  op_y=14%
step   6100  train 7.5784e-01  |g| 5.52e+00  [2788s]
step   6200  train 6.2066e-01  |g| 2.46e+00  [2834s]
step   6300  train 6.1521e-01  |g| 1.68e+00  [2879s]
step   6400  train 6.5527e-01  |g| 1.77e+00  [2924s]
step   6500  train 6.1971e-01  |g| 1.54e+00  [2969s]
step   6600  train 6.0277e-01  |g| 1.81e+00  [3015s]
step   6700  train 6.4008e-01  |g| 2.57e+00  [3061s]
step   6800  train 6.0522e-01  |g| 2.04e+00  [3108s]
step   6900  train 6.8522e-01  |g| 2.21e+00  [3153s]
step   7000  train 5.8706e-01  |g| 1.07e+00  [3200s]
step   7100  train 6.3190e-01  |g| 2.17e+00  [3248s]
step   7200  train 6.2269e-01  |g| 1.71e+00  [3294s]
step   7300  train 6.4102e-01  |g| 2.30e+00  [3339s]
step   7400  train 6.4996e-01  |g| 3.76e+00  [3386s]
step   7500  train 6.0674e-01  |g| 1.71e+00  [3432s]
step   7600  train 6.3905e-01  |g| 1.97e+00  [3479s]
step   7700  train 6.2530e-01  |g| 1.88e+00  [3525s]
step   7800  train 6.7842e-01  |g| 2.18e+00  [3571s]
step   7900  train 5.9758e-01  |g| 1.60e+00  [3617s]
step   8000  train 6.2883e-01  val 6.3398e-01  6d geo 1.904e-02 med 1.996e-02 p90 7.143e-02 (const 4.730e-02)  |g| 3.24e+00  [3663s]
           5d geo 1.689e-02 med 1.883e-02   postmu 6d geo 1.945e-02 med 2.123e-02 p90 7.298e-02   mu |dlog| 0.3564
           corr(identifiable)  mu=+0.75  D_div_mu=+0.93  T0_div_mu=+0.44  Ly=+0.50  op_x=+0.74  op_y=+0.82   mean spread/GT 0.82
           err share           mu=15%  D_div_mu=1%  T0_div_mu=2%  Ly=41%  op_x=26%  op_y=14%
step   8100  train 6.3224e-01  |g| 1.81e+00  [3712s]
step   8200  train 7.8519e-01  |g| 6.70e+00  [3760s]
step   8300  train 6.3172e-01  |g| 1.12e+00  [3808s]
step   8400  train 7.2029e-01  |g| 6.24e+00  [3855s]
step   8500  train 5.8828e-01  |g| 2.53e+00  [3902s]
step   8600  train 6.2535e-01  |g| 1.93e+00  [3949s]
step   8700  train 6.5354e-01  |g| 2.59e+00  [3995s]
step   8800  train 6.1671e-01  |g| 2.86e+00  [4043s]
step   8900  train 6.7166e-01  |g| 2.25e+00  [4091s]
step   9000  train 6.2861e-01  |g| 3.26e+00  [4138s]
step   9100  train 6.7437e-01  |g| 2.34e+00  [4184s]
step   9200  train 6.0090e-01  |g| 2.29e+00  [4230s]
step   9300  train 5.9572e-01  |g| 1.83e+00  [4275s]
step   9400  train 6.2056e-01  |g| 2.02e+00  [4321s]
step   9500  train 6.1528e-01  |g| 1.40e+00  [4366s]
step   9600  train 6.4938e-01  |g| 1.93e+00  [4412s]
step   9700  train 6.0913e-01  |g| 1.52e+00  [4459s]
step   9800  train 6.6413e-01  |g| 2.83e+00  [4506s]
step   9900  train 6.3031e-01  |g| 3.55e+00  [4554s]
step  10000  train 6.3784e-01  val 6.4005e-01  6d geo 2.064e-02 med 2.174e-02 p90 6.709e-02 (const 4.730e-02)  |g| 2.36e+00  [4601s]
           5d geo 1.896e-02 med 2.188e-02   postmu 6d geo 2.045e-02 med 2.236e-02 p90 6.915e-02   mu |dlog| 0.3383
           corr(identifiable)  mu=+0.76  D_div_mu=+0.94  T0_div_mu=+0.47  Ly=+0.53  op_x=+0.74  op_y=+0.82   mean spread/GT 0.83
           err share           mu=16%  D_div_mu=1%  T0_div_mu=2%  Ly=39%  op_x=27%  op_y=15%
step  10100  train 6.1134e-01  |g| 1.76e+00  [4653s]
step  10200  train 6.2014e-01  |g| 1.71e+00  [4701s]
step  10300  train 6.3462e-01  |g| 2.45e+00  [4749s]
step  10400  train 5.8507e-01  |g| 1.48e+00  [4796s]
step  10500  train 6.2052e-01  |g| 1.84e+00  [4844s]
step  10600  train 6.1477e-01  |g| 1.60e+00  [4891s]
step  10700  train 6.0363e-01  |g| 2.12e+00  [4939s]
step  10800  train 6.3935e-01  |g| 2.95e+00  [4987s]
step  10900  train 6.5604e-01  |g| 2.51e+00  [5035s]
step  11000  train 6.1798e-01  |g| 2.06e+00  [5083s]
step  11100  train 6.4804e-01  |g| 2.34e+00  [5131s]
step  11200  train 6.3249e-01  |g| 2.68e+00  [5181s]
step  11300  train 5.8767e-01  |g| 2.16e+00  [5229s]
step  11400  train 6.1206e-01  |g| 2.43e+00  [5277s]
step  11500  train 6.9039e-01  |g| 6.35e+00  [5327s]
step  11600  train 5.8947e-01  |g| 2.57e+00  [5377s]
step  11700  train 6.5343e-01  |g| 1.81e+00  [5425s]
step  11800  train 6.2738e-01  |g| 1.68e+00  [5473s]
step  11900  train 6.0963e-01  |g| 2.87e+00  [5520s]
step  12000  train 6.2133e-01  val 6.1183e-01  6d geo 1.530e-02 med 1.604e-02 p90 5.645e-02 (const 4.730e-02)  |g| 2.00e+00  [5569s]
           5d geo 1.325e-02 med 1.551e-02   postmu 6d geo 1.452e-02 med 1.582e-02 p90 5.699e-02   mu |dlog| 0.2945
           corr(identifiable)  mu=+0.77  D_div_mu=+0.94  T0_div_mu=+0.47  Ly=+0.62  op_x=+0.77  op_y=+0.86   mean spread/GT 0.85
           err share           mu=18%  D_div_mu=2%  T0_div_mu=3%  Ly=37%  op_x=26%  op_y=14%
step  12100  train 6.1409e-01  |g| 2.15e+00  [5622s]
step  12200  train 5.8444e-01  |g| 2.59e+00  [5673s]
step  12300  train 6.5650e-01  |g| 3.80e+00  [5723s]
step  12400  train 6.6505e-01  |g| 2.28e+00  [5773s]
step  12500  train 6.4875e-01  |g| 4.26e+00  [5823s]
step  12600  train 6.2033e-01  |g| 1.69e+00  [5872s]
step  12700  train 6.4880e-01  |g| 2.79e+00  [5922s]
step  12800  train 6.0650e-01  |g| 2.15e+00  [5971s]
step  12900  train 6.3372e-01  |g| 2.47e+00  [6020s]
step  13000  train 6.0171e-01  |g| 1.76e+00  [6069s]
step  13100  train 6.0544e-01  |g| 3.04e+00  [6118s]
step  13200  train 6.4165e-01  |g| 2.59e+00  [6168s]
step  13300  train 6.2713e-01  |g| 2.40e+00  [6217s]
step  13400  train 5.9230e-01  |g| 2.10e+00  [6266s]
step  13500  train 5.8449e-01  |g| 1.92e+00  [6315s]
step  13600  train 6.0791e-01  |g| 2.83e+00  [6365s]
step  13700  train 5.5623e-01  |g| 2.13e+00  [6416s]
step  13800  train 6.4784e-01  |g| 2.38e+00  [6465s]
step  13900  train 5.7164e-01  |g| 2.27e+00  [6515s]
step  14000  train 6.5474e-01  val 6.0527e-01  6d geo 1.464e-02 med 1.504e-02 p90 5.478e-02 (const 4.730e-02)  |g| 2.54e+00  [6565s]
           5d geo 1.171e-02 med 1.319e-02   postmu 6d geo 1.341e-02 med 1.431e-02 p90 5.501e-02   mu |dlog| 0.2961
           corr(identifiable)  mu=+0.76  D_div_mu=+0.94  T0_div_mu=+0.47  Ly=+0.68  op_x=+0.76  op_y=+0.86   mean spread/GT 0.83
           err share           mu=22%  D_div_mu=1%  T0_div_mu=2%  Ly=32%  op_x=28%  op_y=15%
step  14100  train 6.1336e-01  |g| 2.93e+00  [6618s]
step  14200  train 6.6141e-01  |g| 2.73e+00  [6668s]
step  14300  train 5.2991e-01  |g| 2.75e+00  [6718s]
step  14400  train 5.7787e-01  |g| 2.41e+00  [6767s]
step  14500  train 5.5352e-01  |g| 1.56e+00  [6815s]
step  14600  train 5.9588e-01  |g| 2.80e+00  [6865s]
step  14700  train 6.2264e-01  |g| 2.25e+00  [6913s]
step  14800  train 6.1654e-01  |g| 2.10e+00  [6963s]
step  14900  train 6.2398e-01  |g| 2.31e+00  [7012s]
step  15000  train 5.8179e-01  |g| 2.73e+00  [7062s]
step  15100  train 6.4122e-01  |g| 3.24e+00  [7111s]
step  15200  train 6.0983e-01  |g| 3.48e+00  [7160s]
step  15300  train 5.9630e-01  |g| 2.74e+00  [7209s]
step  15400  train 5.6169e-01  |g| 2.94e+00  [7257s]
step  15500  train 5.8866e-01  |g| 1.76e+00  [7305s]
step  15600  train 5.6559e-01  |g| 2.23e+00  [7354s]
step  15700  train 6.0395e-01  |g| 1.94e+00  [7402s]
step  15800  train 5.7025e-01  |g| 1.29e+00  [7450s]
step  15900  train 5.6819e-01  |g| 3.05e+00  [7498s]
step  16000  train 6.2986e-01  val 6.0665e-01  6d geo 1.642e-02 med 1.760e-02 p90 5.517e-02 (const 4.730e-02)  |g| 3.91e+00  [7546s]
           5d geo 1.306e-02 med 1.517e-02   postmu 6d geo 1.427e-02 med 1.625e-02 p90 5.491e-02   mu |dlog| 0.2934
           corr(identifiable)  mu=+0.76  D_div_mu=+0.95  T0_div_mu=+0.48  Ly=+0.66  op_x=+0.76  op_y=+0.85   mean spread/GT 0.83
           err share           mu=21%  D_div_mu=1%  T0_div_mu=2%  Ly=32%  op_x=30%  op_y=14%
step  16100  train 5.8236e-01  |g| 4.51e+00  [7598s]
step  16200  train 5.9270e-01  |g| 1.99e+00  [7646s]
step  16300  train 5.8168e-01  |g| 1.38e+00  [7695s]
step  16400  train 5.5129e-01  |g| 2.39e+00  [7742s]
step  16500  train 6.2795e-01  |g| 2.48e+00  [7790s]
step  16600  train 6.0908e-01  |g| 1.87e+00  [7839s]
step  16700  train 6.4331e-01  |g| 2.25e+00  [7888s]
step  16800  train 5.9826e-01  |g| 1.21e+00  [7936s]
step  16900  train 6.2972e-01  |g| 3.64e+00  [7983s]
step  17000  train 5.6588e-01  |g| 1.84e+00  [8030s]
step  17100  train 5.8694e-01  |g| 2.00e+00  [8080s]
step  17200  train 6.1642e-01  |g| 2.51e+00  [8128s]
step  17300  train 5.9902e-01  |g| 4.42e+00  [8177s]
step  17400  train 5.6566e-01  |g| 2.32e+00  [8225s]
step  17500  train 5.7667e-01  |g| 1.75e+00  [8274s]
step  17600  train 5.9403e-01  |g| 2.42e+00  [8323s]
step  17700  train 6.5511e-01  |g| 2.53e+00  [8372s]
step  17800  train 5.7558e-01  |g| 3.26e+00  [8420s]
step  17900  train 6.1324e-01  |g| 2.99e+00  [8470s]
step  18000  train 6.1064e-01  val 5.9265e-01  6d geo 1.421e-02 med 1.568e-02 p90 5.541e-02 (const 4.730e-02)  |g| 2.13e+00  [8520s]
           5d geo 1.279e-02 med 1.555e-02   postmu 6d geo 1.439e-02 med 1.627e-02 p90 5.525e-02   mu |dlog| 0.3042
           corr(identifiable)  mu=+0.76  D_div_mu=+0.94  T0_div_mu=+0.46  Ly=+0.70  op_x=+0.76  op_y=+0.83   mean spread/GT 0.83
           err share           mu=19%  D_div_mu=1%  T0_div_mu=2%  Ly=30%  op_x=32%  op_y=17%
step  18100  train 5.5950e-01  |g| 1.74e+00  [8572s]
step  18200  train 5.8975e-01  |g| 2.50e+00  [8620s]
step  18300  train 5.3842e-01  |g| 1.90e+00  [8669s]
step  18400  train 5.9379e-01  |g| 1.81e+00  [8719s]
step  18500  train 5.6018e-01  |g| 2.41e+00  [8768s]
step  18600  train 5.5839e-01  |g| 1.92e+00  [8819s]
step  18700  train 5.7782e-01  |g| 2.45e+00  [8868s]
step  18800  train 6.2245e-01  |g| 2.67e+00  [8917s]
step  18900  train 6.5191e-01  |g| 2.62e+00  [8968s]
step  19000  train 6.2194e-01  |g| 2.63e+00  [9018s]
step  19100  train 6.3050e-01  |g| 2.13e+00  [9069s]
step  19200  train 5.4207e-01  |g| 2.19e+00  [9118s]
step  19300  train 6.1147e-01  |g| 2.58e+00  [9168s]
step  19400  train 6.2733e-01  |g| 1.76e+00  [9218s]
step  19500  train 6.3479e-01  |g| 2.74e+00  [9268s]
step  19600  train 5.7804e-01  |g| 2.71e+00  [9318s]
step  19700  train 5.6605e-01  |g| 2.41e+00  [9368s]
step  19800  train 5.9853e-01  |g| 2.73e+00  [9417s]
step  19900  train 6.0935e-01  |g| 2.68e+00  [9467s]
step  20000  train 5.8977e-01  val 5.8685e-01  6d geo 1.274e-02 med 1.322e-02 p90 4.851e-02 (const 4.730e-02)  |g| 2.13e+00  [9519s]
           5d geo 1.091e-02 med 1.210e-02   postmu 6d geo 1.284e-02 med 1.358e-02 p90 4.968e-02   mu |dlog| 0.2700
           corr(identifiable)  mu=+0.80  D_div_mu=+0.96  T0_div_mu=+0.46  Ly=+0.73  op_x=+0.77  op_y=+0.86   mean spread/GT 0.86
           err share           mu=19%  D_div_mu=1%  T0_div_mu=2%  Ly=31%  op_x=30%  op_y=17%
step  20100  train 5.8294e-01  |g| 1.84e+00  [9573s]
step  20200  train 5.7262e-01  |g| 1.63e+00  [9623s]
step  20300  train 5.7798e-01  |g| 1.69e+00  [9673s]
step  20400  train 6.0509e-01  |g| 2.56e+00  [9722s]
step  20500  train 6.2258e-01  |g| 2.05e+00  [9772s]
step  20600  train 5.9379e-01  |g| 3.20e+00  [9822s]
step  20700  train 5.9618e-01  |g| 1.59e+00  [9872s]
step  20800  train 5.8295e-01  |g| 2.87e+00  [9921s]
step  20900  train 5.5517e-01  |g| 2.07e+00  [9973s]
step  21000  train 5.6183e-01  |g| 2.43e+00  [10023s]
step  21100  train 5.9216e-01  |g| 2.32e+00  [10074s]
step  21200  train 6.2147e-01  |g| 2.48e+00  [10126s]
step  21300  train 5.5701e-01  |g| 2.85e+00  [10178s]
step  21400  train 5.5551e-01  |g| 2.01e+00  [10228s]
step  21500  train 5.8273e-01  |g| 2.11e+00  [10279s]
step  21600  train 5.8303e-01  |g| 3.03e+00  [10328s]
step  21700  train 6.2848e-01  |g| 2.12e+00  [10377s]
step  21800  train 5.7987e-01  |g| 2.85e+00  [10426s]
step  21900  train 5.5505e-01  |g| 1.64e+00  [10475s]
step  22000  train 5.8262e-01  val 5.8600e-01  6d geo 1.211e-02 med 1.297e-02 p90 4.930e-02 (const 4.730e-02)  |g| 2.22e+00  [10525s]
           5d geo 1.037e-02 med 1.229e-02   postmu 6d geo 1.115e-02 med 1.233e-02 p90 4.738e-02   mu |dlog| 0.2634
           corr(identifiable)  mu=+0.80  D_div_mu=+0.95  T0_div_mu=+0.42  Ly=+0.75  op_x=+0.77  op_y=+0.86   mean spread/GT 0.86
           err share           mu=19%  D_div_mu=1%  T0_div_mu=2%  Ly=30%  op_x=30%  op_y=18%
step  22100  train 5.6483e-01  |g| 2.83e+00  [10578s]
step  22200  train 5.7136e-01  |g| 2.17e+00  [10627s]
step  22300  train 5.5164e-01  |g| 3.26e+00  [10676s]
step  22400  train 5.9502e-01  |g| 2.25e+00  [10725s]
step  22500  train 5.7549e-01  |g| 2.75e+00  [10775s]
step  22600  train 6.1296e-01  |g| 2.38e+00  [10824s]
step  22700  train 5.9668e-01  |g| 3.21e+00  [10876s]
step  22800  train 5.5173e-01  |g| 2.81e+00  [10928s]
step  22900  train 5.8450e-01  |g| 1.47e+00  [10978s]
step  23000  train 5.2783e-01  |g| 2.13e+00  [11029s]
step  23100  train 5.7740e-01  |g| 1.69e+00  [11078s]
step  23200  train 5.9163e-01  |g| 2.41e+00  [11127s]
step  23300  train 5.2949e-01  |g| 2.15e+00  [11176s]
step  23400  train 5.5413e-01  |g| 2.12e+00  [11225s]
step  23500  train 6.4243e-01  |g| 2.16e+00  [11275s]
step  23600  train 6.1546e-01  |g| 3.35e+00  [11325s]
step  23700  train 5.5682e-01  |g| 2.01e+00  [11374s]
step  23800  train 5.8859e-01  |g| 3.16e+00  [11424s]
step  23900  train 5.4916e-01  |g| 2.45e+00  [11476s]
step  24000  train 5.5336e-01  val 5.8232e-01  6d geo 1.240e-02 med 1.267e-02 p90 4.800e-02 (const 4.730e-02)  |g| 1.61e+00  [11525s]
           5d geo 1.041e-02 med 1.094e-02   postmu 6d geo 1.256e-02 med 1.295e-02 p90 4.925e-02   mu |dlog| 0.2683
           corr(identifiable)  mu=+0.81  D_div_mu=+0.96  T0_div_mu=+0.39  Ly=+0.75  op_x=+0.77  op_y=+0.87   mean spread/GT 0.85
           err share           mu=18%  D_div_mu=1%  T0_div_mu=2%  Ly=29%  op_x=32%  op_y=18%
step  24100  train 6.4491e-01  |g| 4.72e+00  [11579s]
step  24200  train 5.5181e-01  |g| 1.35e+00  [11628s]
step  24300  train 5.6244e-01  |g| 2.48e+00  [11679s]
step  24400  train 5.7732e-01  |g| 3.70e+00  [11729s]
step  24500  train 5.9132e-01  |g| 2.84e+00  [11778s]
step  24600  train 6.1063e-01  |g| 1.58e+00  [11827s]
step  24700  train 5.4058e-01  |g| 2.67e+00  [11877s]
step  24800  train 5.9754e-01  |g| 1.77e+00  [11925s]
step  24900  train 5.8737e-01  |g| 1.71e+00  [11974s]
step  25000  train 5.5359e-01  |g| 2.70e+00  [12023s]
step  25100  train 5.7333e-01  |g| 1.54e+00  [12073s]
step  25200  train 6.0571e-01  |g| 2.09e+00  [12122s]
step  25300  train 5.8314e-01  |g| 2.02e+00  [12172s]
step  25400  train 5.7377e-01  |g| 2.25e+00  [12221s]
step  25500  train 6.0246e-01  |g| 3.14e+00  [12270s]
step  25600  train 5.7356e-01  |g| 2.54e+00  [12320s]
step  25700  train 5.6360e-01  |g| 2.21e+00  [12370s]
step  25800  train 5.6192e-01  |g| 1.92e+00  [12420s]
step  25900  train 5.9419e-01  |g| 2.30e+00  [12471s]
step  26000  train 5.5010e-01  val 5.7984e-01  6d geo 1.279e-02 med 1.298e-02 p90 4.718e-02 (const 4.730e-02)  |g| 2.27e+00  [12521s]
           5d geo 1.047e-02 med 1.103e-02   postmu 6d geo 1.184e-02 med 1.227e-02 p90 4.818e-02   mu |dlog| 0.2611
           corr(identifiable)  mu=+0.82  D_div_mu=+0.96  T0_div_mu=+0.49  Ly=+0.76  op_x=+0.77  op_y=+0.85   mean spread/GT 0.86
           err share           mu=18%  D_div_mu=0%  T0_div_mu=2%  Ly=28%  op_x=32%  op_y=20%
step  26100  train 5.7312e-01  |g| 3.95e+00  [12574s]
step  26200  train 5.7091e-01  |g| 1.42e+00  [12624s]
step  26300  train 5.9264e-01  |g| 2.62e+00  [12673s]
step  26400  train 5.4135e-01  |g| 1.64e+00  [12723s]
step  26500  train 5.9816e-01  |g| 1.86e+00  [12773s]
step  26600  train 5.3345e-01  |g| 1.35e+00  [12823s]
step  26700  train 5.9155e-01  |g| 3.05e+00  [12873s]
step  26800  train 5.7707e-01  |g| 1.79e+00  [12923s]
step  26900  train 5.5851e-01  |g| 2.66e+00  [12973s]
step  27000  train 5.5151e-01  |g| 2.49e+00  [13024s]
step  27100  train 5.8768e-01  |g| 2.35e+00  [13074s]
step  27200  train 5.6578e-01  |g| 4.65e+00  [13125s]
step  27300  train 6.0018e-01  |g| 3.75e+00  [13176s]
step  27400  train 5.7431e-01  |g| 2.07e+00  [13225s]
step  27500  train 5.5326e-01  |g| 2.21e+00  [13275s]
step  27600  train 6.2151e-01  |g| 5.35e+00  [13324s]
step  27700  train 5.6023e-01  |g| 1.66e+00  [13373s]
step  27800  train 5.7346e-01  |g| 3.97e+00  [13422s]
step  27900  train 5.5023e-01  |g| 1.98e+00  [13473s]
step  28000  train 6.0036e-01  val 5.6751e-01  6d geo 1.096e-02 med 1.190e-02 p90 4.841e-02 (const 4.730e-02)  |g| 2.72e+00  [13523s]
           5d geo 9.074e-03 med 1.043e-02   postmu 6d geo 1.064e-02 med 1.142e-02 p90 5.073e-02   mu |dlog| 0.2560
           corr(identifiable)  mu=+0.82  D_div_mu=+0.96  T0_div_mu=+0.51  Ly=+0.76  op_x=+0.77  op_y=+0.86   mean spread/GT 0.84
           err share           mu=18%  D_div_mu=1%  T0_div_mu=2%  Ly=29%  op_x=32%  op_y=19%
step  28100  train 5.6785e-01  |g| 2.98e+00  [13577s]
step  28200  train 5.8431e-01  |g| 3.64e+00  [13628s]
step  28300  train 5.6465e-01  |g| 2.40e+00  [13678s]
step  28400  train 5.9554e-01  |g| 2.00e+00  [13728s]
step  28500  train 6.0113e-01  |g| 3.44e+00  [13780s]
step  28600  train 5.5250e-01  |g| 1.26e+00  [13830s]
step  28700  train 5.2854e-01  |g| 1.95e+00  [13881s]
step  28800  train 5.1597e-01  |g| 1.27e+00  [13931s]
step  28900  train 5.6885e-01  |g| 2.52e+00  [13982s]
step  29000  train 5.5563e-01  |g| 2.98e+00  [14033s]
step  29100  train 5.7425e-01  |g| 3.05e+00  [14084s]
step  29200  train 5.3762e-01  |g| 2.20e+00  [14135s]
step  29300  train 5.6671e-01  |g| 3.53e+00  [14186s]
step  29400  train 5.4459e-01  |g| 2.55e+00  [14236s]
step  29500  train 5.6672e-01  |g| 5.02e+00  [14287s]
step  29600  train 5.4167e-01  |g| 1.47e+00  [14337s]
step  29700  train 5.7270e-01  |g| 1.72e+00  [14387s]
step  29800  train 5.5703e-01  |g| 2.50e+00  [14437s]
step  29900  train 5.3149e-01  |g| 1.83e+00  [14488s]
step  30000  train 5.6004e-01  val 5.4861e-01  6d geo 9.323e-03 med 9.535e-03 p90 4.507e-02 (const 4.730e-02)  |g| 2.21e+00  [14539s]
           5d geo 7.478e-03 med 7.993e-03   postmu 6d geo 8.735e-03 med 9.315e-03 p90 4.464e-02   mu |dlog| 0.2231
           corr(identifiable)  mu=+0.83  D_div_mu=+0.97  T0_div_mu=+0.48  Ly=+0.81  op_x=+0.78  op_y=+0.87   mean spread/GT 0.87
           err share           mu=20%  D_div_mu=0%  T0_div_mu=2%  Ly=25%  op_x=35%  op_y=18%
step  30100  train 5.3779e-01  |g| 2.61e+00  [14594s]
step  30200  train 5.1886e-01  |g| 2.03e+00  [14645s]
step  30300  train 5.5441e-01  |g| 2.15e+00  [14697s]
step  30400  train 5.2493e-01  |g| 2.39e+00  [14748s]
step  30500  train 5.6266e-01  |g| 1.97e+00  [14799s]
step  30600  train 5.3527e-01  |g| 2.04e+00  [14851s]
step  30700  train 5.3582e-01  |g| 3.01e+00  [14902s]
step  30800  train 5.4875e-01  |g| 2.85e+00  [14952s]
step  30900  train 5.2292e-01  |g| 2.07e+00  [15003s]
step  31000  train 5.6531e-01  |g| 2.17e+00  [15055s]
step  31100  train 5.8594e-01  |g| 3.55e+00  [15106s]
step  31200  train 5.3480e-01  |g| 3.60e+00  [15157s]
step  31300  train 5.3432e-01  |g| 2.11e+00  [15208s]
step  31400  train 5.3513e-01  |g| 2.38e+00  [15259s]
step  31500  train 5.5979e-01  |g| 2.20e+00  [15310s]
step  31600  train 5.4470e-01  |g| 3.15e+00  [15361s]
step  31700  train 5.3010e-01  |g| 2.79e+00  [15412s]
step  31800  train 5.5383e-01  |g| 1.84e+00  [15463s]
step  31900  train 5.5709e-01  |g| 2.59e+00  [15514s]
step  32000  train 5.6849e-01  val 5.4514e-01  6d geo 8.355e-03 med 8.539e-03 p90 4.340e-02 (const 4.730e-02)  |g| 2.20e+00  [15565s]
           5d geo 6.765e-03 med 7.141e-03   postmu 6d geo 8.186e-03 med 8.466e-03 p90 4.403e-02   mu |dlog| 0.2485
           corr(identifiable)  mu=+0.84  D_div_mu=+0.97  T0_div_mu=+0.46  Ly=+0.83  op_x=+0.78  op_y=+0.89   mean spread/GT 0.87
           err share           mu=19%  D_div_mu=1%  T0_div_mu=2%  Ly=25%  op_x=36%  op_y=17%
step  32100  train 5.4018e-01  |g| 2.42e+00  [15620s]
step  32200  train 5.4767e-01  |g| 2.20e+00  [15671s]
step  32300  train 5.7058e-01  |g| 2.68e+00  [15723s]
step  32400  train 5.2870e-01  |g| 2.79e+00  [15774s]
step  32500  train 5.3052e-01  |g| 3.61e+00  [15825s]
step  32600  train 5.3786e-01  |g| 2.64e+00  [15876s]
step  32700  train 5.5172e-01  |g| 3.04e+00  [15927s]
step  32800  train 5.3466e-01  |g| 2.93e+00  [15978s]
step  32900  train 5.3369e-01  |g| 2.65e+00  [16029s]
step  33000  train 5.1638e-01  |g| 2.83e+00  [16080s]
step  33100  train 5.6781e-01  |g| 2.77e+00  [16132s]
step  33200  train 5.1821e-01  |g| 2.31e+00  [16183s]
step  33300  train 5.2442e-01  |g| 4.05e+00  [16234s]
step  33400  train 5.3182e-01  |g| 3.16e+00  [16286s]
step  33500  train 5.5224e-01  |g| 2.82e+00  [16337s]
step  33600  train 5.8465e-01  |g| 2.17e+00  [16389s]
step  33700  train 5.1624e-01  |g| 2.08e+00  [16440s]
step  33800  train 5.0974e-01  |g| 3.67e+00  [16491s]
step  33900  train 5.4541e-01  |g| 2.50e+00  [16542s]
step  34000  train 5.1457e-01  val 5.3184e-01  6d geo 7.138e-03 med 6.854e-03 p90 3.837e-02 (const 4.730e-02)  |g| 2.84e+00  [16593s]
           5d geo 6.061e-03 med 6.302e-03   postmu 6d geo 7.217e-03 med 7.077e-03 p90 4.017e-02   mu |dlog| 0.2089
           corr(identifiable)  mu=+0.87  D_div_mu=+0.98  T0_div_mu=+0.52  Ly=+0.85  op_x=+0.79  op_y=+0.90   mean spread/GT 0.86
           err share           mu=17%  D_div_mu=0%  T0_div_mu=2%  Ly=25%  op_x=39%  op_y=17%
step  34100  train 5.2914e-01  |g| 4.06e+00  [16649s]
step  34200  train 5.4999e-01  |g| 3.11e+00  [16700s]
step  34300  train 5.1799e-01  |g| 2.50e+00  [16752s]
step  34400  train 5.1196e-01  |g| 1.57e+00  [16802s]
step  34500  train 5.6018e-01  |g| 5.34e+00  [16854s]
step  34600  train 5.3942e-01  |g| 1.82e+00  [16906s]
step  34700  train 5.0238e-01  |g| 3.10e+00  [16957s]
step  34800  train 5.4708e-01  |g| 3.34e+00  [17008s]
step  34900  train 5.6017e-01  |g| 2.30e+00  [17060s]
step  35000  train 5.5201e-01  |g| 2.35e+00  [17111s]
step  35100  train 5.3854e-01  |g| 2.53e+00  [17162s]
step  35200  train 5.1527e-01  |g| 3.98e+00  [17213s]
step  35300  train 5.5438e-01  |g| 2.54e+00  [17265s]
step  35400  train 5.4730e-01  |g| 2.88e+00  [17317s]
step  35500  train 5.7126e-01  |g| 3.73e+00  [17369s]
step  35600  train 5.0987e-01  |g| 2.59e+00  [17420s]
step  35700  train 5.2586e-01  |g| 3.15e+00  [17471s]
step  35800  train 5.3621e-01  |g| 2.38e+00  [17523s]
step  35900  train 5.0436e-01  |g| 3.80e+00  [17574s]
step  36000  train 5.4390e-01  val 5.2358e-01  6d geo 6.746e-03 med 6.605e-03 p90 4.022e-02 (const 4.730e-02)  |g| 3.06e+00  [17625s]
           5d geo 5.420e-03 med 5.606e-03   postmu 6d geo 6.568e-03 med 6.728e-03 p90 4.224e-02   mu |dlog| 0.2093
           corr(identifiable)  mu=+0.86  D_div_mu=+0.98  T0_div_mu=+0.51  Ly=+0.84  op_x=+0.79  op_y=+0.90   mean spread/GT 0.87
           err share           mu=18%  D_div_mu=0%  T0_div_mu=2%  Ly=25%  op_x=37%  op_y=16%
step  36100  train 5.3776e-01  |g| 2.32e+00  [17682s]
step  36200  train 5.5914e-01  |g| 3.86e+00  [17733s]
step  36300  train 5.7999e-01  |g| 6.16e+00  [17785s]
step  36400  train 5.1301e-01  |g| 1.66e+00  [17836s]
step  36500  train 5.4107e-01  |g| 4.56e+00  [17888s]
step  36600  train 5.2330e-01  |g| 1.58e+00  [17940s]
step  36700  train 4.9393e-01  |g| 4.20e+00  [17991s]
step  36800  train 5.0519e-01  |g| 2.42e+00  [18042s]
step  36900  train 5.2541e-01  |g| 4.12e+00  [18094s]
step  37000  train 5.4937e-01  |g| 3.74e+00  [18145s]
step  37100  train 4.8090e-01  |g| 2.12e+00  [18197s]
step  37200  train 4.8101e-01  |g| 2.46e+00  [18249s]
step  37300  train 4.8160e-01  |g| 2.62e+00  [18300s]
step  37400  train 5.1819e-01  |g| 4.10e+00  [18352s]
step  37500  train 5.2755e-01  |g| 3.24e+00  [18403s]
step  37600  train 4.9277e-01  |g| 2.14e+00  [18454s]
step  37700  train 4.9033e-01  |g| 2.81e+00  [18506s]
step  37800  train 4.8460e-01  |g| 2.74e+00  [18557s]
step  37900  train 4.8418e-01  |g| 4.38e+00  [18609s]
step  38000  train 5.8265e-01  val 5.1873e-01  6d geo 6.796e-03 med 6.575e-03 p90 4.094e-02 (const 4.730e-02)  |g| 3.32e+00  [18661s]
           5d geo 5.371e-03 med 5.491e-03   postmu 6d geo 6.694e-03 med 6.759e-03 p90 4.193e-02   mu |dlog| 0.2165
           corr(identifiable)  mu=+0.86  D_div_mu=+0.98  T0_div_mu=+0.51  Ly=+0.85  op_x=+0.79  op_y=+0.91   mean spread/GT 0.88
           err share           mu=19%  D_div_mu=0%  T0_div_mu=2%  Ly=25%  op_x=38%  op_y=16%
step  38100  train 5.3462e-01  |g| 2.93e+00  [18716s]
step  38200  train 5.2578e-01  |g| 1.83e+00  [18768s]
step  38300  train 5.5483e-01  |g| 2.76e+00  [18819s]
step  38400  train 4.8181e-01  |g| 3.36e+00  [18871s]
step  38500  train 4.7456e-01  |g| 2.96e+00  [18922s]
step  38600  train 5.0932e-01  |g| 5.83e+00  [18974s]
step  38700  train 5.2508e-01  |g| 2.91e+00  [19025s]
step  38800  train 5.4316e-01  |g| 2.53e+00  [19077s]
step  38900  train 5.0986e-01  |g| 3.12e+00  [19128s]
step  39000  train 5.3047e-01  |g| 4.34e+00  [19180s]
step  39100  train 5.1634e-01  |g| 1.93e+00  [19231s]
step  39200  train 4.8329e-01  |g| 2.92e+00  [19283s]
step  39300  train 5.2648e-01  |g| 3.15e+00  [19334s]
step  39400  train 4.7046e-01  |g| 2.53e+00  [19386s]
step  39500  train 5.3193e-01  |g| 2.21e+00  [19437s]
step  39600  train 5.2706e-01  |g| 2.65e+00  [19489s]
step  39700  train 5.1081e-01  |g| 2.57e+00  [19541s]
step  39800  train 5.1412e-01  |g| 4.87e+00  [19592s]
step  39900  train 5.3606e-01  |g| 2.90e+00  [19644s]
step  40000  train 4.9080e-01  val 5.1508e-01  6d geo 6.166e-03 med 6.067e-03 p90 4.036e-02 (const 4.730e-02)  |g| 1.86e+00  [19695s]
           5d geo 4.863e-03 med 5.055e-03   postmu 6d geo 5.931e-03 med 6.270e-03 p90 4.166e-02   mu |dlog| 0.1990
           corr(identifiable)  mu=+0.86  D_div_mu=+0.98  T0_div_mu=+0.51  Ly=+0.85  op_x=+0.79  op_y=+0.91   mean spread/GT 0.87
           err share           mu=18%  D_div_mu=0%  T0_div_mu=2%  Ly=25%  op_x=38%  op_y=16%
best val_nmse_6d_postmu_geo 5.9305e-03 (encoder_best.pt)

Done. Outputs written to /home/bhpark3/dafx_ddsp/results/ddsp/eps_ladder/L1_STFT
