======================================================================
  TERNARY-SEARCH μ-REFINEMENT on CUDA (float32)
======================================================================
  CMA-ES results: /home/bhpark3/dafxchal/results/decomp_sweep/smoothmss_resmatch/stage1
  Targets: /home/bhpark3/dafxchal/data/random-IR-100-1.0s
  Loss: SmoothMSS_resmatch, Duration: 0.25s
  μ search bounds: [2.430, 106.150]
  Ternary iterations: 50  (~101 evals/IR)
  Sanity grid check: on

  Loaded 50 CMA-ES results
  [  1/50] random_IR_0001.npz             mu  81.146 ->  48.930 (GT  48.930)
          NMSE 0.016079 -> 0.000000 (-100.0%)  loss 0.000000 -> 0.000000  (1.1s)
  [  2/50] random_IR_0002.npz             mu  32.710 ->  84.055 (GT  84.056)
          NMSE 0.040844 -> 0.000000 (-100.0%)  loss 0.000000 -> 0.000000  (1.2s)
  [  3/50] random_IR_0003.npz             mu  21.349 ->   6.576 (GT  24.386)
          NMSE 0.086754 -> 0.091525 (+5.5%)  loss 0.000000 -> 0.000000  (1.2s)
  [  4/50] random_IR_0004.npz             mu  41.937 ->  16.130 (GT  13.244)
          NMSE 0.016478 -> 0.003852 (-76.6%)  loss 0.000000 -> 0.000000  (1.0s)
  [  5/50] random_IR_0005.npz             mu  69.436 ->  45.159 (GT  45.159)
          NMSE 0.009131 -> 0.000000 (-100.0%)  loss 0.000000 -> 0.000000  (1.6s)
  [ 10/50] random_IR_0010.npz             mu  24.594 ->  39.400 (GT  31.912)
          NMSE 0.046723 -> 0.046762 (+0.1%)  loss 0.000000 -> 0.000000  (3.7s)
  [ 20/50] random_IR_0020.npz             mu  26.677 ->  43.384 (GT  43.384)
          NMSE 0.004324 -> 0.000000 (-100.0%)  loss 0.000000 -> 0.000000  (0.8s)
  [ 30/50] random_IR_0030.npz             mu  20.386 ->  10.933 (GT  16.703)
          NMSE 0.071767 -> 0.072072 (+0.4%)  loss 0.000000 -> 0.000000  (4.1s)
  [ 40/50] random_IR_0040.npz             mu  31.683 ->  38.783 (GT  38.783)
          NMSE 0.000781 -> 0.000000 (-100.0%)  loss 0.000000 -> 0.000000  (3.0s)
  [ 50/50] random_IR_0050.npz             mu  35.579 ->  74.424 (GT  51.163)
          NMSE 0.025171 -> 0.029791 (+18.4%)  loss 0.000000 -> 0.000000  (0.5s)

======================================================================
  AGGREGATE
======================================================================
  Mean NMSE   orig: 0.028557
              refn: 0.016048
  Median NMSE orig: 0.009400
              refn: 0.000000
  IRs improved: 44 / 50  worsened: 6  unchanged: 0
  Mean elapsed/IR:    1.52 s
  Total runtime:      92.1 s
  Wrote: /home/bhpark3/dafxchal/results/decomp_sweep/smoothmss_resmatch/stage2/mu_refined_summary.csv
