Device cuda | loss L1_STFT_eps1 | duration 0.25s
Loading train targets from data/train-p99
Loading val targets from data/val-p99
  98304 train / 996 val in 42s   train tensor 4.34 GB
  training set held in host memory; batches transferred per step
reference levels:  gt_loss 0.0000e+00   saturation (unrelated IRs) 9.6195e-02
constant-predictor NMSE: 6d 4.730e-02  7d 7.959e-02  (the floor to beat)
training loss stuck near saturation = gradient uninformative; well below = learning

encoder: 3.74M params, width 32

loss scale (fixed): 7.0789e-02
step      1  train 7.0789e-02  val 7.9041e-02  6d geo 4.283e-02 med 4.750e-02 p90 8.157e-02 (const 4.730e-02)  |g| 1.54e+01  [1s]
           5d geo 4.206e-02 med 4.849e-02   postmu 6d geo 4.966e-02 med 5.169e-02 p90 1.268e-01   mu |dlog| 0.5602
           WARNING: prediction spread 0.000 of ground truth -- the output has collapsed to a constant (saturated tanh); lower --lr or raise --warmup-steps and restart
           corr(identifiable)  mu=-0.37  D_div_mu=+0.15  T0_div_mu=-0.01  Ly=-0.02  op_x=-0.48  op_y=-0.27   mean spread/GT 0.00
           err share           mu=16%  D_div_mu=3%  T0_div_mu=2%  Ly=26%  op_x=28%  op_y=26%
step    100  train 7.1160e-02  |g| 7.07e+00  [46s]
step    200  train 6.8136e-02  |g| 1.08e+01  [89s]
step    300  train 7.2151e-02  |g| 1.16e+01  [133s]
step    400  train 8.7464e-02  |g| 2.89e+01  [177s]
step    500  train 6.5092e-02  |g| 8.46e+00  [221s]
step    600  train 5.7188e-02  |g| 9.54e+00  [263s]
step    700  train 5.0873e-02  |g| 1.08e+01  [305s]
step    800  train 5.4965e-02  |g| 9.40e+00  [346s]
step    900  train 5.1790e-02  |g| 7.05e+00  [388s]
step   1000  train 5.3727e-02  |g| 7.24e+00  [429s]
step   1100  train 5.3706e-02  |g| 1.35e+01  [470s]
step   1200  train 5.1971e-02  |g| 1.41e+01  [512s]
step   1300  train 5.4259e-02  |g| 9.42e+00  [553s]
step   1400  train 5.0836e-02  |g| 1.12e+01  [595s]
step   1500  train 5.4322e-02  |g| 7.93e+00  [641s]
step   1600  train 5.1826e-02  |g| 5.44e+00  [684s]
step   1700  train 5.1699e-02  |g| 8.12e+00  [726s]
  WARNING: 1 of 64 parameter sets need a finer grid than the pinned (86, 282) and are truncated. Raise --fixed-mode-grid; targets rendered under a pin that truncates them are not the plate's output at those parameters.
step   1800  train 5.8133e-02  |g| 1.31e+01  [767s]
step   1900  train 5.1097e-02  |g| 9.66e+00  [809s]
step   2000  train 5.7233e-02  val 5.4662e-02  6d geo 5.300e-02 med 5.906e-02 p90 1.282e-01 (const 4.730e-02)  |g| 2.68e+01  [850s]
           5d geo 5.574e-02 med 6.644e-02   postmu 6d geo 5.571e-02 med 6.233e-02 p90 1.343e-01   mu |dlog| 0.3846
           corr(identifiable)  mu=+0.72  D_div_mu=+0.40  T0_div_mu=+0.42  Ly=+0.45  op_x=+0.49  op_y=-0.28   mean spread/GT 0.47
           err share           mu=7%  D_div_mu=2%  T0_div_mu=1%  Ly=32%  op_x=29%  op_y=28%
step   2100  train 5.6653e-02  |g| 1.31e+01  [895s]
step   2200  train 5.0254e-02  |g| 9.46e+00  [936s]
step   2300  train 5.1978e-02  |g| 1.77e+01  [978s]
step   2400  train 5.1664e-02  |g| 1.02e+01  [1019s]
step   2500  train 5.1492e-02  |g| 6.61e+00  [1061s]
step   2600  train 5.4163e-02  |g| 1.32e+01  [1103s]
step   2700  train 5.2402e-02  |g| 8.35e+00  [1144s]
step   2800  train 5.0311e-02  |g| 9.70e+00  [1185s]
step   2900  train 5.0388e-02  |g| 6.87e+00  [1227s]
step   3000  train 5.0974e-02  |g| 6.93e+00  [1269s]
step   3100  train 5.3537e-02  |g| 9.75e+00  [1310s]
step   3200  train 5.0450e-02  |g| 6.88e+00  [1352s]
step   3300  train 5.1631e-02  |g| 1.24e+01  [1393s]
step   3400  train 4.8387e-02  |g| 6.51e+00  [1434s]
step   3500  train 5.0637e-02  |g| 1.26e+01  [1476s]
step   3600  train 5.1563e-02  |g| 6.04e+00  [1517s]
step   3700  train 5.0463e-02  |g| 2.12e+01  [1558s]
step   3800  train 5.2545e-02  |g| 9.43e+00  [1599s]
step   3900  train 4.9703e-02  |g| 8.07e+00  [1641s]
step   4000  train 4.9336e-02  val 5.0987e-02  6d geo 4.413e-02 med 5.019e-02 p90 1.168e-01 (const 4.730e-02)  |g| 8.15e+00  [1682s]
           5d geo 4.766e-02 med 5.671e-02   postmu 6d geo 4.725e-02 med 5.164e-02 p90 1.191e-01   mu |dlog| 0.3875
           corr(identifiable)  mu=+0.73  D_div_mu=+0.39  T0_div_mu=+0.38  Ly=+0.48  op_x=+0.61  op_y=-0.12   mean spread/GT 0.44
           err share           mu=7%  D_div_mu=3%  T0_div_mu=2%  Ly=38%  op_x=27%  op_y=24%
step   4100  train 5.4848e-02  |g| 8.06e+00  [1727s]
step   4200  train 5.0566e-02  |g| 1.27e+01  [1768s]
step   4300  train 5.2470e-02  |g| 1.39e+01  [1810s]
step   4400  train 5.0728e-02  |g| 1.55e+01  [1851s]
step   4500  train 5.1466e-02  |g| 8.84e+00  [1893s]
step   4600  train 5.2676e-02  |g| 1.04e+01  [1935s]
step   4700  train 5.0304e-02  |g| 7.61e+00  [1977s]
step   4800  train 5.0153e-02  |g| 7.12e+00  [2018s]
step   4900  train 5.4592e-02  |g| 2.16e+01  [2060s]
step   5000  train 5.1914e-02  |g| 9.25e+00  [2101s]
step   5100  train 5.0080e-02  |g| 7.43e+00  [2143s]
step   5200  train 5.0591e-02  |g| 1.93e+01  [2185s]
step   5300  train 5.2760e-02  |g| 5.99e+00  [2226s]
step   5400  train 5.3242e-02  |g| 9.17e+00  [2267s]
step   5500  train 5.3230e-02  |g| 1.05e+01  [2309s]
step   5600  train 5.2064e-02  |g| 2.65e+01  [2350s]
step   5700  train 5.2394e-02  |g| 1.87e+01  [2393s]
step   5800  train 4.9543e-02  |g| 1.16e+01  [2434s]
step   5900  train 5.5058e-02  |g| 4.45e+00  [2479s]
step   6000  train 5.1156e-02  val 5.1619e-02  6d geo 3.982e-02 med 4.545e-02 p90 1.032e-01 (const 4.730e-02)  |g| 7.14e+00  [2523s]
           5d geo 4.291e-02 med 4.952e-02   postmu 6d geo 4.156e-02 med 4.689e-02 p90 1.049e-01   mu |dlog| 0.3907
           corr(identifiable)  mu=+0.73  D_div_mu=+0.31  T0_div_mu=+0.43  Ly=+0.47  op_x=+0.59  op_y=-0.13   mean spread/GT 0.46
           err share           mu=9%  D_div_mu=2%  T0_div_mu=1%  Ly=28%  op_x=33%  op_y=27%
step   6100  train 5.4086e-02  |g| 1.36e+01  [2568s]
step   6200  train 4.8174e-02  |g| 1.16e+01  [2609s]
step   6300  train 4.9673e-02  |g| 1.28e+01  [2651s]
step   6400  train 5.3847e-02  |g| 2.85e+01  [2692s]
step   6500  train 5.2260e-02  |g| 1.45e+01  [2734s]
step   6600  train 4.8664e-02  |g| 6.72e+00  [2775s]
step   6700  train 5.0062e-02  |g| 2.14e+01  [2817s]
step   6800  train 4.9344e-02  |g| 1.34e+01  [2858s]
step   6900  train 5.6104e-02  |g| 1.23e+01  [2900s]
step   7000  train 5.1107e-02  |g| 2.28e+01  [2941s]
step   7100  train 4.9456e-02  |g| 2.01e+01  [2983s]
step   7200  train 5.1013e-02  |g| 8.78e+00  [3024s]
step   7300  train 5.2305e-02  |g| 9.86e+00  [3066s]
step   7400  train 5.1612e-02  |g| 7.14e+00  [3107s]
step   7500  train 5.1641e-02  |g| 1.86e+01  [3149s]
step   7600  train 5.4264e-02  |g| 8.67e+00  [3190s]
step   7700  train 4.9156e-02  |g| 9.40e+00  [3232s]
step   7800  train 5.4014e-02  |g| 9.29e+00  [3273s]
step   7900  train 5.0198e-02  |g| 9.41e+00  [3315s]
step   8000  train 5.2477e-02  val 5.1670e-02  6d geo 7.733e-02 med 8.917e-02 p90 1.893e-01 (const 4.730e-02)  |g| 2.76e+01  [3357s]
           5d geo 8.730e-02 med 1.035e-01   postmu 6d geo 8.321e-02 med 9.104e-02 p90 1.923e-01   mu |dlog| 0.4016
           corr(identifiable)  mu=+0.73  D_div_mu=+0.14  T0_div_mu=+0.32  Ly=+0.38  op_x=+0.61  op_y=-0.03   mean spread/GT 0.35
           err share           mu=5%  D_div_mu=2%  T0_div_mu=1%  Ly=51%  op_x=24%  op_y=18%
step   8100  train 5.1351e-02  |g| 2.22e+01  [3401s]
step   8200  train 6.0622e-02  |g| 9.39e+00  [3443s]
step   8300  train 5.5312e-02  |g| 1.17e+01  [3485s]
step   8400  train 4.9822e-02  |g| 1.30e+01  [3526s]
step   8500  train 5.2481e-02  |g| 2.57e+01  [3568s]
step   8600  train 5.0706e-02  |g| 1.36e+01  [3610s]
step   8700  train 5.2617e-02  |g| 1.19e+01  [3651s]
step   8800  train 5.2347e-02  |g| 8.10e+00  [3693s]
step   8900  train 5.3187e-02  |g| 2.84e+01  [3734s]
step   9000  train 4.9888e-02  |g| 1.57e+01  [3776s]
step   9100  train 5.3872e-02  |g| 1.27e+01  [3817s]
step   9200  train 5.2537e-02  |g| 7.50e+00  [3859s]
step   9300  train 4.8515e-02  |g| 1.34e+01  [3901s]
step   9400  train 5.0187e-02  |g| 9.04e+00  [3942s]
step   9500  train 5.1106e-02  |g| 1.55e+01  [3984s]
step   9600  train 5.2578e-02  |g| 9.01e+00  [4025s]
step   9700  train 4.9161e-02  |g| 3.66e+00  [4067s]
step   9800  train 5.3713e-02  |g| 7.31e+00  [4108s]
step   9900  train 5.2376e-02  |g| 2.58e+01  [4150s]
step  10000  train 5.2446e-02  val 5.0859e-02  6d geo 7.362e-02 med 8.707e-02 p90 1.889e-01 (const 4.730e-02)  |g| 1.57e+01  [4191s]
           5d geo 8.187e-02 med 9.990e-02   postmu 6d geo 7.622e-02 med 8.719e-02 p90 1.888e-01   mu |dlog| 0.3779
           corr(identifiable)  mu=+0.73  D_div_mu=+0.23  T0_div_mu=-0.35  Ly=-0.43  op_x=+0.58  op_y=+0.16   mean spread/GT 0.47
           err share           mu=5%  D_div_mu=2%  T0_div_mu=1%  Ly=49%  op_x=25%  op_y=18%
step  10100  train 5.1341e-02  |g| 2.02e+01  [4236s]
step  10200  train 5.5946e-02  |g| 7.14e+00  [4278s]
step  10300  train 5.5947e-02  |g| 1.37e+01  [4320s]
step  10400  train 5.1282e-02  |g| 1.19e+01  [4365s]
step  10500  train 5.3522e-02  |g| 3.53e+01  [4407s]
step  10600  train 5.2908e-02  |g| 9.13e+00  [4449s]
step  10700  train 5.4106e-02  |g| 1.32e+01  [4490s]
step  10800  train 5.5713e-02  |g| 1.27e+01  [4532s]
step  10900  train 5.9691e-02  |g| 1.52e+01  [4574s]
step  11000  train 5.3443e-02  |g| 1.51e+01  [4616s]
step  11100  train 5.2820e-02  |g| 2.09e+01  [4657s]
step  11200  train 5.3295e-02  |g| 1.61e+01  [4699s]
step  11300  train 5.1089e-02  |g| 2.59e+01  [4741s]
step  11400  train 5.2457e-02  |g| 7.22e+00  [4782s]
step  11500  train 5.5917e-02  |g| 1.76e+01  [4824s]
step  11600  train 5.0472e-02  |g| 1.84e+01  [4866s]
step  11700  train 5.5695e-02  |g| 4.59e+01  [4907s]
step  11800  train 5.8759e-02  |g| 7.56e+01  [4949s]
step  11900  train 5.3656e-02  |g| 1.37e+01  [4991s]
step  12000  train 5.4951e-02  val 5.2003e-02  6d geo 6.988e-02 med 7.173e-02 p90 1.754e-01 (const 4.730e-02)  |g| 4.78e+01  [5033s]
           5d geo 7.592e-02 med 8.230e-02   postmu 6d geo 8.710e-02 med 9.925e-02 p90 1.834e-01   mu |dlog| 0.5860
           corr(identifiable)  mu=+0.73  D_div_mu=+0.16  T0_div_mu=-0.32  Ly=-0.05  op_x=+0.40  op_y=+0.18   mean spread/GT 0.50
           err share           mu=6%  D_div_mu=2%  T0_div_mu=1%  Ly=59%  op_x=16%  op_y=17%
step  12100  train 5.3062e-02  |g| 1.02e+01  [5078s]
step  12200  train 4.7763e-02  |g| 1.49e+01  [5119s]
step  12300  train 5.3524e-02  |g| 1.49e+01  [5161s]
step  12400  train 5.4284e-02  |g| 1.25e+01  [5203s]
step  12500  train 5.7355e-02  |g| 1.17e+01  [5245s]
step  12600  train 5.1237e-02  |g| 1.15e+01  [5286s]
step  12700  train 5.4471e-02  |g| 1.33e+01  [5328s]
step  12800  train 5.1396e-02  |g| 4.62e+00  [5370s]
step  12900  train 5.1953e-02  |g| 8.59e+00  [5411s]
step  13000  train 5.1698e-02  |g| 8.90e+00  [5453s]
step  13100  train 5.2682e-02  |g| 1.27e+01  [5495s]
step  13200  train 5.0933e-02  |g| 9.67e+00  [5537s]
step  13300  train 5.5142e-02  |g| 1.09e+01  [5578s]
step  13400  train 4.9444e-02  |g| 1.13e+01  [5620s]
step  13500  train 5.1382e-02  |g| 7.66e+00  [5662s]
step  13600  train 5.0189e-02  |g| 1.83e+01  [5703s]
step  13700  train 4.8487e-02  |g| 1.92e+01  [5745s]
step  13800  train 5.4668e-02  |g| 1.43e+01  [5787s]
step  13900  train 4.9994e-02  |g| 8.73e+00  [5829s]
step  14000  train 5.4304e-02  val 5.1387e-02  6d geo 7.108e-02 med 8.119e-02 p90 1.894e-01 (const 4.730e-02)  |g| 1.13e+01  [5870s]
           5d geo 7.861e-02 med 9.266e-02   postmu 6d geo 8.568e-02 med 9.249e-02 p90 1.896e-01   mu |dlog| 0.5324
           corr(identifiable)  mu=+0.73  D_div_mu=+0.17  T0_div_mu=-0.36  Ly=+0.31  op_x=+0.59  op_y=+0.06   mean spread/GT 0.41
           err share           mu=5%  D_div_mu=2%  T0_div_mu=1%  Ly=55%  op_x=13%  op_y=24%
step  14100  train 5.0898e-02  |g| 2.04e+01  [5915s]
step  14200  train 5.4153e-02  |g| 2.18e+01  [5957s]
step  14300  train 4.6287e-02  |g| 1.08e+01  [5999s]
step  14400  train 4.9996e-02  |g| 2.70e+01  [6041s]
step  14500  train 4.8602e-02  |g| 1.18e+01  [6082s]
step  14600  train 5.2809e-02  |g| 1.20e+01  [6124s]
step  14700  train 5.4872e-02  |g| 1.92e+01  [6166s]
step  14800  train 5.3119e-02  |g| 1.60e+01  [6208s]
step  14900  train 5.4927e-02  |g| 9.50e+00  [6250s]
step  15000  train 4.9516e-02  |g| 9.67e+00  [6291s]
step  15100  train 5.3872e-02  |g| 2.07e+01  [6333s]
step  15200  train 5.1401e-02  |g| 2.78e+01  [6375s]
step  15300  train 5.1078e-02  |g| 2.24e+01  [6417s]
step  15400  train 4.8007e-02  |g| 1.81e+01  [6458s]
step  15500  train 5.1333e-02  |g| 1.55e+01  [6500s]
step  15600  train 5.1608e-02  |g| 2.24e+01  [6542s]
step  15700  train 5.3392e-02  |g| 1.71e+01  [6584s]
step  15800  train 5.3666e-02  |g| 3.11e+01  [6625s]
step  15900  train 4.8245e-02  |g| 2.37e+01  [6667s]
step  16000  train 5.3665e-02  val 5.1311e-02  6d geo 8.068e-02 med 9.470e-02 p90 2.041e-01 (const 4.730e-02)  |g| 1.98e+01  [6709s]
           5d geo 9.056e-02 med 1.113e-01   postmu 6d geo 9.005e-02 med 9.774e-02 p90 2.041e-01   mu |dlog| 0.4260
           corr(identifiable)  mu=+0.73  D_div_mu=+0.15  T0_div_mu=-0.38  Ly=+0.11  op_x=+0.56  op_y=-0.06   mean spread/GT 0.34
           err share           mu=4%  D_div_mu=2%  T0_div_mu=1%  Ly=49%  op_x=24%  op_y=20%
step  16100  train 4.9929e-02  |g| 1.77e+01  [6754s]
step  16200  train 5.2568e-02  |g| 2.23e+01  [6796s]
step  16300  train 5.3795e-02  |g| 8.92e+00  [6837s]
step  16400  train 5.1266e-02  |g| 7.05e+00  [6879s]
step  16500  train 5.2647e-02  |g| 1.47e+01  [6921s]
step  16600  train 5.3463e-02  |g| 1.57e+01  [6963s]
step  16700  train 5.5029e-02  |g| 2.46e+01  [7005s]
step  16800  train 5.3428e-02  |g| 2.29e+01  [7046s]
step  16900  train 5.3395e-02  |g| 1.78e+01  [7088s]
step  17000  train 4.9274e-02  |g| 2.27e+01  [7130s]
step  17100  train 5.1023e-02  |g| 1.57e+01  [7172s]
step  17200  train 5.1355e-02  |g| 1.02e+01  [7214s]
step  17300  train 5.1515e-02  |g| 1.92e+01  [7256s]
step  17400  train 4.9513e-02  |g| 2.11e+01  [7297s]
step  17500  train 4.8475e-02  |g| 1.66e+01  [7339s]
step  17600  train 5.1610e-02  |g| 1.89e+01  [7381s]
step  17700  train 5.4899e-02  |g| 1.37e+01  [7422s]
step  17800  train 4.9414e-02  |g| 9.98e+00  [7464s]
step  17900  train 5.3490e-02  |g| 1.13e+01  [7506s]
step  18000  train 5.2628e-02  val 5.1379e-02  6d geo 7.375e-02 med 8.750e-02 p90 1.889e-01 (const 4.730e-02)  |g| 1.11e+01  [7547s]
           5d geo 8.256e-02 med 1.010e-01   postmu 6d geo 8.890e-02 med 9.418e-02 p90 1.885e-01   mu |dlog| 0.5065
           corr(identifiable)  mu=+0.73  D_div_mu=+0.12  T0_div_mu=-0.14  Ly=+0.30  op_x=+0.61  op_y=-0.06   mean spread/GT 0.39
           err share           mu=4%  D_div_mu=2%  T0_div_mu=1%  Ly=51%  op_x=18%  op_y=24%
step  18100  train 4.9125e-02  |g| 1.20e+01  [7592s]
step  18200  train 4.9354e-02  |g| 1.83e+01  [7634s]
step  18300  train 4.7849e-02  |g| 7.57e+00  [7676s]
step  18400  train 5.0553e-02  |g| 1.58e+01  [7717s]
step  18500  train 4.8772e-02  |g| 1.38e+01  [7759s]
step  18600  train 5.2286e-02  |g| 1.90e+01  [7800s]
step  18700  train 4.9100e-02  |g| 1.66e+01  [7842s]
step  18800  train 5.3512e-02  |g| 1.56e+01  [7884s]
step  18900  train 5.3542e-02  |g| 1.35e+01  [7925s]
step  19000  train 5.2500e-02  |g| 1.50e+01  [7967s]
step  19100  train 5.1737e-02  |g| 1.33e+01  [8009s]
step  19200  train 4.6881e-02  |g| 1.46e+01  [8050s]
step  19300  train 5.2346e-02  |g| 1.03e+01  [8092s]
step  19400  train 5.6108e-02  |g| 3.12e+01  [8133s]
step  19500  train 5.1204e-02  |g| 2.34e+01  [8175s]
step  19600  train 4.8771e-02  |g| 2.27e+01  [8217s]
step  19700  train 5.1028e-02  |g| 1.19e+01  [8259s]
step  19800  train 5.2499e-02  |g| 1.94e+01  [8300s]
step  19900  train 5.1608e-02  |g| 1.78e+01  [8342s]
step  20000  train 5.0835e-02  val 5.0722e-02  6d geo 7.441e-02 med 8.506e-02 p90 1.957e-01 (const 4.730e-02)  |g| 2.61e+01  [8384s]
           5d geo 8.236e-02 med 9.832e-02   postmu 6d geo 7.931e-02 med 8.619e-02 p90 1.954e-01   mu |dlog| 0.3858
           corr(identifiable)  mu=+0.73  D_div_mu=+0.14  T0_div_mu=+0.13  Ly=+0.30  op_x=+0.53  op_y=-0.08   mean spread/GT 0.38
           err share           mu=4%  D_div_mu=2%  T0_div_mu=1%  Ly=53%  op_x=22%  op_y=18%
step  20100  train 5.1137e-02  |g| 2.41e+01  [8429s]
step  20200  train 5.0824e-02  |g| 7.74e+00  [8471s]
step  20300  train 5.0866e-02  |g| 2.96e+01  [8512s]
step  20400  train 5.1467e-02  |g| 1.19e+01  [8554s]
step  20500  train 5.2489e-02  |g| 1.77e+01  [8596s]
step  20600  train 5.0514e-02  |g| 1.84e+01  [8637s]
step  20700  train 5.0965e-02  |g| 1.61e+01  [8679s]
step  20800  train 5.2826e-02  |g| 1.88e+01  [8721s]
step  20900  train 5.0142e-02  |g| 2.70e+01  [8763s]
step  21000  train 5.0039e-02  |g| 1.91e+01  [8804s]
step  21100  train 5.0718e-02  |g| 9.85e+00  [8846s]
step  21200  train 5.4543e-02  |g| 1.40e+01  [8888s]
step  21300  train 5.0031e-02  |g| 1.31e+01  [8930s]
step  21400  train 4.9930e-02  |g| 1.31e+01  [8971s]
step  21500  train 5.2026e-02  |g| 1.87e+01  [9013s]
step  21600  train 4.8948e-02  |g| 4.67e+00  [9055s]
step  21700  train 5.2977e-02  |g| 4.05e+01  [9097s]
step  21800  train 4.9655e-02  |g| 9.69e+00  [9138s]
step  21900  train 4.9332e-02  |g| 7.68e+00  [9180s]
step  22000  train 5.1151e-02  val 5.1149e-02  6d geo 7.544e-02 med 8.623e-02 p90 1.948e-01 (const 4.730e-02)  |g| 9.50e+00  [9222s]
           5d geo 8.430e-02 med 1.002e-01   postmu 6d geo 7.847e-02 med 8.746e-02 p90 1.948e-01   mu |dlog| 0.3663
           corr(identifiable)  mu=+0.73  D_div_mu=+0.11  T0_div_mu=+0.18  Ly=+0.28  op_x=+0.58  op_y=+0.05   mean spread/GT 0.43
           err share           mu=4%  D_div_mu=2%  T0_div_mu=1%  Ly=52%  op_x=23%  op_y=17%
step  22100  train 4.9992e-02  |g| 1.10e+01  [9267s]
step  22200  train 5.2919e-02  |g| 2.93e+01  [9308s]
step  22300  train 4.9731e-02  |g| 2.17e+01  [9350s]
step  22400  train 5.2103e-02  |g| 1.52e+01  [9392s]
step  22500  train 5.0762e-02  |g| 2.63e+01  [9434s]
step  22600  train 5.4693e-02  |g| 5.53e+00  [9475s]
step  22700  train 5.2651e-02  |g| 1.72e+01  [9517s]
step  22800  train 5.0260e-02  |g| 1.22e+01  [9559s]
step  22900  train 5.1964e-02  |g| 1.62e+01  [9600s]
step  23000  train 4.8229e-02  |g| 6.61e+00  [9642s]
step  23100  train 5.1786e-02  |g| 1.37e+01  [9684s]
step  23200  train 5.2483e-02  |g| 2.23e+01  [9726s]
step  23300  train 4.9384e-02  |g| 1.99e+01  [9767s]
step  23400  train 4.9202e-02  |g| 7.23e+00  [9809s]
step  23500  train 5.3870e-02  |g| 1.47e+01  [9851s]
step  23600  train 5.1746e-02  |g| 1.30e+01  [9892s]
step  23700  train 5.0440e-02  |g| 1.91e+01  [9934s]
step  23800  train 5.2749e-02  |g| 7.89e+00  [9976s]
step  23900  train 4.9407e-02  |g| 8.97e+00  [10018s]
step  24000  train 5.1147e-02  val 5.0801e-02  6d geo 8.544e-02 med 9.835e-02 p90 2.039e-01 (const 4.730e-02)  |g| 1.85e+01  [10059s]
           5d geo 9.455e-02 med 1.143e-01   postmu 6d geo 9.140e-02 med 1.001e-01 p90 2.040e-01   mu |dlog| 0.4015
           corr(identifiable)  mu=+0.72  D_div_mu=+0.19  T0_div_mu=-0.04  Ly=+0.24  op_x=+0.60  op_y=+0.06   mean spread/GT 0.39
           err share           mu=4%  D_div_mu=2%  T0_div_mu=1%  Ly=48%  op_x=26%  op_y=18%
step  24100  train 5.3577e-02  |g| 1.97e+01  [10104s]
step  24200  train 5.0014e-02  |g| 9.84e+00  [10146s]
step  24300  train 4.9969e-02  |g| 1.05e+01  [10188s]
step  24400  train 5.0327e-02  |g| 1.50e+01  [10230s]
step  24500  train 5.2396e-02  |g| 2.80e+01  [10271s]
step  24600  train 5.3261e-02  |g| 9.26e+00  [10313s]
step  24700  train 4.8036e-02  |g| 9.56e+00  [10355s]
step  24800  train 5.4294e-02  |g| 2.84e+01  [10397s]
step  24900  train 5.1672e-02  |g| 2.62e+01  [10438s]
step  25000  train 5.0231e-02  |g| 2.07e+01  [10480s]
step  25100  train 5.0698e-02  |g| 6.03e+00  [10522s]
step  25200  train 5.3704e-02  |g| 1.67e+01  [10564s]
step  25300  train 5.0588e-02  |g| 1.63e+01  [10606s]
step  25400  train 5.0500e-02  |g| 1.67e+01  [10647s]
step  25500  train 5.5407e-02  |g| 1.80e+01  [10689s]
step  25600  train 5.0857e-02  |g| 1.45e+01  [10731s]
step  25700  train 4.9680e-02  |g| 2.29e+01  [10772s]
step  25800  train 5.0414e-02  |g| 1.01e+01  [10814s]
step  25900  train 5.2242e-02  |g| 1.07e+01  [10856s]
step  26000  train 4.9716e-02  val 5.0962e-02  6d geo 7.229e-02 med 8.234e-02 p90 1.853e-01 (const 4.730e-02)  |g| 6.78e+00  [10898s]
           5d geo 8.019e-02 med 9.399e-02   postmu 6d geo 8.500e-02 med 8.904e-02 p90 1.900e-01   mu |dlog| 0.4941
           corr(identifiable)  mu=+0.73  D_div_mu=+0.13  T0_div_mu=-0.12  Ly=+0.25  op_x=+0.62  op_y=-0.10   mean spread/GT 0.41
           err share           mu=5%  D_div_mu=2%  T0_div_mu=1%  Ly=55%  op_x=17%  op_y=21%
step  26100  train 5.2144e-02  |g| 7.88e+00  [10943s]
step  26200  train 5.1899e-02  |g| 8.56e+00  [10985s]
step  26300  train 5.1632e-02  |g| 6.78e+00  [11026s]
step  26400  train 4.7924e-02  |g| 8.27e+00  [11068s]
step  26500  train 5.2417e-02  |g| 1.14e+01  [11110s]
step  26600  train 4.8375e-02  |g| 1.20e+01  [11152s]
step  26700  train 5.1821e-02  |g| 7.51e+00  [11193s]
step  26800  train 5.1443e-02  |g| 1.11e+01  [11235s]
step  26900  train 5.1118e-02  |g| 1.66e+01  [11277s]
step  27000  train 5.0103e-02  |g| 1.64e+01  [11319s]
step  27100  train 5.1096e-02  |g| 1.02e+01  [11361s]
step  27200  train 4.9492e-02  |g| 8.92e+00  [11402s]
step  27300  train 5.2425e-02  |g| 1.77e+01  [11444s]
step  27400  train 5.4731e-02  |g| 1.23e+01  [11486s]
step  27500  train 5.0553e-02  |g| 1.03e+01  [11527s]
step  27600  train 5.2224e-02  |g| 1.47e+01  [11569s]
step  27700  train 5.1898e-02  |g| 9.89e+00  [11611s]
step  27800  train 5.0025e-02  |g| 1.90e+01  [11652s]
step  27900  train 4.9469e-02  |g| 5.73e+00  [11694s]
step  28000  train 5.3332e-02  val 5.0516e-02  6d geo 7.370e-02 med 8.381e-02 p90 1.883e-01 (const 4.730e-02)  |g| 8.19e+00  [11736s]
           5d geo 8.104e-02 med 9.596e-02   postmu 6d geo 7.871e-02 med 8.707e-02 p90 1.897e-01   mu |dlog| 0.4036
           corr(identifiable)  mu=+0.73  D_div_mu=+0.17  T0_div_mu=+0.08  Ly=+0.11  op_x=+0.59  op_y=+0.18   mean spread/GT 0.42
           err share           mu=5%  D_div_mu=2%  T0_div_mu=1%  Ly=54%  op_x=22%  op_y=16%
step  28100  train 5.0889e-02  |g| 1.84e+01  [11780s]
step  28200  train 5.1197e-02  |g| 1.24e+01  [11822s]
step  28300  train 5.1370e-02  |g| 1.77e+01  [11864s]
step  28400  train 5.2076e-02  |g| 2.47e+01  [11906s]
step  28500  train 5.3800e-02  |g| 3.00e+01  [11947s]
step  28600  train 5.1016e-02  |g| 1.71e+01  [11989s]
step  28700  train 4.7419e-02  |g| 9.66e+00  [12031s]
step  28800  train 4.6950e-02  |g| 1.18e+01  [12072s]
step  28900  train 5.0890e-02  |g| 7.44e+00  [12114s]
step  29000  train 4.9936e-02  |g| 1.80e+01  [12156s]
step  29100  train 5.1678e-02  |g| 2.34e+01  [12197s]
step  29200  train 4.8263e-02  |g| 1.94e+01  [12239s]
step  29300  train 5.2556e-02  |g| 1.05e+01  [12281s]
step  29400  train 4.8643e-02  |g| 1.16e+01  [12322s]
step  29500  train 5.0374e-02  |g| 1.01e+01  [12364s]
step  29600  train 4.8923e-02  |g| 1.52e+01  [12406s]
step  29700  train 5.2165e-02  |g| 5.31e+00  [12447s]
step  29800  train 5.1156e-02  |g| 1.71e+01  [12489s]
step  29900  train 4.9589e-02  |g| 1.02e+01  [12531s]
step  30000  train 5.0854e-02  val 5.0453e-02  6d geo 7.537e-02 med 8.739e-02 p90 1.891e-01 (const 4.730e-02)  |g| 1.05e+01  [12572s]
           5d geo 8.389e-02 med 9.995e-02   postmu 6d geo 8.146e-02 med 8.975e-02 p90 1.903e-01   mu |dlog| 0.4033
           corr(identifiable)  mu=+0.73  D_div_mu=+0.12  T0_div_mu=+0.05  Ly=+0.25  op_x=+0.62  op_y=+0.03   mean spread/GT 0.39
           err share           mu=5%  D_div_mu=2%  T0_div_mu=1%  Ly=53%  op_x=20%  op_y=19%
step  30100  train 4.8959e-02  |g| 1.26e+01  [12617s]
step  30200  train 4.7703e-02  |g| 1.18e+01  [12659s]
step  30300  train 5.1038e-02  |g| 2.59e+01  [12701s]
step  30400  train 4.8805e-02  |g| 2.16e+01  [12742s]
step  30500  train 5.0923e-02  |g| 1.38e+01  [12784s]
step  30600  train 4.9947e-02  |g| 1.48e+01  [12826s]
step  30700  train 4.8892e-02  |g| 9.87e+00  [12867s]
step  30800  train 5.0467e-02  |g| 1.71e+01  [12909s]
step  30900  train 4.8545e-02  |g| 1.63e+01  [12951s]
step  31000  train 5.2934e-02  |g| 8.89e+00  [12992s]
step  31100  train 5.2294e-02  |g| 3.31e+01  [13034s]
step  31200  train 5.0254e-02  |g| 7.56e+00  [13076s]
step  31300  train 4.8795e-02  |g| 2.02e+01  [13117s]
step  31400  train 5.0326e-02  |g| 1.15e+01  [13159s]
step  31500  train 5.1022e-02  |g| 1.91e+01  [13201s]
step  31600  train 5.0019e-02  |g| 1.62e+01  [13242s]
step  31700  train 4.9485e-02  |g| 8.90e+00  [13284s]
step  31800  train 5.0694e-02  |g| 9.35e+00  [13325s]
step  31900  train 5.2098e-02  |g| 1.25e+01  [13367s]
step  32000  train 5.1827e-02  val 5.0047e-02  6d geo 7.369e-02 med 8.389e-02 p90 1.882e-01 (const 4.730e-02)  |g| 1.62e+01  [13408s]
           5d geo 8.184e-02 med 9.659e-02   postmu 6d geo 7.861e-02 med 8.622e-02 p90 1.887e-01   mu |dlog| 0.3971
           corr(identifiable)  mu=+0.73  D_div_mu=+0.12  T0_div_mu=+0.14  Ly=+0.26  op_x=+0.62  op_y=+0.09   mean spread/GT 0.42
           err share           mu=5%  D_div_mu=2%  T0_div_mu=1%  Ly=54%  op_x=22%  op_y=16%
step  32100  train 4.9454e-02  |g| 1.07e+01  [13453s]
step  32200  train 4.9897e-02  |g| 1.85e+01  [13495s]
step  32300  train 5.2497e-02  |g| 2.93e+01  [13537s]
step  32400  train 4.8614e-02  |g| 1.34e+01  [13578s]
step  32500  train 5.1127e-02  |g| 7.93e+00  [13620s]
step  32600  train 4.9513e-02  |g| 7.87e+00  [13661s]
step  32700  train 5.0234e-02  |g| 2.34e+01  [13703s]
step  32800  train 4.9068e-02  |g| 1.56e+01  [13745s]
step  32900  train 4.9000e-02  |g| 8.53e+00  [13786s]
step  33000  train 4.8915e-02  |g| 2.05e+01  [13828s]
step  33100  train 5.4217e-02  |g| 1.42e+01  [13870s]
step  33200  train 4.8645e-02  |g| 9.28e+00  [13911s]
step  33300  train 4.9301e-02  |g| 1.05e+01  [13953s]
step  33400  train 5.0228e-02  |g| 9.00e+00  [13995s]
step  33500  train 5.1844e-02  |g| 1.76e+01  [14036s]
step  33600  train 5.5199e-02  |g| 1.39e+01  [14078s]
step  33700  train 5.0781e-02  |g| 1.02e+01  [14120s]
step  33800  train 4.9878e-02  |g| 9.01e+00  [14161s]
step  33900  train 5.5129e-02  |g| 1.59e+01  [14203s]
step  34000  train 4.8559e-02  val 5.0199e-02  6d geo 7.363e-02 med 8.243e-02 p90 1.859e-01 (const 4.730e-02)  |g| 1.28e+01  [14244s]
           5d geo 8.067e-02 med 9.468e-02   postmu 6d geo 7.774e-02 med 8.507e-02 p90 1.869e-01   mu |dlog| 0.3939
           corr(identifiable)  mu=+0.73  D_div_mu=+0.14  T0_div_mu=+0.11  Ly=+0.27  op_x=+0.62  op_y=+0.06   mean spread/GT 0.43
           err share           mu=5%  D_div_mu=2%  T0_div_mu=1%  Ly=55%  op_x=21%  op_y=16%
step  34100  train 5.1136e-02  |g| 9.92e+00  [14289s]
step  34200  train 5.1068e-02  |g| 1.44e+01  [14331s]
step  34300  train 4.9559e-02  |g| 1.60e+01  [14372s]
step  34400  train 4.8862e-02  |g| 1.98e+01  [14414s]
step  34500  train 5.4584e-02  |g| 1.61e+01  [14456s]
step  34600  train 4.9689e-02  |g| 2.32e+01  [14497s]
step  34700  train 4.9119e-02  |g| 9.88e+00  [14539s]
step  34800  train 5.1860e-02  |g| 1.31e+01  [14581s]
step  34900  train 5.3094e-02  |g| 1.14e+01  [14622s]
step  35000  train 5.1978e-02  |g| 2.55e+01  [14664s]
step  35100  train 5.0199e-02  |g| 6.59e+00  [14706s]
step  35200  train 4.8818e-02  |g| 9.49e+00  [14747s]
step  35300  train 5.1519e-02  |g| 1.67e+01  [14789s]
step  35400  train 5.1569e-02  |g| 2.75e+01  [14830s]
step  35500  train 5.2363e-02  |g| 8.97e+00  [14872s]
step  35600  train 4.9200e-02  |g| 7.83e+00  [14914s]
step  35700  train 5.0616e-02  |g| 3.11e+01  [14955s]
step  35800  train 5.1043e-02  |g| 1.38e+01  [14997s]
step  35900  train 4.8181e-02  |g| 1.66e+01  [15039s]
step  36000  train 5.2897e-02  val 5.0148e-02  6d geo 7.343e-02 med 8.474e-02 p90 1.864e-01 (const 4.730e-02)  |g| 8.83e+00  [15080s]
           5d geo 8.140e-02 med 9.542e-02   postmu 6d geo 7.931e-02 med 8.664e-02 p90 1.877e-01   mu |dlog| 0.4043
           corr(identifiable)  mu=+0.73  D_div_mu=+0.09  T0_div_mu=+0.12  Ly=+0.23  op_x=+0.62  op_y=-0.03   mean spread/GT 0.41
           err share           mu=5%  D_div_mu=2%  T0_div_mu=1%  Ly=55%  op_x=21%  op_y=17%
step  36100  train 5.1253e-02  |g| 1.78e+01  [15125s]
step  36200  train 5.2794e-02  |g| 3.85e+01  [15167s]
step  36300  train 5.4250e-02  |g| 1.74e+01  [15209s]
step  36400  train 4.9767e-02  |g| 1.10e+01  [15250s]
step  36500  train 5.1219e-02  |g| 1.30e+01  [15292s]
step  36600  train 4.9907e-02  |g| 9.67e+00  [15334s]
step  36700  train 4.9446e-02  |g| 8.96e+00  [15375s]
step  36800  train 4.8933e-02  |g| 1.17e+01  [15417s]
step  36900  train 5.0502e-02  |g| 1.29e+01  [15458s]
step  37000  train 5.1198e-02  |g| 1.82e+01  [15500s]
step  37100  train 4.8864e-02  |g| 8.89e+00  [15542s]
step  37200  train 4.8357e-02  |g| 1.68e+01  [15584s]
step  37300  train 4.8536e-02  |g| 8.34e+00  [15625s]
step  37400  train 5.0767e-02  |g| 2.17e+01  [15667s]
step  37500  train 5.1223e-02  |g| 1.02e+01  [15709s]
step  37600  train 4.9215e-02  |g| 1.17e+01  [15750s]
step  37700  train 4.8616e-02  |g| 1.08e+01  [15792s]
step  37800  train 4.8387e-02  |g| 1.59e+01  [15834s]
step  37900  train 4.7217e-02  |g| 1.12e+01  [15875s]
step  38000  train 5.2923e-02  val 4.9977e-02  6d geo 7.364e-02 med 8.425e-02 p90 1.864e-01 (const 4.730e-02)  |g| 2.61e+01  [15917s]
           5d geo 8.134e-02 med 9.536e-02   postmu 6d geo 7.882e-02 med 8.613e-02 p90 1.873e-01   mu |dlog| 0.3937
           corr(identifiable)  mu=+0.74  D_div_mu=+0.08  T0_div_mu=+0.13  Ly=+0.24  op_x=+0.62  op_y=-0.01   mean spread/GT 0.42
           err share           mu=5%  D_div_mu=2%  T0_div_mu=1%  Ly=55%  op_x=21%  op_y=17%
step  38100  train 5.1386e-02  |g| 2.19e+01  [15962s]
step  38200  train 4.9999e-02  |g| 1.34e+01  [16004s]
step  38300  train 5.2053e-02  |g| 3.72e+01  [16045s]
step  38400  train 4.7690e-02  |g| 1.33e+01  [16087s]
step  38500  train 4.9129e-02  |g| 8.30e+00  [16129s]
step  38600  train 4.9003e-02  |g| 1.99e+01  [16170s]
step  38700  train 5.0854e-02  |g| 1.04e+01  [16212s]
step  38800  train 5.1000e-02  |g| 2.11e+01  [16254s]
step  38900  train 5.2322e-02  |g| 1.95e+01  [16295s]
step  39000  train 5.0464e-02  |g| 1.83e+01  [16337s]
step  39100  train 5.0051e-02  |g| 1.34e+01  [16379s]
step  39200  train 4.7590e-02  |g| 9.17e+00  [16420s]
step  39300  train 4.9800e-02  |g| 1.08e+01  [16462s]
step  39400  train 4.6151e-02  |g| 9.60e+00  [16504s]
step  39500  train 5.2343e-02  |g| 1.50e+01  [16545s]
step  39600  train 5.0507e-02  |g| 1.11e+01  [16587s]
step  39700  train 5.0191e-02  |g| 2.26e+01  [16629s]
step  39800  train 4.9733e-02  |g| 1.16e+01  [16671s]
step  39900  train 5.0799e-02  |g| 8.29e+00  [16712s]
step  40000  train 4.8850e-02  val 4.9888e-02  6d geo 7.279e-02 med 8.270e-02 p90 1.859e-01 (const 4.730e-02)  |g| 1.40e+01  [16754s]
           5d geo 8.024e-02 med 9.418e-02   postmu 6d geo 7.872e-02 med 8.498e-02 p90 1.860e-01   mu |dlog| 0.4037
           corr(identifiable)  mu=+0.74  D_div_mu=+0.08  T0_div_mu=+0.13  Ly=+0.24  op_x=+0.62  op_y=-0.01   mean spread/GT 0.42
           err share           mu=5%  D_div_mu=2%  T0_div_mu=1%  Ly=55%  op_x=20%  op_y=17%
best val_nmse_6d_postmu_geo 4.1565e-02 (encoder_best.pt)

Done. Outputs written to /home/bhpark3/dafx_ddsp/results/ddsp/lr_probe/L1_STFT_eps1_3e-5
