Device cuda | loss L1_STFT_eps1 | duration 0.25s
Loading train targets from data/train-p99
Loading val targets from data/val-p99
  98304 train / 996 val in 42s   train tensor 4.34 GB
  training set held in host memory; batches transferred per step
reference levels:  gt_loss 0.0000e+00   saturation (unrelated IRs) 9.6195e-02
constant-predictor NMSE: 6d 4.730e-02  7d 7.959e-02  (the floor to beat)
training loss stuck near saturation = gradient uninformative; well below = learning

encoder: 3.74M params, width 32

loss scale (fixed): 7.0789e-02
step      1  train 7.0789e-02  val 7.9041e-02  6d geo 4.283e-02 med 4.750e-02 p90 8.157e-02 (const 4.730e-02)  |g| 1.54e+01  [1s]
           5d geo 4.206e-02 med 4.849e-02   postmu 6d geo 4.965e-02 med 5.170e-02 p90 1.269e-01   mu |dlog| 0.5626
           WARNING: prediction spread 0.000 of ground truth -- the output has collapsed to a constant (saturated tanh); lower --lr or raise --warmup-steps and restart
           corr(identifiable)  mu=-0.37  D_div_mu=+0.15  T0_div_mu=-0.01  Ly=-0.01  op_x=-0.48  op_y=-0.27   mean spread/GT 0.00
           err share           mu=16%  D_div_mu=3%  T0_div_mu=2%  Ly=26%  op_x=28%  op_y=26%
step    100  train 7.0042e-02  |g| 4.48e+00  [45s]
step    200  train 6.6084e-02  |g| 1.51e+01  [88s]
step    300  train 6.0660e-02  |g| 7.55e+00  [131s]
step    400  train 6.7503e-02  |g| 1.98e+01  [173s]
step    500  train 5.5800e-02  |g| 2.07e+01  [215s]
step    600  train 5.2949e-02  |g| 8.28e+00  [257s]
step    700  train 5.1526e-02  |g| 7.83e+00  [299s]
step    800  train 5.4344e-02  |g| 1.19e+01  [344s]
step    900  train 5.1800e-02  |g| 7.04e+00  [386s]
step   1000  train 5.4162e-02  |g| 1.07e+01  [429s]
step   1100  train 5.4430e-02  |g| 1.06e+01  [478s]
step   1200  train 5.2741e-02  |g| 8.84e+00  [528s]
step   1300  train 5.6207e-02  |g| 2.39e+01  [569s]
  WARNING: 3 of 64 parameter sets need a finer grid than the pinned (86, 282) and are truncated. Raise --fixed-mode-grid; targets rendered under a pin that truncates them are not the plate's output at those parameters.
step   1400  train 6.2424e-02  |g| 1.57e+01  [610s]
step   1500  train 6.0986e-02  |g| 6.96e+00  [651s]
step   1600  train 7.8019e-02  |g| 1.86e+01  [691s]
step   1700  train 5.4780e-02  |g| 6.85e+00  [732s]
step   1800  train 9.0439e-02  |g| 6.30e+01  [774s]
step   1900  train 5.9224e-02  |g| 1.42e+01  [815s]
step   2000  train 5.3360e-02  val 6.1148e-02  6d geo 6.955e-02 med 8.007e-02 p90 1.790e-01 (const 4.730e-02)  |g| 8.57e+00  [867s]
           5d geo 7.722e-02 med 8.987e-02   postmu 6d geo 8.231e-02 med 9.648e-02 p90 1.945e-01   mu |dlog| 0.5199
           corr(identifiable)  mu=+0.70  D_div_mu=+0.09  T0_div_mu=+0.34  Ly=-0.23  op_x=+0.16  op_y=+0.07   mean spread/GT 0.46
           err share           mu=7%  D_div_mu=2%  T0_div_mu=1%  Ly=54%  op_x=18%  op_y=17%
step   2100  train 7.4205e-02  |g| 8.03e+00  [911s]
step   2200  train 5.7840e-02  |g| 1.12e+01  [951s]
step   2300  train 6.1550e-02  |g| 6.08e+00  [992s]
step   2400  train 5.8816e-02  |g| 8.33e+00  [1033s]
step   2500  train 5.2422e-02  |g| 1.78e+01  [1074s]
step   2600  train 5.7367e-02  |g| 1.85e+01  [1114s]
step   2700  train 5.4029e-02  |g| 1.10e+01  [1155s]
step   2800  train 5.4015e-02  |g| 2.41e+01  [1196s]
step   2900  train 5.4812e-02  |g| 1.20e+01  [1236s]
step   3000  train 5.3165e-02  |g| 1.15e+01  [1277s]
step   3100  train 5.4524e-02  |g| 1.63e+01  [1317s]
step   3200  train 5.1980e-02  |g| 1.02e+01  [1358s]
step   3300  train 5.5309e-02  |g| 9.52e+00  [1399s]
step   3400  train 5.1441e-02  |g| 1.80e+01  [1439s]
step   3500  train 5.4812e-02  |g| 8.21e+00  [1480s]
step   3600  train 5.6412e-02  |g| 9.92e+00  [1527s]
step   3700  train 5.6928e-02  |g| 1.68e+01  [1572s]
step   3800  train 5.2727e-02  |g| 1.34e+01  [1616s]
step   3900  train 5.5368e-02  |g| 1.22e+01  [1666s]
step   4000  train 5.1701e-02  val 5.3702e-02  6d geo 5.579e-02 med 6.125e-02 p90 1.440e-01 (const 4.730e-02)  |g| 1.00e+01  [1711s]
           5d geo 5.881e-02 med 6.570e-02   postmu 6d geo 5.941e-02 med 6.429e-02 p90 1.507e-01   mu |dlog| 0.4843
           corr(identifiable)  mu=+0.63  D_div_mu=-0.09  T0_div_mu=+0.10  Ly=+0.34  op_x=+0.54  op_y=-0.29   mean spread/GT 0.56
           err share           mu=8%  D_div_mu=2%  T0_div_mu=1%  Ly=27%  op_x=26%  op_y=34%
step   4100  train 5.7424e-02  |g| 3.15e+01  [1757s]
step   4200  train 5.3025e-02  |g| 1.07e+01  [1804s]
step   4300  train 5.3046e-02  |g| 1.97e+01  [1849s]
step   4400  train 5.2718e-02  |g| 8.32e+00  [1890s]
step   4500  train 5.2855e-02  |g| 2.24e+01  [1930s]
step   4600  train 5.3074e-02  |g| 1.24e+01  [1980s]
step   4700  train 5.1006e-02  |g| 1.22e+01  [2029s]
step   4800  train 5.1689e-02  |g| 1.06e+01  [2076s]
step   4900  train 5.6243e-02  |g| 1.47e+01  [2122s]
step   5000  train 5.5008e-02  |g| 1.72e+01  [2170s]
step   5100  train 5.1343e-02  |g| 1.82e+01  [2216s]
step   5200  train 5.1716e-02  |g| 1.25e+01  [2260s]
step   5300  train 5.4197e-02  |g| 2.33e+01  [2305s]
step   5400  train 5.3325e-02  |g| 2.75e+01  [2349s]
step   5500  train 5.3606e-02  |g| 1.36e+01  [2397s]
step   5600  train 5.2882e-02  |g| 9.90e+00  [2447s]
step   5700  train 5.2998e-02  |g| 1.09e+01  [2498s]
step   5800  train 4.9551e-02  |g| 1.58e+01  [2542s]
step   5900  train 5.4756e-02  |g| 1.40e+01  [2586s]
step   6000  train 5.2281e-02  val 5.2032e-02  6d geo 5.352e-02 med 6.233e-02 p90 1.339e-01 (const 4.730e-02)  |g| 1.88e+01  [2627s]
           5d geo 4.604e-02 med 5.603e-02   postmu 6d geo 6.751e-02 med 7.377e-02 p90 1.590e-01   mu |dlog| 0.7846
           corr(identifiable)  mu=+0.72  D_div_mu=+0.35  T0_div_mu=-0.26  Ly=+0.48  op_x=+0.59  op_y=+0.19   mean spread/GT 0.35
           err share           mu=22%  D_div_mu=2%  T0_div_mu=2%  Ly=21%  op_x=33%  op_y=21%
step   6100  train 5.4092e-02  |g| 1.04e+01  [2671s]
step   6200  train 4.9887e-02  |g| 7.80e+00  [2719s]
step   6300  train 5.0937e-02  |g| 7.03e+00  [2765s]
step   6400  train 5.4753e-02  |g| 7.64e+00  [2809s]
step   6500  train 5.3306e-02  |g| 1.21e+01  [2852s]
step   6600  train 5.1801e-02  |g| 1.69e+01  [2902s]
step   6700  train 5.1665e-02  |g| 2.48e+01  [2951s]
step   6800  train 4.9945e-02  |g| 1.09e+01  [2995s]
step   6900  train 5.4899e-02  |g| 1.06e+01  [3038s]
step   7000  train 4.9933e-02  |g| 1.14e+01  [3080s]
step   7100  train 5.0206e-02  |g| 5.84e+00  [3124s]
step   7200  train 5.0709e-02  |g| 1.30e+01  [3169s]
step   7300  train 5.1500e-02  |g| 9.85e+00  [3211s]
step   7400  train 5.2836e-02  |g| 8.79e+00  [3254s]
step   7500  train 5.1018e-02  |g| 1.21e+01  [3302s]
step   7600  train 5.4359e-02  |g| 1.51e+01  [3351s]
step   7700  train 4.9565e-02  |g| 8.34e+00  [3397s]
step   7800  train 5.3735e-02  |g| 1.53e+01  [3438s]
step   7900  train 4.9714e-02  |g| 8.40e+00  [3479s]
step   8000  train 5.3471e-02  val 5.2202e-02  6d geo 5.009e-02 med 5.364e-02 p90 1.250e-01 (const 4.730e-02)  |g| 2.39e+01  [3519s]
           5d geo 4.813e-02 med 5.676e-02   postmu 6d geo 5.910e-02 med 6.020e-02 p90 1.443e-01   mu |dlog| 0.5772
           corr(identifiable)  mu=+0.72  D_div_mu=+0.28  T0_div_mu=-0.20  Ly=+0.50  op_x=+0.61  op_y=-0.24   mean spread/GT 0.32
           err share           mu=12%  D_div_mu=3%  T0_div_mu=2%  Ly=20%  op_x=30%  op_y=33%
step   8100  train 5.3130e-02  |g| 2.66e+01  [3563s]
step   8200  train 5.9185e-02  |g| 2.50e+01  [3603s]
step   8300  train 5.7191e-02  |g| 1.50e+01  [3644s]
step   8400  train 5.2436e-02  |g| 2.31e+01  [3685s]
step   8500  train 5.3051e-02  |g| 2.59e+01  [3727s]
step   8600  train 4.9347e-02  |g| 2.28e+01  [3768s]
step   8700  train 5.3528e-02  |g| 1.13e+01  [3812s]
step   8800  train 5.0637e-02  |g| 7.22e+00  [3855s]
step   8900  train 5.6551e-02  |g| 3.27e+01  [3895s]
step   9000  train 5.0460e-02  |g| 2.26e+01  [3936s]
step   9100  train 5.5134e-02  |g| 1.08e+01  [3977s]
step   9200  train 5.2332e-02  |g| 1.94e+01  [4018s]
step   9300  train 4.9055e-02  |g| 1.15e+01  [4059s]
step   9400  train 5.0757e-02  |g| 1.01e+01  [4099s]
step   9500  train 5.2736e-02  |g| 1.29e+01  [4140s]
step   9600  train 5.5615e-02  |g| 1.72e+01  [4181s]
step   9700  train 4.9283e-02  |g| 1.87e+01  [4221s]
step   9800  train 5.3844e-02  |g| 1.28e+01  [4262s]
step   9900  train 5.3210e-02  |g| 1.02e+01  [4303s]
step  10000  train 5.3146e-02  val 5.1362e-02  6d geo 7.236e-02 med 8.135e-02 p90 1.765e-01 (const 4.730e-02)  |g| 1.75e+01  [4344s]
           5d geo 7.873e-02 med 9.195e-02   postmu 6d geo 7.665e-02 med 8.280e-02 p90 1.773e-01   mu |dlog| 0.3833
           corr(identifiable)  mu=+0.72  D_div_mu=+0.25  T0_div_mu=-0.40  Ly=+0.34  op_x=+0.58  op_y=+0.06   mean spread/GT 0.41
           err share           mu=5%  D_div_mu=2%  T0_div_mu=1%  Ly=44%  op_x=25%  op_y=22%
step  10100  train 4.9894e-02  |g| 2.15e+01  [4388s]
step  10200  train 5.4120e-02  |g| 2.49e+01  [4428s]
step  10300  train 6.1698e-02  |g| 4.37e+01  [4469s]
step  10400  train 5.0136e-02  |g| 1.53e+01  [4510s]
step  10500  train 5.1919e-02  |g| 1.47e+01  [4550s]
step  10600  train 5.3085e-02  |g| 9.45e+00  [4591s]
step  10700  train 6.9275e-02  |g| 2.20e+01  [4632s]
step  10800  train 5.9910e-02  |g| 2.54e+01  [4675s]
step  10900  train 6.2413e-02  |g| 4.07e+01  [4717s]
step  11000  train 5.3417e-02  |g| 1.34e+01  [4758s]
step  11100  train 5.5448e-02  |g| 7.15e+00  [4798s]
step  11200  train 5.3486e-02  |g| 2.17e+01  [4839s]
step  11300  train 5.2619e-02  |g| 1.96e+01  [4880s]
step  11400  train 5.1586e-02  |g| 2.96e+01  [4921s]
step  11500  train 5.5980e-02  |g| 1.52e+01  [4961s]
step  11600  train 5.3090e-02  |g| 1.90e+01  [5002s]
step  11700  train 5.9182e-02  |g| 4.22e+01  [5043s]
step  11800  train 5.4722e-02  |g| 1.87e+01  [5084s]
step  11900  train 5.3305e-02  |g| 1.25e+01  [5125s]
step  12000  train 5.3773e-02  val 5.1824e-02  6d geo 7.006e-02 med 7.777e-02 p90 1.783e-01 (const 4.730e-02)  |g| 4.16e+01  [5165s]
           5d geo 7.789e-02 med 9.103e-02   postmu 6d geo 8.093e-02 med 9.110e-02 p90 1.910e-01   mu |dlog| 0.5018
           corr(identifiable)  mu=+0.72  D_div_mu=+0.04  T0_div_mu=-0.08  Ly=+0.06  op_x=+0.56  op_y=-0.25   mean spread/GT 0.49
           err share           mu=4%  D_div_mu=2%  T0_div_mu=1%  Ly=56%  op_x=16%  op_y=21%
step  12100  train 5.5149e-02  |g| 1.46e+01  [5210s]
step  12200  train 4.8279e-02  |g| 7.00e+00  [5251s]
step  12300  train 5.4497e-02  |g| 1.18e+01  [5291s]
step  12400  train 5.6927e-02  |g| 1.86e+01  [5332s]
step  12500  train 5.9358e-02  |g| 5.77e+01  [5373s]
step  12600  train 5.3190e-02  |g| 1.81e+01  [5413s]
step  12700  train 5.4131e-02  |g| 2.17e+01  [5454s]
step  12800  train 5.1625e-02  |g| 1.65e+01  [5495s]
step  12900  train 5.2744e-02  |g| 2.22e+01  [5535s]
step  13000  train 5.3045e-02  |g| 2.92e+01  [5576s]
step  13100  train 5.2783e-02  |g| 7.22e+00  [5616s]
step  13200  train 5.1876e-02  |g| 1.48e+01  [5657s]
step  13300  train 5.5743e-02  |g| 2.18e+01  [5697s]
step  13400  train 4.9412e-02  |g| 8.70e+00  [5738s]
step  13500  train 4.9794e-02  |g| 7.61e+00  [5778s]
step  13600  train 5.0185e-02  |g| 9.63e+00  [5819s]
step  13700  train 4.8853e-02  |g| 1.67e+01  [5859s]
step  13800  train 5.4396e-02  |g| 1.08e+01  [5900s]
step  13900  train 5.0912e-02  |g| 1.53e+01  [5941s]
step  14000  train 5.4486e-02  val 5.1823e-02  6d geo 5.249e-02 med 5.630e-02 p90 1.438e-01 (const 4.730e-02)  |g| 5.87e+00  [5981s]
           5d geo 5.871e-02 med 6.452e-02   postmu 6d geo 5.836e-02 med 6.545e-02 p90 1.428e-01   mu |dlog| 0.4344
           corr(identifiable)  mu=+0.75  D_div_mu=-0.02  T0_div_mu=+0.35  Ly=+0.26  op_x=+0.44  op_y=-0.02   mean spread/GT 0.47
           err share           mu=6%  D_div_mu=2%  T0_div_mu=2%  Ly=53%  op_x=17%  op_y=19%
step  14100  train 5.0771e-02  |g| 1.73e+01  [6025s]
step  14200  train 5.6540e-02  |g| 2.50e+01  [6066s]
step  14300  train 4.7056e-02  |g| 9.67e+00  [6106s]
step  14400  train 4.9282e-02  |g| 5.40e+00  [6147s]
step  14500  train 4.9690e-02  |g| 9.90e+00  [6187s]
step  14600  train 5.1776e-02  |g| 9.74e+00  [6228s]
step  14700  train 5.2870e-02  |g| 1.05e+01  [6268s]
step  14800  train 5.3211e-02  |g| 1.76e+01  [6309s]
step  14900  train 5.4028e-02  |g| 8.02e+00  [6350s]
step  15000  train 5.0307e-02  |g| 9.83e+00  [6390s]
step  15100  train 5.5336e-02  |g| 1.13e+01  [6431s]
step  15200  train 5.0205e-02  |g| 3.48e+01  [6471s]
step  15300  train 5.2747e-02  |g| 1.34e+01  [6512s]
step  15400  train 4.7870e-02  |g| 1.48e+01  [6553s]
step  15500  train 5.0311e-02  |g| 7.30e+00  [6593s]
step  15600  train 5.1940e-02  |g| 8.23e+00  [6634s]
step  15700  train 5.3021e-02  |g| 1.69e+01  [6674s]
step  15800  train 5.1025e-02  |g| 2.15e+01  [6715s]
step  15900  train 4.9949e-02  |g| 1.37e+01  [6755s]
step  16000  train 5.6176e-02  val 5.2873e-02  6d geo 6.011e-02 med 6.714e-02 p90 1.579e-01 (const 4.730e-02)  |g| 2.65e+01  [6796s]
           5d geo 6.733e-02 med 7.610e-02   postmu 6d geo 6.198e-02 med 6.728e-02 p90 1.549e-01   mu |dlog| 0.3686
           corr(identifiable)  mu=+0.70  D_div_mu=-0.24  T0_div_mu=+0.39  Ly=+0.37  op_x=+0.59  op_y=-0.29   mean spread/GT 0.45
           err share           mu=6%  D_div_mu=2%  T0_div_mu=1%  Ly=51%  op_x=20%  op_y=20%
step  16100  train 4.9669e-02  |g| 2.02e+01  [6840s]
step  16200  train 5.3364e-02  |g| 3.04e+01  [6881s]
step  16300  train 5.2784e-02  |g| 1.03e+01  [6921s]
step  16400  train 4.7918e-02  |g| 1.43e+01  [6962s]
step  16500  train 5.4787e-02  |g| 9.35e+00  [7002s]
step  16600  train 5.2525e-02  |g| 3.93e+01  [7043s]
step  16700  train 5.3504e-02  |g| 1.52e+01  [7083s]
step  16800  train 5.2338e-02  |g| 5.90e+00  [7124s]
step  16900  train 5.4489e-02  |g| 2.76e+01  [7164s]
step  17000  train 4.8693e-02  |g| 1.90e+01  [7205s]
step  17100  train 5.1134e-02  |g| 9.17e+00  [7245s]
step  17200  train 5.2547e-02  |g| 2.58e+01  [7286s]
step  17300  train 5.1587e-02  |g| 5.53e+00  [7328s]
step  17400  train 4.9690e-02  |g| 2.10e+01  [7368s]
step  17500  train 4.9008e-02  |g| 1.14e+01  [7409s]
step  17600  train 5.2324e-02  |g| 2.12e+01  [7449s]
step  17700  train 5.5673e-02  |g| 1.82e+01  [7491s]
step  17800  train 5.3385e-02  |g| 1.59e+01  [7534s]
step  17900  train 5.4902e-02  |g| 1.76e+01  [7576s]
step  18000  train 5.4319e-02  val 5.2450e-02  6d geo 6.975e-02 med 7.520e-02 p90 1.883e-01 (const 4.730e-02)  |g| 4.53e+00  [7617s]
           5d geo 7.639e-02 med 8.418e-02   postmu 6d geo 7.267e-02 med 7.746e-02 p90 1.910e-01   mu |dlog| 0.5632
           corr(identifiable)  mu=+0.71  D_div_mu=+0.00  T0_div_mu=+0.41  Ly=+0.28  op_x=+0.40  op_y=-0.10   mean spread/GT 0.43
           err share           mu=8%  D_div_mu=2%  T0_div_mu=3%  Ly=54%  op_x=14%  op_y=20%
step  18100  train 4.9489e-02  |g| 8.78e+00  [7663s]
step  18200  train 5.0218e-02  |g| 1.01e+01  [7706s]
step  18300  train 4.9425e-02  |g| 1.76e+01  [7748s]
step  18400  train 5.1386e-02  |g| 1.27e+01  [7789s]
step  18500  train 4.9228e-02  |g| 3.24e+01  [7830s]
step  18600  train 5.1991e-02  |g| 1.73e+01  [7870s]
step  18700  train 5.0130e-02  |g| 1.48e+01  [7911s]
step  18800  train 5.3753e-02  |g| 7.96e+00  [7951s]
step  18900  train 5.1948e-02  |g| 1.74e+01  [7992s]
step  19000  train 5.3822e-02  |g| 9.55e+00  [8032s]
step  19100  train 5.2244e-02  |g| 9.26e+00  [8073s]
step  19200  train 4.8419e-02  |g| 7.23e+00  [8114s]
step  19300  train 5.2565e-02  |g| 1.14e+01  [8154s]
step  19400  train 5.6342e-02  |g| 3.24e+01  [8195s]
step  19500  train 5.1632e-02  |g| 4.54e+00  [8236s]
step  19600  train 4.9605e-02  |g| 1.23e+01  [8276s]
step  19700  train 5.0180e-02  |g| 1.47e+01  [8317s]
step  19800  train 5.2011e-02  |g| 4.32e+01  [8357s]
step  19900  train 5.1905e-02  |g| 1.21e+01  [8398s]
step  20000  train 5.2124e-02  val 5.1757e-02  6d geo 4.561e-02 med 5.033e-02 p90 1.104e-01 (const 4.730e-02)  |g| 9.70e+00  [8441s]
           5d geo 5.025e-02 med 5.638e-02   postmu 6d geo 4.846e-02 med 5.335e-02 p90 1.147e-01   mu |dlog| 0.4012
           corr(identifiable)  mu=+0.70  D_div_mu=-0.25  T0_div_mu=+0.37  Ly=+0.47  op_x=+0.50  op_y=+0.12   mean spread/GT 0.45
           err share           mu=9%  D_div_mu=2%  T0_div_mu=1%  Ly=38%  op_x=28%  op_y=22%
step  20100  train 5.4209e-02  |g| 7.28e+00  [8487s]
step  20200  train 5.1728e-02  |g| 7.23e+00  [8528s]
step  20300  train 5.0733e-02  |g| 1.16e+01  [8568s]
step  20400  train 5.2402e-02  |g| 9.90e+00  [8609s]
step  20500  train 5.2761e-02  |g| 1.13e+01  [8649s]
step  20600  train 5.0765e-02  |g| 7.28e+00  [8690s]
step  20700  train 5.1045e-02  |g| 7.26e+00  [8730s]
step  20800  train 5.0300e-02  |g| 7.80e+00  [8771s]
step  20900  train 5.1126e-02  |g| 2.61e+01  [8811s]
step  21000  train 5.0829e-02  |g| 6.25e+00  [8854s]
step  21100  train 5.1217e-02  |g| 1.36e+01  [8897s]
step  21200  train 5.4005e-02  |g| 1.36e+01  [8942s]
step  21300  train 5.0223e-02  |g| 6.42e+00  [8985s]
step  21400  train 4.9465e-02  |g| 9.08e+00  [9027s]
step  21500  train 5.2013e-02  |g| 7.70e+00  [9069s]
step  21600  train 4.9409e-02  |g| 6.55e+00  [9110s]
step  21700  train 5.3510e-02  |g| 9.32e+00  [9150s]
step  21800  train 5.0051e-02  |g| 7.73e+00  [9191s]
step  21900  train 4.8732e-02  |g| 8.08e+00  [9231s]
step  22000  train 5.1678e-02  val 5.1314e-02  6d geo 4.106e-02 med 4.650e-02 p90 1.078e-01 (const 4.730e-02)  |g| 7.54e+00  [9272s]
           5d geo 4.524e-02 med 5.218e-02   postmu 6d geo 4.716e-02 med 5.100e-02 p90 1.108e-01   mu |dlog| 0.4072
           corr(identifiable)  mu=+0.74  D_div_mu=+0.31  T0_div_mu=+0.26  Ly=+0.49  op_x=+0.53  op_y=+0.11   mean spread/GT 0.40
           err share           mu=8%  D_div_mu=3%  T0_div_mu=2%  Ly=34%  op_x=29%  op_y=24%
step  22100  train 4.9500e-02  |g| 7.75e+00  [9315s]
step  22200  train 5.2368e-02  |g| 7.48e+00  [9356s]
step  22300  train 4.8062e-02  |g| 1.61e+01  [9396s]
step  22400  train 5.2733e-02  |g| 1.60e+01  [9437s]
step  22500  train 5.0552e-02  |g| 1.48e+01  [9477s]
step  22600  train 5.2881e-02  |g| 6.87e+00  [9518s]
step  22700  train 5.1550e-02  |g| 1.13e+01  [9558s]
step  22800  train 4.9967e-02  |g| 3.34e+01  [9599s]
step  22900  train 5.2064e-02  |g| 8.41e+00  [9639s]
step  23000  train 4.9219e-02  |g| 7.79e+00  [9680s]
step  23100  train 5.2086e-02  |g| 1.00e+01  [9721s]
step  23200  train 5.2503e-02  |g| 1.70e+01  [9761s]
step  23300  train 4.8055e-02  |g| 9.23e+00  [9802s]
step  23400  train 4.9157e-02  |g| 7.59e+00  [9842s]
step  23500  train 5.3284e-02  |g| 1.08e+01  [9883s]
step  23600  train 5.2159e-02  |g| 6.68e+00  [9923s]
step  23700  train 4.8511e-02  |g| 8.82e+00  [9964s]
step  23800  train 5.1635e-02  |g| 7.18e+00  [10004s]
step  23900  train 4.9429e-02  |g| 7.45e+00  [10045s]
step  24000  train 5.1143e-02  val 5.0681e-02  6d geo 6.443e-02 med 7.491e-02 p90 1.669e-01 (const 4.730e-02)  |g| 4.90e+00  [10085s]
           5d geo 7.167e-02 med 8.522e-02   postmu 6d geo 6.701e-02 med 7.535e-02 p90 1.682e-01   mu |dlog| 0.3700
           corr(identifiable)  mu=+0.74  D_div_mu=+0.32  T0_div_mu=-0.02  Ly=+0.12  op_x=+0.60  op_y=+0.29   mean spread/GT 0.43
           err share           mu=6%  D_div_mu=2%  T0_div_mu=1%  Ly=51%  op_x=25%  op_y=15%
step  24100  train 5.2739e-02  |g| 1.86e+01  [10129s]
step  24200  train 4.9669e-02  |g| 5.03e+00  [10170s]
step  24300  train 4.9036e-02  |g| 9.47e+00  [10210s]
step  24400  train 5.0345e-02  |g| 5.60e+00  [10251s]
step  24500  train 5.1698e-02  |g| 8.51e+00  [10291s]
step  24600  train 5.2912e-02  |g| 1.53e+01  [10332s]
step  24700  train 4.7981e-02  |g| 9.06e+00  [10373s]
step  24800  train 5.3260e-02  |g| 2.31e+01  [10413s]
step  24900  train 5.0554e-02  |g| 5.46e+00  [10454s]
step  25000  train 4.9724e-02  |g| 1.27e+01  [10494s]
step  25100  train 5.0156e-02  |g| 1.48e+01  [10535s]
step  25200  train 5.2760e-02  |g| 6.45e+00  [10576s]
step  25300  train 4.9249e-02  |g| 3.49e+00  [10616s]
step  25400  train 5.1649e-02  |g| 9.47e+00  [10657s]
step  25500  train 5.3294e-02  |g| 2.04e+01  [10698s]
step  25600  train 5.0689e-02  |g| 1.48e+01  [10738s]
step  25700  train 4.9292e-02  |g| 1.10e+01  [10779s]
step  25800  train 4.9654e-02  |g| 6.37e+00  [10820s]
step  25900  train 5.2448e-02  |g| 2.92e+01  [10860s]
step  26000  train 4.9483e-02  val 5.0606e-02  6d geo 7.177e-02 med 8.420e-02 p90 1.872e-01 (const 4.730e-02)  |g| 7.24e+00  [10901s]
           5d geo 8.066e-02 med 9.673e-02   postmu 6d geo 7.772e-02 med 8.500e-02 p90 1.875e-01   mu |dlog| 0.4068
           corr(identifiable)  mu=+0.74  D_div_mu=+0.24  T0_div_mu=+0.11  Ly=+0.39  op_x=+0.61  op_y=+0.04   mean spread/GT 0.38
           err share           mu=5%  D_div_mu=2%  T0_div_mu=1%  Ly=51%  op_x=22%  op_y=19%
step  26100  train 5.1818e-02  |g| 1.84e+01  [10945s]
step  26200  train 5.2055e-02  |g| 5.03e+00  [10985s]
step  26300  train 5.1224e-02  |g| 8.28e+00  [11026s]
step  26400  train 4.8800e-02  |g| 5.49e+00  [11066s]
step  26500  train 5.1966e-02  |g| 1.43e+01  [11107s]
step  26600  train 4.8765e-02  |g| 8.73e+00  [11148s]
step  26700  train 5.2050e-02  |g| 9.05e+00  [11188s]
step  26800  train 5.1051e-02  |g| 8.83e+00  [11229s]
step  26900  train 5.0724e-02  |g| 1.04e+01  [11270s]
step  27000  train 4.9891e-02  |g| 1.87e+01  [11310s]
step  27100  train 5.1547e-02  |g| 7.87e+00  [11351s]
step  27200  train 4.8985e-02  |g| 1.17e+01  [11392s]
step  27300  train 5.2483e-02  |g| 1.67e+01  [11433s]
step  27400  train 5.6856e-02  |g| 2.41e+01  [11473s]
step  27500  train 5.0826e-02  |g| 1.26e+01  [11514s]
step  27600  train 5.2585e-02  |g| 1.77e+01  [11555s]
step  27700  train 5.2682e-02  |g| 1.38e+01  [11595s]
step  27800  train 5.1164e-02  |g| 9.53e+00  [11636s]
step  27900  train 4.9967e-02  |g| 1.03e+01  [11676s]
step  28000  train 5.4226e-02  val 5.0592e-02  6d geo 5.660e-02 med 6.349e-02 p90 1.415e-01 (const 4.730e-02)  |g| 1.09e+01  [11717s]
           5d geo 6.161e-02 med 7.216e-02   postmu 6d geo 6.025e-02 med 6.537e-02 p90 1.429e-01   mu |dlog| 0.3916
           corr(identifiable)  mu=+0.75  D_div_mu=+0.25  T0_div_mu=+0.20  Ly=+0.44  op_x=+0.59  op_y=+0.34   mean spread/GT 0.42
           err share           mu=6%  D_div_mu=2%  T0_div_mu=1%  Ly=48%  op_x=24%  op_y=18%
step  28100  train 5.1374e-02  |g| 1.08e+01  [11761s]
step  28200  train 5.0993e-02  |g| 4.03e+00  [11801s]
step  28300  train 5.1022e-02  |g| 6.12e+00  [11842s]
step  28400  train 5.3153e-02  |g| 9.52e+00  [11882s]
step  28500  train 5.3070e-02  |g| 2.08e+01  [11923s]
step  28600  train 5.1502e-02  |g| 1.52e+01  [11964s]
step  28700  train 4.8273e-02  |g| 7.61e+00  [12004s]
step  28800  train 4.6894e-02  |g| 1.65e+01  [12045s]
step  28900  train 5.1131e-02  |g| 6.62e+00  [12085s]
step  29000  train 4.9811e-02  |g| 1.47e+01  [12126s]
step  29100  train 5.3343e-02  |g| 1.95e+01  [12167s]
step  29200  train 4.8847e-02  |g| 8.23e+00  [12207s]
step  29300  train 5.2463e-02  |g| 1.27e+01  [12248s]
step  29400  train 5.0900e-02  |g| 7.72e+00  [12289s]
step  29500  train 5.0450e-02  |g| 7.79e+00  [12329s]
step  29600  train 5.0347e-02  |g| 1.10e+01  [12370s]
step  29700  train 5.2399e-02  |g| 7.86e+00  [12411s]
step  29800  train 5.1460e-02  |g| 7.62e+00  [12452s]
step  29900  train 4.9525e-02  |g| 5.60e+00  [12492s]
step  30000  train 5.1053e-02  val 5.0560e-02  6d geo 5.565e-02 med 6.154e-02 p90 1.521e-01 (const 4.730e-02)  |g| 1.35e+01  [12533s]
           5d geo 6.031e-02 med 6.968e-02   postmu 6d geo 6.202e-02 med 6.449e-02 p90 1.527e-01   mu |dlog| 0.4065
           corr(identifiable)  mu=+0.74  D_div_mu=+0.17  T0_div_mu=-0.07  Ly=+0.02  op_x=+0.57  op_y=-0.14   mean spread/GT 0.45
           err share           mu=5%  D_div_mu=2%  T0_div_mu=1%  Ly=48%  op_x=21%  op_y=21%
step  30100  train 4.9128e-02  |g| 1.11e+01  [12577s]
step  30200  train 4.8073e-02  |g| 2.48e+01  [12617s]
step  30300  train 5.1607e-02  |g| 1.16e+01  [12658s]
step  30400  train 4.9304e-02  |g| 8.56e+00  [12699s]
step  30500  train 5.1700e-02  |g| 5.59e+00  [12739s]
step  30600  train 5.0092e-02  |g| 7.52e+00  [12780s]
step  30700  train 4.9109e-02  |g| 9.87e+00  [12821s]
step  30800  train 5.0862e-02  |g| 5.49e+00  [12861s]
step  30900  train 4.8416e-02  |g| 4.52e+00  [12902s]
step  31000  train 5.3182e-02  |g| 5.44e+00  [12942s]
step  31100  train 5.3389e-02  |g| 5.86e+00  [12983s]
step  31200  train 5.1199e-02  |g| 6.74e+00  [13024s]
step  31300  train 4.8731e-02  |g| 1.64e+01  [13064s]
step  31400  train 5.0777e-02  |g| 8.10e+00  [13105s]
step  31500  train 5.1146e-02  |g| 1.15e+01  [13146s]
step  31600  train 5.1089e-02  |g| 1.14e+01  [13186s]
step  31700  train 4.9885e-02  |g| 6.53e+00  [13227s]
step  31800  train 5.0837e-02  |g| 1.18e+01  [13268s]
step  31900  train 5.2450e-02  |g| 8.32e+00  [13308s]
step  32000  train 5.2546e-02  val 5.0492e-02  6d geo 7.365e-02 med 8.460e-02 p90 1.841e-01 (const 4.730e-02)  |g| 7.06e+00  [13349s]
           5d geo 8.161e-02 med 9.801e-02   postmu 6d geo 8.196e-02 med 8.716e-02 p90 1.844e-01   mu |dlog| 0.4217
           corr(identifiable)  mu=+0.74  D_div_mu=+0.20  T0_div_mu=-0.10  Ly=+0.28  op_x=+0.56  op_y=+0.06   mean spread/GT 0.40
           err share           mu=4%  D_div_mu=2%  T0_div_mu=1%  Ly=51%  op_x=24%  op_y=18%
step  32100  train 4.9510e-02  |g| 1.04e+01  [13393s]
step  32200  train 5.0796e-02  |g| 1.38e+01  [13434s]
step  32300  train 5.2976e-02  |g| 3.01e+01  [13474s]
step  32400  train 4.8400e-02  |g| 4.78e+00  [13515s]
step  32500  train 5.0743e-02  |g| 8.89e+00  [13556s]
step  32600  train 5.0395e-02  |g| 1.59e+01  [13596s]
step  32700  train 5.0631e-02  |g| 6.71e+00  [13637s]
step  32800  train 4.9342e-02  |g| 8.52e+00  [13678s]
step  32900  train 4.8804e-02  |g| 6.52e+00  [13718s]
step  33000  train 4.9071e-02  |g| 6.43e+00  [13759s]
step  33100  train 5.4237e-02  |g| 8.91e+00  [13800s]
step  33200  train 4.8726e-02  |g| 4.68e+00  [13841s]
step  33300  train 4.9825e-02  |g| 9.79e+00  [13881s]
step  33400  train 5.0353e-02  |g| 9.69e+00  [13922s]
step  33500  train 5.1524e-02  |g| 7.21e+00  [13963s]
step  33600  train 5.5270e-02  |g| 1.01e+01  [14004s]
step  33700  train 5.1355e-02  |g| 1.04e+01  [14044s]
step  33800  train 5.0904e-02  |g| 1.09e+01  [14085s]
step  33900  train 5.5658e-02  |g| 7.02e+00  [14126s]
step  34000  train 4.8912e-02  val 5.0312e-02  6d geo 6.820e-02 med 7.736e-02 p90 1.735e-01 (const 4.730e-02)  |g| 1.82e+01  [14167s]
           5d geo 7.508e-02 med 8.935e-02   postmu 6d geo 7.575e-02 med 7.983e-02 p90 1.749e-01   mu |dlog| 0.4149
           corr(identifiable)  mu=+0.74  D_div_mu=+0.19  T0_div_mu=+0.01  Ly=+0.26  op_x=+0.61  op_y=+0.14   mean spread/GT 0.43
           err share           mu=5%  D_div_mu=2%  T0_div_mu=1%  Ly=54%  op_x=21%  op_y=17%
step  34100  train 5.1149e-02  |g| 1.39e+01  [14211s]
step  34200  train 5.1462e-02  |g| 1.72e+01  [14251s]
step  34300  train 4.9623e-02  |g| 1.01e+01  [14292s]
step  34400  train 4.8685e-02  |g| 6.60e+00  [14333s]
step  34500  train 5.4027e-02  |g| 2.59e+01  [14374s]
step  34600  train 4.9506e-02  |g| 1.12e+01  [14414s]
step  34700  train 4.9566e-02  |g| 7.48e+00  [14455s]
step  34800  train 5.2764e-02  |g| 1.08e+01  [14496s]
step  34900  train 5.2987e-02  |g| 1.43e+01  [14537s]
step  35000  train 5.1881e-02  |g| 1.98e+01  [14578s]
step  35100  train 5.0533e-02  |g| 1.28e+01  [14618s]
step  35200  train 5.0046e-02  |g| 9.23e+00  [14659s]
step  35300  train 5.2086e-02  |g| 1.36e+01  [14700s]
step  35400  train 5.2256e-02  |g| 7.61e+00  [14741s]
step  35500  train 5.2488e-02  |g| 5.65e+00  [14781s]
step  35600  train 4.9422e-02  |g| 1.45e+01  [14822s]
step  35700  train 5.0485e-02  |g| 1.11e+01  [14863s]
step  35800  train 5.1158e-02  |g| 1.76e+01  [14903s]
step  35900  train 4.8406e-02  |g| 5.83e+00  [14944s]
step  36000  train 5.3524e-02  val 5.0379e-02  6d geo 6.615e-02 med 7.424e-02 p90 1.644e-01 (const 4.730e-02)  |g| 1.25e+01  [14985s]
           5d geo 7.199e-02 med 8.545e-02   postmu 6d geo 7.256e-02 med 7.687e-02 p90 1.673e-01   mu |dlog| 0.3991
           corr(identifiable)  mu=+0.74  D_div_mu=+0.20  T0_div_mu=+0.03  Ly=+0.33  op_x=+0.60  op_y=+0.10   mean spread/GT 0.47
           err share           mu=5%  D_div_mu=2%  T0_div_mu=1%  Ly=52%  op_x=20%  op_y=19%
step  36100  train 5.1629e-02  |g| 1.88e+01  [15029s]
step  36200  train 5.2914e-02  |g| 2.17e+01  [15070s]
step  36300  train 5.4436e-02  |g| 1.19e+01  [15110s]
step  36400  train 4.9647e-02  |g| 1.32e+01  [15151s]
step  36500  train 5.0703e-02  |g| 1.38e+01  [15192s]
step  36600  train 5.0140e-02  |g| 6.41e+00  [15232s]
step  36700  train 4.9180e-02  |g| 1.04e+01  [15273s]
step  36800  train 4.9418e-02  |g| 4.77e+00  [15314s]
step  36900  train 5.0486e-02  |g| 7.60e+00  [15355s]
step  37000  train 5.1765e-02  |g| 7.44e+00  [15395s]
step  37100  train 4.8813e-02  |g| 8.07e+00  [15436s]
step  37200  train 4.8450e-02  |g| 6.22e+00  [15477s]
step  37300  train 4.9022e-02  |g| 1.02e+01  [15517s]
step  37400  train 5.1078e-02  |g| 7.30e+00  [15558s]
step  37500  train 5.1296e-02  |g| 1.57e+01  [15599s]
step  37600  train 4.9148e-02  |g| 7.62e+00  [15639s]
step  37700  train 4.8477e-02  |g| 2.35e+01  [15680s]
step  37800  train 4.9049e-02  |g| 1.38e+01  [15721s]
step  37900  train 4.7795e-02  |g| 9.04e+00  [15762s]
step  38000  train 5.3652e-02  val 5.0136e-02  6d geo 6.653e-02 med 7.614e-02 p90 1.670e-01 (const 4.730e-02)  |g| 1.81e+01  [15802s]
           5d geo 7.290e-02 med 8.681e-02   postmu 6d geo 7.390e-02 med 7.882e-02 p90 1.684e-01   mu |dlog| 0.4242
           corr(identifiable)  mu=+0.74  D_div_mu=+0.20  T0_div_mu=+0.05  Ly=+0.32  op_x=+0.60  op_y=+0.11   mean spread/GT 0.47
           err share           mu=5%  D_div_mu=2%  T0_div_mu=1%  Ly=53%  op_x=21%  op_y=18%
step  38100  train 5.1302e-02  |g| 8.99e+00  [15846s]
step  38200  train 5.0166e-02  |g| 5.54e+00  [15887s]
step  38300  train 5.2166e-02  |g| 1.09e+01  [15928s]
step  38400  train 4.7960e-02  |g| 9.10e+00  [15969s]
step  38500  train 4.9085e-02  |g| 6.11e+00  [16009s]
step  38600  train 4.9077e-02  |g| 1.07e+01  [16050s]
step  38700  train 5.0830e-02  |g| 7.16e+00  [16091s]
step  38800  train 5.1086e-02  |g| 7.23e+00  [16132s]
step  38900  train 5.2512e-02  |g| 6.20e+00  [16173s]
step  39000  train 5.0986e-02  |g| 1.22e+01  [16213s]
step  39100  train 4.9908e-02  |g| 1.91e+01  [16254s]
step  39200  train 4.7862e-02  |g| 7.79e+00  [16295s]
step  39300  train 5.0125e-02  |g| 8.95e+00  [16336s]
step  39400  train 4.6377e-02  |g| 7.99e+00  [16377s]
step  39500  train 5.2223e-02  |g| 4.35e+00  [16417s]
step  39600  train 5.0525e-02  |g| 1.57e+01  [16458s]
step  39700  train 5.0268e-02  |g| 1.26e+01  [16499s]
step  39800  train 4.9684e-02  |g| 7.59e+00  [16540s]
step  39900  train 5.0926e-02  |g| 6.69e+00  [16580s]
step  40000  train 4.8653e-02  val 5.0058e-02  6d geo 6.593e-02 med 7.522e-02 p90 1.656e-01 (const 4.730e-02)  |g| 7.62e+00  [16621s]
           5d geo 7.210e-02 med 8.580e-02   postmu 6d geo 7.269e-02 med 7.728e-02 p90 1.671e-01   mu |dlog| 0.4116
           corr(identifiable)  mu=+0.74  D_div_mu=+0.20  T0_div_mu=+0.06  Ly=+0.33  op_x=+0.59  op_y=+0.12   mean spread/GT 0.47
           err share           mu=5%  D_div_mu=2%  T0_div_mu=1%  Ly=52%  op_x=21%  op_y=18%
best val_nmse_6d_postmu_geo 4.7160e-02 (encoder_best.pt)

Done. Outputs written to /home/bhpark3/dafx_ddsp/results/ddsp/lr_probe/L1_STFT_eps1_1e-4
