======================================================================
  TERNARY-SEARCH μ-REFINEMENT on CUDA (float32)
======================================================================
  CMA-ES results: /home/bhpark3/dafxchal/results/decomp_sweep/l1_stft_sc_multi/stage1
  Targets: /home/bhpark3/dafxchal/data/random-IR-100-1.0s
  Loss: L1_STFT_sc_multi, Duration: 0.25s
  μ search bounds: [2.430, 106.150]
  Ternary iterations: 50  (~101 evals/IR)
  Sanity grid check: on

  Loaded 50 CMA-ES results
  [  1/50] random_IR_0001.npz             mu  69.113 ->  48.931 (GT  48.930)
          NMSE 0.006311 -> 0.000000 (-100.0%)  loss 0.291015 -> 0.000002  (1.1s)
  [  2/50] random_IR_0002.npz             mu  33.870 ->  84.055 (GT  84.056)
          NMSE 0.039020 -> 0.000000 (-100.0%)  loss 1.451779 -> 0.000004  (1.2s)
  [  3/50] random_IR_0003.npz             mu  42.417 ->  24.385 (GT  24.386)
          NMSE 0.005037 -> 0.000000 (-100.0%)  loss 0.423592 -> 0.000009  (1.4s)
  [  4/50] random_IR_0004.npz             mu  16.960 ->  13.244 (GT  13.244)
          NMSE 0.000214 -> 0.000000 (-100.0%)  loss 0.218369 -> 0.000005  (1.0s)
  [  5/50] random_IR_0005.npz             mu  39.476 ->  45.159 (GT  45.159)
          NMSE 0.000500 -> 0.000000 (-100.0%)  loss 0.143769 -> 0.000001  (1.6s)
  [ 10/50] random_IR_0010.npz             mu  33.852 ->  31.912 (GT  31.912)
          NMSE 0.000058 -> 0.000000 (-100.0%)  loss 0.057278 -> 0.000002  (1.8s)
  [ 20/50] random_IR_0020.npz             mu  65.151 ->  43.384 (GT  43.384)
          NMSE 0.007341 -> 0.000000 (-100.0%)  loss 0.333500 -> 0.000002  (0.8s)
  [ 30/50] random_IR_0030.npz             mu  33.760 ->  16.703 (GT  16.703)
          NMSE 0.004507 -> 0.000000 (-100.0%)  loss 0.505071 -> 0.000002  (2.3s)
  [ 40/50] random_IR_0040.npz             mu  12.832 ->  38.783 (GT  38.783)
          NMSE 0.010433 -> 0.000000 (-100.0%)  loss 2.014806 -> 0.000003  (3.0s)
  [ 50/50] random_IR_0050.npz             mu 100.437 ->  51.163 (GT  51.163)
          NMSE 0.037615 -> 0.000000 (-100.0%)  loss 0.486552 -> 0.000007  (0.5s)

======================================================================
  AGGREGATE
======================================================================
  Mean NMSE   orig: 0.010445
              refn: 0.000565
  Median NMSE orig: 0.003954
              refn: 0.000000
  IRs improved: 50 / 50  worsened: 0  unchanged: 0
  Mean elapsed/IR:    1.39 s
  Total runtime:      84.0 s
  Wrote: /home/bhpark3/dafxchal/results/decomp_sweep/l1_stft_sc_multi/stage2/mu_refined_summary.csv
