======================================================================
  TERNARY-SEARCH μ-REFINEMENT on CUDA (float32)
======================================================================
  CMA-ES results: /home/bhpark3/dafxchal/results/decomp_sweep/smoothmss/stage1
  Targets: /home/bhpark3/dafxchal/data/random-IR-100-1.0s
  Loss: SmoothMSS, Duration: 0.25s
  μ search bounds: [2.430, 106.150]
  Ternary iterations: 50  (~101 evals/IR)
  Sanity grid check: on

  Loaded 50 CMA-ES results
  [  1/50] random_IR_0001.npz             mu  55.577 ->  48.931 (GT  48.930)
          NMSE 0.000684 -> 0.000000 (-100.0%)  loss 0.000000 -> 0.000000  (1.1s)
  [  2/50] random_IR_0002.npz             mu  25.877 ->  84.056 (GT  84.056)
          NMSE 0.052439 -> 0.000000 (-100.0%)  loss 0.000000 -> 0.000000  (1.3s)
  [  3/50] random_IR_0003.npz             mu  29.012 ->  24.385 (GT  24.386)
          NMSE 0.000332 -> 0.000000 (-100.0%)  loss 0.000000 -> 0.000000  (1.4s)
  [  4/50] random_IR_0004.npz             mu  16.941 ->  13.244 (GT  13.244)
          NMSE 0.000212 -> 0.000000 (-100.0%)  loss 0.000000 -> 0.000000  (1.0s)
  [  5/50] random_IR_0005.npz             mu  52.716 ->  45.159 (GT  45.159)
          NMSE 0.000885 -> 0.000000 (-100.0%)  loss 0.000000 -> 0.000000  (1.6s)
  [ 10/50] random_IR_0010.npz             mu  33.514 ->   6.878 (GT  31.912)
          NMSE 0.119184 -> 0.128853 (+8.1%)  loss 0.000000 -> 0.000000  (1.1s)
  [ 20/50] random_IR_0020.npz             mu  63.390 ->  43.384 (GT  43.384)
          NMSE 0.006201 -> 0.000000 (-100.0%)  loss 0.000000 -> 0.000000  (0.9s)
  [ 30/50] random_IR_0030.npz             mu  26.192 ->  16.703 (GT  16.703)
          NMSE 0.001395 -> 0.000000 (-100.0%)  loss 0.000000 -> 0.000000  (2.3s)
  [ 40/50] random_IR_0040.npz             mu  42.404 ->  52.482 (GT  38.783)
          NMSE 0.001991 -> 0.004695 (+135.9%)  loss 0.000000 -> 0.000000  (2.9s)
  [ 50/50] random_IR_0050.npz             mu  40.683 -> 106.150 (GT  51.163)
          NMSE 0.007174 -> 0.052315 (+629.2%)  loss 0.000000 -> 0.000000  (0.5s)

======================================================================
  AGGREGATE
======================================================================
  Mean NMSE   orig: 0.021496
              refn: 0.013121
  Median NMSE orig: 0.002991
              refn: 0.000000
  IRs improved: 44 / 50  worsened: 6  unchanged: 0
  Mean elapsed/IR:    1.40 s
  Total runtime:      84.5 s
  Wrote: /home/bhpark3/dafxchal/results/decomp_sweep/smoothmss/stage2/mu_refined_summary.csv
