Device cuda | loss L1_STFT_eps1e1 | duration 0.25s
Loading train targets from data/train-p99
Loading val targets from data/val-p99
  98304 train / 996 val in 41s   train tensor 4.34 GB
  training set held in host memory; batches transferred per step
reference levels:  gt_loss 0.0000e+00   saturation (unrelated IRs) 1.8151e-01
constant-predictor NMSE: 6d 4.730e-02  7d 7.959e-02  (the floor to beat)
training loss stuck near saturation = gradient uninformative; well below = learning

encoder: 3.74M params, width 32

loss scale (fixed): 1.4023e-01
step      1  train 1.4023e-01  val 1.5680e-01  6d geo 4.283e-02 med 4.750e-02 p90 8.157e-02 (const 4.730e-02)  |g| 3.10e+01  [1s]
           5d geo 4.206e-02 med 4.849e-02   postmu 6d geo 4.956e-02 med 5.181e-02 p90 1.269e-01   mu |dlog| 0.5573
           WARNING: prediction spread 0.000 of ground truth -- the output has collapsed to a constant (saturated tanh); lower --lr or raise --warmup-steps and restart
           corr(identifiable)  mu=-0.37  D_div_mu=+0.16  T0_div_mu=-0.01  Ly=-0.01  op_x=-0.48  op_y=-0.27   mean spread/GT 0.00
           err share           mu=16%  D_div_mu=3%  T0_div_mu=2%  Ly=26%  op_x=28%  op_y=26%
step    100  train 1.4234e-01  |g| 2.97e+01  [48s]
step    200  train 1.3291e-01  |g| 1.65e+01  [90s]
step    300  train 1.4080e-01  |g| 3.65e+01  [138s]
step    400  train 1.2271e-01  |g| 2.99e+01  [200s]
step    500  train 1.2547e-01  |g| 5.33e+01  [260s]
step    600  train 1.1539e-01  |g| 2.44e+01  [323s]
step    700  train 1.2780e-01  |g| 2.66e+01  [382s]
step    800  train 1.1169e-01  |g| 9.51e+01  [439s]
step    900  train 1.1141e-01  |g| 9.38e+01  [482s]
  WARNING: 1 of 64 parameter sets need a finer grid than the pinned (86, 282) and are truncated. Raise --fixed-mode-grid; targets rendered under a pin that truncates them are not the plate's output at those parameters.
step   1000  train 1.1346e-01  |g| 2.69e+01  [524s]
step   1100  train 1.6282e-01  |g| 2.26e+02  [588s]
step   1200  train 1.2012e-01  |g| 3.05e+01  [644s]
step   1300  train 1.2059e-01  |g| 4.98e+01  [704s]
step   1400  train 1.1809e-01  |g| 1.25e+01  [754s]
step   1500  train 1.2027e-01  |g| 3.02e+01  [800s]
step   1600  train 1.2291e-01  |g| 3.72e+01  [869s]
step   1700  train 1.6784e-01  |g| 6.97e+01  [964s]
step   1800  train 2.5925e-01  |g| 3.61e+01  [1036s]
step   1900  train 1.8754e-01  |g| 7.25e+01  [1131s]
step   2000  train 1.5701e-01  val 1.6086e-01  6d geo 1.908e-01 med 2.014e-01 p90 4.101e-01 (const 4.730e-02)  |g| 3.11e+01  [1218s]
           5d geo 2.142e-01 med 2.276e-01   postmu 6d geo 1.914e-01 med 2.022e-01 p90 4.150e-01   mu |dlog| 1.2971
           corr(identifiable)  mu=+0.49  D_div_mu=+0.50  T0_div_mu=+0.20  Ly=-0.25  op_x=+0.31  op_y=-0.21   mean spread/GT 0.79
           err share           mu=7%  D_div_mu=32%  T0_div_mu=2%  Ly=26%  op_x=11%  op_y=21%
step   2100  train 1.7160e-01  |g| 2.82e+01  [1304s]
step   2200  train 1.6218e-01  |g| 6.45e+01  [1375s]
step   2300  train 1.5540e-01  |g| 4.28e+01  [1439s]
step   2400  train 1.3875e-01  |g| 1.37e+01  [1506s]
step   2500  train 1.4408e-01  |g| 4.23e+01  [1572s]
step   2600  train 1.4286e-01  |g| 4.29e+01  [1631s]
step   2700  train 1.3229e-01  |g| 4.63e+01  [1701s]
step   2800  train 1.3065e-01  |g| 2.19e+01  [1771s]
step   2900  train 1.4110e-01  |g| 2.47e+01  [1837s]
step   3000  train 1.2901e-01  |g| 1.96e+01  [1899s]
step   3100  train 1.4892e-01  |g| 1.11e+01  [1969s]
step   3200  train 1.4530e-01  |g| 4.18e+00  [2046s]
step   3300  train 1.3457e-01  |g| 2.33e+01  [2127s]
step   3400  train 1.0892e-01  |g| 1.95e+01  [2186s]
step   3500  train 1.3730e-01  |g| 3.94e+01  [2241s]
step   3600  train 1.4847e-01  |g| 5.18e+01  [2310s]
step   3700  train 1.4354e-01  |g| 3.03e+01  [2387s]
step   3800  train 1.4100e-01  |g| 3.44e+01  [2463s]
step   3900  train 1.3531e-01  |g| 6.75e+00  [2539s]
step   4000  train 1.4888e-01  val 1.3892e-01  6d geo 2.545e-01 med 2.568e-01 p90 3.650e-01 (const 4.730e-02)  |g| 5.95e+00  [2615s]
           5d geo 2.870e-01 med 2.876e-01   postmu 6d geo 2.509e-01 med 2.535e-01 p90 3.656e-01   mu |dlog| 1.0353
           corr(identifiable)  mu=+0.47  D_div_mu=+0.24  T0_div_mu=-0.24  Ly=-0.14  op_x=+0.05  op_y=+0.33   mean spread/GT 0.10
           err share           mu=6%  D_div_mu=54%  T0_div_mu=0%  Ly=20%  op_x=7%  op_y=12%
step   4100  train 1.4397e-01  |g| 8.26e+00  [2697s]
step   4200  train 1.4279e-01  |g| 2.95e+00  [2774s]
step   4300  train 1.2432e-01  |g| 7.73e+01  [2849s]
step   4400  train 1.9267e-01  |g| 1.72e+01  [2950s]
step   4500  train 1.3227e-01  |g| 3.20e+01  [3075s]
step   4600  train 1.3916e-01  |g| 6.64e+01  [3177s]
step   4700  train 1.2287e-01  |g| 7.91e+01  [3243s]
step   4800  train 1.2349e-01  |g| 1.33e+01  [3315s]
step   4900  train 1.4543e-01  |g| 1.79e+01  [3390s]
step   5000  train 1.3993e-01  |g| 2.21e+01  [3466s]
step   5100  train 1.2430e-01  |g| 1.80e+01  [3540s]
step   5200  train 1.3105e-01  |g| 4.88e+01  [3597s]
step   5300  train 1.3300e-01  |g| 3.24e+01  [3639s]
step   5400  train 1.3115e-01  |g| 1.32e+01  [3681s]
step   5500  train 1.3600e-01  |g| 6.53e+01  [3724s]
step   5600  train 1.4544e-01  |g| 2.44e+01  [3780s]
step   5700  train 1.2639e-01  |g| 1.20e+01  [3861s]
step   5800  train 1.2187e-01  |g| 3.50e+00  [3943s]
step   5900  train 1.3264e-01  |g| 3.99e+01  [4001s]
step   6000  train 1.1894e-01  val 1.2132e-01  6d geo 1.522e-01 med 1.720e-01 p90 2.943e-01 (const 4.730e-02)  |g| 1.28e+01  [4042s]
           5d geo 1.682e-01 med 1.942e-01   postmu 6d geo 1.557e-01 med 1.756e-01 p90 2.972e-01   mu |dlog| 0.7830
           WARNING: prediction spread 0.004 of ground truth -- the output has collapsed to a constant (saturated tanh); lower --lr or raise --warmup-steps and restart
           corr(identifiable)  mu=+0.32  D_div_mu=-0.27  T0_div_mu=+0.28  Ly=+0.09  op_x=+0.10  op_y=-0.38   mean spread/GT 0.00
           err share           mu=6%  D_div_mu=1%  T0_div_mu=1%  Ly=31%  op_x=30%  op_y=31%
step   6100  train 1.2758e-01  |g| 4.95e+01  [4087s]
step   6200  train 1.1442e-01  |g| 1.44e+01  [4128s]
step   6300  train 1.1730e-01  |g| 5.95e+00  [4170s]
step   6400  train 1.2825e-01  |g| 5.61e+01  [4211s]
step   6500  train 1.1614e-01  |g| 1.77e+01  [4253s]
step   6600  train 1.1404e-01  |g| 1.73e+01  [4294s]
step   6700  train 1.1435e-01  |g| 1.76e+01  [4336s]
step   6800  train 1.1327e-01  |g| 2.64e+01  [4377s]
step   6900  train 1.1879e-01  |g| 2.25e+01  [4418s]
step   7000  train 1.1208e-01  |g| 1.42e+01  [4460s]
step   7100  train 1.1314e-01  |g| 8.68e+00  [4501s]
step   7200  train 1.1635e-01  |g| 3.26e+01  [4543s]
step   7300  train 1.2622e-01  |g| 4.66e+01  [4584s]
step   7400  train 1.2090e-01  |g| 3.49e+01  [4626s]
step   7500  train 1.1289e-01  |g| 9.72e+00  [4667s]
step   7600  train 1.1333e-01  |g| 5.89e+00  [4709s]
step   7700  train 1.1032e-01  |g| 1.06e+01  [4750s]
step   7800  train 1.1821e-01  |g| 3.43e+01  [4791s]
step   7900  train 1.1313e-01  |g| 2.28e+01  [4833s]
step   8000  train 1.1440e-01  val 1.1421e-01  6d geo 1.488e-01 med 1.678e-01 p90 2.893e-01 (const 4.730e-02)  |g| 1.48e+01  [4875s]
           5d geo 1.634e-01 med 1.883e-01   postmu 6d geo 1.545e-01 med 1.734e-01 p90 2.945e-01   mu |dlog| 0.9642
           WARNING: prediction spread 0.003 of ground truth -- the output has collapsed to a constant (saturated tanh); lower --lr or raise --warmup-steps and restart
           corr(identifiable)  mu=+0.45  D_div_mu=-0.03  T0_div_mu=-0.07  Ly=+0.35  op_x=+0.03  op_y=-0.38   mean spread/GT 0.00
           err share           mu=6%  D_div_mu=1%  T0_div_mu=1%  Ly=32%  op_x=30%  op_y=29%
step   8100  train 1.1333e-01  |g| 1.67e+01  [4919s]
step   8200  train 1.3077e-01  |g| 6.02e+01  [4961s]
step   8300  train 1.1545e-01  |g| 2.18e+00  [5002s]
step   8400  train 1.1716e-01  |g| 4.02e+01  [5044s]
step   8500  train 1.0946e-01  |g| 1.58e+01  [5085s]
step   8600  train 1.1011e-01  |g| 2.82e+00  [5127s]
step   8700  train 1.1563e-01  |g| 1.97e+01  [5168s]
step   8800  train 1.1292e-01  |g| 2.35e+01  [5209s]
step   8900  train 1.1492e-01  |g| 2.15e+01  [5251s]
step   9000  train 1.1160e-01  |g| 1.87e+01  [5292s]
step   9100  train 1.1806e-01  |g| 2.83e+01  [5334s]
step   9200  train 1.1380e-01  |g| 9.27e+00  [5375s]
step   9300  train 1.0943e-01  |g| 1.05e+01  [5417s]
step   9400  train 1.1277e-01  |g| 1.53e+01  [5458s]
step   9500  train 1.1123e-01  |g| 3.24e+00  [5500s]
step   9600  train 1.1277e-01  |g| 6.08e+00  [5541s]
step   9700  train 1.0877e-01  |g| 2.35e+00  [5583s]
step   9800  train 1.1273e-01  |g| 2.00e+01  [5624s]
step   9900  train 1.1505e-01  |g| 2.14e+01  [5666s]
step  10000  train 1.1564e-01  val 1.1165e-01  6d geo 1.483e-01 med 1.673e-01 p90 2.882e-01 (const 4.730e-02)  |g| 1.81e+01  [5707s]
           5d geo 1.627e-01 med 1.879e-01   postmu 6d geo 1.524e-01 med 1.717e-01 p90 2.921e-01   mu |dlog| 0.8299
           WARNING: prediction spread 0.003 of ground truth -- the output has collapsed to a constant (saturated tanh); lower --lr or raise --warmup-steps and restart
           corr(identifiable)  mu=+0.54  D_div_mu=+0.01  T0_div_mu=-0.29  Ly=+0.49  op_x=+0.03  op_y=-0.35   mean spread/GT 0.00
           err share           mu=6%  D_div_mu=1%  T0_div_mu=1%  Ly=32%  op_x=30%  op_y=29%
step  10100  train 1.0929e-01  |g| 5.52e+00  [5752s]
step  10200  train 1.1359e-01  |g| 9.49e+00  [5793s]
step  10300  train 1.1125e-01  |g| 1.07e+00  [5835s]
step  10400  train 1.0907e-01  |g| 7.49e+00  [5876s]
step  10500  train 1.1134e-01  |g| 7.75e+00  [5918s]
step  10600  train 1.1130e-01  |g| 5.61e+00  [5959s]
step  10700  train 1.1042e-01  |g| 4.02e+00  [6001s]
step  10800  train 1.1306e-01  |g| 3.11e+01  [6042s]
step  10900  train 1.1429e-01  |g| 1.07e+01  [6084s]
step  11000  train 1.1220e-01  |g| 3.24e+00  [6125s]
step  11100  train 1.1498e-01  |g| 2.67e+01  [6167s]
step  11200  train 1.1534e-01  |g| 2.94e+01  [6208s]
step  11300  train 1.1296e-01  |g| 6.41e+00  [6250s]
step  11400  train 1.1248e-01  |g| 2.26e+00  [6291s]
step  11500  train 1.1500e-01  |g| 2.35e+01  [6332s]
step  11600  train 1.1104e-01  |g| 8.88e-01  [6374s]
step  11700  train 1.1457e-01  |g| 2.01e+01  [6415s]
step  11800  train 1.1304e-01  |g| 1.33e+00  [6457s]
step  11900  train 1.1449e-01  |g| 3.27e+01  [6498s]
step  12000  train 1.1590e-01  val 1.1146e-01  6d geo 1.482e-01 med 1.673e-01 p90 2.881e-01 (const 4.730e-02)  |g| 2.30e+01  [6540s]
           5d geo 1.627e-01 med 1.880e-01   postmu 6d geo 1.529e-01 med 1.721e-01 p90 2.923e-01   mu |dlog| 0.8558
           WARNING: prediction spread 0.003 of ground truth -- the output has collapsed to a constant (saturated tanh); lower --lr or raise --warmup-steps and restart
           corr(identifiable)  mu=+0.31  D_div_mu=-0.09  T0_div_mu=-0.28  Ly=+0.51  op_x=+0.03  op_y=-0.28   mean spread/GT 0.00
           err share           mu=6%  D_div_mu=1%  T0_div_mu=1%  Ly=32%  op_x=30%  op_y=29%
best val_nmse_6d_postmu_geo 4.9557e-02 (encoder_best.pt)

Done. Outputs written to /home/bhpark3/dafx_ddsp/results/ddsp/head_probe/tanh/L1_STFT_eps1e1
