Device cuda | loss L1_STFT_eps1e1 | duration 0.25s
Loading train targets from data/train-p99
Loading val targets from data/val-p99
  98304 train / 996 val in 42s   train tensor 4.34 GB
  training set held in host memory; batches transferred per step
reference levels:  gt_loss 0.0000e+00   saturation (unrelated IRs) 1.8151e-01
constant-predictor NMSE: 6d 4.730e-02  7d 7.959e-02  (the floor to beat)
training loss stuck near saturation = gradient uninformative; well below = learning

encoder: 3.75M params, width 32

loss scale (fixed): 1.3902e-01
step      1  train 1.3902e-01  val 1.4477e-01  6d geo 4.292e-02 med 4.788e-02 p90 8.248e-02 (const 4.730e-02)  |g| 4.78e+01  [1s]
           5d geo 4.216e-02 med 4.909e-02   postmu 6d geo 4.894e-02 med 5.152e-02 p90 1.246e-01   mu |dlog| 0.5427
           WARNING: prediction spread 0.005 of ground truth -- the output has collapsed to a constant (saturated tanh); lower --lr or raise --warmup-steps and restart
           corr(identifiable)  mu=-0.19  D_div_mu=+0.03  T0_div_mu=+0.10  Ly=+0.12  op_x=-0.48  op_y=-0.31   mean spread/GT 0.00
           err share           mu=16%  D_div_mu=3%  T0_div_mu=1%  Ly=26%  op_x=28%  op_y=26%
step    100  train 1.3415e-01  |g| 2.18e+01  [46s]
step    200  train 1.1888e-01  |g| 2.57e+01  [87s]
  WARNING: 2 of 64 parameter sets need a finer grid than the pinned (86, 282) and are truncated. Raise --fixed-mode-grid; targets rendered under a pin that truncates them are not the plate's output at those parameters.
step    300  train 1.6847e-01  |g| 5.75e+01  [128s]
step    400  train 1.4594e-01  |g| 1.00e+02  [168s]
step    500  train 1.4416e-01  |g| 2.65e+01  [208s]
step    600  train 1.3151e-01  |g| 3.11e+01  [249s]
step    700  train 1.2159e-01  |g| 1.40e+01  [289s]
step    800  train 1.2234e-01  |g| 4.53e+01  [330s]
step    900  train 1.1419e-01  |g| 1.75e+01  [371s]
step   1000  train 1.3716e-01  |g| 3.66e+01  [432s]
step   1100  train 1.4732e-01  |g| 2.97e+01  [506s]
step   1200  train 1.2865e-01  |g| 1.55e+01  [591s]
step   1300  train 4.2457e-01  |g| 3.81e+01  [668s]
step   1400  train 1.6052e-01  |g| 1.24e+02  [747s]
step   1500  train 1.8922e-01  |g| 4.32e+01  [806s]
step   1600  train 1.6734e-01  |g| 2.83e+00  [846s]
step   1700  train 1.9767e-01  |g| 4.47e+00  [887s]
step   1800  train 2.0685e-01  |g| 1.74e+01  [927s]
step   1900  train 1.6608e-01  |g| 5.94e+00  [968s]
step   2000  train 1.4426e-01  val 1.5400e-01  6d geo 1.498e-01 med 1.722e-01 p90 2.882e-01 (const 4.730e-02)  |g| 3.48e+00  [1009s]
           5d geo 1.642e-01 med 1.945e-01   postmu 6d geo 1.542e-01 med 1.760e-01 p90 2.958e-01   mu |dlog| 0.9666
           WARNING: prediction spread 0.007 of ground truth -- the output has collapsed to a constant (saturated tanh); lower --lr or raise --warmup-steps and restart
           corr(identifiable)  mu=-0.24  D_div_mu=+0.01  T0_div_mu=+0.36  Ly=+0.11  op_x=-0.26  op_y=+0.16   mean spread/GT 0.01
           err share           mu=6%  D_div_mu=1%  T0_div_mu=1%  Ly=31%  op_x=30%  op_y=32%
step   2100  train 1.3339e-01  |g| 6.84e+00  [1053s]
step   2200  train 1.2860e-01  |g| 2.22e+01  [1094s]
step   2300  train 1.2816e-01  |g| 8.98e+00  [1135s]
step   2400  train 1.3257e-01  |g| 2.07e+01  [1176s]
step   2500  train 1.2571e-01  |g| 1.39e+01  [1217s]
step   2600  train 1.2867e-01  |g| 1.66e+01  [1257s]
step   2700  train 1.1985e-01  |g| 1.07e+01  [1299s]
step   2800  train 1.2886e-01  |g| 2.00e+01  [1341s]
step   2900  train 1.2400e-01  |g| 4.16e+00  [1381s]
step   3000  train 1.2624e-01  |g| 1.06e+00  [1422s]
step   3100  train 1.3035e-01  |g| 2.69e+00  [1463s]
step   3200  train 1.2409e-01  |g| 1.96e+01  [1504s]
step   3300  train 1.3136e-01  |g| 1.69e+01  [1545s]
step   3400  train 1.2240e-01  |g| 7.74e+00  [1586s]
step   3500  train 1.2751e-01  |g| 2.87e+01  [1627s]
step   3600  train 1.2983e-01  |g| 1.56e+01  [1668s]
step   3700  train 1.2701e-01  |g| 7.66e+00  [1708s]
step   3800  train 1.3211e-01  |g| 3.07e+01  [1749s]
step   3900  train 1.2184e-01  |g| 1.13e+01  [1790s]
step   4000  train 1.2005e-01  val 1.2706e-01  6d geo 1.347e-01 med 1.559e-01 p90 2.761e-01 (const 4.730e-02)  |g| 3.40e+01  [1831s]
           5d geo 1.472e-01 med 1.762e-01   postmu 6d geo 1.760e-01 med 1.930e-01 p90 3.335e-01   mu |dlog| 1.1536
           corr(identifiable)  mu=-0.41  D_div_mu=-0.19  T0_div_mu=+0.40  Ly=+0.14  op_x=+0.12  op_y=+0.00   mean spread/GT 0.19
           err share           mu=7%  D_div_mu=1%  T0_div_mu=1%  Ly=33%  op_x=24%  op_y=34%
step   4100  train 1.3188e-01  |g| 1.25e+01  [1875s]
step   4200  train 2.8602e-01  |g| 5.48e+01  [1961s]
step   4300  train 1.7068e-01  |g| 1.73e-03  [2066s]
step   4400  train 1.6646e-01  |g| 5.10e-03  [2169s]
step   4500  train 1.7093e-01  |g| 2.31e-04  [2272s]
step   4600  train 1.7620e-01  |g| 1.39e-03  [2374s]
step   4700  train 1.6235e-01  |g| 6.90e-04  [2477s]
step   4800  train 1.6033e-01  |g| 3.40e-05  [2580s]
step   4900  train 1.8705e-01  |g| 1.90e+00  [2682s]
step   5000  train 1.7385e-01  |g| 4.16e-03  [2785s]
step   5100  train 1.5803e-01  |g| 1.63e-04  [2888s]
step   5200  train 1.6826e-01  |g| 2.71e-04  [2991s]
step   5300  train 1.6139e-01  |g| 1.76e-04  [3093s]
step   5400  train 1.7266e-01  |g| 3.89e-04  [3196s]
step   5500  train 1.6176e-01  |g| 1.27e-02  [3299s]
step   5600  train 1.6360e-01  |g| 7.54e-05  [3401s]
step   5700  train 1.7503e-01  |g| 2.34e-04  [3504s]
step   5800  train 1.6078e-01  |g| 2.10e-04  [3607s]
step   5900  train 1.7172e-01  |g| 6.57e-05  [3710s]
step   6000  train 1.6212e-01  val 1.7426e-01  6d geo 2.359e-01 med 2.562e-01 p90 3.756e-01 (const 4.730e-02)  |g| 7.38e-04  [3812s]
           5d geo 1.755e-01 med 2.025e-01   postmu 6d geo 1.998e-01 med 2.305e-01 p90 3.671e-01   mu |dlog| 1.0525
           WARNING: prediction spread 0.000 of ground truth -- the output has collapsed to a constant (saturated tanh); lower --lr or raise --warmup-steps and restart
           corr(identifiable)  mu=+0.00  D_div_mu=+0.18  T0_div_mu=+0.00  Ly=+0.00  op_x=-0.14  op_y=+0.00   mean spread/GT 0.00
           err share           mu=33%  D_div_mu=1%  T0_div_mu=0%  Ly=22%  op_x=23%  op_y=22%
step   6100  train 1.7018e-01  |g| 6.97e-04  [3922s]
step   6200  train 1.5765e-01  |g| 4.88e-04  [4025s]
step   6300  train 1.5950e-01  |g| 3.99e-04  [4128s]
step   6400  train 1.7873e-01  |g| 4.64e-02  [4230s]
step   6500  train 1.7175e-01  |g| 1.95e-04  [4333s]
step   6600  train 1.6059e-01  |g| 1.57e-04  [4436s]
step   6700  train 1.6401e-01  |g| 1.50e-04  [4538s]
step   6800  train 1.7217e-01  |g| 5.37e-05  [4641s]
step   6900  train 1.7532e-01  |g| 1.65e-03  [4744s]
step   7000  train 1.6143e-01  |g| 1.35e-04  [4846s]
step   7100  train 1.6875e-01  |g| 5.66e-04  [4949s]
step   7200  train 1.6736e-01  |g| 4.62e-05  [5052s]
step   7300  train 1.6570e-01  |g| 1.14e-04  [5154s]
step   7400  train 1.6497e-01  |g| 1.05e-04  [5257s]
step   7500  train 1.6573e-01  |g| 6.25e-05  [5360s]
step   7600  train 1.7169e-01  |g| 7.28e-05  [5462s]
step   7700  train 1.6191e-01  |g| 1.45e-05  [5565s]
step   7800  train 1.9233e-01  |g| 2.57e-04  [5668s]
step   7900  train 1.6761e-01  |g| 1.09e-04  [5771s]
step   8000  train 1.6811e-01  val 1.7426e-01  6d geo 2.359e-01 med 2.562e-01 p90 3.756e-01 (const 4.730e-02)  |g| 1.92e-04  [5873s]
           5d geo 1.755e-01 med 2.025e-01   postmu 6d geo 1.998e-01 med 2.305e-01 p90 3.671e-01   mu |dlog| 1.0525
           WARNING: prediction spread 0.000 of ground truth -- the output has collapsed to a constant (saturated tanh); lower --lr or raise --warmup-steps and restart
           corr(identifiable)  mu=+0.00  D_div_mu=+0.17  T0_div_mu=+0.00  Ly=+0.00  op_x=-0.14  op_y=+0.00   mean spread/GT 0.00
           err share           mu=33%  D_div_mu=1%  T0_div_mu=0%  Ly=22%  op_x=23%  op_y=22%
step   8100  train 1.7672e-01  |g| 8.88e-05  [5984s]
step   8200  train 2.0591e-01  |g| 1.05e-03  [6086s]
step   8300  train 1.7878e-01  |g| 5.00e-04  [6189s]
step   8400  train 1.6989e-01  |g| 1.22e-05  [6292s]
step   8500  train 1.7264e-01  |g| 1.12e-04  [6395s]
step   8600  train 1.6454e-01  |g| 1.67e-04  [6497s]
step   8700  train 1.6950e-01  |g| 1.29e-03  [6600s]
step   8800  train 1.6256e-01  |g| 1.58e-03  [6703s]
step   8900  train 1.7679e-01  |g| 2.15e-04  [6806s]
step   9000  train 1.7899e-01  |g| 1.27e-04  [6908s]
step   9100  train 1.6609e-01  |g| 5.17e-04  [7011s]
step   9200  train 1.6863e-01  |g| 3.62e-04  [7114s]
step   9300  train 1.6622e-01  |g| 3.68e-04  [7217s]
step   9400  train 1.6655e-01  |g| 2.92e-04  [7319s]
step   9500  train 1.7116e-01  |g| 5.00e-04  [7422s]
step   9600  train 1.6777e-01  |g| 7.23e-04  [7525s]
step   9700  train 1.6759e-01  |g| 8.83e-05  [7627s]
step   9800  train 1.6851e-01  |g| 2.09e-03  [7730s]
step   9900  train 1.6691e-01  |g| 1.81e-03  [7833s]
step  10000  train 1.9022e-01  val 1.7426e-01  6d geo 2.359e-01 med 2.562e-01 p90 3.756e-01 (const 4.730e-02)  |g| 8.27e-03  [7935s]
           5d geo 1.755e-01 med 2.025e-01   postmu 6d geo 1.998e-01 med 2.305e-01 p90 3.671e-01   mu |dlog| 1.0525
           WARNING: prediction spread 0.000 of ground truth -- the output has collapsed to a constant (saturated tanh); lower --lr or raise --warmup-steps and restart
           corr(identifiable)  mu=+0.00  D_div_mu=+0.17  T0_div_mu=+0.00  Ly=+0.00  op_x=-0.17  op_y=+0.00   mean spread/GT 0.00
           err share           mu=33%  D_div_mu=1%  T0_div_mu=0%  Ly=22%  op_x=23%  op_y=22%
step  10100  train 1.6431e-01  |g| 1.58e-01  [8046s]
step  10200  train 1.5579e-01  |g| 3.05e+01  [8149s]
step  10300  train 1.7768e-01  |g| 1.71e+01  [8245s]
step  10400  train 1.5288e-01  |g| 9.18e+00  [8337s]
step  10500  train 1.5075e-01  |g| 9.10e+00  [8435s]
step  10600  train 1.5228e-01  |g| 1.99e+01  [8534s]
step  10700  train 1.4673e-01  |g| 3.73e+01  [8633s]
step  10800  train 1.4363e-01  |g| 6.26e+01  [8731s]
step  10900  train 1.5664e-01  |g| 2.96e+01  [8828s]
step  11000  train 1.6090e-01  |g| 2.97e+01  [8924s]
step  11100  train 1.5863e-01  |g| 3.39e+01  [9022s]
step  11200  train 1.5456e-01  |g| 1.63e+01  [9119s]
step  11300  train 1.4642e-01  |g| 7.20e+01  [9216s]
step  11400  train 1.4450e-01  |g| 1.79e+01  [9315s]
step  11500  train 1.6326e-01  |g| 1.76e+01  [9413s]
step  11600  train 1.5014e-01  |g| 5.08e+00  [9512s]
step  11700  train 1.4654e-01  |g| 1.44e+01  [9611s]
step  11800  train 1.6965e-01  |g| 2.15e+01  [9709s]
step  11900  train 1.4453e-01  |g| 2.65e+01  [9807s]
step  12000  train 1.4704e-01  val 1.4826e-01  6d geo 2.104e-01 med 2.281e-01 p90 3.420e-01 (const 4.730e-02)  |g| 1.61e+01  [9905s]
           5d geo 1.454e-01 med 1.673e-01   postmu 6d geo 1.750e-01 med 1.970e-01 p90 3.268e-01   mu |dlog| 1.0364
           corr(identifiable)  mu=+0.05  D_div_mu=+0.46  T0_div_mu=+0.06  Ly=-0.04  op_x=+0.49  op_y=-0.19   mean spread/GT 0.35
           err share           mu=37%  D_div_mu=0%  T0_div_mu=0%  Ly=24%  op_x=14%  op_y=24%
best val_nmse_6d_postmu_geo 4.8940e-02 (encoder_best.pt)

Done. Outputs written to /home/bhpark3/dafx_ddsp/results/ddsp/head_probe/normtanh/L1_STFT_eps1e1
