CMA-ES with LHS + Normalized Space on CUDA
  Loss: L2
  Available losses: MSS, SC+LogMag, CQT_L1, CQT+LogDec, Mel, LSD, L1_STFT, L1_STFT_1024, MultiResCQT, VQT, Gammatone, Envelope, ESR, FreqDecay, Subband, ModalDensity, Dispersion, CentroidTraj, OnsetDisp, NullPattern, GroupDelay, ComplexSTFT, InstFreq, Scattering1D, SoftDTW_Mel, L1, L2
  Trials: 20
  Duration: 0.25s
  Search: normalized [-1, 1] space; expanded to physical bounds for synthesis
  sigma0: 0.6
  tolfun: 1e-05
  tolfunhist: 1e-05
  pruner_min_resource: 15
  pruner_reduction_factor: 3

============================================================
[1/50] random_IR_0001.npz
  GT loss: 0.000000
    --> Trial 0 | pop=30 seed=17069 x0_norm_min=-0.944 x0_norm_max=0.730
        [Trial 0] gen   20  evals=  600  best=0.0371
        [Trial 0] gen   40  evals= 1200  best=0.0020
        [Trial 0] gen   60  evals= 1800  best=0.0000
        [Trial 0] gen   80  evals= 2400  best=0.0000
        [Done] Trial 0 best=0.0000
    --> Early stop triggered: trial 0 reached loss=0.000000 < 0.010000

  Winner: Trial 0, loss=0.000000 (26s)
    Restarts run: 1
    mu: 48.331550
    D_mu: 13.780181
    T0_mu: 12.323439
    Ly: 2.691539
    op_x: 0.826616
    op_y: 0.724381
    NMSE: 0.000006
  [Saved] random_IR_0001

============================================================
[2/50] random_IR_0002.npz
  GT loss: 0.000000
    --> Trial 0 | pop=39 seed=98525 x0_norm_min=-0.944 x0_norm_max=0.730
        [Trial 0] gen   20  evals=  780  best=0.0883
        [Trial 0] gen   40  evals= 1560  best=0.0809
        [Trial 0] gen   60  evals= 2340  best=0.0806
        [Trial 0] gen   80  evals= 3120  best=0.0806
        [Done] Trial 0 best=0.0806
    --> Trial 1 | pop=31 seed=34727 x0_norm_min=-0.937 x0_norm_max=0.907
        [Pruned] Trial 1 at gen 15 (loss=0.0949)
    --> Trial 2 | pop=55 seed=51555 x0_norm_min=-0.344 x0_norm_max=0.824
        [Trial 2] gen   20  evals= 1100  best=0.0274
        [Trial 2] gen   40  evals= 2200  best=0.0046
        [Trial 2] gen   60  evals= 3300  best=0.0001
        [Trial 2] gen   80  evals= 4400  best=0.0000
        [Done] Trial 2 best=0.0000
    --> Early stop triggered: trial 2 reached loss=0.000000 < 0.010000

  Winner: Trial 2, loss=0.000000 (70s)
    Restarts run: 3
    mu: 103.838777
    D_mu: 17.897839
    T0_mu: 4.571556
    Ly: 3.686174
    op_x: 0.788340
    op_y: 0.963522
    NMSE: 0.006063
  [Saved] random_IR_0002

============================================================
[3/50] random_IR_0003.npz
  GT loss: 0.000000
    --> Trial 0 | pop=57 seed=32500 x0_norm_min=-0.944 x0_norm_max=0.730
        [Trial 0] gen   20  evals= 1140  best=0.0501
        [Trial 0] gen   40  evals= 2280  best=0.0501
        [Done] Trial 0 best=0.0501
    --> Trial 1 | pop=39 seed=82226 x0_norm_min=-0.937 x0_norm_max=0.907
        [Pruned] Trial 1 at gen 15 (loss=0.0584)
    --> Trial 2 | pop=57 seed=39625 x0_norm_min=-0.344 x0_norm_max=0.824
        [Pruned] Trial 2 at gen 15 (loss=0.0594)
    --> Trial 3 | pop=55 seed=59375 x0_norm_min=-0.797 x0_norm_max=0.622
        [Pruned] Trial 3 at gen 15 (loss=0.0590)
    --> Trial 4 | pop=52 seed=98297 x0_norm_min=-0.947 x0_norm_max=0.785
        [Pruned] Trial 4 at gen 15 (loss=0.0589)
    --> Trial 5 | pop=54 seed=87891 x0_norm_min=-0.748 x0_norm_max=0.981
        [Trial 5] gen   20  evals= 1080  best=0.0406
        [Trial 5] gen   40  evals= 2160  best=0.0406
        [Trial 5] gen   60  evals= 3240  best=0.0406
        [Done] Trial 5 best=0.0406
    --> Trial 6 | pop=33 seed=13725 x0_norm_min=-0.929 x0_norm_max=0.732
        [Pruned] Trial 6 at gen 15 (loss=0.0640)
    --> Trial 7 | pop=48 seed=59436 x0_norm_min=-0.779 x0_norm_max=0.922
        [Trial 7] gen   20  evals=  960  best=0.0501
        [Trial 7] gen   40  evals= 1920  best=0.0501
        [Pruned] Trial 7 at gen 45 (loss=0.0501)
    --> Trial 8 | pop=57 seed=2248 x0_norm_min=-0.814 x0_norm_max=0.843
        [Pruned] Trial 8 at gen 15 (loss=0.0644)
    --> Trial 9 | pop=46 seed=53771 x0_norm_min=-0.955 x0_norm_max=0.770
        [Trial 9] gen   20  evals=  920  best=0.0365
        [Trial 9] gen   40  evals= 1840  best=0.0365
        [Trial 9] gen   60  evals= 2760  best=0.0365
        [Done] Trial 9 best=0.0365
    --> Trial 10 | pop=44 seed=65126 x0_norm_min=-0.841 x0_norm_max=0.672
        [Pruned] Trial 10 at gen 15 (loss=0.0601)
    --> Trial 11 | pop=47 seed=98319 x0_norm_min=-0.781 x0_norm_max=0.859
        [Trial 11] gen   20  evals=  940  best=0.0469
        [Trial 11] gen   40  evals= 1880  best=0.0469
        [Pruned] Trial 11 at gen 45 (loss=0.0469)
    --> Trial 12 | pop=42 seed=76207 x0_norm_min=-0.402 x0_norm_max=0.428
        [Pruned] Trial 12 at gen 15 (loss=0.0611)
    --> Trial 13 | pop=51 seed=40841 x0_norm_min=-0.863 x0_norm_max=0.955
        [Pruned] Trial 13 at gen 15 (loss=0.0619)
    --> Trial 14 | pop=38 seed=81965 x0_norm_min=-0.897 x0_norm_max=-0.091
        [Trial 14] gen   20  evals=  760  best=0.0420
        [Trial 14] gen   40  evals= 1520  best=0.0420
        [Pruned] Trial 14 at gen 45 (loss=0.0420)
    --> Trial 15 | pop=60 seed=48945 x0_norm_min=-0.690 x0_norm_max=0.990
        [Pruned] Trial 15 at gen 15 (loss=0.0594)
    --> Trial 16 | pop=51 seed=22318 x0_norm_min=-0.776 x0_norm_max=0.982
        [Pruned] Trial 16 at gen 15 (loss=0.0597)
    --> Trial 17 | pop=47 seed=72732 x0_norm_min=-0.863 x0_norm_max=0.835
        [Trial 17] gen   20  evals=  940  best=0.0565
        [Trial 17] gen   40  evals= 1880  best=0.0501
        [Pruned] Trial 17 at gen 45 (loss=0.0501)
    --> Trial 18 | pop=34 seed=87962 x0_norm_min=-0.933 x0_norm_max=0.907
        [Pruned] Trial 18 at gen 15 (loss=0.0666)
    --> Trial 19 | pop=30 seed=50771 x0_norm_min=-0.948 x0_norm_max=0.822
        [Pruned] Trial 19 at gen 15 (loss=0.0590)

  Winner: Trial 9, loss=0.036479 (184s)
    Restarts run: 20
    mu: 32.713013
    D_mu: 1.617534
    T0_mu: 12.210819
    Ly: 1.291537
    op_x: 0.988387
    op_y: 0.964766
    NMSE: 0.003514
  [Saved] random_IR_0003

============================================================
[4/50] random_IR_0004.npz
  GT loss: 0.000000
    --> Trial 0 | pop=38 seed=422 x0_norm_min=-0.944 x0_norm_max=0.730
        [Trial 0] gen   20  evals=  760  best=0.0663
        [Trial 0] gen   40  evals= 1520  best=0.0608
        [Trial 0] gen   60  evals= 2280  best=0.0196
        [Trial 0] gen   80  evals= 3040  best=0.0177
        [Trial 0] gen  100  evals= 3800  best=0.0168
        [Done] Trial 0 best=0.0168
    --> Trial 1 | pop=50 seed=5115 x0_norm_min=-0.937 x0_norm_max=0.907
        [Pruned] Trial 1 at gen 15 (loss=0.0894)
    --> Trial 2 | pop=33 seed=8015 x0_norm_min=-0.344 x0_norm_max=0.824
        [Trial 2] gen   20  evals=  660  best=0.0596
        [Trial 2] gen   40  evals= 1320  best=0.0596
        [Pruned] Trial 2 at gen 45 (loss=0.0596)
    --> Trial 3 | pop=46 seed=69562 x0_norm_min=-0.797 x0_norm_max=0.622
        [Pruned] Trial 3 at gen 15 (loss=0.1060)
    --> Trial 4 | pop=56 seed=12155 x0_norm_min=-0.947 x0_norm_max=0.785
        [Pruned] Trial 4 at gen 15 (loss=0.0997)
    --> Trial 5 | pop=55 seed=67215 x0_norm_min=-0.748 x0_norm_max=0.981
        [Trial 5] gen   20  evals= 1100  best=0.0806
        [Trial 5] gen   40  evals= 2200  best=0.0806
        [Pruned] Trial 5 at gen 45 (loss=0.0806)
    --> Trial 6 | pop=44 seed=16606 x0_norm_min=-0.929 x0_norm_max=0.732
        [Trial 6] gen   20  evals=  880  best=0.0466
        [Trial 6] gen   40  evals= 1760  best=0.0466
        [Pruned] Trial 6 at gen 45 (loss=0.0466)
    --> Trial 7 | pop=47 seed=6446 x0_norm_min=-0.779 x0_norm_max=0.922
        [Pruned] Trial 7 at gen 15 (loss=0.0928)
    --> Trial 8 | pop=58 seed=20324 x0_norm_min=-0.814 x0_norm_max=0.843
        [Pruned] Trial 8 at gen 15 (loss=0.0975)
    --> Trial 9 | pop=51 seed=16740 x0_norm_min=-0.955 x0_norm_max=0.770
        [Pruned] Trial 9 at gen 15 (loss=0.1050)
    --> Trial 10 | pop=30 seed=94863 x0_norm_min=-0.841 x0_norm_max=0.672
        [Pruned] Trial 10 at gen 15 (loss=0.0935)
    --> Trial 11 | pop=39 seed=35219 x0_norm_min=-0.781 x0_norm_max=0.859
        [Pruned] Trial 11 at gen 15 (loss=0.1011)
    --> Trial 12 | pop=40 seed=34750 x0_norm_min=-0.402 x0_norm_max=0.428
        [Pruned] Trial 12 at gen 15 (loss=0.1020)
    --> Trial 13 | pop=40 seed=31178 x0_norm_min=-0.863 x0_norm_max=0.955
        [Pruned] Trial 13 at gen 15 (loss=0.1010)
    --> Trial 14 | pop=36 seed=48710 x0_norm_min=-0.897 x0_norm_max=-0.091
        [Pruned] Trial 14 at gen 15 (loss=0.0962)
    --> Trial 15 | pop=45 seed=119 x0_norm_min=-0.690 x0_norm_max=0.990
        [Trial 15] gen   20  evals=  900  best=0.0709
        [Trial 15] gen   40  evals= 1800  best=0.0576
        [Trial 15] gen   60  evals= 2700  best=0.0039
        [Trial 15] gen   80  evals= 3600  best=0.0001
        [Trial 15] gen  100  evals= 4500  best=0.0000
        [Done] Trial 15 best=0.0000
    --> Early stop triggered: trial 15 reached loss=0.000000 < 0.010000

  Winner: Trial 15, loss=0.000000 (187s)
    Restarts run: 16
    mu: 16.963255
    D_mu: 25.512884
    T0_mu: 58.930412
    Ly: 3.417582
    op_x: 0.580239
    op_y: 0.972920
    NMSE: 0.000214
  [Saved] random_IR_0004

============================================================
[5/50] random_IR_0005.npz
  GT loss: 0.000000
    --> Trial 0 | pop=30 seed=80811 x0_norm_min=-0.944 x0_norm_max=0.730
        [Trial 0] gen   20  evals=  600  best=0.0306
        [Trial 0] gen   40  evals= 1200  best=0.0012
        [Trial 0] gen   60  evals= 1800  best=0.0001
        [Trial 0] gen   80  evals= 2400  best=0.0000
        [Done] Trial 0 best=0.0000
    --> Early stop triggered: trial 0 reached loss=0.000000 < 0.010000

  Winner: Trial 0, loss=0.000000 (49s)
    Restarts run: 1
    mu: 41.112549
    D_mu: 5.059903
    T0_mu: 5.855656
    Ly: 2.613338
    op_x: 0.788426
    op_y: 0.519197
    NMSE: 0.000254
  [Saved] random_IR_0005

============================================================
[6/50] random_IR_0006.npz
  GT loss: 0.000000
    --> Trial 0 | pop=37 seed=92845 x0_norm_min=-0.944 x0_norm_max=0.730
        [Trial 0] gen   20  evals=  740  best=0.0555
        [Trial 0] gen   40  evals= 1480  best=0.0118
        [Trial 0] gen   60  evals= 2220  best=0.0003
        [Trial 0] gen   80  evals= 2960  best=0.0000
        [Done] Trial 0 best=0.0000
    --> Early stop triggered: trial 0 reached loss=0.000000 < 0.010000

  Winner: Trial 0, loss=0.000000 (43s)
    Restarts run: 1
    mu: 44.340542
    D_mu: 8.975890
    T0_mu: 8.876638
    Ly: 2.891037
    op_x: 0.686177
    op_y: 0.724144
    NMSE: 0.009855
  [Saved] random_IR_0006

============================================================
[7/50] random_IR_0007.npz
  GT loss: 0.000000
    --> Trial 0 | pop=52 seed=51940 x0_norm_min=-0.944 x0_norm_max=0.730
        [Trial 0] gen   20  evals= 1040  best=0.0281
        [Trial 0] gen   40  evals= 2080  best=0.0180
        [Trial 0] gen   60  evals= 3120  best=0.0179
        [Done] Trial 0 best=0.0179
    --> Trial 1 | pop=46 seed=64777 x0_norm_min=-0.937 x0_norm_max=0.907
        [Trial 1] gen   20  evals=  920  best=0.0228
        [Trial 1] gen   40  evals= 1840  best=0.0162
        [Trial 1] gen   60  evals= 2760  best=0.0120
        [Done] Trial 1 best=0.0120
    --> Trial 2 | pop=32 seed=53977 x0_norm_min=-0.344 x0_norm_max=0.824
        [Pruned] Trial 2 at gen 15 (loss=0.0319)
    --> Trial 3 | pop=57 seed=78149 x0_norm_min=-0.797 x0_norm_max=0.622
        [Trial 3] gen   20  evals= 1140  best=0.0213
        [Trial 3] gen   40  evals= 2280  best=0.0146
        [Trial 3] gen   60  evals= 3420  best=0.0120
        [Trial 3] gen   80  evals= 4560  best=0.0120
        [Done] Trial 3 best=0.0120
    --> Trial 4 | pop=58 seed=54981 x0_norm_min=-0.947 x0_norm_max=0.785
        [Pruned] Trial 4 at gen 15 (loss=0.0267)
    --> Trial 5 | pop=41 seed=22703 x0_norm_min=-0.748 x0_norm_max=0.981
        [Pruned] Trial 5 at gen 15 (loss=0.0267)
    --> Trial 6 | pop=37 seed=55106 x0_norm_min=-0.929 x0_norm_max=0.732
        [Pruned] Trial 6 at gen 15 (loss=0.0362)
    --> Trial 7 | pop=30 seed=10524 x0_norm_min=-0.779 x0_norm_max=0.922
        [Pruned] Trial 7 at gen 15 (loss=0.0846)
    --> Trial 8 | pop=41 seed=44723 x0_norm_min=-0.814 x0_norm_max=0.843
        [Trial 8] gen   20  evals=  820  best=0.0202
        [Trial 8] gen   40  evals= 1640  best=0.0023
        [Trial 8] gen   60  evals= 2460  best=0.0000
        [Done] Trial 8 best=0.0000
    --> Early stop triggered: trial 8 reached loss=0.000000 < 0.010000

  Winner: Trial 8, loss=0.000000 (849s)
    Restarts run: 9
    mu: 23.024335
    D_mu: 0.902728
    T0_mu: 35.745033
    Ly: 3.123010
    op_x: 0.573143
    op_y: 0.664552
    NMSE: 0.000295
  [Saved] random_IR_0007

============================================================
[8/50] random_IR_0008.npz
  GT loss: 0.000000
    --> Trial 0 | pop=45 seed=78313 x0_norm_min=-0.944 x0_norm_max=0.730
        [Trial 0] gen   20  evals=  900  best=0.0241
        [Trial 0] gen   40  evals= 1800  best=0.0043
        [Trial 0] gen   60  evals= 2700  best=0.0000
        [Trial 0] gen   80  evals= 3600  best=0.0000
        [Done] Trial 0 best=0.0000
    --> Early stop triggered: trial 0 reached loss=0.000000 < 0.010000

  Winner: Trial 0, loss=0.000000 (67s)
    Restarts run: 1
    mu: 68.791894
    D_mu: 3.761732
    T0_mu: 6.372838
    Ly: 2.154756
    op_x: 0.612265
    op_y: 0.589029
    NMSE: 0.000000
  [Saved] random_IR_0008

============================================================
[9/50] random_IR_0009.npz
  GT loss: 0.000000
    --> Trial 0 | pop=45 seed=11917 x0_norm_min=-0.944 x0_norm_max=0.730
        [Trial 0] gen   20  evals=  900  best=0.0330
        [Trial 0] gen   40  evals= 1800  best=0.0114
        [Trial 0] gen   60  evals= 2700  best=0.0094
        [Trial 0] gen   80  evals= 3600  best=0.0089
        [Done] Trial 0 best=0.0089
    --> Early stop triggered: trial 0 reached loss=0.008895 < 0.010000

  Winner: Trial 0, loss=0.008895 (70s)
    Restarts run: 1
    mu: 70.379907
    D_mu: 7.073362
    T0_mu: 10.687717
    Ly: 3.322355
    op_x: 0.510000
    op_y: 0.820615
    NMSE: 0.053760
  [Saved] random_IR_0009

============================================================
[10/50] random_IR_0010.npz
  GT loss: 0.000000
    --> Trial 0 | pop=34 seed=56655 x0_norm_min=-0.944 x0_norm_max=0.730
        [Trial 0] gen   20  evals=  680  best=0.0567
        [Trial 0] gen   40  evals= 1360  best=0.0540
        [Trial 0] gen   60  evals= 2040  best=0.0505
        [Trial 0] gen   80  evals= 2720  best=0.0493
        [Trial 0] gen  100  evals= 3400  best=0.0493
        [Done] Trial 0 best=0.0493
    --> Trial 1 | pop=56 seed=51999 x0_norm_min=-0.937 x0_norm_max=0.907
        [Trial 1] gen   20  evals= 1120  best=0.0372
        [Trial 1] gen   40  evals= 2240  best=0.0372
        [Trial 1] gen   60  evals= 3360  best=0.0372
        [Trial 1] gen   80  evals= 4480  best=0.0372
        [Done] Trial 1 best=0.0372
    --> Trial 2 | pop=59 seed=47408 x0_norm_min=-0.344 x0_norm_max=0.824
        [Trial 2] gen   20  evals= 1180  best=0.0300
        [Trial 2] gen   40  evals= 2360  best=0.0300
        [Trial 2] gen   60  evals= 3540  best=0.0300
        [Trial 2] gen   80  evals= 4720  best=0.0300
        [Done] Trial 2 best=0.0300
    --> Trial 3 | pop=31 seed=59128 x0_norm_min=-0.797 x0_norm_max=0.622
        [Pruned] Trial 3 at gen 15 (loss=0.0500)
    --> Trial 4 | pop=47 seed=3142 x0_norm_min=-0.947 x0_norm_max=0.785
        [Trial 4] gen   20  evals=  940  best=0.0492
        [Trial 4] gen   40  evals= 1880  best=0.0492
        [Pruned] Trial 4 at gen 45 (loss=0.0492)
    --> Trial 5 | pop=49 seed=38800 x0_norm_min=-0.748 x0_norm_max=0.981
        [Trial 5] gen   20  evals=  980  best=0.0450
        [Trial 5] gen   40  evals= 1960  best=0.0450
        [Pruned] Trial 5 at gen 45 (loss=0.0450)
    --> Trial 6 | pop=58 seed=38263 x0_norm_min=-0.929 x0_norm_max=0.732
        [Pruned] Trial 6 at gen 15 (loss=0.0546)
    --> Trial 7 | pop=44 seed=53797 x0_norm_min=-0.779 x0_norm_max=0.922
        [Pruned] Trial 7 at gen 15 (loss=0.1249)
    --> Trial 8 | pop=55 seed=14809 x0_norm_min=-0.814 x0_norm_max=0.843
        [Pruned] Trial 8 at gen 15 (loss=0.0566)
    --> Trial 9 | pop=58 seed=98406 x0_norm_min=-0.955 x0_norm_max=0.770
        [Trial 9] gen   20  evals= 1160  best=0.0217
        [Trial 9] gen   40  evals= 2320  best=0.0217
        [Trial 9] gen   60  evals= 3480  best=0.0217
        [Trial 9] gen   80  evals= 4640  best=0.0217
        [Done] Trial 9 best=0.0217
    --> Trial 10 | pop=39 seed=97110 x0_norm_min=-0.841 x0_norm_max=0.672
        [Pruned] Trial 10 at gen 15 (loss=0.0530)
    --> Trial 11 | pop=60 seed=84880 x0_norm_min=-0.781 x0_norm_max=0.859
        [Pruned] Trial 11 at gen 15 (loss=0.0632)
    --> Trial 12 | pop=52 seed=77606 x0_norm_min=-0.402 x0_norm_max=0.428
        [Pruned] Trial 12 at gen 15 (loss=0.0557)
    --> Trial 13 | pop=60 seed=76151 x0_norm_min=-0.863 x0_norm_max=0.955
        [Trial 13] gen   20  evals= 1200  best=0.0382
        [Trial 13] gen   40  evals= 2400  best=0.0065
        [Trial 13] gen   60  evals= 3600  best=0.0001
        [Trial 13] gen   80  evals= 4800  best=0.0000
        [Done] Trial 13 best=0.0000
    --> Early stop triggered: trial 13 reached loss=0.000000 < 0.010000

  Winner: Trial 13, loss=0.000000 (926s)
    Restarts run: 14
    mu: 36.230203
    D_mu: 1.299679
    T0_mu: 11.560692
    Ly: 1.500768
    op_x: 0.920572
    op_y: 0.557077
    NMSE: 0.000289
  [Saved] random_IR_0010

============================================================
[11/50] random_IR_0011.npz
  GT loss: 0.000000
    --> Trial 0 | pop=52 seed=94013 x0_norm_min=-0.944 x0_norm_max=0.730
        [Trial 0] gen   20  evals= 1040  best=0.0245
        [Trial 0] gen   40  evals= 2080  best=0.0010
        [Trial 0] gen   60  evals= 3120  best=0.0000
        [Done] Trial 0 best=0.0000
    --> Early stop triggered: trial 0 reached loss=0.000000 < 0.010000

  Winner: Trial 0, loss=0.000000 (75s)
    Restarts run: 1
    mu: 40.296606
    D_mu: 9.585269
    T0_mu: 24.615229
    Ly: 3.931692
    op_x: 0.529123
    op_y: 0.648568
    NMSE: 0.000006
  [Saved] random_IR_0011

============================================================
[12/50] random_IR_0012.npz
  GT loss: 0.000000
    --> Trial 0 | pop=36 seed=14607 x0_norm_min=-0.944 x0_norm_max=0.730
        [Trial 0] gen   20  evals=  720  best=0.0295
        [Trial 0] gen   40  evals= 1440  best=0.0263
        [Trial 0] gen   60  evals= 2160  best=0.0262
        [Done] Trial 0 best=0.0262
    --> Trial 1 | pop=36 seed=37287 x0_norm_min=-0.937 x0_norm_max=0.907
        [Pruned] Trial 1 at gen 15 (loss=0.0341)
    --> Trial 2 | pop=45 seed=80956 x0_norm_min=-0.344 x0_norm_max=0.824
        [Pruned] Trial 2 at gen 15 (loss=0.0488)
    --> Trial 3 | pop=57 seed=16843 x0_norm_min=-0.797 x0_norm_max=0.622
        [Pruned] Trial 3 at gen 15 (loss=0.0364)
    --> Trial 4 | pop=45 seed=77314 x0_norm_min=-0.947 x0_norm_max=0.785
        [Pruned] Trial 4 at gen 15 (loss=0.0432)
    --> Trial 5 | pop=54 seed=89689 x0_norm_min=-0.748 x0_norm_max=0.981
        [Pruned] Trial 5 at gen 15 (loss=0.0352)
    --> Trial 6 | pop=49 seed=89958 x0_norm_min=-0.929 x0_norm_max=0.732
        [Trial 6] gen   20  evals=  980  best=0.0202
        [Trial 6] gen   40  evals= 1960  best=0.0015
        [Trial 6] gen   60  evals= 2940  best=0.0000
        [Done] Trial 6 best=0.0000
    --> Early stop triggered: trial 6 reached loss=0.000000 < 0.010000

  Winner: Trial 6, loss=0.000000 (110s)
    Restarts run: 7
    mu: 38.544738
    D_mu: 6.578005
    T0_mu: 6.445152
    Ly: 1.448537
    op_x: 0.541272
    op_y: 0.849278
    NMSE: 0.006307
  [Saved] random_IR_0012

============================================================
[13/50] random_IR_0013.npz
  GT loss: 0.000000
    --> Trial 0 | pop=58 seed=99943 x0_norm_min=-0.944 x0_norm_max=0.730
        [Trial 0] gen   20  evals= 1160  best=0.0369
        [Trial 0] gen   40  evals= 2320  best=0.0081
        [Trial 0] gen   60  evals= 3480  best=0.0000
        [Done] Trial 0 best=0.0000
    --> Early stop triggered: trial 0 reached loss=0.000000 < 0.010000

  Winner: Trial 0, loss=0.000000 (46s)
    Restarts run: 1
    mu: 14.260555
    D_mu: 13.965427
    T0_mu: 60.507605
    Ly: 2.743119
    op_x: 0.965340
    op_y: 0.666120
    NMSE: 0.000488
  [Saved] random_IR_0013

============================================================
[14/50] random_IR_0014.npz
  GT loss: 0.000000
    --> Trial 0 | pop=37 seed=74363 x0_norm_min=-0.944 x0_norm_max=0.730
        [Trial 0] gen   20  evals=  740  best=0.0172
        [Trial 0] gen   40  evals= 1480  best=0.0011
        [Trial 0] gen   60  evals= 2220  best=0.0000
        [Done] Trial 0 best=0.0000
    --> Early stop triggered: trial 0 reached loss=0.000000 < 0.010000

  Winner: Trial 0, loss=0.000000 (67s)
    Restarts run: 1
    mu: 14.553918
    D_mu: 2.503181
    T0_mu: 59.587467
    Ly: 3.035508
    op_x: 0.797394
    op_y: 0.519840
    NMSE: 0.000099
  [Saved] random_IR_0014

============================================================
[15/50] random_IR_0015.npz
  GT loss: 0.000000
    --> Trial 0 | pop=40 seed=47106 x0_norm_min=-0.944 x0_norm_max=0.730
        [Trial 0] gen   20  evals=  800  best=0.0610
        [Trial 0] gen   40  evals= 1600  best=0.0610
        [Trial 0] gen   60  evals= 2400  best=0.0610
        [Trial 0] gen   80  evals= 3200  best=0.0610
        [Done] Trial 0 best=0.0610
    --> Trial 1 | pop=51 seed=5907 x0_norm_min=-0.937 x0_norm_max=0.907
        [Pruned] Trial 1 at gen 15 (loss=0.0718)
    --> Trial 2 | pop=39 seed=2868 x0_norm_min=-0.344 x0_norm_max=0.824
        [Pruned] Trial 2 at gen 15 (loss=0.0833)
    --> Trial 3 | pop=42 seed=99560 x0_norm_min=-0.797 x0_norm_max=0.622
        [Pruned] Trial 3 at gen 15 (loss=0.0754)
    --> Trial 4 | pop=41 seed=86285 x0_norm_min=-0.947 x0_norm_max=0.785
        [Pruned] Trial 4 at gen 15 (loss=0.0622)
    --> Trial 5 | pop=51 seed=88006 x0_norm_min=-0.748 x0_norm_max=0.981
        [Pruned] Trial 5 at gen 15 (loss=0.0674)
    --> Trial 6 | pop=46 seed=72824 x0_norm_min=-0.929 x0_norm_max=0.732
        [Pruned] Trial 6 at gen 15 (loss=0.0749)
    --> Trial 7 | pop=38 seed=97682 x0_norm_min=-0.779 x0_norm_max=0.922
        [Pruned] Trial 7 at gen 15 (loss=0.0731)
    --> Trial 8 | pop=33 seed=33310 x0_norm_min=-0.814 x0_norm_max=0.843
        [Pruned] Trial 8 at gen 15 (loss=0.0807)
    --> Trial 9 | pop=36 seed=30111 x0_norm_min=-0.955 x0_norm_max=0.770
        [Trial 9] gen   20  evals=  720  best=0.0662
        [Trial 9] gen   40  evals= 1440  best=0.0529
        [Trial 9] gen   60  evals= 2160  best=0.0491
        [Trial 9] gen   80  evals= 2880  best=0.0484
        [Done] Trial 9 best=0.0484
    --> Trial 10 | pop=59 seed=51180 x0_norm_min=-0.841 x0_norm_max=0.672
        [Pruned] Trial 10 at gen 15 (loss=0.0745)
    --> Trial 11 | pop=32 seed=33919 x0_norm_min=-0.781 x0_norm_max=0.859
        [Pruned] Trial 11 at gen 15 (loss=0.0739)
    --> Trial 12 | pop=35 seed=43324 x0_norm_min=-0.402 x0_norm_max=0.428
        [Pruned] Trial 12 at gen 15 (loss=0.0742)
    --> Trial 13 | pop=45 seed=19111 x0_norm_min=-0.863 x0_norm_max=0.955
        [Pruned] Trial 13 at gen 15 (loss=0.0827)
    --> Trial 14 | pop=36 seed=59941 x0_norm_min=-0.897 x0_norm_max=-0.091
        [Pruned] Trial 14 at gen 15 (loss=0.0748)
    --> Trial 15 | pop=30 seed=20415 x0_norm_min=-0.690 x0_norm_max=0.990
        [Pruned] Trial 15 at gen 15 (loss=0.0837)
    --> Trial 16 | pop=45 seed=63111 x0_norm_min=-0.776 x0_norm_max=0.982
        [Pruned] Trial 16 at gen 15 (loss=0.0869)
    --> Trial 17 | pop=50 seed=35367 x0_norm_min=-0.863 x0_norm_max=0.835
        [Trial 17] gen   20  evals= 1000  best=0.0686
        [Trial 17] gen   40  evals= 2000  best=0.0664
        [Pruned] Trial 17 at gen 45 (loss=0.0656)
    --> Trial 18 | pop=42 seed=16265 x0_norm_min=-0.933 x0_norm_max=0.907
        [Trial 18] gen   20  evals=  840  best=0.0619
        [Trial 18] gen   40  evals= 1680  best=0.0619
        [Pruned] Trial 18 at gen 45 (loss=0.0619)
    --> Trial 19 | pop=59 seed=49524 x0_norm_min=-0.948 x0_norm_max=0.822
        [Pruned] Trial 19 at gen 15 (loss=0.0777)

  Winner: Trial 9, loss=0.048369 (266s)
    Restarts run: 20
    mu: 10.892863
    D_mu: 2.237916
    T0_mu: 86.609161
    Ly: 2.449305
    op_x: 0.907732
    op_y: 0.716849
    NMSE: 0.030994
  [Saved] random_IR_0015

============================================================
[16/50] random_IR_0016.npz
  GT loss: 0.000000
    --> Trial 0 | pop=43 seed=315 x0_norm_min=-0.944 x0_norm_max=0.730
        [Trial 0] gen   20  evals=  860  best=0.0640
        [Trial 0] gen   40  evals= 1720  best=0.0640
        [Trial 0] gen   60  evals= 2580  best=0.0640
        [Trial 0] gen   80  evals= 3440  best=0.0640
        [Done] Trial 0 best=0.0640
    --> Trial 1 | pop=55 seed=4657 x0_norm_min=-0.937 x0_norm_max=0.907
        [Pruned] Trial 1 at gen 15 (loss=0.0969)
    --> Trial 2 | pop=49 seed=25318 x0_norm_min=-0.344 x0_norm_max=0.824
        [Pruned] Trial 2 at gen 15 (loss=0.0773)
    --> Trial 3 | pop=53 seed=18975 x0_norm_min=-0.797 x0_norm_max=0.622
        [Pruned] Trial 3 at gen 15 (loss=0.0875)
    --> Trial 4 | pop=30 seed=30678 x0_norm_min=-0.947 x0_norm_max=0.785
        [Pruned] Trial 4 at gen 15 (loss=0.0713)
    --> Trial 5 | pop=60 seed=1144 x0_norm_min=-0.748 x0_norm_max=0.981
        [Pruned] Trial 5 at gen 15 (loss=0.1005)
    --> Trial 6 | pop=48 seed=9199 x0_norm_min=-0.929 x0_norm_max=0.732
        [Trial 6] gen   20  evals=  960  best=0.0498
        [Trial 6] gen   40  evals= 1920  best=0.0106
        [Trial 6] gen   60  evals= 2880  best=0.0001
        [Trial 6] gen   80  evals= 3840  best=0.0000
        [Done] Trial 6 best=0.0000
    --> Early stop triggered: trial 6 reached loss=0.000000 < 0.010000

  Winner: Trial 6, loss=0.000000 (98s)
    Restarts run: 7
    mu: 19.791841
    D_mu: 32.390306
    T0_mu: 25.688567
    Ly: 2.770835
    op_x: 0.729019
    op_y: 0.924742
    NMSE: 0.000098
  [Saved] random_IR_0016

============================================================
[17/50] random_IR_0017.npz
  GT loss: 0.000000
    --> Trial 0 | pop=50 seed=61226 x0_norm_min=-0.944 x0_norm_max=0.730
        [Trial 0] gen   20  evals= 1000  best=0.0599
        [Trial 0] gen   40  evals= 2000  best=0.0506
        [Trial 0] gen   60  evals= 3000  best=0.0017
        [Trial 0] gen   80  evals= 4000  best=0.0000
        [Done] Trial 0 best=0.0000
    --> Early stop triggered: trial 0 reached loss=0.000000 < 0.010000

  Winner: Trial 0, loss=0.000000 (70s)
    Restarts run: 1
    mu: 16.776014
    D_mu: 8.701769
    T0_mu: 37.600784
    Ly: 3.128407
    op_x: 0.794860
    op_y: 0.942061
    NMSE: 0.000367
  [Saved] random_IR_0017

============================================================
[18/50] random_IR_0018.npz
  GT loss: 0.000000
    --> Trial 0 | pop=45 seed=85916 x0_norm_min=-0.944 x0_norm_max=0.730
        [Trial 0] gen   20  evals=  900  best=0.0716
        [Trial 0] gen   40  evals= 1800  best=0.0046
        [Trial 0] gen   60  evals= 2700  best=0.0000
        [Done] Trial 0 best=0.0000
    --> Early stop triggered: trial 0 reached loss=0.000000 < 0.010000

  Winner: Trial 0, loss=0.000000 (50s)
    Restarts run: 1
    mu: 29.214986
    D_mu: 10.973524
    T0_mu: 6.335691
    Ly: 3.108316
    op_x: 0.717679
    op_y: 0.807106
    NMSE: 0.039327
  [Saved] random_IR_0018

============================================================
[19/50] random_IR_0019.npz
  GT loss: 0.000000
    --> Trial 0 | pop=54 seed=86810 x0_norm_min=-0.944 x0_norm_max=0.730
        [Trial 0] gen   20  evals= 1080  best=0.0367
        [Trial 0] gen   40  evals= 2160  best=0.0315
        [Trial 0] gen   60  evals= 3240  best=0.0272
        [Trial 0] gen   80  evals= 4320  best=0.0254
        [Done] Trial 0 best=0.0254
    --> Trial 1 | pop=43 seed=52097 x0_norm_min=-0.937 x0_norm_max=0.907
        [Trial 1] gen   20  evals=  860  best=0.0156
        [Trial 1] gen   40  evals= 1720  best=0.0055
        [Trial 1] gen   60  evals= 2580  best=0.0001
        [Trial 1] gen   80  evals= 3440  best=0.0000
        [Done] Trial 1 best=0.0000
    --> Early stop triggered: trial 1 reached loss=0.000000 < 0.010000

  Winner: Trial 1, loss=0.000000 (90s)
    Restarts run: 2
    mu: 23.234006
    D_mu: 8.866463
    T0_mu: 37.934556
    Ly: 1.155639
    op_x: 0.719981
    op_y: 0.576453
    NMSE: 0.000529
  [Saved] random_IR_0019

============================================================
[20/50] random_IR_0020.npz
  GT loss: 0.000000
    --> Trial 0 | pop=54 seed=3119 x0_norm_min=-0.944 x0_norm_max=0.730
        [Trial 0] gen   20  evals= 1080  best=0.0358
        [Trial 0] gen   40  evals= 2160  best=0.0160
        [Trial 0] gen   60  evals= 3240  best=0.0009
        [Trial 0] gen   80  evals= 4320  best=0.0000
        [Done] Trial 0 best=0.0000
    --> Early stop triggered: trial 0 reached loss=0.000000 < 0.010000

  Winner: Trial 0, loss=0.000000 (37s)
    Restarts run: 1
    mu: 58.296838
    D_mu: 12.069377
    T0_mu: 13.553121
    Ly: 1.965053
    op_x: 0.829660
    op_y: 0.721304
    NMSE: 0.003446
  [Saved] random_IR_0020

============================================================
[21/50] random_IR_0021.npz
  GT loss: 0.000000
    --> Trial 0 | pop=50 seed=85454 x0_norm_min=-0.944 x0_norm_max=0.730
        [Trial 0] gen   20  evals= 1000  best=0.0152
        [Trial 0] gen   40  evals= 2000  best=0.0016
        [Trial 0] gen   60  evals= 3000  best=0.0000
        [Done] Trial 0 best=0.0000
    --> Early stop triggered: trial 0 reached loss=0.000000 < 0.010000

  Winner: Trial 0, loss=0.000000 (80s)
    Restarts run: 1
    mu: 47.384049
    D_mu: 5.378108
    T0_mu: 9.166343
    Ly: 3.699975
    op_x: 0.854808
    op_y: 0.559139
    NMSE: 0.000000
  [Saved] random_IR_0021

============================================================
[22/50] random_IR_0022.npz
  GT loss: 0.000000
    --> Trial 0 | pop=60 seed=9951 x0_norm_min=-0.944 x0_norm_max=0.730
        [Trial 0] gen   20  evals= 1200  best=0.0304
        [Trial 0] gen   40  evals= 2400  best=0.0304
        [Done] Trial 0 best=0.0304
    --> Trial 1 | pop=39 seed=13964 x0_norm_min=-0.937 x0_norm_max=0.907
        [Pruned] Trial 1 at gen 15 (loss=0.1155)
    --> Trial 2 | pop=36 seed=45468 x0_norm_min=-0.344 x0_norm_max=0.824
        [Pruned] Trial 2 at gen 15 (loss=0.1225)
    --> Trial 3 | pop=38 seed=69533 x0_norm_min=-0.797 x0_norm_max=0.622
        [Pruned] Trial 3 at gen 15 (loss=0.0676)
    --> Trial 4 | pop=42 seed=9177 x0_norm_min=-0.947 x0_norm_max=0.785
        [Pruned] Trial 4 at gen 15 (loss=0.0381)
    --> Trial 5 | pop=45 seed=63626 x0_norm_min=-0.748 x0_norm_max=0.981
        [Pruned] Trial 5 at gen 15 (loss=0.0946)
    --> Trial 6 | pop=44 seed=45531 x0_norm_min=-0.929 x0_norm_max=0.732
        [Pruned] Trial 6 at gen 15 (loss=0.1036)
    --> Trial 7 | pop=56 seed=87292 x0_norm_min=-0.779 x0_norm_max=0.922
        [Pruned] Trial 7 at gen 15 (loss=0.1239)
    --> Trial 8 | pop=59 seed=80814 x0_norm_min=-0.814 x0_norm_max=0.843
        [Pruned] Trial 8 at gen 15 (loss=0.0814)
    --> Trial 9 | pop=48 seed=28834 x0_norm_min=-0.955 x0_norm_max=0.770
        [Trial 9] gen   20  evals=  960  best=0.0595
        [Trial 9] gen   40  evals= 1920  best=0.0303
        [Trial 9] gen   60  evals= 2880  best=0.0087
        [Trial 9] gen   80  evals= 3840  best=0.0010
        [Trial 9] gen  100  evals= 4800  best=0.0000
        [Done] Trial 9 best=0.0000
    --> Early stop triggered: trial 9 reached loss=0.000000 < 0.010000

  Winner: Trial 9, loss=0.000000 (116s)
    Restarts run: 10
    mu: 17.017318
    D_mu: 50.429406
    T0_mu: 49.357104
    Ly: 3.766507
    op_x: 0.589553
    op_y: 0.811587
    NMSE: 0.000158
  [Saved] random_IR_0022

============================================================
[23/50] random_IR_0023.npz
  GT loss: 0.000000
    --> Trial 0 | pop=50 seed=84461 x0_norm_min=-0.944 x0_norm_max=0.730
        [Trial 0] gen   20  evals= 1000  best=0.0438
        [Trial 0] gen   40  evals= 2000  best=0.0257
        [Trial 0] gen   60  evals= 3000  best=0.0222
        [Trial 0] gen   80  evals= 4000  best=0.0221
        [Done] Trial 0 best=0.0221
    --> Trial 1 | pop=32 seed=17088 x0_norm_min=-0.937 x0_norm_max=0.907
        [Trial 1] gen   20  evals=  640  best=0.0353
        [Trial 1] gen   40  evals= 1280  best=0.0263
        [Pruned] Trial 1 at gen 45 (loss=0.0263)
    --> Trial 2 | pop=44 seed=58203 x0_norm_min=-0.344 x0_norm_max=0.824
        [Trial 2] gen   20  evals=  880  best=0.0268
        [Trial 2] gen   40  evals= 1760  best=0.0224
        [Trial 2] gen   60  evals= 2640  best=0.0221
        [Done] Trial 2 best=0.0221
    --> Trial 3 | pop=51 seed=99008 x0_norm_min=-0.797 x0_norm_max=0.622
        [Pruned] Trial 3 at gen 15 (loss=0.0546)
    --> Trial 4 | pop=37 seed=96594 x0_norm_min=-0.947 x0_norm_max=0.785
        [Pruned] Trial 4 at gen 15 (loss=0.0423)
    --> Trial 5 | pop=37 seed=60040 x0_norm_min=-0.748 x0_norm_max=0.981
        [Pruned] Trial 5 at gen 15 (loss=0.1005)
    --> Trial 6 | pop=51 seed=77769 x0_norm_min=-0.929 x0_norm_max=0.732
        [Pruned] Trial 6 at gen 15 (loss=0.1065)
    --> Trial 7 | pop=30 seed=83983 x0_norm_min=-0.779 x0_norm_max=0.922
        [Trial 7] gen   20  evals=  600  best=0.0157
        [Trial 7] gen   40  evals= 1200  best=0.0004
        [Trial 7] gen   60  evals= 1800  best=0.0000
        [Done] Trial 7 best=0.0000
    --> Early stop triggered: trial 7 reached loss=0.000000 < 0.010000

  Winner: Trial 7, loss=0.000000 (118s)
    Restarts run: 8
    mu: 53.516462
    D_mu: 16.886017
    T0_mu: 14.012407
    Ly: 1.459067
    op_x: 0.543921
    op_y: 0.851682
    NMSE: 0.000266
  [Saved] random_IR_0023

============================================================
[24/50] random_IR_0024.npz
  GT loss: 0.000000
    --> Trial 0 | pop=39 seed=33094 x0_norm_min=-0.944 x0_norm_max=0.730
        [Trial 0] gen   20  evals=  780  best=0.0277
        [Trial 0] gen   40  evals= 1560  best=0.0035
        [Trial 0] gen   60  evals= 2340  best=0.0000
        [Trial 0] gen   80  evals= 3120  best=0.0000
        [Done] Trial 0 best=0.0000
    --> Early stop triggered: trial 0 reached loss=0.000000 < 0.010000

  Winner: Trial 0, loss=0.000000 (32s)
    Restarts run: 1
    mu: 56.737396
    D_mu: 12.807331
    T0_mu: 10.744830
    Ly: 2.415313
    op_x: 0.515834
    op_y: 0.686396
    NMSE: 0.008939
  [Saved] random_IR_0024

============================================================
[25/50] random_IR_0025.npz
  GT loss: 0.000000
    --> Trial 0 | pop=35 seed=47878 x0_norm_min=-0.944 x0_norm_max=0.730
        [Trial 0] gen   20  evals=  700  best=0.0480
        [Trial 0] gen   40  evals= 1400  best=0.0480
        [Trial 0] gen   60  evals= 2100  best=0.0119
        [Trial 0] gen   80  evals= 2800  best=0.0078
        [Trial 0] gen  100  evals= 3500  best=0.0077
        [Done] Trial 0 best=0.0077
    --> Early stop triggered: trial 0 reached loss=0.007704 < 0.010000

  Winner: Trial 0, loss=0.007704 (49s)
    Restarts run: 1
    mu: 8.261341
    D_mu: 17.201766
    T0_mu: 0.001414
    Ly: 3.999995
    op_x: 0.510001
    op_y: 0.896706
    NMSE: 0.020605
  [Saved] random_IR_0025

============================================================
[26/50] random_IR_0026.npz
  GT loss: 0.000000
    --> Trial 0 | pop=49 seed=61271 x0_norm_min=-0.944 x0_norm_max=0.730
        [Trial 0] gen   20  evals=  980  best=0.0202
        [Trial 0] gen   40  evals= 1960  best=0.0165
        [Trial 0] gen   60  evals= 2940  best=0.0147
        [Done] Trial 0 best=0.0147
    --> Trial 1 | pop=49 seed=32787 x0_norm_min=-0.937 x0_norm_max=0.907
        [Trial 1] gen   20  evals=  980  best=0.0146
        [Trial 1] gen   40  evals= 1960  best=0.0146
        [Trial 1] gen   60  evals= 2940  best=0.0146
        [Done] Trial 1 best=0.0146
    --> Trial 2 | pop=59 seed=27638 x0_norm_min=-0.344 x0_norm_max=0.824
        [Pruned] Trial 2 at gen 15 (loss=0.0330)
    --> Trial 3 | pop=59 seed=9741 x0_norm_min=-0.797 x0_norm_max=0.622
        [Pruned] Trial 3 at gen 15 (loss=0.0165)
    --> Trial 4 | pop=45 seed=65698 x0_norm_min=-0.947 x0_norm_max=0.785
        [Pruned] Trial 4 at gen 15 (loss=0.0209)
    --> Trial 5 | pop=34 seed=29850 x0_norm_min=-0.748 x0_norm_max=0.981
        [Pruned] Trial 5 at gen 15 (loss=0.0233)
    --> Trial 6 | pop=57 seed=73981 x0_norm_min=-0.929 x0_norm_max=0.732
        [Trial 6] gen   20  evals= 1140  best=0.0139
        [Trial 6] gen   40  evals= 2280  best=0.0139
        [Trial 6] gen   60  evals= 3420  best=0.0139
        [Trial 6] gen   80  evals= 4560  best=0.0139
        [Done] Trial 6 best=0.0139
    --> Trial 7 | pop=37 seed=8439 x0_norm_min=-0.779 x0_norm_max=0.922
        [Pruned] Trial 7 at gen 15 (loss=0.0156)
    --> Trial 8 | pop=40 seed=87789 x0_norm_min=-0.814 x0_norm_max=0.843
        [Pruned] Trial 8 at gen 15 (loss=0.0170)
    --> Trial 9 | pop=36 seed=7689 x0_norm_min=-0.955 x0_norm_max=0.770
        [Pruned] Trial 9 at gen 15 (loss=0.0294)
    --> Trial 10 | pop=53 seed=98674 x0_norm_min=-0.841 x0_norm_max=0.672
        [Pruned] Trial 10 at gen 15 (loss=0.0376)
    --> Trial 11 | pop=53 seed=58389 x0_norm_min=-0.781 x0_norm_max=0.859
        [Trial 11] gen   20  evals= 1060  best=0.0111
        [Trial 11] gen   40  evals= 2120  best=0.0111
        [Trial 11] gen   60  evals= 3180  best=0.0111
        [Trial 11] gen   80  evals= 4240  best=0.0111
        [Done] Trial 11 best=0.0111
    --> Trial 12 | pop=55 seed=64544 x0_norm_min=-0.402 x0_norm_max=0.428
        [Pruned] Trial 12 at gen 15 (loss=0.0165)
    --> Trial 13 | pop=54 seed=49823 x0_norm_min=-0.863 x0_norm_max=0.955
        [Pruned] Trial 13 at gen 15 (loss=0.0203)
    --> Trial 14 | pop=49 seed=79980 x0_norm_min=-0.897 x0_norm_max=-0.091
        [Trial 14] gen   20  evals=  980  best=0.0162
        [Trial 14] gen   40  evals= 1960  best=0.0093
        [Trial 14] gen   60  evals= 2940  best=0.0022
        [Trial 14] gen   80  evals= 3920  best=0.0000
        [Done] Trial 14 best=0.0000
    --> Early stop triggered: trial 14 reached loss=0.000000 < 0.010000

  Winner: Trial 14, loss=0.000000 (725s)
    Restarts run: 15
    mu: 33.163881
    D_mu: 2.311484
    T0_mu: 24.884394
    Ly: 1.749393
    op_x: 0.590713
    op_y: 0.814575
    NMSE: 0.000268
  [Saved] random_IR_0026

============================================================
[27/50] random_IR_0027.npz
  GT loss: 0.000000
    --> Trial 0 | pop=52 seed=17691 x0_norm_min=-0.944 x0_norm_max=0.730
        [Trial 0] gen   20  evals= 1040  best=0.0402
        [Trial 0] gen   40  evals= 2080  best=0.0278
        [Trial 0] gen   60  evals= 3120  best=0.0273
        [Done] Trial 0 best=0.0273
    --> Trial 1 | pop=50 seed=25529 x0_norm_min=-0.937 x0_norm_max=0.907
        [Trial 1] gen   20  evals= 1000  best=0.0271
        [Trial 1] gen   40  evals= 2000  best=0.0137
        [Trial 1] gen   60  evals= 3000  best=0.0007
        [Trial 1] gen   80  evals= 4000  best=0.0000
        [Done] Trial 1 best=0.0000
    --> Early stop triggered: trial 1 reached loss=0.000000 < 0.010000

  Winner: Trial 1, loss=0.000000 (166s)
    Restarts run: 2
    mu: 29.198173
    D_mu: 3.609124
    T0_mu: 34.240241
    Ly: 2.773979
    op_x: 0.799021
    op_y: 0.867784
    NMSE: 0.000058
  [Saved] random_IR_0027

============================================================
[28/50] random_IR_0028.npz
  GT loss: 0.000000
    --> Trial 0 | pop=32 seed=23182 x0_norm_min=-0.944 x0_norm_max=0.730
        [Trial 0] gen   20  evals=  640  best=0.0600
        [Trial 0] gen   40  evals= 1280  best=0.0076
        [Trial 0] gen   60  evals= 1920  best=0.0003
        [Trial 0] gen   80  evals= 2560  best=0.0000
        [Done] Trial 0 best=0.0000
    --> Early stop triggered: trial 0 reached loss=0.000000 < 0.010000

  Winner: Trial 0, loss=0.000000 (19s)
    Restarts run: 1
    mu: 70.348895
    D_mu: 21.310949
    T0_mu: 13.665930
    Ly: 2.004628
    op_x: 0.872567
    op_y: 0.750313
    NMSE: 0.046817
  [Saved] random_IR_0028

============================================================
[29/50] random_IR_0029.npz
  GT loss: 0.000000
    --> Trial 0 | pop=40 seed=15581 x0_norm_min=-0.944 x0_norm_max=0.730
        [Trial 0] gen   20  evals=  800  best=0.0342
        [Trial 0] gen   40  evals= 1600  best=0.0231
        [Trial 0] gen   60  evals= 2400  best=0.0198
        [Trial 0] gen   80  evals= 3200  best=0.0195
        [Done] Trial 0 best=0.0195
    --> Trial 1 | pop=40 seed=35659 x0_norm_min=-0.937 x0_norm_max=0.907
        [Trial 1] gen   20  evals=  800  best=0.0207
        [Trial 1] gen   40  evals= 1600  best=0.0198
        [Trial 1] gen   60  evals= 2400  best=0.0179
        [Trial 1] gen   80  evals= 3200  best=0.0159
        [Trial 1] gen  100  evals= 4000  best=0.0158
        [Done] Trial 1 best=0.0158
    --> Trial 2 | pop=39 seed=49564 x0_norm_min=-0.344 x0_norm_max=0.824
        [Trial 2] gen   20  evals=  780  best=0.0291
        [Trial 2] gen   40  evals= 1560  best=0.0249
        [Trial 2] gen   60  evals= 2340  best=0.0172
        [Trial 2] gen   80  evals= 3120  best=0.0158
        [Done] Trial 2 best=0.0158
    --> Trial 3 | pop=49 seed=39716 x0_norm_min=-0.797 x0_norm_max=0.622
        [Trial 3] gen   20  evals=  980  best=0.0249
        [Trial 3] gen   40  evals= 1960  best=0.0178
        [Trial 3] gen   60  evals= 2940  best=0.0158
        [Done] Trial 3 best=0.0158
    --> Trial 4 | pop=58 seed=25394 x0_norm_min=-0.947 x0_norm_max=0.785
        [Pruned] Trial 4 at gen 15 (loss=0.0250)
    --> Trial 5 | pop=58 seed=63171 x0_norm_min=-0.748 x0_norm_max=0.981
        [Trial 5] gen   20  evals= 1160  best=0.0188
        [Trial 5] gen   40  evals= 2320  best=0.0166
        [Trial 5] gen   60  evals= 3480  best=0.0158
        [Done] Trial 5 best=0.0158
    --> Trial 6 | pop=37 seed=39348 x0_norm_min=-0.929 x0_norm_max=0.732
        [Pruned] Trial 6 at gen 15 (loss=0.0319)
    --> Trial 7 | pop=55 seed=73216 x0_norm_min=-0.779 x0_norm_max=0.922
        [Pruned] Trial 7 at gen 15 (loss=0.0288)
    --> Trial 8 | pop=37 seed=35127 x0_norm_min=-0.814 x0_norm_max=0.843
        [Pruned] Trial 8 at gen 15 (loss=0.0295)
    --> Trial 9 | pop=46 seed=62228 x0_norm_min=-0.955 x0_norm_max=0.770
        [Pruned] Trial 9 at gen 15 (loss=0.0335)
    --> Trial 10 | pop=48 seed=97949 x0_norm_min=-0.841 x0_norm_max=0.672
        [Pruned] Trial 10 at gen 15 (loss=0.0309)
    --> Trial 11 | pop=30 seed=2144 x0_norm_min=-0.781 x0_norm_max=0.859
        [Pruned] Trial 11 at gen 15 (loss=0.0378)
    --> Trial 12 | pop=50 seed=45677 x0_norm_min=-0.402 x0_norm_max=0.428
        [Trial 12] gen   20  evals= 1000  best=0.0212
        [Trial 12] gen   40  evals= 2000  best=0.0159
        [Trial 12] gen   60  evals= 3000  best=0.0158
        [Done] Trial 12 best=0.0158
    --> Trial 13 | pop=50 seed=51472 x0_norm_min=-0.863 x0_norm_max=0.955
        [Pruned] Trial 13 at gen 15 (loss=0.0270)
    --> Trial 14 | pop=53 seed=82406 x0_norm_min=-0.897 x0_norm_max=-0.091
        [Pruned] Trial 14 at gen 15 (loss=0.0337)
    --> Trial 15 | pop=46 seed=21381 x0_norm_min=-0.690 x0_norm_max=0.990
        [Pruned] Trial 15 at gen 15 (loss=0.0310)
    --> Trial 16 | pop=52 seed=51047 x0_norm_min=-0.776 x0_norm_max=0.982
        [Pruned] Trial 16 at gen 15 (loss=0.0271)
    --> Trial 17 | pop=44 seed=5071 x0_norm_min=-0.863 x0_norm_max=0.835
        [Trial 17] gen   20  evals=  880  best=0.0254
        [Trial 17] gen   40  evals= 1760  best=0.0209
        [Pruned] Trial 17 at gen 45 (loss=0.0189)
    --> Trial 18 | pop=55 seed=41433 x0_norm_min=-0.933 x0_norm_max=0.907
        [Trial 18] gen   20  evals= 1100  best=0.0251
        [Trial 18] gen   40  evals= 2200  best=0.0163
        [Trial 18] gen   60  evals= 3300  best=0.0158
        [Done] Trial 18 best=0.0158
    --> Trial 19 | pop=43 seed=62939 x0_norm_min=-0.948 x0_norm_max=0.822
        [Pruned] Trial 19 at gen 15 (loss=0.0272)

  Winner: Trial 12, loss=0.015825 (819s)
    Restarts run: 20
    mu: 43.839218
    D_mu: 3.888336
    T0_mu: 7.928778
    Ly: 3.522037
    op_x: 0.839117
    op_y: 0.584166
    NMSE: 0.078050
  [Saved] random_IR_0029

============================================================
[30/50] random_IR_0030.npz
  GT loss: 0.000000
    --> Trial 0 | pop=38 seed=95864 x0_norm_min=-0.944 x0_norm_max=0.730
        [Trial 0] gen   20  evals=  760  best=0.1057
        [Trial 0] gen   40  evals= 1520  best=0.1057
        [Trial 0] gen   60  evals= 2280  best=0.1057
        [Done] Trial 0 best=0.1057
    --> Trial 1 | pop=34 seed=97799 x0_norm_min=-0.937 x0_norm_max=0.907
        [Pruned] Trial 1 at gen 15 (loss=0.1185)
    --> Trial 2 | pop=51 seed=92432 x0_norm_min=-0.344 x0_norm_max=0.824
        [Pruned] Trial 2 at gen 15 (loss=0.1089)
    --> Trial 3 | pop=31 seed=69098 x0_norm_min=-0.797 x0_norm_max=0.622
        [Trial 3] gen   20  evals=  620  best=0.0418
        [Trial 3] gen   40  evals= 1240  best=0.0271
        [Trial 3] gen   60  evals= 1860  best=0.0250
        [Trial 3] gen   80  evals= 2480  best=0.0250
        [Done] Trial 3 best=0.0250
    --> Trial 4 | pop=47 seed=20042 x0_norm_min=-0.947 x0_norm_max=0.785
        [Pruned] Trial 4 at gen 15 (loss=0.1021)
    --> Trial 5 | pop=48 seed=57561 x0_norm_min=-0.748 x0_norm_max=0.981
        [Trial 5] gen   20  evals=  960  best=0.0450
        [Trial 5] gen   40  evals= 1920  best=0.0357
        [Pruned] Trial 5 at gen 45 (loss=0.0296)
    --> Trial 6 | pop=59 seed=32987 x0_norm_min=-0.929 x0_norm_max=0.732
        [Trial 6] gen   20  evals= 1180  best=0.0205
        [Trial 6] gen   40  evals= 2360  best=0.0171
        [Trial 6] gen   60  evals= 3540  best=0.0010
        [Trial 6] gen   80  evals= 4720  best=0.0000
        [Done] Trial 6 best=0.0000
    --> Early stop triggered: trial 6 reached loss=0.000000 < 0.010000

  Winner: Trial 6, loss=0.000000 (306s)
    Restarts run: 7
    mu: 35.044581
    D_mu: 0.962851
    T0_mu: 4.032779
    Ly: 1.620833
    op_x: 0.772866
    op_y: 0.949325
    NMSE: 0.005212
  [Saved] random_IR_0030

============================================================
[31/50] random_IR_0031.npz
  GT loss: 0.000000
    --> Trial 0 | pop=49 seed=47232 x0_norm_min=-0.944 x0_norm_max=0.730
        [Trial 0] gen   20  evals=  980  best=0.0658
        [Trial 0] gen   40  evals= 1960  best=0.0505
        [Trial 0] gen   60  evals= 2940  best=0.0458
        [Trial 0] gen   80  evals= 3920  best=0.0456
        [Done] Trial 0 best=0.0456
    --> Trial 1 | pop=54 seed=21710 x0_norm_min=-0.937 x0_norm_max=0.907
        [Trial 1] gen   20  evals= 1080  best=0.0550
        [Trial 1] gen   40  evals= 2160  best=0.0503
        [Pruned] Trial 1 at gen 45 (loss=0.0503)
    --> Trial 2 | pop=57 seed=46010 x0_norm_min=-0.344 x0_norm_max=0.824
        [Pruned] Trial 2 at gen 15 (loss=0.0648)
    --> Trial 3 | pop=33 seed=43819 x0_norm_min=-0.797 x0_norm_max=0.622
        [Pruned] Trial 3 at gen 15 (loss=0.0676)
    --> Trial 4 | pop=58 seed=90139 x0_norm_min=-0.947 x0_norm_max=0.785
        [Pruned] Trial 4 at gen 15 (loss=0.0572)
    --> Trial 5 | pop=57 seed=22055 x0_norm_min=-0.748 x0_norm_max=0.981
        [Trial 5] gen   20  evals= 1140  best=0.0213
        [Trial 5] gen   40  evals= 2280  best=0.0185
        [Trial 5] gen   60  evals= 3420  best=0.0182
        [Done] Trial 5 best=0.0182
    --> Trial 6 | pop=35 seed=23386 x0_norm_min=-0.929 x0_norm_max=0.732
        [Pruned] Trial 6 at gen 15 (loss=0.0712)
    --> Trial 7 | pop=39 seed=17315 x0_norm_min=-0.779 x0_norm_max=0.922
        [Pruned] Trial 7 at gen 15 (loss=0.0859)
    --> Trial 8 | pop=57 seed=24662 x0_norm_min=-0.814 x0_norm_max=0.843
        [Trial 8] gen   20  evals= 1140  best=0.0547
        [Trial 8] gen   40  evals= 2280  best=0.0485
        [Pruned] Trial 8 at gen 45 (loss=0.0485)
    --> Trial 9 | pop=44 seed=90442 x0_norm_min=-0.955 x0_norm_max=0.770
        [Trial 9] gen   20  evals=  880  best=0.0440
        [Trial 9] gen   40  evals= 1760  best=0.0186
        [Pruned] Trial 9 at gen 45 (loss=0.0186)
    --> Trial 10 | pop=48 seed=1295 x0_norm_min=-0.841 x0_norm_max=0.672
        [Trial 10] gen   20  evals=  960  best=0.0512
        [Trial 10] gen   40  evals= 1920  best=0.0217
        [Pruned] Trial 10 at gen 45 (loss=0.0194)
    --> Trial 11 | pop=50 seed=59394 x0_norm_min=-0.781 x0_norm_max=0.859
        [Pruned] Trial 11 at gen 15 (loss=0.0554)
    --> Trial 12 | pop=51 seed=64827 x0_norm_min=-0.402 x0_norm_max=0.428
        [Pruned] Trial 12 at gen 15 (loss=0.0614)
    --> Trial 13 | pop=45 seed=44663 x0_norm_min=-0.863 x0_norm_max=0.955
        [Pruned] Trial 13 at gen 15 (loss=0.0617)
    --> Trial 14 | pop=53 seed=68203 x0_norm_min=-0.897 x0_norm_max=-0.091
        [Pruned] Trial 14 at gen 15 (loss=0.0592)
    --> Trial 15 | pop=41 seed=1968 x0_norm_min=-0.690 x0_norm_max=0.990
        [Trial 15] gen   20  evals=  820  best=0.0246
        [Trial 15] gen   40  evals= 1640  best=0.0020
        [Trial 15] gen   60  evals= 2460  best=0.0000
        [Trial 15] gen   80  evals= 3280  best=0.0000
        [Done] Trial 15 best=0.0000
    --> Early stop triggered: trial 15 reached loss=0.000000 < 0.010000

  Winner: Trial 15, loss=0.000000 (510s)
    Restarts run: 16
    mu: 13.296552
    D_mu: 2.947463
    T0_mu: 48.082007
    Ly: 3.972128
    op_x: 0.881649
    op_y: 0.666793
    NMSE: 0.000004
  [Saved] random_IR_0031

============================================================
[32/50] random_IR_0032.npz
  GT loss: 0.000000
    --> Trial 0 | pop=36 seed=48682 x0_norm_min=-0.944 x0_norm_max=0.730
        [Trial 0] gen   20  evals=  720  best=0.0545
        [Trial 0] gen   40  evals= 1440  best=0.0104
        [Trial 0] gen   60  evals= 2160  best=0.0002
        [Trial 0] gen   80  evals= 2880  best=0.0000
        [Done] Trial 0 best=0.0000
    --> Early stop triggered: trial 0 reached loss=0.000000 < 0.010000

  Winner: Trial 0, loss=0.000000 (27s)
    Restarts run: 1
    mu: 54.540155
    D_mu: 14.059679
    T0_mu: 17.377059
    Ly: 2.212051
    op_x: 0.644074
    op_y: 0.901069
    NMSE: 0.000704
  [Saved] random_IR_0032

============================================================
[33/50] random_IR_0033.npz
  GT loss: 0.000000
    --> Trial 0 | pop=39 seed=75458 x0_norm_min=-0.944 x0_norm_max=0.730
        [Trial 0] gen   20  evals=  780  best=0.0729
        [Trial 0] gen   40  evals= 1560  best=0.0421
        [Trial 0] gen   60  evals= 2340  best=0.0204
        [Trial 0] gen   80  evals= 3120  best=0.0046
        [Trial 0] gen  100  evals= 3900  best=0.0000
        [Done] Trial 0 best=0.0000
    --> Early stop triggered: trial 0 reached loss=0.000000 < 0.010000

  Winner: Trial 0, loss=0.000000 (17s)
    Restarts run: 1
    mu: 24.558223
    D_mu: 67.282047
    T0_mu: 22.044924
    Ly: 1.638338
    op_x: 0.868226
    op_y: 0.634403
    NMSE: 0.000680
  [Saved] random_IR_0033

============================================================
[34/50] random_IR_0034.npz
  GT loss: 0.000000
    --> Trial 0 | pop=33 seed=95666 x0_norm_min=-0.944 x0_norm_max=0.730
        [Trial 0] gen   20  evals=  660  best=0.0273
        [Trial 0] gen   40  evals= 1320  best=0.0156
        [Trial 0] gen   60  evals= 1980  best=0.0016
        [Trial 0] gen   80  evals= 2640  best=0.0000
        [Trial 0] gen  100  evals= 3300  best=0.0000
        [Done] Trial 0 best=0.0000
    --> Early stop triggered: trial 0 reached loss=0.000000 < 0.010000

  Winner: Trial 0, loss=0.000000 (22s)
    Restarts run: 1
    mu: 49.470171
    D_mu: 17.497616
    T0_mu: 1.315662
    Ly: 1.718604
    op_x: 0.693496
    op_y: 0.737178
    NMSE: 0.013960
  [Saved] random_IR_0034

============================================================
[35/50] random_IR_0035.npz
  GT loss: 0.000000
    --> Trial 0 | pop=58 seed=54163 x0_norm_min=-0.944 x0_norm_max=0.730
        [Trial 0] gen   20  evals= 1160  best=0.0609
        [Trial 0] gen   40  evals= 2320  best=0.0356
        [Trial 0] gen   60  evals= 3480  best=0.0321
        [Done] Trial 0 best=0.0321
    --> Trial 1 | pop=40 seed=9136 x0_norm_min=-0.937 x0_norm_max=0.907
        [Pruned] Trial 1 at gen 15 (loss=0.0876)
    --> Trial 2 | pop=44 seed=75766 x0_norm_min=-0.344 x0_norm_max=0.824
        [Trial 2] gen   20  evals=  880  best=0.0557
        [Trial 2] gen   40  evals= 1760  best=0.0327
        [Trial 2] gen   60  evals= 2640  best=0.0321
        [Done] Trial 2 best=0.0321
    --> Trial 3 | pop=35 seed=61721 x0_norm_min=-0.797 x0_norm_max=0.622
        [Pruned] Trial 3 at gen 15 (loss=0.1118)
    --> Trial 4 | pop=37 seed=39816 x0_norm_min=-0.947 x0_norm_max=0.785
        [Trial 4] gen   20  evals=  740  best=0.0347
        [Trial 4] gen   40  evals= 1480  best=0.0324
        [Trial 4] gen   60  evals= 2220  best=0.0321
        [Done] Trial 4 best=0.0321
    --> Trial 5 | pop=32 seed=97212 x0_norm_min=-0.748 x0_norm_max=0.981
        [Pruned] Trial 5 at gen 15 (loss=0.1257)
    --> Trial 6 | pop=46 seed=56451 x0_norm_min=-0.929 x0_norm_max=0.732
        [Pruned] Trial 6 at gen 15 (loss=0.1442)
    --> Trial 7 | pop=48 seed=73932 x0_norm_min=-0.779 x0_norm_max=0.922
        [Trial 7] gen   20  evals=  960  best=0.0525
        [Trial 7] gen   40  evals= 1920  best=0.0385
        [Pruned] Trial 7 at gen 45 (loss=0.0342)
    --> Trial 8 | pop=56 seed=52318 x0_norm_min=-0.814 x0_norm_max=0.843
        [Pruned] Trial 8 at gen 15 (loss=0.1187)
    --> Trial 9 | pop=43 seed=60315 x0_norm_min=-0.955 x0_norm_max=0.770
        [Pruned] Trial 9 at gen 15 (loss=0.0665)
    --> Trial 10 | pop=56 seed=925 x0_norm_min=-0.841 x0_norm_max=0.672
        [Trial 10] gen   20  evals= 1120  best=0.0487
        [Trial 10] gen   40  evals= 2240  best=0.0334
        [Pruned] Trial 10 at gen 45 (loss=0.0334)
    --> Trial 11 | pop=51 seed=30055 x0_norm_min=-0.781 x0_norm_max=0.859
        [Trial 11] gen   20  evals= 1020  best=0.0394
        [Trial 11] gen   40  evals= 2040  best=0.0274
        [Trial 11] gen   60  evals= 3060  best=0.0113
        [Trial 11] gen   80  evals= 4080  best=0.0078
        [Trial 11] gen  100  evals= 5100  best=0.0000
        [Done] Trial 11 best=0.0000
    --> Early stop triggered: trial 11 reached loss=0.000000 < 0.010000

  Winner: Trial 11, loss=0.000000 (166s)
    Restarts run: 12
    mu: 17.974635
    D_mu: 31.371566
    T0_mu: 55.629205
    Ly: 1.905117
    op_x: 0.574748
    op_y: 0.861245
    NMSE: 0.000093
  [Saved] random_IR_0035

============================================================
[36/50] random_IR_0036.npz
  GT loss: 0.000000
    --> Trial 0 | pop=39 seed=36488 x0_norm_min=-0.944 x0_norm_max=0.730
        [Trial 0] gen   20  evals=  780  best=0.0631
        [Trial 0] gen   40  evals= 1560  best=0.0548
        [Done] Trial 0 best=0.0548
    --> Trial 1 | pop=47 seed=84823 x0_norm_min=-0.937 x0_norm_max=0.907
        [Trial 1] gen   20  evals=  940  best=0.0548
        [Trial 1] gen   40  evals= 1880  best=0.0548
        [Trial 1] gen   60  evals= 2820  best=0.0486
        [Trial 1] gen   80  evals= 3760  best=0.0479
        [Trial 1] gen  100  evals= 4700  best=0.0129
        [Trial 1] gen  120  evals= 5640  best=0.0000
        [Done] Trial 1 best=0.0000
    --> Early stop triggered: trial 1 reached loss=0.000000 < 0.010000

  Winner: Trial 1, loss=0.000000 (45s)
    Restarts run: 2
    mu: 61.927736
    D_mu: 25.997214
    T0_mu: 11.010561
    Ly: 2.248552
    op_x: 0.684398
    op_y: 0.970863
    NMSE: 0.031540
  [Saved] random_IR_0036

============================================================
[37/50] random_IR_0037.npz
  GT loss: 0.000000
    --> Trial 0 | pop=43 seed=27318 x0_norm_min=-0.944 x0_norm_max=0.730
        [Trial 0] gen   20  evals=  860  best=0.0809
        [Trial 0] gen   40  evals= 1720  best=0.0809
        [Done] Trial 0 best=0.0809
    --> Trial 1 | pop=45 seed=2489 x0_norm_min=-0.937 x0_norm_max=0.907
        [Pruned] Trial 1 at gen 15 (loss=0.0904)
    --> Trial 2 | pop=32 seed=18619 x0_norm_min=-0.344 x0_norm_max=0.824
        [Pruned] Trial 2 at gen 15 (loss=0.0884)
    --> Trial 3 | pop=36 seed=68802 x0_norm_min=-0.797 x0_norm_max=0.622
        [Pruned] Trial 3 at gen 15 (loss=0.0931)
    --> Trial 4 | pop=35 seed=89155 x0_norm_min=-0.947 x0_norm_max=0.785
        [Pruned] Trial 4 at gen 15 (loss=0.0926)
    --> Trial 5 | pop=33 seed=43820 x0_norm_min=-0.748 x0_norm_max=0.981
        [Pruned] Trial 5 at gen 15 (loss=0.0950)
    --> Trial 6 | pop=58 seed=2131 x0_norm_min=-0.929 x0_norm_max=0.732
        [Pruned] Trial 6 at gen 15 (loss=0.0905)
    --> Trial 7 | pop=38 seed=11818 x0_norm_min=-0.779 x0_norm_max=0.922
        [Trial 7] gen   20  evals=  760  best=0.0882
        [Trial 7] gen   40  evals= 1520  best=0.0809
        [Trial 7] gen   60  evals= 2280  best=0.0809
        [Done] Trial 7 best=0.0809
    --> Trial 8 | pop=47 seed=17354 x0_norm_min=-0.814 x0_norm_max=0.843
        [Pruned] Trial 8 at gen 15 (loss=0.0963)
    --> Trial 9 | pop=55 seed=8233 x0_norm_min=-0.955 x0_norm_max=0.770
        [Trial 9] gen   20  evals= 1100  best=0.0602
        [Trial 9] gen   40  evals= 2200  best=0.0602
        [Trial 9] gen   60  evals= 3300  best=0.0602
        [Done] Trial 9 best=0.0602
    --> Trial 10 | pop=59 seed=51529 x0_norm_min=-0.841 x0_norm_max=0.672
        [Trial 10] gen   20  evals= 1180  best=0.0809
        [Trial 10] gen   40  evals= 2360  best=0.0809
        [Pruned] Trial 10 at gen 45 (loss=0.0809)
    --> Trial 11 | pop=51 seed=34473 x0_norm_min=-0.781 x0_norm_max=0.859
        [Pruned] Trial 11 at gen 15 (loss=0.0927)
    --> Trial 12 | pop=53 seed=28678 x0_norm_min=-0.402 x0_norm_max=0.428
        [Pruned] Trial 12 at gen 15 (loss=0.0920)
    --> Trial 13 | pop=41 seed=55205 x0_norm_min=-0.863 x0_norm_max=0.955
        [Pruned] Trial 13 at gen 15 (loss=0.0937)
    --> Trial 14 | pop=53 seed=29466 x0_norm_min=-0.897 x0_norm_max=-0.091
        [Pruned] Trial 14 at gen 15 (loss=0.0918)
    --> Trial 15 | pop=43 seed=18471 x0_norm_min=-0.690 x0_norm_max=0.990
        [Pruned] Trial 15 at gen 15 (loss=0.0978)
    --> Trial 16 | pop=49 seed=98800 x0_norm_min=-0.776 x0_norm_max=0.982
        [Trial 16] gen   20  evals=  980  best=0.0519
        [Trial 16] gen   40  evals= 1960  best=0.0519
        [Trial 16] gen   60  evals= 2940  best=0.0519
        [Done] Trial 16 best=0.0519
    --> Trial 17 | pop=49 seed=83235 x0_norm_min=-0.863 x0_norm_max=0.835
        [Pruned] Trial 17 at gen 15 (loss=0.0885)
    --> Trial 18 | pop=56 seed=99634 x0_norm_min=-0.933 x0_norm_max=0.907
        [Pruned] Trial 18 at gen 15 (loss=0.0915)
    --> Trial 19 | pop=56 seed=72679 x0_norm_min=-0.948 x0_norm_max=0.822
        [Pruned] Trial 19 at gen 15 (loss=0.0933)

  Winner: Trial 16, loss=0.051867 (149s)
    Restarts run: 20
    mu: 15.634398
    D_mu: 54.604335
    T0_mu: 31.240026
    Ly: 3.346250
    op_x: 0.981761
    op_y: 0.962693
    NMSE: 0.024745
  [Saved] random_IR_0037

============================================================
[38/50] random_IR_0038.npz
  GT loss: 0.000000
    --> Trial 0 | pop=41 seed=84979 x0_norm_min=-0.944 x0_norm_max=0.730
        [Trial 0] gen   20  evals=  820  best=0.0484
        [Trial 0] gen   40  evals= 1640  best=0.0484
        [Trial 0] gen   60  evals= 2460  best=0.0484
        [Trial 0] gen   80  evals= 3280  best=0.0484
        [Trial 0] gen  100  evals= 4100  best=0.0033
        [Trial 0] gen  120  evals= 4920  best=0.0001
        [Trial 0] gen  140  evals= 5740  best=0.0000
        [Done] Trial 0 best=0.0000
    --> Early stop triggered: trial 0 reached loss=0.000000 < 0.010000

  Winner: Trial 0, loss=0.000000 (31s)
    Restarts run: 1
    mu: 50.464499
    D_mu: 26.172912
    T0_mu: 18.659253
    Ly: 1.947229
    op_x: 0.838303
    op_y: 0.894778
    NMSE: 0.031494
  [Saved] random_IR_0038

============================================================
[39/50] random_IR_0039.npz
  GT loss: 0.000000
    --> Trial 0 | pop=43 seed=74572 x0_norm_min=-0.944 x0_norm_max=0.730
        [Trial 0] gen   20  evals=  860  best=0.0577
        [Trial 0] gen   40  evals= 1720  best=0.0333
        [Trial 0] gen   60  evals= 2580  best=0.0080
        [Trial 0] gen   80  evals= 3440  best=0.0001
        [Trial 0] gen  100  evals= 4300  best=0.0000
        [Done] Trial 0 best=0.0000
    --> Early stop triggered: trial 0 reached loss=0.000000 < 0.010000

  Winner: Trial 0, loss=0.000000 (34s)
    Restarts run: 1
    mu: 14.259469
    D_mu: 18.639171
    T0_mu: 1.643251
    Ly: 1.917020
    op_x: 0.939385
    op_y: 0.675736
    NMSE: 0.009235
  [Saved] random_IR_0039

============================================================
[40/50] random_IR_0040.npz
  GT loss: 0.000000
    --> Trial 0 | pop=36 seed=10774 x0_norm_min=-0.944 x0_norm_max=0.730
        [Trial 0] gen   20  evals=  720  best=0.1182
        [Trial 0] gen   40  evals= 1440  best=0.0939
        [Trial 0] gen   60  evals= 2160  best=0.0855
        [Trial 0] gen   80  evals= 2880  best=0.0849
        [Done] Trial 0 best=0.0849
    --> Trial 1 | pop=55 seed=29302 x0_norm_min=-0.937 x0_norm_max=0.907
        [Trial 1] gen   20  evals= 1100  best=0.1112
        [Trial 1] gen   40  evals= 2200  best=0.0901
        [Trial 1] gen   60  evals= 3300  best=0.0849
        [Trial 1] gen   80  evals= 4400  best=0.0849
        [Done] Trial 1 best=0.0849
    --> Trial 2 | pop=30 seed=10414 x0_norm_min=-0.344 x0_norm_max=0.824
        [Pruned] Trial 2 at gen 15 (loss=0.1142)
    --> Trial 3 | pop=58 seed=34338 x0_norm_min=-0.797 x0_norm_max=0.622
        [Trial 3] gen   20  evals= 1160  best=0.0404
        [Trial 3] gen   40  evals= 2320  best=0.0404
        [Trial 3] gen   60  evals= 3480  best=0.0404
        [Trial 3] gen   80  evals= 4640  best=0.0404
        [Done] Trial 3 best=0.0404
    --> Trial 4 | pop=39 seed=35623 x0_norm_min=-0.947 x0_norm_max=0.785
        [Pruned] Trial 4 at gen 15 (loss=0.1084)
    --> Trial 5 | pop=36 seed=79694 x0_norm_min=-0.748 x0_norm_max=0.981
        [Trial 5] gen   20  evals=  720  best=0.0268
        [Trial 5] gen   40  evals= 1440  best=0.0120
        [Trial 5] gen   60  evals= 2160  best=0.0002
        [Trial 5] gen   80  evals= 2880  best=0.0000
        [Done] Trial 5 best=0.0000
    --> Early stop triggered: trial 5 reached loss=0.000000 < 0.010000

  Winner: Trial 5, loss=0.000000 (407s)
    Restarts run: 6
    mu: 33.089250
    D_mu: 3.103295
    T0_mu: 24.466852
    Ly: 3.888548
    op_x: 0.818854
    op_y: 0.938405
    NMSE: 0.000502
  [Saved] random_IR_0040

============================================================
[41/50] random_IR_0041.npz
  GT loss: 0.000000
    --> Trial 0 | pop=43 seed=99321 x0_norm_min=-0.944 x0_norm_max=0.730
        [Trial 0] gen   20  evals=  860  best=0.0652
        [Trial 0] gen   40  evals= 1720  best=0.0560
        [Trial 0] gen   60  evals= 2580  best=0.0509
        [Trial 0] gen   80  evals= 3440  best=0.0483
        [Trial 0] gen  100  evals= 4300  best=0.0482
        [Done] Trial 0 best=0.0482
    --> Trial 1 | pop=53 seed=46137 x0_norm_min=-0.937 x0_norm_max=0.907
        [Trial 1] gen   20  evals= 1060  best=0.0529
        [Trial 1] gen   40  evals= 2120  best=0.0529
        [Trial 1] gen   60  evals= 3180  best=0.0529
        [Trial 1] gen   80  evals= 4240  best=0.0529
        [Trial 1] gen  100  evals= 5300  best=0.0529
        [Trial 1] gen  120  evals= 6360  best=0.0529
        [Trial 1] gen  140  evals= 7420  best=0.0529
        [Done] Trial 1 best=0.0529
    --> Trial 2 | pop=60 seed=23594 x0_norm_min=-0.344 x0_norm_max=0.824
        [Pruned] Trial 2 at gen 15 (loss=0.0599)
    --> Trial 3 | pop=54 seed=48880 x0_norm_min=-0.797 x0_norm_max=0.622
        [Pruned] Trial 3 at gen 15 (loss=0.0552)
    --> Trial 4 | pop=40 seed=23806 x0_norm_min=-0.947 x0_norm_max=0.785
        [Pruned] Trial 4 at gen 15 (loss=0.0551)
    --> Trial 5 | pop=36 seed=45766 x0_norm_min=-0.748 x0_norm_max=0.981
        [Pruned] Trial 5 at gen 15 (loss=0.0843)
    --> Trial 6 | pop=52 seed=27587 x0_norm_min=-0.929 x0_norm_max=0.732
        [Pruned] Trial 6 at gen 15 (loss=0.0674)
    --> Trial 7 | pop=33 seed=62095 x0_norm_min=-0.779 x0_norm_max=0.922
        [Pruned] Trial 7 at gen 15 (loss=0.0636)
    --> Trial 8 | pop=41 seed=37934 x0_norm_min=-0.814 x0_norm_max=0.843
        [Pruned] Trial 8 at gen 15 (loss=0.0738)
    --> Trial 9 | pop=32 seed=46585 x0_norm_min=-0.955 x0_norm_max=0.770
        [Pruned] Trial 9 at gen 15 (loss=0.0820)
    --> Trial 10 | pop=46 seed=98133 x0_norm_min=-0.841 x0_norm_max=0.672
        [Pruned] Trial 10 at gen 15 (loss=0.0556)
    --> Trial 11 | pop=48 seed=1402 x0_norm_min=-0.781 x0_norm_max=0.859
        [Pruned] Trial 11 at gen 15 (loss=0.0599)
    --> Trial 12 | pop=59 seed=95516 x0_norm_min=-0.402 x0_norm_max=0.428
        [Pruned] Trial 12 at gen 15 (loss=0.0607)
    --> Trial 13 | pop=46 seed=77150 x0_norm_min=-0.863 x0_norm_max=0.955
        [Pruned] Trial 13 at gen 15 (loss=0.0591)
    --> Trial 14 | pop=53 seed=78899 x0_norm_min=-0.897 x0_norm_max=-0.091
        [Trial 14] gen   20  evals= 1060  best=0.0484
        [Trial 14] gen   40  evals= 2120  best=0.0484
        [Trial 14] gen   60  evals= 3180  best=0.0484
        [Trial 14] gen   80  evals= 4240  best=0.0484
        [Trial 14] gen  100  evals= 5300  best=0.0484
        [Trial 14] gen  120  evals= 6360  best=0.0484
        [Trial 14] gen  140  evals= 7420  best=0.0484
        [Trial 14] gen  160  evals= 8480  best=0.0484
        [Trial 14] gen  180  evals= 9540  best=0.0484
        [Trial 14] gen  200  evals=10600  best=0.0484
        [Done] Trial 14 best=0.0484
    --> Trial 15 | pop=42 seed=79219 x0_norm_min=-0.690 x0_norm_max=0.990
        [Pruned] Trial 15 at gen 15 (loss=0.0666)
    --> Trial 16 | pop=50 seed=81241 x0_norm_min=-0.776 x0_norm_max=0.982
        [Pruned] Trial 16 at gen 15 (loss=0.0588)
    --> Trial 17 | pop=56 seed=66436 x0_norm_min=-0.863 x0_norm_max=0.835
        [Pruned] Trial 17 at gen 15 (loss=0.0606)
    --> Trial 18 | pop=37 seed=89568 x0_norm_min=-0.933 x0_norm_max=0.907
        [Pruned] Trial 18 at gen 15 (loss=0.0741)
    --> Trial 19 | pop=45 seed=66521 x0_norm_min=-0.948 x0_norm_max=0.822
        [Pruned] Trial 19 at gen 15 (loss=0.0655)

  Winner: Trial 0, loss=0.048235 (175s)
    Restarts run: 20
    mu: 13.924977
    D_mu: 79.403004
    T0_mu: 10.828346
    Ly: 1.964756
    op_x: 0.998420
    op_y: 0.999790
    NMSE: 0.121888
  [Saved] random_IR_0041

============================================================
[42/50] random_IR_0042.npz
  GT loss: 0.000000
    --> Trial 0 | pop=38 seed=26450 x0_norm_min=-0.944 x0_norm_max=0.730
        [Trial 0] gen   20  evals=  760  best=0.0442
        [Trial 0] gen   40  evals= 1520  best=0.0283
        [Trial 0] gen   60  evals= 2280  best=0.0003
        [Trial 0] gen   80  evals= 3040  best=0.0000
        [Done] Trial 0 best=0.0000
    --> Early stop triggered: trial 0 reached loss=0.000000 < 0.010000

  Winner: Trial 0, loss=0.000000 (40s)
    Restarts run: 1
    mu: 40.647306
    D_mu: 7.464900
    T0_mu: 22.845679
    Ly: 2.487258
    op_x: 0.912871
    op_y: 0.602988
    NMSE: 0.002486
  [Saved] random_IR_0042

============================================================
[43/50] random_IR_0043.npz
  GT loss: 0.000000
    --> Trial 0 | pop=46 seed=33499 x0_norm_min=-0.944 x0_norm_max=0.730
        [Trial 0] gen   20  evals=  920  best=0.0706
        [Trial 0] gen   40  evals= 1840  best=0.0629
        [Done] Trial 0 best=0.0629
    --> Trial 1 | pop=41 seed=66064 x0_norm_min=-0.937 x0_norm_max=0.907
        [Trial 1] gen   20  evals=  820  best=0.0629
        [Trial 1] gen   40  evals= 1640  best=0.0629
        [Done] Trial 1 best=0.0629
    --> Trial 2 | pop=40 seed=13667 x0_norm_min=-0.344 x0_norm_max=0.824
        [Pruned] Trial 2 at gen 15 (loss=0.0696)
    --> Trial 3 | pop=60 seed=86434 x0_norm_min=-0.797 x0_norm_max=0.622
        [Pruned] Trial 3 at gen 15 (loss=0.0732)
    --> Trial 4 | pop=33 seed=19150 x0_norm_min=-0.947 x0_norm_max=0.785
        [Pruned] Trial 4 at gen 15 (loss=0.0661)
    --> Trial 5 | pop=33 seed=52709 x0_norm_min=-0.748 x0_norm_max=0.981
        [Pruned] Trial 5 at gen 15 (loss=0.0796)
    --> Trial 6 | pop=43 seed=96318 x0_norm_min=-0.929 x0_norm_max=0.732
        [Trial 6] gen   20  evals=  860  best=0.0644
        [Trial 6] gen   40  evals= 1720  best=0.0629
        [Done] Trial 6 best=0.0629
    --> Trial 7 | pop=39 seed=52337 x0_norm_min=-0.779 x0_norm_max=0.922
        [Pruned] Trial 7 at gen 15 (loss=0.0724)
    --> Trial 8 | pop=47 seed=58878 x0_norm_min=-0.814 x0_norm_max=0.843
        [Pruned] Trial 8 at gen 15 (loss=0.0818)
    --> Trial 9 | pop=59 seed=93244 x0_norm_min=-0.955 x0_norm_max=0.770
        [Pruned] Trial 9 at gen 15 (loss=0.0710)
    --> Trial 10 | pop=51 seed=33340 x0_norm_min=-0.841 x0_norm_max=0.672
        [Pruned] Trial 10 at gen 15 (loss=0.0732)
    --> Trial 11 | pop=50 seed=70420 x0_norm_min=-0.781 x0_norm_max=0.859
        [Pruned] Trial 11 at gen 15 (loss=0.0730)
    --> Trial 12 | pop=45 seed=34396 x0_norm_min=-0.402 x0_norm_max=0.428
        [Pruned] Trial 12 at gen 15 (loss=0.0728)
    --> Trial 13 | pop=37 seed=389 x0_norm_min=-0.863 x0_norm_max=0.955
        [Trial 13] gen   20  evals=  740  best=0.0629
        [Trial 13] gen   40  evals= 1480  best=0.0629
        [Done] Trial 13 best=0.0629
    --> Trial 14 | pop=53 seed=76413 x0_norm_min=-0.897 x0_norm_max=-0.091
        [Pruned] Trial 14 at gen 15 (loss=0.0705)
    --> Trial 15 | pop=42 seed=43629 x0_norm_min=-0.690 x0_norm_max=0.990
        [Pruned] Trial 15 at gen 15 (loss=0.0736)
    --> Trial 16 | pop=55 seed=73159 x0_norm_min=-0.776 x0_norm_max=0.982
        [Pruned] Trial 16 at gen 15 (loss=0.0712)
    --> Trial 17 | pop=47 seed=28658 x0_norm_min=-0.863 x0_norm_max=0.835
        [Trial 17] gen   20  evals=  940  best=0.0669
        [Trial 17] gen   40  evals= 1880  best=0.0629
        [Done] Trial 17 best=0.0629
    --> Trial 18 | pop=38 seed=64269 x0_norm_min=-0.933 x0_norm_max=0.907
        [Pruned] Trial 18 at gen 15 (loss=0.0765)
    --> Trial 19 | pop=36 seed=40959 x0_norm_min=-0.948 x0_norm_max=0.822
        [Trial 19] gen   20  evals=  720  best=0.0670
        [Trial 19] gen   40  evals= 1440  best=0.0629
        [Trial 19] gen   60  evals= 2160  best=0.0629
        [Done] Trial 19 best=0.0629

  Winner: Trial 0, loss=0.062881 (155s)
    Restarts run: 20
    mu: 47.048901
    D_mu: 41.706398
    T0_mu: 17.972566
    Ly: 1.979572
    op_x: 0.999998
    op_y: 1.000000
    NMSE: 0.017228
  [Saved] random_IR_0043

============================================================
[44/50] random_IR_0044.npz
  GT loss: 0.000000
    --> Trial 0 | pop=33 seed=72453 x0_norm_min=-0.944 x0_norm_max=0.730
        [Trial 0] gen   20  evals=  660  best=0.0087
        [Trial 0] gen   40  evals= 1320  best=0.0053
        [Trial 0] gen   60  evals= 1980  best=0.0003
        [Trial 0] gen   80  evals= 2640  best=0.0000
        [Done] Trial 0 best=0.0000
    --> Early stop triggered: trial 0 reached loss=0.000000 < 0.010000

  Winner: Trial 0, loss=0.000000 (62s)
    Restarts run: 1
    mu: 49.904643
    D_mu: 4.916575
    T0_mu: 3.440651
    Ly: 3.344761
    op_x: 0.574834
    op_y: 0.536171
    NMSE: 0.010780
  [Saved] random_IR_0044

============================================================
[45/50] random_IR_0045.npz
  GT loss: 0.000000
    --> Trial 0 | pop=30 seed=27523 x0_norm_min=-0.944 x0_norm_max=0.730
        [Trial 0] gen   20  evals=  600  best=0.1254
        [Trial 0] gen   40  evals= 1200  best=0.0919
        [Trial 0] gen   60  evals= 1800  best=0.0266
        [Trial 0] gen   80  evals= 2400  best=0.0237
        [Trial 0] gen  100  evals= 3000  best=0.0236
        [Done] Trial 0 best=0.0236
    --> Trial 1 | pop=48 seed=83248 x0_norm_min=-0.937 x0_norm_max=0.907
        [Pruned] Trial 1 at gen 15 (loss=0.1473)
    --> Trial 2 | pop=50 seed=50308 x0_norm_min=-0.344 x0_norm_max=0.824
        [Trial 2] gen   20  evals= 1000  best=0.0778
        [Trial 2] gen   40  evals= 2000  best=0.0648
        [Pruned] Trial 2 at gen 45 (loss=0.0628)
    --> Trial 3 | pop=34 seed=91022 x0_norm_min=-0.797 x0_norm_max=0.622
        [Trial 3] gen   20  evals=  680  best=0.0760
        [Trial 3] gen   40  evals= 1360  best=0.0721
        [Pruned] Trial 3 at gen 45 (loss=0.0719)
    --> Trial 4 | pop=50 seed=60102 x0_norm_min=-0.947 x0_norm_max=0.785
        [Pruned] Trial 4 at gen 15 (loss=0.0788)
    --> Trial 5 | pop=45 seed=67560 x0_norm_min=-0.748 x0_norm_max=0.981
        [Trial 5] gen   20  evals=  900  best=0.0739
        [Trial 5] gen   40  evals= 1800  best=0.0643
        [Pruned] Trial 5 at gen 45 (loss=0.0639)
    --> Trial 6 | pop=47 seed=29368 x0_norm_min=-0.929 x0_norm_max=0.732
        [Trial 6] gen   20  evals=  940  best=0.0691
        [Trial 6] gen   40  evals= 1880  best=0.0619
        [Pruned] Trial 6 at gen 45 (loss=0.0616)
    --> Trial 7 | pop=45 seed=35588 x0_norm_min=-0.779 x0_norm_max=0.922
        [Pruned] Trial 7 at gen 15 (loss=0.1127)
    --> Trial 8 | pop=32 seed=64373 x0_norm_min=-0.814 x0_norm_max=0.843
        [Pruned] Trial 8 at gen 15 (loss=0.1568)
    --> Trial 9 | pop=37 seed=51118 x0_norm_min=-0.955 x0_norm_max=0.770
        [Pruned] Trial 9 at gen 15 (loss=0.0933)
    --> Trial 10 | pop=60 seed=1658 x0_norm_min=-0.841 x0_norm_max=0.672
        [Pruned] Trial 10 at gen 15 (loss=0.1459)
    --> Trial 11 | pop=40 seed=20518 x0_norm_min=-0.781 x0_norm_max=0.859
        [Trial 11] gen   20  evals=  800  best=0.0763
        [Trial 11] gen   40  evals= 1600  best=0.0625
        [Pruned] Trial 11 at gen 45 (loss=0.0621)
    --> Trial 12 | pop=59 seed=29762 x0_norm_min=-0.402 x0_norm_max=0.428
        [Trial 12] gen   20  evals= 1180  best=0.0719
        [Trial 12] gen   40  evals= 2360  best=0.0683
        [Pruned] Trial 12 at gen 45 (loss=0.0645)
    --> Trial 13 | pop=30 seed=8090 x0_norm_min=-0.863 x0_norm_max=0.955
        [Pruned] Trial 13 at gen 15 (loss=0.0762)
    --> Trial 14 | pop=56 seed=20437 x0_norm_min=-0.897 x0_norm_max=-0.091
        [Pruned] Trial 14 at gen 15 (loss=0.0842)
    --> Trial 15 | pop=40 seed=33706 x0_norm_min=-0.690 x0_norm_max=0.990
        [Pruned] Trial 15 at gen 15 (loss=0.0854)
    --> Trial 16 | pop=54 seed=16411 x0_norm_min=-0.776 x0_norm_max=0.982
        [Pruned] Trial 16 at gen 15 (loss=0.1090)
    --> Trial 17 | pop=37 seed=41645 x0_norm_min=-0.863 x0_norm_max=0.835
        [Pruned] Trial 17 at gen 15 (loss=0.0870)
    --> Trial 18 | pop=43 seed=25434 x0_norm_min=-0.933 x0_norm_max=0.907
        [Pruned] Trial 18 at gen 15 (loss=0.1322)
    --> Trial 19 | pop=54 seed=43659 x0_norm_min=-0.948 x0_norm_max=0.822
        [Pruned] Trial 19 at gen 15 (loss=0.0839)

  Winner: Trial 0, loss=0.023638 (364s)
    Restarts run: 20
    mu: 7.161678
    D_mu: 4.097796
    T0_mu: 135.989997
    Ly: 4.000000
    op_x: 0.539657
    op_y: 0.833688
    NMSE: 0.012822
  [Saved] random_IR_0045

============================================================
[46/50] random_IR_0046.npz
  GT loss: 0.000000
    --> Trial 0 | pop=51 seed=82105 x0_norm_min=-0.944 x0_norm_max=0.730
        [Trial 0] gen   20  evals= 1020  best=0.0223
        [Trial 0] gen   40  evals= 2040  best=0.0027
        [Trial 0] gen   60  evals= 3060  best=0.0000
        [Done] Trial 0 best=0.0000
    --> Early stop triggered: trial 0 reached loss=0.000000 < 0.010000

  Winner: Trial 0, loss=0.000000 (39s)
    Restarts run: 1
    mu: 76.650342
    D_mu: 6.125041
    T0_mu: 11.162414
    Ly: 1.811563
    op_x: 0.642495
    op_y: 0.574418
    NMSE: 0.011077
  [Saved] random_IR_0046

============================================================
[47/50] random_IR_0047.npz
  GT loss: 0.000000
    --> Trial 0 | pop=37 seed=79338 x0_norm_min=-0.944 x0_norm_max=0.730
        [Trial 0] gen   20  evals=  740  best=0.0444
        [Trial 0] gen   40  evals= 1480  best=0.0411
        [Trial 0] gen   60  evals= 2220  best=0.0297
        [Trial 0] gen   80  evals= 2960  best=0.0294
        [Done] Trial 0 best=0.0294
    --> Trial 1 | pop=35 seed=37007 x0_norm_min=-0.937 x0_norm_max=0.907
        [Trial 1] gen   20  evals=  700  best=0.0235
        [Trial 1] gen   40  evals= 1400  best=0.0137
        [Trial 1] gen   60  evals= 2100  best=0.0001
        [Trial 1] gen   80  evals= 2800  best=0.0000
        [Done] Trial 1 best=0.0000
    --> Early stop triggered: trial 1 reached loss=0.000000 < 0.010000

  Winner: Trial 1, loss=0.000000 (89s)
    Restarts run: 2
    mu: 51.905685
    D_mu: 6.744680
    T0_mu: 10.816527
    Ly: 1.260582
    op_x: 0.850872
    op_y: 0.648901
    NMSE: 0.011822
  [Saved] random_IR_0047

============================================================
[48/50] random_IR_0048.npz
  GT loss: 0.000000
    --> Trial 0 | pop=30 seed=17698 x0_norm_min=-0.944 x0_norm_max=0.730
        [Trial 0] gen   20  evals=  600  best=0.0702
        [Trial 0] gen   40  evals= 1200  best=0.0673
        [Trial 0] gen   60  evals= 1800  best=0.0672
        [Trial 0] gen   80  evals= 2400  best=0.0668
        [Trial 0] gen  100  evals= 3000  best=0.0665
        [Trial 0] gen  120  evals= 3600  best=0.0665
        [Trial 0] gen  140  evals= 4200  best=0.0665
        [Trial 0] gen  160  evals= 4800  best=0.0665
        [Trial 0] gen  180  evals= 5400  best=0.0665
        [Trial 0] gen  200  evals= 6000  best=0.0665
        [Trial 0] gen  220  evals= 6600  best=0.0665
        [Done] Trial 0 best=0.0665
    --> Trial 1 | pop=37 seed=39650 x0_norm_min=-0.937 x0_norm_max=0.907
        [Pruned] Trial 1 at gen 15 (loss=0.0716)
    --> Trial 2 | pop=54 seed=46580 x0_norm_min=-0.344 x0_norm_max=0.824
        [Trial 2] gen   20  evals= 1080  best=0.0673
        [Trial 2] gen   40  evals= 2160  best=0.0673
        [Done] Trial 2 best=0.0673
    --> Trial 3 | pop=30 seed=61086 x0_norm_min=-0.797 x0_norm_max=0.622
        [Pruned] Trial 3 at gen 15 (loss=0.0733)
    --> Trial 4 | pop=38 seed=92246 x0_norm_min=-0.947 x0_norm_max=0.785
        [Pruned] Trial 4 at gen 15 (loss=0.0811)
    --> Trial 5 | pop=56 seed=39412 x0_norm_min=-0.748 x0_norm_max=0.981
        [Pruned] Trial 5 at gen 15 (loss=0.0724)
    --> Trial 6 | pop=45 seed=7528 x0_norm_min=-0.929 x0_norm_max=0.732
        [Pruned] Trial 6 at gen 15 (loss=0.0727)
    --> Trial 7 | pop=50 seed=52977 x0_norm_min=-0.779 x0_norm_max=0.922
        [Pruned] Trial 7 at gen 15 (loss=0.0735)
    --> Trial 8 | pop=32 seed=20673 x0_norm_min=-0.814 x0_norm_max=0.843
        [Trial 8] gen   20  evals=  640  best=0.0610
        [Trial 8] gen   40  evals= 1280  best=0.0610
        [Trial 8] gen   60  evals= 1920  best=0.0610
        [Done] Trial 8 best=0.0610
    --> Trial 9 | pop=59 seed=25836 x0_norm_min=-0.955 x0_norm_max=0.770
        [Trial 9] gen   20  evals= 1180  best=0.0581
        [Trial 9] gen   40  evals= 2360  best=0.0581
        [Done] Trial 9 best=0.0581
    --> Trial 10 | pop=60 seed=98856 x0_norm_min=-0.841 x0_norm_max=0.672
        [Trial 10] gen   20  evals= 1200  best=0.0497
        [Trial 10] gen   40  evals= 2400  best=0.0497
        [Done] Trial 10 best=0.0497
    --> Trial 11 | pop=60 seed=90147 x0_norm_min=-0.781 x0_norm_max=0.859
        [Pruned] Trial 11 at gen 15 (loss=0.0694)
    --> Trial 12 | pop=60 seed=72330 x0_norm_min=-0.402 x0_norm_max=0.428
        [Trial 12] gen   20  evals= 1200  best=0.0640
        [Done] Trial 12 best=0.0640
    --> Trial 13 | pop=52 seed=75101 x0_norm_min=-0.863 x0_norm_max=0.955
        [Pruned] Trial 13 at gen 15 (loss=0.0673)
    --> Trial 14 | pop=57 seed=1653 x0_norm_min=-0.897 x0_norm_max=-0.091
        [Trial 14] gen   20  evals= 1140  best=0.0673
        [Trial 14] gen   40  evals= 2280  best=0.0673
        [Pruned] Trial 14 at gen 45 (loss=0.0673)
    --> Trial 15 | pop=47 seed=29477 x0_norm_min=-0.690 x0_norm_max=0.990
        [Pruned] Trial 15 at gen 15 (loss=0.0787)
    --> Trial 16 | pop=60 seed=98868 x0_norm_min=-0.776 x0_norm_max=0.982
        [Trial 16] gen   20  evals= 1200  best=0.0658
        [Trial 16] gen   40  evals= 2400  best=0.0658
        [Pruned] Trial 16 at gen 45 (loss=0.0658)
    --> Trial 17 | pop=56 seed=72064 x0_norm_min=-0.863 x0_norm_max=0.835
        [Pruned] Trial 17 at gen 15 (loss=0.0673)
    --> Trial 18 | pop=49 seed=83252 x0_norm_min=-0.933 x0_norm_max=0.907
        [Pruned] Trial 18 at gen 15 (loss=0.0769)
    --> Trial 19 | pop=53 seed=61097 x0_norm_min=-0.948 x0_norm_max=0.822
        [Pruned] Trial 19 at gen 15 (loss=0.0701)

  Winner: Trial 10, loss=0.049667 (201s)
    Restarts run: 20
    mu: 12.202007
    D_mu: 13.287210
    T0_mu: 49.109330
    Ly: 2.080308
    op_x: 0.897359
    op_y: 0.900603
    NMSE: 0.007519
  [Saved] random_IR_0048

============================================================
[49/50] random_IR_0049.npz
  GT loss: 0.000000
    --> Trial 0 | pop=48 seed=84993 x0_norm_min=-0.944 x0_norm_max=0.730
        [Trial 0] gen   20  evals=  960  best=0.0429
        [Trial 0] gen   40  evals= 1920  best=0.0327
        [Trial 0] gen   60  evals= 2880  best=0.0327
        [Trial 0] gen   80  evals= 3840  best=0.0327
        [Done] Trial 0 best=0.0327
    --> Trial 1 | pop=58 seed=2638 x0_norm_min=-0.937 x0_norm_max=0.907
        [Trial 1] gen   20  evals= 1160  best=0.0126
        [Trial 1] gen   40  evals= 2320  best=0.0004
        [Trial 1] gen   60  evals= 3480  best=0.0000
        [Done] Trial 1 best=0.0000
    --> Early stop triggered: trial 1 reached loss=0.000000 < 0.010000

  Winner: Trial 1, loss=0.000000 (80s)
    Restarts run: 2
    mu: 31.000228
    D_mu: 9.059489
    T0_mu: 31.130952
    Ly: 1.852316
    op_x: 0.606452
    op_y: 0.735311
    NMSE: 0.002283
  [Saved] random_IR_0049

============================================================
[50/50] random_IR_0050.npz
  GT loss: 0.000000
    --> Trial 0 | pop=33 seed=89646 x0_norm_min=-0.944 x0_norm_max=0.730
        [Trial 0] gen   20  evals=  660  best=0.0499
        [Trial 0] gen   40  evals= 1320  best=0.0499
        [Trial 0] gen   60  evals= 1980  best=0.0499
        [Trial 0] gen   80  evals= 2640  best=0.0499
        [Trial 0] gen  100  evals= 3300  best=0.0032
        [Trial 0] gen  120  evals= 3960  best=0.0002
        [Trial 0] gen  140  evals= 4620  best=0.0000
        [Done] Trial 0 best=0.0000
    --> Early stop triggered: trial 0 reached loss=0.000000 < 0.010000

  Winner: Trial 0, loss=0.000000 (24s)
    Restarts run: 1
    mu: 65.950530
    D_mu: 14.657549
    T0_mu: 1.531234
    Ly: 1.229370
    op_x: 0.792963
    op_y: 0.980069
    NMSE: 0.003388
  [Saved] random_IR_0050
