======================================================================
  TERNARY-SEARCH μ-REFINEMENT on CUDA (float32)
======================================================================
  CMA-ES results: /home/bhpark3/dafxchal/results/standard_sweep/l2/stage1
  Targets: /home/bhpark3/dafxchal/data/random-IR-100-1.0s
  Loss: L2, Duration: 0.25s
  μ search bounds: [2.430, 106.150]
  Ternary iterations: 50  (~101 evals/IR)
  Sanity grid check: on

  Loaded 50 CMA-ES results
  [  1/50] random_IR_0001.npz             mu  48.332 ->  48.905 (GT  48.930)
          NMSE 0.000006 -> 0.000000 (-99.6%)  loss 0.000000 -> 0.000000  (1.0s)
  [  2/50] random_IR_0002.npz             mu 103.839 ->  84.083 (GT  84.056)
          NMSE 0.006063 -> 0.000000 (-100.0%)  loss 0.000000 -> 0.000000  (1.2s)
  [  3/50] random_IR_0003.npz             mu  32.713 ->  29.423 (GT  24.386)
          NMSE 0.003514 -> 0.002833 (-19.4%)  loss 0.000000 -> 0.000000  (1.4s)
  [  4/50] random_IR_0004.npz             mu  16.963 ->  13.231 (GT  13.244)
          NMSE 0.000214 -> 0.000000 (-100.0%)  loss 0.000000 -> 0.000000  (1.0s)
  [  5/50] random_IR_0005.npz             mu  41.113 ->  45.177 (GT  45.159)
          NMSE 0.000254 -> 0.000000 (-100.0%)  loss 0.000000 -> 0.000000  (1.6s)
  [ 10/50] random_IR_0010.npz             mu  36.230 ->  31.917 (GT  31.912)
          NMSE 0.000289 -> 0.000000 (-100.0%)  loss 0.000000 -> 0.000000  (1.8s)
  [ 20/50] random_IR_0020.npz             mu  58.297 ->  43.365 (GT  43.384)
          NMSE 0.003446 -> 0.000000 (-100.0%)  loss 0.000000 -> 0.000000  (0.8s)
  [ 30/50] random_IR_0030.npz             mu  35.045 ->  16.715 (GT  16.703)
          NMSE 0.005212 -> 0.000000 (-100.0%)  loss 0.000000 -> 0.000000  (2.3s)
  [ 40/50] random_IR_0040.npz             mu  33.089 ->  38.792 (GT  38.783)
          NMSE 0.000502 -> 0.000000 (-100.0%)  loss 0.000000 -> 0.000000  (3.0s)
  [ 50/50] random_IR_0050.npz             mu  65.951 ->  51.298 (GT  51.163)
          NMSE 0.003388 -> 0.000000 (-100.0%)  loss 0.000000 -> 0.000000  (0.5s)

======================================================================
  AGGREGATE
======================================================================
  Mean NMSE   orig: 0.012611
              refn: 0.009316
  Median NMSE orig: 0.003417
              refn: 0.000000
  IRs improved: 45 / 50  worsened: 5  unchanged: 0
  Mean elapsed/IR:    1.34 s
  Total runtime:      81.3 s
  Wrote: /home/bhpark3/dafxchal/results/standard_sweep/l2/stage2/mu_refined_summary.csv
