======================================================================
  TERNARY-SEARCH μ-REFINEMENT on CUDA (float32)
======================================================================
  CMA-ES results: /home/bhpark3/dafxchal/results/ladder_1restart/l1_stft_log/stage1
  Targets: /home/bhpark3/dafxchal/random-IR-200-0.2s
  Loss: L1_STFT_log, Duration: 0.25s
  μ search bounds: [2.430, 106.150]
  Ternary iterations: 50  (~101 evals/IR)
  Sanity grid check: on

  Loaded 200 CMA-ES results
  [  1/200] random_IR_0001.npz             mu  17.282 -> 106.150 (GT  48.930)
          NMSE 0.022810 -> 0.058016 (+154.3%)  loss 0.097699 -> 0.023640  (4.7s)
  [  2/200] random_IR_0002.npz             mu  33.602 -> 106.150 (GT  84.056)
          NMSE 0.098986 -> 0.067112 (-32.2%)  loss 0.037324 -> 0.013593  (3.1s)
  [  3/200] random_IR_0003.npz             mu  28.706 ->   3.337 (GT  24.386)
          NMSE 0.166048 -> 0.172623 (+4.0%)  loss 0.115321 -> 0.055634  (2.5s)
  [  4/200] random_IR_0004.npz             mu   3.735 ->  81.579 (GT  13.244)
          NMSE 0.174126 -> 0.245071 (+40.7%)  loss 0.228438 -> 0.030387  (1.4s)
  [  5/200] random_IR_0005.npz             mu  21.241 ->  86.709 (GT  45.159)
          NMSE 0.054578 -> 0.072462 (+32.8%)  loss 0.066299 -> 0.025890  (4.3s)
  [ 10/200] random_IR_0010.npz             mu   8.371 ->  10.964 (GT  31.912)
          NMSE 0.177584 -> 0.175798 (-1.0%)  loss 0.053170 -> 0.050671  (3.7s)
  [ 20/200] random_IR_0020.npz             mu  13.244 ->  32.725 (GT  43.384)
          NMSE 0.123600 -> 0.111287 (-10.0%)  loss 0.047248 -> 0.031044  (5.4s)
  [ 30/200] random_IR_0030.npz             mu   7.123 ->   9.736 (GT  16.703)
          NMSE 0.129359 -> 0.128689 (-0.5%)  loss 0.062528 -> 0.058070  (3.4s)
  [ 40/200] random_IR_0040.npz             mu   4.422 ->  57.514 (GT  38.783)
          NMSE 0.105513 -> 0.092658 (-12.2%)  loss 0.125080 -> 0.021127  (4.1s)
  [ 50/200] random_IR_0050.npz             mu  34.524 ->  11.411 (GT  51.163)
          NMSE 0.194340 -> 0.214532 (+10.4%)  loss 0.048700 -> 0.035557  (1.3s)
  [ 60/200] random_IR_0060.npz             mu  20.886 ->   8.469 (GT   9.223)
          NMSE 0.085739 -> 0.083640 (-2.4%)  loss 0.081407 -> 0.059734  (5.6s)
  [ 70/200] random_IR_0070.npz             mu  40.847 ->  22.509 (GT  14.682)
          NMSE 0.051364 -> 0.041707 (-18.8%)  loss 0.049265 -> 0.041603  (2.0s)
  [ 80/200] random_IR_0080.npz             mu   3.395 ->  44.674 (GT  25.343)
          NMSE 0.156862 -> 0.155188 (-1.1%)  loss 0.156965 -> 0.028299  (3.0s)
  [ 90/200] random_IR_0090.npz             mu  10.963 -> 106.150 (GT  82.421)
          NMSE 0.129990 -> 0.059604 (-54.1%)  loss 0.161198 -> 0.032555  (2.5s)
  [100/200] random_IR_0100.npz             mu   9.870 ->  39.205 (GT  18.620)
          NMSE 0.101495 -> 0.106874 (+5.3%)  loss 0.093383 -> 0.040046  (4.3s)
  [110/200] random_IR_0110.npz             mu  28.080 ->  40.925 (GT  95.328)
          NMSE 0.102326 -> 0.078119 (-23.7%)  loss 0.014850 -> 0.013383  (1.6s)
  [120/200] random_IR_0120.npz             mu  13.159 -> 106.150 (GT  83.381)
          NMSE 0.078698 -> 0.010334 (-86.9%)  loss 0.111773 -> 0.022787  (3.7s)
  [130/200] random_IR_0130.npz             mu  28.267 ->  15.934 (GT  21.116)
          NMSE 0.124825 -> 0.124449 (-0.3%)  loss 0.059426 -> 0.053400  (4.0s)
  [140/200] random_IR_0140.npz             mu  38.764 ->  37.135 (GT  62.422)
          NMSE 0.094609 -> 0.095845 (+1.3%)  loss 0.021809 -> 0.021787  (0.8s)
  [150/200] random_IR_0150.npz             mu  13.994 ->  13.957 (GT  16.116)
          NMSE 0.026635 -> 0.026637 (+0.0%)  loss 0.035631 -> 0.035631  (5.0s)
  [160/200] random_IR_0160.npz             mu  20.137 ->   8.536 (GT  33.863)
          NMSE 0.082074 -> 0.089094 (+8.6%)  loss 0.057034 -> 0.042615  (1.0s)
  [170/200] random_IR_0170.npz             mu  47.681 ->  12.175 (GT  28.231)
          NMSE 0.080955 -> 0.079088 (-2.3%)  loss 0.058880 -> 0.035509  (1.7s)
  [180/200] random_IR_0180.npz             mu   5.756 ->  66.920 (GT  34.882)
          NMSE 0.094489 -> 0.097249 (+2.9%)  loss 0.107030 -> 0.020511  (4.5s)
  [190/200] random_IR_0190.npz             mu   5.297 ->  43.683 (GT  87.996)
          NMSE 0.387144 -> 0.311610 (-19.5%)  loss 0.099360 -> 0.022328  (2.7s)
  [200/200] random_IR_0200.npz             mu   5.769 -> 106.150 (GT  68.271)
          NMSE 0.234782 -> 0.196491 (-16.3%)  loss 0.292297 -> 0.062684  (1.3s)

======================================================================
  AGGREGATE
======================================================================
  Mean NMSE   orig: 0.088801
              refn: 0.089489
  Median NMSE orig: 0.079827
              refn: 0.077867
  IRs improved: 107 / 200  worsened: 93  unchanged: 0
  Mean elapsed/IR:    3.49 s
  Total runtime:      842.0 s
  Wrote: /home/bhpark3/dafxchal/results/ladder_1restart/l1_stft_log/stage2/mu_refined_summary.csv
