======================================================================
  TERNARY-SEARCH μ-REFINEMENT on CUDA (float32)
======================================================================
  CMA-ES results: /home/bhpark3/dafxchal/results/decomp_sweep/sot_lin/stage1
  Targets: /home/bhpark3/dafxchal/data/random-IR-100-1.0s
  Loss: SOT_lin, Duration: 0.25s
  μ search bounds: [2.430, 106.150]
  Ternary iterations: 50  (~101 evals/IR)
  Sanity grid check: on

  Loaded 50 CMA-ES results
  [  1/50] random_IR_0001.npz             mu  55.396 ->  48.969 (GT  48.930)
          NMSE 0.000648 -> 0.000000 (-100.0%)  loss 0.000431 -> 0.000002  (1.1s)
  [  2/50] random_IR_0002.npz             mu  28.802 ->  84.068 (GT  84.056)
          NMSE 0.047297 -> 0.000000 (-100.0%)  loss 0.000499 -> 0.000000  (1.3s)
  [  3/50] random_IR_0003.npz             mu  13.666 ->  41.026 (GT  24.386)
          NMSE 0.003518 -> 0.006028 (+71.3%)  loss 0.011971 -> 0.000701  (1.6s)
  [  4/50] random_IR_0004.npz             mu  41.463 ->  13.926 (GT  13.244)
          NMSE 0.014848 -> 0.002518 (-83.0%)  loss 0.001891 -> 0.000560  (1.0s)
  [  5/50] random_IR_0005.npz             mu  37.651 ->  45.153 (GT  45.159)
          NMSE 0.000873 -> 0.000000 (-100.0%)  loss 0.006372 -> 0.000021  (1.6s)
  [ 10/50] random_IR_0010.npz             mu  11.579 ->  31.923 (GT  31.912)
          NMSE 0.006405 -> 0.000000 (-100.0%)  loss 0.241618 -> 0.000036  (1.8s)
  [ 20/50] random_IR_0020.npz             mu  41.285 ->  43.394 (GT  43.384)
          NMSE 0.000068 -> 0.000000 (-100.0%)  loss 0.000726 -> 0.000007  (0.9s)
  [ 30/50] random_IR_0030.npz             mu  35.306 ->  16.694 (GT  16.703)
          NMSE 0.005362 -> 0.000000 (-100.0%)  loss 0.104288 -> 0.000167  (2.3s)
  [ 40/50] random_IR_0040.npz             mu  25.603 -> 106.150 (GT  38.783)
          NMSE 0.069305 -> 0.136925 (+97.6%)  loss 0.028502 -> 0.001121  (4.7s)
  [ 50/50] random_IR_0050.npz             mu  68.152 ->  50.472 (GT  51.163)
          NMSE 0.039294 -> 0.034830 (-11.4%)  loss 0.000181 -> 0.000107  (0.5s)

======================================================================
  AGGREGATE
======================================================================
  Mean NMSE   orig: 0.015260
              refn: 0.006827
  Median NMSE orig: 0.004523
              refn: 0.000000
  IRs improved: 47 / 50  worsened: 3  unchanged: 0
  Mean elapsed/IR:    1.41 s
  Total runtime:      85.0 s
  Wrote: /home/bhpark3/dafxchal/results/decomp_sweep/sot_lin/stage2/mu_refined_summary.csv
