Device cuda | loss L1_STFT_eps1e5 | duration 0.25s
Loading train targets from data/train-p99
Loading val targets from data/val-p99
  98304 train / 996 val in 42s   train tensor 4.34 GB
  training set held in host memory; batches transferred per step
reference levels:  gt_loss 6.3295e-04   saturation (unrelated IRs) 1.0935e+00
constant-predictor NMSE: 6d 4.730e-02  7d 7.959e-02  (the floor to beat)
training loss stuck near saturation = gradient uninformative; well below = learning

encoder: 3.74M params, width 32

loss scale (fixed): 8.7809e-01
step      1  train 8.7809e-01  val 9.7716e-01  6d geo 4.283e-02 med 4.750e-02 p90 8.157e-02 (const 4.730e-02)  |g| 3.01e+02  [1s]
           5d geo 4.206e-02 med 4.849e-02   postmu 6d geo 4.732e-02 med 5.023e-02 p90 1.184e-01   mu |dlog| 0.5116
           WARNING: prediction spread 0.000 of ground truth -- the output has collapsed to a constant (saturated tanh); lower --lr or raise --warmup-steps and restart
           corr(identifiable)  mu=-0.37  D_div_mu=+0.15  T0_div_mu=-0.01  Ly=-0.01  op_x=-0.48  op_y=-0.27   mean spread/GT 0.00
           err share           mu=16%  D_div_mu=3%  T0_div_mu=2%  Ly=26%  op_x=28%  op_y=26%
step    100  train 8.8135e-01  |g| 3.03e+02  [45s]
  WARNING: 2 of 64 parameter sets need a finer grid than the pinned (86, 282) and are truncated. Raise --fixed-mode-grid; targets rendered under a pin that truncates them are not the plate's output at those parameters.
step    200  train 9.6015e-01  |g| 2.91e+02  [86s]
step    300  train 1.0830e+00  |g| 1.67e+02  [126s]
step    400  train 1.2010e+00  |g| 6.21e+01  [167s]
step    500  train 1.2365e+00  |g| 2.41e+02  [208s]
step    600  train 9.2175e-01  |g| 4.04e+02  [250s]
step    700  train 1.0581e+00  |g| 3.57e+02  [297s]
step    800  train 1.0566e+00  |g| 5.25e+02  [338s]
step    900  train 1.2216e+00  |g| 3.02e+02  [379s]
step   1000  train 9.8247e-01  |g| 3.62e+01  [420s]
step   1100  train 7.1852e-01  |g| 3.11e+01  [461s]
step   1200  train 7.2044e-01  |g| 1.68e+01  [502s]
step   1300  train 7.6703e-01  |g| 7.63e+01  [542s]
step   1400  train 7.6947e-01  |g| 1.10e+01  [583s]
step   1500  train 7.3535e-01  |g| 1.74e+01  [623s]
step   1600  train 9.1581e-01  |g| 3.36e+01  [664s]
step   1700  train 7.2805e-01  |g| 6.36e+00  [705s]
step   1800  train 7.9826e-01  |g| 5.13e+01  [745s]
step   1900  train 8.7797e-01  |g| 2.00e+01  [786s]
step   2000  train 6.6563e-01  val 6.8347e-01  6d geo 1.522e-01 med 1.720e-01 p90 2.947e-01 (const 4.730e-02)  |g| 6.57e-01  [827s]
           5d geo 1.679e-01 med 1.938e-01   postmu 6d geo 1.526e-01 med 1.723e-01 p90 2.944e-01   mu |dlog| 0.5672
           WARNING: prediction spread 0.014 of ground truth -- the output has collapsed to a constant (saturated tanh); lower --lr or raise --warmup-steps and restart
           corr(identifiable)  mu=+0.27  D_div_mu=-0.27  T0_div_mu=-0.30  Ly=-0.40  op_x=+0.02  op_y=-0.10   mean spread/GT 0.01
           err share           mu=6%  D_div_mu=1%  T0_div_mu=1%  Ly=31%  op_x=30%  op_y=31%
step   2100  train 6.8914e-01  |g| 1.01e+00  [870s]
step   2200  train 6.7099e-01  |g| 4.59e+00  [911s]
step   2300  train 6.7392e-01  |g| 1.34e+01  [952s]
step   2400  train 6.8761e-01  |g| 1.09e+01  [992s]
step   2500  train 7.2921e-01  |g| 9.19e+00  [1033s]
step   2600  train 6.6308e-01  |g| 5.51e+00  [1073s]
step   2700  train 7.0394e-01  |g| 2.98e+01  [1114s]
step   2800  train 6.6537e-01  |g| 1.99e+01  [1155s]
step   2900  train 6.5216e-01  |g| 1.54e+00  [1195s]
step   3000  train 6.3977e-01  |g| 8.81e-01  [1236s]
step   3100  train 6.7993e-01  |g| 8.83e+00  [1276s]
step   3200  train 6.7323e-01  |g| 1.62e+01  [1317s]
step   3300  train 6.6629e-01  |g| 1.67e+01  [1358s]
step   3400  train 6.1548e-01  |g| 6.52e+00  [1398s]
step   3500  train 6.5550e-01  |g| 6.98e+00  [1439s]
step   3600  train 6.8692e-01  |g| 4.41e+00  [1479s]
step   3700  train 6.5589e-01  |g| 3.06e+00  [1520s]
step   3800  train 6.8016e-01  |g| 1.59e+01  [1561s]
step   3900  train 7.0530e-01  |g| 5.50e+00  [1601s]
step   4000  train 6.4660e-01  val 6.8794e-01  6d geo 1.515e-01 med 1.715e-01 p90 2.945e-01 (const 4.730e-02)  |g| 3.93e+00  [1642s]
           5d geo 1.671e-01 med 1.929e-01   postmu 6d geo 1.518e-01 med 1.718e-01 p90 2.931e-01   mu |dlog| 0.6365
           WARNING: prediction spread 0.015 of ground truth -- the output has collapsed to a constant (saturated tanh); lower --lr or raise --warmup-steps and restart
           corr(identifiable)  mu=+0.23  D_div_mu=-0.31  T0_div_mu=-0.34  Ly=-0.27  op_x=+0.07  op_y=-0.07   mean spread/GT 0.01
           err share           mu=6%  D_div_mu=1%  T0_div_mu=1%  Ly=31%  op_x=30%  op_y=31%
step   4100  train 6.8725e-01  |g| 4.52e+00  [1685s]
step   4200  train 6.5278e-01  |g| 1.74e+00  [1726s]
step   4300  train 6.9299e-01  |g| 3.06e+00  [1767s]
step   4400  train 6.3837e-01  |g| 5.92e+00  [1807s]
step   4500  train 6.7117e-01  |g| 4.33e+00  [1848s]
step   4600  train 6.7757e-01  |g| 9.53e+00  [1888s]
step   4700  train 6.2151e-01  |g| 3.57e+00  [1929s]
step   4800  train 6.4598e-01  |g| 3.58e+00  [1969s]
step   4900  train 6.7818e-01  |g| 7.04e+00  [2010s]
step   5000  train 6.7602e-01  |g| 1.19e+01  [2050s]
step   5100  train 6.6948e-01  |g| 1.71e+00  [2091s]
step   5200  train 6.9142e-01  |g| 6.13e+00  [2132s]
step   5300  train 6.8274e-01  |g| 7.77e+00  [2172s]
step   5400  train 6.8498e-01  |g| 8.86e+00  [2213s]
step   5500  train 6.7259e-01  |g| 9.25e+00  [2253s]
step   5600  train 6.6090e-01  |g| 5.88e+00  [2294s]
step   5700  train 6.8880e-01  |g| 2.36e+00  [2334s]
step   5800  train 6.6465e-01  |g| 1.29e+00  [2375s]
step   5900  train 6.6980e-01  |g| 1.38e+01  [2415s]
step   6000  train 6.7192e-01  val 6.7503e-01  6d geo 1.518e-01 med 1.720e-01 p90 2.945e-01 (const 4.730e-02)  |g| 1.01e+01  [2456s]
           5d geo 1.674e-01 med 1.929e-01   postmu 6d geo 1.539e-01 med 1.740e-01 p90 2.962e-01   mu |dlog| 0.7299
           WARNING: prediction spread 0.009 of ground truth -- the output has collapsed to a constant (saturated tanh); lower --lr or raise --warmup-steps and restart
           corr(identifiable)  mu=-0.49  D_div_mu=-0.34  T0_div_mu=-0.21  Ly=+0.06  op_x=+0.05  op_y=-0.15   mean spread/GT 0.01
           err share           mu=6%  D_div_mu=1%  T0_div_mu=1%  Ly=31%  op_x=30%  op_y=31%
step   6100  train 6.8585e-01  |g| 1.90e+01  [2499s]
step   6200  train 6.7531e-01  |g| 1.03e+01  [2540s]
step   6300  train 6.8285e-01  |g| 5.99e+00  [2580s]
step   6400  train 7.4268e-01  |g| 1.25e+01  [2621s]
step   6500  train 6.5252e-01  |g| 2.51e+00  [2662s]
step   6600  train 6.5670e-01  |g| 6.70e+00  [2702s]
step   6700  train 7.0523e-01  |g| 1.71e+01  [2743s]
step   6800  train 6.5362e-01  |g| 1.86e+00  [2783s]
step   6900  train 6.7576e-01  |g| 2.38e+00  [2824s]
step   7000  train 6.5409e-01  |g| 3.05e+00  [2864s]
step   7100  train 6.8075e-01  |g| 5.14e+00  [2905s]
step   7200  train 7.2291e-01  |g| 1.96e+01  [2946s]
step   7300  train 6.8933e-01  |g| 2.00e+01  [2986s]
step   7400  train 6.7547e-01  |g| 1.67e+01  [3027s]
step   7500  train 6.7729e-01  |g| 8.29e+00  [3067s]
step   7600  train 7.0706e-01  |g| 7.09e+00  [3108s]
step   7700  train 6.8138e-01  |g| 6.33e+00  [3149s]
step   7800  train 7.0741e-01  |g| 1.88e+01  [3189s]
step   7900  train 6.4969e-01  |g| 5.22e+00  [3230s]
step   8000  train 6.5967e-01  val 6.6448e-01  6d geo 1.519e-01 med 1.721e-01 p90 2.946e-01 (const 4.730e-02)  |g| 3.15e+00  [3271s]
           5d geo 1.675e-01 med 1.933e-01   postmu 6d geo 1.525e-01 med 1.726e-01 p90 2.935e-01   mu |dlog| 0.6413
           WARNING: prediction spread 0.030 of ground truth -- the output has collapsed to a constant (saturated tanh); lower --lr or raise --warmup-steps and restart
           corr(identifiable)  mu=-0.65  D_div_mu=+0.21  T0_div_mu=+0.10  Ly=-0.02  op_x=+0.03  op_y=-0.04   mean spread/GT 0.03
           err share           mu=6%  D_div_mu=1%  T0_div_mu=1%  Ly=31%  op_x=30%  op_y=31%
step   8100  train 6.6292e-01  |g| 5.03e+00  [3314s]
step   8200  train 7.0795e-01  |g| 1.92e+01  [3355s]
step   8300  train 6.6238e-01  |g| 9.61e+00  [3396s]
step   8400  train 6.8909e-01  |g| 1.01e+01  [3436s]
step   8500  train 6.7187e-01  |g| 9.72e+00  [3477s]
step   8600  train 6.8690e-01  |g| 1.15e+01  [3518s]
step   8700  train 7.1737e-01  |g| 7.14e+00  [3558s]
step   8800  train 6.5900e-01  |g| 9.28e+00  [3599s]
step   8900  train 6.5657e-01  |g| 7.92e+00  [3640s]
step   9000  train 6.4942e-01  |g| 2.74e+01  [3680s]
step   9100  train 7.4640e-01  |g| 1.77e+01  [3721s]
step   9200  train 6.7060e-01  |g| 4.23e+00  [3761s]
step   9300  train 6.8596e-01  |g| 5.12e+00  [3802s]
step   9400  train 6.8373e-01  |g| 1.12e+01  [3843s]
step   9500  train 6.7486e-01  |g| 4.57e+00  [3883s]
step   9600  train 7.3517e-01  |g| 1.98e+01  [3924s]
step   9700  train 6.7427e-01  |g| 1.20e+01  [3965s]
step   9800  train 6.5540e-01  |g| 5.52e+00  [4005s]
step   9900  train 7.1061e-01  |g| 1.64e+01  [4046s]
step  10000  train 6.8541e-01  val 6.7242e-01  6d geo 1.521e-01 med 1.724e-01 p90 2.947e-01 (const 4.730e-02)  |g| 2.83e+00  [4086s]
           5d geo 1.677e-01 med 1.939e-01   postmu 6d geo 1.543e-01 med 1.743e-01 p90 2.963e-01   mu |dlog| 0.7295
           WARNING: prediction spread 0.038 of ground truth -- the output has collapsed to a constant (saturated tanh); lower --lr or raise --warmup-steps and restart
           corr(identifiable)  mu=-0.68  D_div_mu=-0.00  T0_div_mu=+0.04  Ly=-0.37  op_x=+0.05  op_y=-0.04   mean spread/GT 0.04
           err share           mu=6%  D_div_mu=1%  T0_div_mu=1%  Ly=31%  op_x=30%  op_y=31%
step  10100  train 6.7894e-01  |g| 1.27e+01  [4130s]
step  10200  train 6.8712e-01  |g| 4.42e+00  [4171s]
step  10300  train 6.8220e-01  |g| 1.19e+01  [4212s]
step  10400  train 6.5019e-01  |g| 5.92e+00  [4252s]
step  10500  train 6.6555e-01  |g| 5.91e+00  [4293s]
step  10600  train 6.7835e-01  |g| 2.20e+00  [4333s]
step  10700  train 6.6522e-01  |g| 3.90e+00  [4374s]
step  10800  train 6.6273e-01  |g| 6.89e+00  [4415s]
step  10900  train 6.6444e-01  |g| 2.68e+00  [4455s]
step  11000  train 6.9532e-01  |g| 4.37e+00  [4496s]
step  11100  train 6.8789e-01  |g| 1.30e+01  [4536s]
step  11200  train 9.8631e-01  |g| 2.82e-03  [4621s]
step  11300  train 9.3182e-01  |g| 4.56e-03  [4723s]
step  11400  train 9.6724e-01  |g| 1.53e-03  [4826s]
step  11500  train 1.0690e+00  |g| 1.63e-02  [4929s]
step  11600  train 1.0286e+00  |g| 1.42e-02  [5031s]
step  11700  train 9.4392e-01  |g| 9.67e-03  [5134s]
step  11800  train 1.0745e+00  |g| 9.88e-03  [5237s]
step  11900  train 9.4700e-01  |g| 4.02e-03  [5339s]
step  12000  train 1.0148e+00  val 9.7828e-01  6d geo 2.359e-01 med 2.562e-01 p90 3.756e-01 (const 4.730e-02)  |g| 1.10e-02  [5442s]
           5d geo 1.755e-01 med 2.025e-01   postmu 6d geo 1.977e-01 med 2.285e-01 p90 3.629e-01   mu |dlog| 1.0272
           WARNING: prediction spread 0.000 of ground truth -- the output has collapsed to a constant (saturated tanh); lower --lr or raise --warmup-steps and restart
           corr(identifiable)  mu=+0.00  D_div_mu=+0.15  T0_div_mu=+0.01  Ly=+0.00  op_x=+0.00  op_y=+0.00   mean spread/GT 0.00
           err share           mu=33%  D_div_mu=1%  T0_div_mu=0%  Ly=22%  op_x=23%  op_y=22%
step  12100  train 1.0146e+00  |g| 7.44e-03  [5552s]
step  12200  train 9.6271e-01  |g| 1.07e-02  [5655s]
step  12300  train 1.0615e+00  |g| 1.31e-02  [5757s]
step  12400  train 1.0614e+00  |g| 1.64e-02  [5860s]
step  12500  train 1.1453e+00  |g| 1.38e-02  [5963s]
step  12600  train 9.8034e-01  |g| 2.06e-03  [6065s]
step  12700  train 9.6113e-01  |g| 1.58e-03  [6168s]
step  12800  train 9.9205e-01  |g| 1.82e-02  [6271s]
step  12900  train 9.8125e-01  |g| 8.79e-04  [6374s]
step  13000  train 9.5950e-01  |g| 1.84e-02  [6476s]
step  13100  train 1.0014e+00  |g| 1.76e-02  [6579s]
step  13200  train 9.8453e-01  |g| 1.76e-02  [6682s]
step  13300  train 1.0599e+00  |g| 9.05e-04  [6784s]
step  13400  train 9.8964e-01  |g| 2.57e-02  [6887s]
step  13500  train 9.8656e-01  |g| 6.77e-03  [6990s]
step  13600  train 9.3626e-01  |g| 1.95e-02  [7093s]
step  13700  train 9.2615e-01  |g| 9.49e-03  [7195s]
step  13800  train 9.7584e-01  |g| 2.36e-02  [7298s]
step  13900  train 9.8117e-01  |g| 2.83e-02  [7401s]
step  14000  train 1.0676e+00  val 9.7693e-01  6d geo 2.359e-01 med 2.562e-01 p90 3.756e-01 (const 4.730e-02)  |g| 1.19e-02  [7504s]
           5d geo 1.755e-01 med 2.025e-01   postmu 6d geo 1.977e-01 med 2.285e-01 p90 3.629e-01   mu |dlog| 1.0273
           WARNING: prediction spread 0.000 of ground truth -- the output has collapsed to a constant (saturated tanh); lower --lr or raise --warmup-steps and restart
           corr(identifiable)  mu=+0.00  D_div_mu=-0.03  T0_div_mu=-0.02  Ly=+0.00  op_x=+0.00  op_y=+0.00   mean spread/GT 0.00
           err share           mu=33%  D_div_mu=1%  T0_div_mu=0%  Ly=22%  op_x=23%  op_y=22%
step  14100  train 9.5557e-01  |g| 2.80e-02  [7614s]
step  14200  train 1.0191e+00  |g| 1.29e-02  [7716s]
step  14300  train 9.1151e-01  |g| 1.04e-02  [7819s]
step  14400  train 9.7069e-01  |g| 2.54e-01  [7922s]
step  14500  train 9.2945e-01  |g| 2.50e-04  [8025s]
step  14600  train 9.0303e-01  |g| 1.08e-04  [8127s]
step  14700  train 9.9375e-01  |g| 1.63e-04  [8230s]
step  14800  train 9.7843e-01  |g| 2.56e-04  [8333s]
step  14900  train 1.0541e+00  |g| 3.44e-04  [8435s]
step  15000  train 9.2872e-01  |g| 2.62e-04  [8538s]
step  15100  train 9.8816e-01  |g| 1.22e-04  [8641s]
step  15200  train 9.4335e-01  |g| 4.59e-04  [8743s]
step  15300  train 9.5624e-01  |g| 2.15e-04  [8846s]
step  15400  train 9.5788e-01  |g| 4.71e-04  [8949s]
step  15500  train 1.0226e+00  |g| 3.77e-04  [9051s]
step  15600  train 1.0265e+00  |g| 3.59e-04  [9154s]
step  15700  train 1.0690e+00  |g| 5.63e-04  [9257s]
step  15800  train 1.1014e+00  |g| 5.13e-04  [9359s]
step  15900  train 9.8626e-01  |g| 3.87e-04  [9462s]
step  16000  train 1.0028e+00  val 9.8028e-01  6d geo 2.359e-01 med 2.562e-01 p90 3.756e-01 (const 4.730e-02)  |g| 6.42e-04  [9565s]
           5d geo 1.755e-01 med 2.025e-01   postmu 6d geo 1.977e-01 med 2.285e-01 p90 3.629e-01   mu |dlog| 1.0270
           WARNING: prediction spread 0.000 of ground truth -- the output has collapsed to a constant (saturated tanh); lower --lr or raise --warmup-steps and restart
           corr(identifiable)  mu=+0.00  D_div_mu=-0.03  T0_div_mu=+0.00  Ly=+0.00  op_x=+0.00  op_y=+0.00   mean spread/GT 0.00
           err share           mu=33%  D_div_mu=1%  T0_div_mu=0%  Ly=22%  op_x=23%  op_y=22%
step  16100  train 9.1876e-01  |g| 5.71e-04  [9675s]
step  16200  train 9.8732e-01  |g| 5.55e-04  [9777s]
step  16300  train 9.2962e-01  |g| 4.07e-04  [9880s]
step  16400  train 9.3727e-01  |g| 5.29e-04  [9983s]
step  16500  train 1.0062e+00  |g| 1.04e-03  [10085s]
step  16600  train 1.0856e+00  |g| 1.29e-03  [10188s]
step  16700  train 9.8257e-01  |g| 1.49e-03  [10291s]
step  16800  train 9.9369e-01  |g| 2.62e-03  [10393s]
step  16900  train 9.7883e-01  |g| 7.26e-03  [10496s]
step  17000  train 9.2949e-01  |g| 7.12e-05  [10599s]
step  17100  train 9.4909e-01  |g| 9.73e-05  [10701s]
step  17200  train 1.0007e+00  |g| 5.55e-05  [10804s]
step  17300  train 9.5058e-01  |g| 2.63e-06  [10906s]
step  17400  train 1.0011e+00  |g| 1.29e-05  [11009s]
step  17500  train 9.5285e-01  |g| 7.92e-06  [11112s]
step  17600  train 9.4588e-01  |g| 5.86e-05  [11214s]
step  17700  train 9.1993e-01  |g| 8.69e-05  [11317s]
step  17800  train 9.1623e-01  |g| 4.60e-05  [11420s]
step  17900  train 9.4709e-01  |g| 9.00e-06  [11522s]
step  18000  train 9.9842e-01  val 9.8010e-01  6d geo 2.359e-01 med 2.562e-01 p90 3.756e-01 (const 4.730e-02)  |g| 6.90e-05  [11625s]
           5d geo 1.755e-01 med 2.025e-01   postmu 6d geo 1.977e-01 med 2.285e-01 p90 3.629e-01   mu |dlog| 1.0270
           WARNING: prediction spread 0.000 of ground truth -- the output has collapsed to a constant (saturated tanh); lower --lr or raise --warmup-steps and restart
           corr(identifiable)  mu=+0.00  D_div_mu=-0.18  T0_div_mu=+0.00  Ly=+0.00  op_x=+0.00  op_y=+0.00   mean spread/GT 0.00
           err share           mu=33%  D_div_mu=1%  T0_div_mu=0%  Ly=22%  op_x=23%  op_y=22%
step  18100  train 9.4214e-01  |g| 6.42e-05  [11735s]
step  18200  train 9.5383e-01  |g| 2.03e-05  [11837s]
step  18300  train 9.4046e-01  |g| 3.67e-05  [11940s]
step  18400  train 9.7393e-01  |g| 3.84e-05  [12042s]
step  18500  train 9.1874e-01  |g| 1.28e-05  [12145s]
step  18600  train 9.3823e-01  |g| 1.72e-05  [12247s]
step  18700  train 9.3794e-01  |g| 6.55e-05  [12350s]
step  18800  train 1.0037e+00  |g| 7.83e-06  [12453s]
step  18900  train 1.0077e+00  |g| 5.15e-05  [12555s]
step  19000  train 1.0774e+00  |g| 8.16e-05  [12658s]
step  19100  train 9.4236e-01  |g| 2.54e-05  [12760s]
step  19200  train 9.1007e-01  |g| 6.22e-05  [12863s]
step  19300  train 9.4772e-01  |g| 1.51e-05  [12966s]
step  19400  train 1.0394e+00  |g| 2.52e-04  [13068s]
step  19500  train 9.2467e-01  |g| 7.53e-06  [13171s]
step  19600  train 9.6300e-01  |g| 9.17e-05  [13273s]
step  19700  train 9.9667e-01  |g| 1.19e-04  [13376s]
step  19800  train 9.7383e-01  |g| 1.33e-04  [13478s]
step  19900  train 9.9977e-01  |g| 2.05e-04  [13581s]
step  20000  train 1.0167e+00  val 9.8028e-01  6d geo 2.359e-01 med 2.562e-01 p90 3.756e-01 (const 4.730e-02)  |g| 5.48e-05  [13684s]
           5d geo 1.755e-01 med 2.025e-01   postmu 6d geo 1.977e-01 med 2.285e-01 p90 3.629e-01   mu |dlog| 1.0270
           WARNING: prediction spread 0.000 of ground truth -- the output has collapsed to a constant (saturated tanh); lower --lr or raise --warmup-steps and restart
           corr(identifiable)  mu=+0.00  D_div_mu=-0.21  T0_div_mu=+0.00  Ly=+0.00  op_x=+0.00  op_y=+0.00   mean spread/GT 0.00
           err share           mu=33%  D_div_mu=1%  T0_div_mu=0%  Ly=22%  op_x=23%  op_y=22%
step  20100  train 9.7600e-01  |g| 1.28e-04  [13794s]
step  20200  train 9.2179e-01  |g| 4.82e-05  [13897s]
step  20300  train 1.0339e+00  |g| 4.32e-05  [13999s]
step  20400  train 9.9017e-01  |g| 9.29e-05  [14102s]
step  20500  train 9.8246e-01  |g| 2.23e-04  [14204s]
step  20600  train 9.7217e-01  |g| 8.63e-04  [14307s]
step  20700  train 9.9390e-01  |g| 1.09e-03  [14410s]
step  20800  train 9.6968e-01  |g| 2.09e-02  [14512s]
step  20900  train 1.0599e+00  |g| 1.54e-03  [14615s]
step  21000  train 9.2139e-01  |g| 5.56e-03  [14717s]
step  21100  train 8.9462e-01  |g| 2.53e-02  [14820s]
step  21200  train 1.0427e+00  |g| 1.74e-03  [14922s]
step  21300  train 9.8734e-01  |g| 1.03e-02  [15025s]
step  21400  train 9.3830e-01  |g| 9.17e-03  [15127s]
step  21500  train 9.4651e-01  |g| 7.74e-03  [15230s]
step  21600  train 8.9290e-01  |g| 0.00e+00  [15332s]
step  21700  train 1.0758e+00  |g| 0.00e+00  [15435s]
step  21800  train 9.0037e-01  |g| 0.00e+00  [15537s]
step  21900  train 9.4759e-01  |g| 0.00e+00  [15639s]
step  22000  train 9.5630e-01  val 9.7971e-01  6d geo 2.359e-01 med 2.562e-01 p90 3.756e-01 (const 4.730e-02)  |g| 0.00e+00  [15742s]
           5d geo 1.755e-01 med 2.025e-01   postmu 6d geo 1.977e-01 med 2.285e-01 p90 3.629e-01   mu |dlog| 1.0270
           WARNING: prediction spread 0.000 of ground truth -- the output has collapsed to a constant (saturated tanh); lower --lr or raise --warmup-steps and restart
           corr(identifiable)  mu=+0.00  D_div_mu=+0.00  T0_div_mu=+0.00  Ly=+0.00  op_x=+0.00  op_y=+0.00   mean spread/GT 0.00
           err share           mu=33%  D_div_mu=1%  T0_div_mu=0%  Ly=22%  op_x=23%  op_y=22%
step  22100  train 9.9417e-01  |g| 0.00e+00  [15851s]
step  22200  train 9.8056e-01  |g| 0.00e+00  [15954s]
step  22300  train 9.3393e-01  |g| 0.00e+00  [16056s]
step  22400  train 9.9913e-01  |g| 0.00e+00  [16158s]
step  22500  train 9.8680e-01  |g| 0.00e+00  [16260s]
step  22600  train 9.9359e-01  |g| 0.00e+00  [16363s]
step  22700  train 9.7804e-01  |g| 0.00e+00  [16465s]
step  22800  train 9.4209e-01  |g| 0.00e+00  [16567s]
step  22900  train 9.4388e-01  |g| 0.00e+00  [16670s]
step  23000  train 8.9746e-01  |g| 0.00e+00  [16772s]
step  23100  train 1.0691e+00  |g| 0.00e+00  [16875s]
step  23200  train 9.9370e-01  |g| 0.00e+00  [16977s]
step  23300  train 9.5175e-01  |g| 0.00e+00  [17080s]
step  23400  train 1.0064e+00  |g| 0.00e+00  [17182s]
step  23500  train 1.0712e+00  |g| 0.00e+00  [17284s]
step  23600  train 1.0028e+00  |g| 0.00e+00  [17387s]
step  23700  train 8.9099e-01  |g| 0.00e+00  [17489s]
step  23800  train 1.0500e+00  |g| 0.00e+00  [17592s]
step  23900  train 9.1013e-01  |g| 0.00e+00  [17694s]
step  24000  train 9.3300e-01  val 9.7971e-01  6d geo 2.359e-01 med 2.562e-01 p90 3.756e-01 (const 4.730e-02)  |g| 0.00e+00  [17797s]
           5d geo 1.755e-01 med 2.025e-01   postmu 6d geo 1.977e-01 med 2.285e-01 p90 3.629e-01   mu |dlog| 1.0270
           WARNING: prediction spread 0.000 of ground truth -- the output has collapsed to a constant (saturated tanh); lower --lr or raise --warmup-steps and restart
           corr(identifiable)  mu=+0.00  D_div_mu=+0.00  T0_div_mu=+0.00  Ly=+0.00  op_x=+0.00  op_y=+0.00   mean spread/GT 0.00
           err share           mu=33%  D_div_mu=1%  T0_div_mu=0%  Ly=22%  op_x=23%  op_y=22%
step  24100  train 1.0501e+00  |g| 0.00e+00  [17907s]
step  24200  train 9.1871e-01  |g| 0.00e+00  [18009s]
step  24300  train 9.5463e-01  |g| 0.00e+00  [18112s]
step  24400  train 9.8868e-01  |g| 0.00e+00  [18214s]
step  24500  train 1.0489e+00  |g| 0.00e+00  [18316s]
step  24600  train 1.0231e+00  |g| 0.00e+00  [18419s]
step  24700  train 9.3339e-01  |g| 0.00e+00  [18521s]
step  24800  train 9.8899e-01  |g| 0.00e+00  [18624s]
step  24900  train 1.0061e+00  |g| 0.00e+00  [18726s]
step  25000  train 1.0139e+00  |g| 0.00e+00  [18828s]
step  25100  train 9.4062e-01  |g| 0.00e+00  [18931s]
step  25200  train 9.4416e-01  |g| 0.00e+00  [19033s]
step  25300  train 9.5080e-01  |g| 0.00e+00  [19136s]
step  25400  train 9.2258e-01  |g| 0.00e+00  [19238s]
step  25500  train 1.0389e+00  |g| 0.00e+00  [19341s]
step  25600  train 9.8348e-01  |g| 0.00e+00  [19443s]
step  25700  train 1.0082e+00  |g| 0.00e+00  [19546s]
step  25800  train 9.1684e-01  |g| 0.00e+00  [19648s]
step  25900  train 1.0060e+00  |g| 0.00e+00  [19751s]
step  26000  train 9.3394e-01  val 9.7971e-01  6d geo 2.359e-01 med 2.562e-01 p90 3.756e-01 (const 4.730e-02)  |g| 0.00e+00  [19853s]
           5d geo 1.755e-01 med 2.025e-01   postmu 6d geo 1.977e-01 med 2.285e-01 p90 3.629e-01   mu |dlog| 1.0270
           WARNING: prediction spread 0.000 of ground truth -- the output has collapsed to a constant (saturated tanh); lower --lr or raise --warmup-steps and restart
           corr(identifiable)  mu=+0.00  D_div_mu=+0.00  T0_div_mu=+0.00  Ly=+0.00  op_x=+0.00  op_y=+0.00   mean spread/GT 0.00
           err share           mu=33%  D_div_mu=1%  T0_div_mu=0%  Ly=22%  op_x=23%  op_y=22%
step  26100  train 9.5667e-01  |g| 0.00e+00  [19963s]
step  26200  train 1.0117e+00  |g| 0.00e+00  [20066s]
step  26300  train 9.7581e-01  |g| 0.00e+00  [20168s]
step  26400  train 9.3188e-01  |g| 0.00e+00  [20271s]
step  26500  train 1.0008e+00  |g| 0.00e+00  [20373s]
step  26600  train 9.4280e-01  |g| 0.00e+00  [20475s]
step  26700  train 9.8860e-01  |g| 0.00e+00  [20578s]
step  26800  train 9.7426e-01  |g| 0.00e+00  [20680s]
step  26900  train 9.2009e-01  |g| 0.00e+00  [20783s]
step  27000  train 9.9482e-01  |g| 0.00e+00  [20885s]
step  27100  train 1.0083e+00  |g| 0.00e+00  [20987s]
step  27200  train 9.0670e-01  |g| 0.00e+00  [21090s]
step  27300  train 1.1239e+00  |g| 0.00e+00  [21192s]
step  27400  train 1.0134e+00  |g| 0.00e+00  [21295s]
step  27500  train 1.0640e+00  |g| 0.00e+00  [21397s]
step  27600  train 9.7965e-01  |g| 0.00e+00  [21500s]
step  27700  train 9.8158e-01  |g| 0.00e+00  [21602s]
step  27800  train 9.5654e-01  |g| 0.00e+00  [21705s]
step  27900  train 9.5467e-01  |g| 0.00e+00  [21807s]
step  28000  train 9.9984e-01  val 9.7971e-01  6d geo 2.359e-01 med 2.562e-01 p90 3.756e-01 (const 4.730e-02)  |g| 0.00e+00  [21910s]
           5d geo 1.755e-01 med 2.025e-01   postmu 6d geo 1.977e-01 med 2.285e-01 p90 3.629e-01   mu |dlog| 1.0270
           WARNING: prediction spread 0.000 of ground truth -- the output has collapsed to a constant (saturated tanh); lower --lr or raise --warmup-steps and restart
           corr(identifiable)  mu=+0.00  D_div_mu=+0.00  T0_div_mu=+0.00  Ly=+0.00  op_x=+0.00  op_y=+0.00   mean spread/GT 0.00
           err share           mu=33%  D_div_mu=1%  T0_div_mu=0%  Ly=22%  op_x=23%  op_y=22%
step  28100  train 9.2108e-01  |g| 0.00e+00  [22020s]
step  28200  train 9.2893e-01  |g| 0.00e+00  [22122s]
step  28300  train 1.0137e+00  |g| 0.00e+00  [22225s]
step  28400  train 9.4656e-01  |g| 0.00e+00  [22327s]
step  28500  train 1.0618e+00  |g| 0.00e+00  [22430s]
step  28600  train 9.8599e-01  |g| 0.00e+00  [22532s]
step  28700  train 9.5113e-01  |g| 0.00e+00  [22634s]
step  28800  train 9.0789e-01  |g| 0.00e+00  [22737s]
step  28900  train 9.6711e-01  |g| 0.00e+00  [22839s]
step  29000  train 9.6227e-01  |g| 0.00e+00  [22941s]
step  29100  train 9.3296e-01  |g| 0.00e+00  [23044s]
step  29200  train 9.7882e-01  |g| 0.00e+00  [23146s]
step  29300  train 9.3600e-01  |g| 0.00e+00  [23248s]
step  29400  train 1.0059e+00  |g| 0.00e+00  [23350s]
step  29500  train 1.0884e+00  |g| 0.00e+00  [23453s]
step  29600  train 8.9771e-01  |g| 0.00e+00  [23555s]
step  29700  train 9.2881e-01  |g| 0.00e+00  [23657s]
step  29800  train 9.5441e-01  |g| 0.00e+00  [23760s]
step  29900  train 9.6445e-01  |g| 0.00e+00  [23862s]
step  30000  train 9.4443e-01  val 9.7971e-01  6d geo 2.359e-01 med 2.562e-01 p90 3.756e-01 (const 4.730e-02)  |g| 0.00e+00  [23964s]
           5d geo 1.755e-01 med 2.025e-01   postmu 6d geo 1.977e-01 med 2.285e-01 p90 3.629e-01   mu |dlog| 1.0270
           WARNING: prediction spread 0.000 of ground truth -- the output has collapsed to a constant (saturated tanh); lower --lr or raise --warmup-steps and restart
           corr(identifiable)  mu=+0.00  D_div_mu=+0.00  T0_div_mu=+0.00  Ly=+0.00  op_x=+0.00  op_y=+0.00   mean spread/GT 0.00
           err share           mu=33%  D_div_mu=1%  T0_div_mu=0%  Ly=22%  op_x=23%  op_y=22%
step  30100  train 9.2298e-01  |g| 0.00e+00  [24074s]
step  30200  train 9.3512e-01  |g| 0.00e+00  [24177s]
step  30300  train 1.0077e+00  |g| 0.00e+00  [24279s]
step  30400  train 9.5913e-01  |g| 0.00e+00  [24381s]
step  30500  train 9.3437e-01  |g| 0.00e+00  [24483s]
step  30600  train 1.0224e+00  |g| 0.00e+00  [24586s]
step  30700  train 9.2675e-01  |g| 0.00e+00  [24688s]
step  30800  train 9.6454e-01  |g| 0.00e+00  [24790s]
step  30900  train 9.5910e-01  |g| 0.00e+00  [24893s]
step  31000  train 9.8083e-01  |g| 0.00e+00  [24995s]
step  31100  train 1.0235e+00  |g| 0.00e+00  [25097s]
step  31200  train 9.7197e-01  |g| 0.00e+00  [25199s]
step  31300  train 9.4465e-01  |g| 0.00e+00  [25301s]
step  31400  train 9.2367e-01  |g| 0.00e+00  [25404s]
step  31500  train 9.7638e-01  |g| 0.00e+00  [25506s]
step  31600  train 1.0355e+00  |g| 0.00e+00  [25608s]
step  31700  train 9.5098e-01  |g| 0.00e+00  [25710s]
step  31800  train 9.1871e-01  |g| 0.00e+00  [25812s]
step  31900  train 1.0396e+00  |g| 0.00e+00  [25914s]
step  32000  train 1.0259e+00  val 9.7971e-01  6d geo 2.359e-01 med 2.562e-01 p90 3.756e-01 (const 4.730e-02)  |g| 0.00e+00  [26016s]
           5d geo 1.755e-01 med 2.025e-01   postmu 6d geo 1.977e-01 med 2.285e-01 p90 3.629e-01   mu |dlog| 1.0270
           WARNING: prediction spread 0.000 of ground truth -- the output has collapsed to a constant (saturated tanh); lower --lr or raise --warmup-steps and restart
           corr(identifiable)  mu=+0.00  D_div_mu=+0.00  T0_div_mu=+0.00  Ly=+0.00  op_x=+0.00  op_y=+0.00   mean spread/GT 0.00
           err share           mu=33%  D_div_mu=1%  T0_div_mu=0%  Ly=22%  op_x=23%  op_y=22%
step  32100  train 9.7795e-01  |g| 0.00e+00  [26126s]
step  32200  train 9.2760e-01  |g| 0.00e+00  [26228s]
step  32300  train 9.7472e-01  |g| 0.00e+00  [26330s]
step  32400  train 9.7301e-01  |g| 0.00e+00  [26432s]
step  32500  train 9.6657e-01  |g| 0.00e+00  [26534s]
step  32600  train 1.0254e+00  |g| 0.00e+00  [26636s]
step  32700  train 9.5960e-01  |g| 0.00e+00  [26738s]
step  32800  train 9.0373e-01  |g| 0.00e+00  [26841s]
step  32900  train 9.3206e-01  |g| 0.00e+00  [26943s]
step  33000  train 9.1883e-01  |g| 0.00e+00  [27045s]
step  33100  train 1.1054e+00  |g| 0.00e+00  [27147s]
step  33200  train 8.9858e-01  |g| 0.00e+00  [27249s]
step  33300  train 9.8204e-01  |g| 0.00e+00  [27351s]
step  33400  train 1.0396e+00  |g| 0.00e+00  [27453s]
step  33500  train 1.0471e+00  |g| 0.00e+00  [27555s]
step  33600  train 1.0581e+00  |g| 0.00e+00  [27657s]
step  33700  train 9.2828e-01  |g| 0.00e+00  [27759s]
step  33800  train 9.5148e-01  |g| 0.00e+00  [27861s]
step  33900  train 1.0198e+00  |g| 0.00e+00  [27963s]
step  34000  train 9.7499e-01  val 9.7971e-01  6d geo 2.359e-01 med 2.562e-01 p90 3.756e-01 (const 4.730e-02)  |g| 0.00e+00  [28065s]
           5d geo 1.755e-01 med 2.025e-01   postmu 6d geo 1.977e-01 med 2.285e-01 p90 3.629e-01   mu |dlog| 1.0270
           WARNING: prediction spread 0.000 of ground truth -- the output has collapsed to a constant (saturated tanh); lower --lr or raise --warmup-steps and restart
           corr(identifiable)  mu=+0.00  D_div_mu=+0.00  T0_div_mu=+0.00  Ly=+0.00  op_x=+0.00  op_y=+0.00   mean spread/GT 0.00
           err share           mu=33%  D_div_mu=1%  T0_div_mu=0%  Ly=22%  op_x=23%  op_y=22%
step  34100  train 1.0655e+00  |g| 0.00e+00  [28175s]
step  34200  train 9.8648e-01  |g| 0.00e+00  [28277s]
step  34300  train 9.4546e-01  |g| 0.00e+00  [28379s]
step  34400  train 9.6718e-01  |g| 0.00e+00  [28481s]
step  34500  train 1.0093e+00  |g| 0.00e+00  [28584s]
step  34600  train 9.4735e-01  |g| 0.00e+00  [28686s]
step  34700  train 9.2544e-01  |g| 0.00e+00  [28788s]
step  34800  train 9.4523e-01  |g| 0.00e+00  [28890s]
step  34900  train 1.0430e+00  |g| 0.00e+00  [28992s]
step  35000  train 1.0149e+00  |g| 0.00e+00  [29094s]
step  35100  train 1.0223e+00  |g| 0.00e+00  [29196s]
step  35200  train 9.1346e-01  |g| 0.00e+00  [29299s]
step  35300  train 1.0370e+00  |g| 0.00e+00  [29401s]
step  35400  train 1.0111e+00  |g| 0.00e+00  [29503s]
step  35500  train 1.0351e+00  |g| 0.00e+00  [29605s]
step  35600  train 9.7114e-01  |g| 0.00e+00  [29707s]
step  35700  train 9.3748e-01  |g| 0.00e+00  [29809s]
step  35800  train 9.9024e-01  |g| 0.00e+00  [29911s]
step  35900  train 9.0683e-01  |g| 0.00e+00  [30013s]
step  36000  train 1.0309e+00  val 9.7971e-01  6d geo 2.359e-01 med 2.562e-01 p90 3.756e-01 (const 4.730e-02)  |g| 0.00e+00  [30115s]
           5d geo 1.755e-01 med 2.025e-01   postmu 6d geo 1.977e-01 med 2.285e-01 p90 3.629e-01   mu |dlog| 1.0270
           WARNING: prediction spread 0.000 of ground truth -- the output has collapsed to a constant (saturated tanh); lower --lr or raise --warmup-steps and restart
           corr(identifiable)  mu=+0.00  D_div_mu=+0.00  T0_div_mu=+0.00  Ly=+0.00  op_x=+0.00  op_y=+0.00   mean spread/GT 0.00
           err share           mu=33%  D_div_mu=1%  T0_div_mu=0%  Ly=22%  op_x=23%  op_y=22%
step  36100  train 1.0374e+00  |g| 0.00e+00  [30224s]
step  36200  train 9.6680e-01  |g| 0.00e+00  [30327s]
step  36300  train 1.0218e+00  |g| 0.00e+00  [30429s]
step  36400  train 1.0372e+00  |g| 0.00e+00  [30531s]
step  36500  train 1.0041e+00  |g| 0.00e+00  [30633s]
step  36600  train 9.9396e-01  |g| 0.00e+00  [30735s]
step  36700  train 1.0062e+00  |g| 0.00e+00  [30837s]
step  36800  train 9.7808e-01  |g| 0.00e+00  [30939s]
step  36900  train 9.1861e-01  |g| 0.00e+00  [31041s]
step  37000  train 1.0602e+00  |g| 0.00e+00  [31143s]
step  37100  train 9.8092e-01  |g| 0.00e+00  [31245s]
step  37200  train 9.6464e-01  |g| 0.00e+00  [31347s]
step  37300  train 9.4094e-01  |g| 0.00e+00  [31449s]
step  37400  train 9.9945e-01  |g| 0.00e+00  [31551s]
step  37500  train 9.7250e-01  |g| 0.00e+00  [31653s]
step  37600  train 9.4983e-01  |g| 0.00e+00  [31755s]
step  37700  train 8.7128e-01  |g| 0.00e+00  [31857s]
step  37800  train 9.6327e-01  |g| 0.00e+00  [31959s]
step  37900  train 9.5191e-01  |g| 0.00e+00  [32062s]
step  38000  train 9.8710e-01  val 9.7971e-01  6d geo 2.359e-01 med 2.562e-01 p90 3.756e-01 (const 4.730e-02)  |g| 0.00e+00  [32164s]
           5d geo 1.755e-01 med 2.025e-01   postmu 6d geo 1.977e-01 med 2.285e-01 p90 3.629e-01   mu |dlog| 1.0270
           WARNING: prediction spread 0.000 of ground truth -- the output has collapsed to a constant (saturated tanh); lower --lr or raise --warmup-steps and restart
           corr(identifiable)  mu=+0.00  D_div_mu=+0.00  T0_div_mu=+0.00  Ly=+0.00  op_x=+0.00  op_y=+0.00   mean spread/GT 0.00
           err share           mu=33%  D_div_mu=1%  T0_div_mu=0%  Ly=22%  op_x=23%  op_y=22%
step  38100  train 1.0332e+00  |g| 0.00e+00  [32273s]
step  38200  train 9.0360e-01  |g| 0.00e+00  [32375s]
step  38300  train 9.9867e-01  |g| 0.00e+00  [32477s]
step  38400  train 9.4588e-01  |g| 0.00e+00  [32579s]
step  38500  train 9.7603e-01  |g| 0.00e+00  [32681s]
step  38600  train 9.4938e-01  |g| 0.00e+00  [32783s]
step  38700  train 1.0095e+00  |g| 0.00e+00  [32885s]
step  38800  train 9.9374e-01  |g| 0.00e+00  [32987s]
step  38900  train 9.5628e-01  |g| 0.00e+00  [33089s]
step  39000  train 1.0174e+00  |g| 0.00e+00  [33191s]
step  39100  train 9.6949e-01  |g| 0.00e+00  [33293s]
step  39200  train 9.9974e-01  |g| 0.00e+00  [33395s]
step  39300  train 9.9598e-01  |g| 0.00e+00  [33498s]
step  39400  train 9.3602e-01  |g| 0.00e+00  [33600s]
step  39500  train 9.7578e-01  |g| 0.00e+00  [33702s]
step  39600  train 1.0122e+00  |g| 0.00e+00  [33804s]
step  39700  train 1.0423e+00  |g| 0.00e+00  [33906s]
step  39800  train 1.0470e+00  |g| 0.00e+00  [34009s]
step  39900  train 9.3023e-01  |g| 0.00e+00  [34111s]
step  40000  train 9.3254e-01  val 9.7971e-01  6d geo 2.359e-01 med 2.562e-01 p90 3.756e-01 (const 4.730e-02)  |g| 0.00e+00  [34213s]
           5d geo 1.755e-01 med 2.025e-01   postmu 6d geo 1.977e-01 med 2.285e-01 p90 3.629e-01   mu |dlog| 1.0270
           WARNING: prediction spread 0.000 of ground truth -- the output has collapsed to a constant (saturated tanh); lower --lr or raise --warmup-steps and restart
           corr(identifiable)  mu=+0.00  D_div_mu=+0.00  T0_div_mu=+0.00  Ly=+0.00  op_x=+0.00  op_y=+0.00   mean spread/GT 0.00
           err share           mu=33%  D_div_mu=1%  T0_div_mu=0%  Ly=22%  op_x=23%  op_y=22%
best val_nmse_6d_postmu_geo 4.7318e-02 (encoder_best.pt)

Done. Outputs written to /home/bhpark3/dafx_ddsp/results/ddsp/eps_ladder/L1_STFT_eps1e5
