Device cuda | loss L1_STFT_eps1e7 | duration 0.25s
Loading train targets from data/train-p99
Loading val targets from data/val-p99
  98304 train / 996 val in 41s   train tensor 4.34 GB
  training set held in host memory; batches transferred per step
reference levels:  gt_loss 1.1978e-03   saturation (unrelated IRs) 1.5265e+00
constant-predictor NMSE: 6d 4.730e-02  7d 7.959e-02  (the floor to beat)
training loss stuck near saturation = gradient uninformative; well below = learning

encoder: 3.74M params, width 32

loss scale (fixed): 1.1891e+00
step      1  train 1.1891e+00  val 1.3107e+00  6d geo 4.283e-02 med 4.750e-02 p90 8.157e-02 (const 4.730e-02)  |g| 4.58e+02  [1s]
           5d geo 4.206e-02 med 4.849e-02   postmu 6d geo 4.304e-02 med 4.719e-02 p90 9.398e-02   mu |dlog| 0.4442
           WARNING: prediction spread 0.000 of ground truth -- the output has collapsed to a constant (saturated tanh); lower --lr or raise --warmup-steps and restart
           corr(identifiable)  mu=-0.37  D_div_mu=+0.15  T0_div_mu=-0.01  Ly=-0.01  op_x=-0.48  op_y=-0.27   mean spread/GT 0.00
           err share           mu=16%  D_div_mu=3%  T0_div_mu=2%  Ly=26%  op_x=28%  op_y=26%
step    100  train 1.2945e+00  |g| 1.65e+02  [47s]
step    200  train 1.2897e+00  |g| 1.93e+02  [93s]
step    300  train 1.2607e+00  |g| 3.04e+02  [165s]
step    400  train 1.3973e+00  |g| 2.49e+02  [248s]
step    500  train 1.3464e+00  |g| 7.59e+02  [351s]
step    600  train 1.2704e+00  |g| 5.45e+02  [433s]
  WARNING: 1 of 64 parameter sets need a finer grid than the pinned (86, 282) and are truncated. Raise --fixed-mode-grid; targets rendered under a pin that truncates them are not the plate's output at those parameters.
step    700  train 1.3151e+00  |g| 7.28e+02  [496s]
step    800  train 1.5505e+00  |g| 4.14e+02  [553s]
step    900  train 1.4512e+00  |g| 8.02e+01  [602s]
step   1000  train 1.3619e+00  |g| 7.30e+02  [644s]
step   1100  train 1.4123e+00  |g| 3.21e+02  [686s]
step   1200  train 1.9343e+00  |g| 6.34e+01  [727s]
step   1300  train 1.6633e+00  |g| 1.76e+01  [769s]
step   1400  train 1.7603e+00  |g| 3.12e+00  [810s]
step   1500  train 1.7219e+00  |g| 2.39e+01  [851s]
step   1600  train 1.6451e+00  |g| 1.64e+01  [892s]
step   1700  train 1.8047e+00  |g| 7.32e+00  [933s]
step   1800  train 1.7019e+00  |g| 2.37e+01  [974s]
step   1900  train 1.7559e+00  |g| 1.95e+00  [1016s]
step   2000  train 1.6352e+00  val 1.6944e+00  6d geo 2.300e-01 med 2.449e-01 p90 3.822e-01 (const 4.730e-02)  |g| 4.63e+00  [1057s]
           5d geo 1.696e-01 med 1.931e-01   postmu 6d geo 1.473e-01 med 1.675e-01 p90 3.042e-01   mu |dlog| 0.4232
           WARNING: prediction spread 0.006 of ground truth -- the output has collapsed to a constant (saturated tanh); lower --lr or raise --warmup-steps and restart
           corr(identifiable)  mu=+0.04  D_div_mu=+0.43  T0_div_mu=+0.11  Ly=+0.01  op_x=-0.21  op_y=-0.33   mean spread/GT 0.01
           err share           mu=33%  D_div_mu=1%  T0_div_mu=0%  Ly=21%  op_x=23%  op_y=22%
step   2100  train 1.7497e+00  |g| 2.95e+01  [1101s]
step   2200  train 1.6214e+00  |g| 1.27e+01  [1142s]
step   2300  train 1.6442e+00  |g| 1.31e+01  [1183s]
step   2400  train 1.9321e+00  |g| 9.94e+00  [1224s]
step   2500  train 1.7440e+00  |g| 2.44e+01  [1266s]
step   2600  train 1.5548e+00  |g| 6.35e+00  [1307s]
step   2700  train 1.7140e+00  |g| 2.52e+00  [1348s]
step   2800  train 1.5567e+00  |g| 6.62e+00  [1389s]
step   2900  train 1.6699e+00  |g| 1.10e+01  [1430s]
step   3000  train 1.7572e+00  |g| 1.01e+01  [1471s]
step   3100  train 1.7652e+00  |g| 2.43e+01  [1512s]
step   3200  train 1.8846e+00  |g| 2.97e+01  [1554s]
step   3300  train 1.9562e+00  |g| 1.14e+01  [1595s]
step   3400  train 1.6673e+00  |g| 3.22e+01  [1636s]
step   3500  train 1.8798e+00  |g| 4.72e+01  [1677s]
step   3600  train 1.7229e+00  |g| 5.24e+01  [1718s]
step   3700  train 1.6051e+00  |g| 1.02e+02  [1759s]
step   3800  train 1.5797e+00  |g| 3.17e+01  [1800s]
step   3900  train 1.7786e+00  |g| 4.40e+00  [1842s]
step   4000  train 1.9382e+00  val 1.6668e+00  6d geo 2.308e-01 med 2.460e-01 p90 3.816e-01 (const 4.730e-02)  |g| 2.10e+01  [1883s]
           5d geo 1.711e-01 med 1.949e-01   postmu 6d geo 1.486e-01 med 1.687e-01 p90 3.050e-01   mu |dlog| 0.4338
           WARNING: prediction spread 0.044 of ground truth -- the output has collapsed to a constant (saturated tanh); lower --lr or raise --warmup-steps and restart
           corr(identifiable)  mu=+0.42  D_div_mu=+0.20  T0_div_mu=+0.08  Ly=+0.23  op_x=+0.17  op_y=-0.18   mean spread/GT 0.04
           err share           mu=33%  D_div_mu=1%  T0_div_mu=0%  Ly=21%  op_x=23%  op_y=22%
step   4100  train 1.5952e+00  |g| 1.83e+01  [1927s]
step   4200  train 1.7795e+00  |g| 4.04e+01  [1968s]
step   4300  train 1.7286e+00  |g| 2.26e+01  [2009s]
step   4400  train 1.6780e+00  |g| 2.11e+01  [2051s]
step   4500  train 1.7025e+00  |g| 5.45e+00  [2092s]
step   4600  train 1.7783e+00  |g| 7.39e+01  [2133s]
step   4700  train 1.6483e+00  |g| 2.68e+00  [2174s]
step   4800  train 1.7186e+00  |g| 2.47e+01  [2215s]
step   4900  train 1.6741e+00  |g| 1.40e+01  [2257s]
step   5000  train 1.6700e+00  |g| 2.85e+01  [2298s]
step   5100  train 1.6463e+00  |g| 3.39e+01  [2339s]
step   5200  train 1.5969e+00  |g| 1.53e+01  [2380s]
step   5300  train 1.6048e+00  |g| 6.41e+00  [2421s]
step   5400  train 1.6933e+00  |g| 6.27e+00  [2462s]
step   5500  train 1.7150e+00  |g| 2.59e+01  [2504s]
step   5600  train 1.6413e+00  |g| 3.28e+01  [2545s]
step   5700  train 1.7061e+00  |g| 7.22e+01  [2586s]
step   5800  train 1.6903e+00  |g| 3.03e+00  [2627s]
step   5900  train 1.8031e+00  |g| 6.24e+01  [2668s]
step   6000  train 1.5871e+00  val 1.6718e+00  6d geo 2.302e-01 med 2.459e-01 p90 3.821e-01 (const 4.730e-02)  |g| 3.06e+01  [2710s]
           5d geo 1.710e-01 med 1.948e-01   postmu 6d geo 1.486e-01 med 1.689e-01 p90 3.050e-01   mu |dlog| 0.4364
           WARNING: prediction spread 0.007 of ground truth -- the output has collapsed to a constant (saturated tanh); lower --lr or raise --warmup-steps and restart
           corr(identifiable)  mu=-0.31  D_div_mu=-0.05  T0_div_mu=-0.14  Ly=-0.30  op_x=+0.11  op_y=-0.19   mean spread/GT 0.01
           err share           mu=33%  D_div_mu=1%  T0_div_mu=0%  Ly=21%  op_x=23%  op_y=22%
step   6100  train 1.4603e+00  |g| 5.76e+01  [2754s]
step   6200  train 1.7606e+00  |g| 6.52e+00  [2795s]
step   6300  train 1.6828e+00  |g| 1.62e+01  [2836s]
step   6400  train 1.7006e+00  |g| 4.73e+00  [2877s]
step   6500  train 1.6389e+00  |g| 2.95e+01  [2919s]
step   6600  train 1.6191e+00  |g| 8.66e+00  [2960s]
step   6700  train 1.7341e+00  |g| 6.60e+01  [3001s]
step   6800  train 1.6254e+00  |g| 8.42e+00  [3042s]
step   6900  train 1.7068e+00  |g| 3.09e+01  [3083s]
step   7000  train 1.6493e+00  |g| 4.19e+00  [3124s]
step   7100  train 1.6904e+00  |g| 2.71e+00  [3166s]
step   7200  train 1.6266e+00  |g| 6.02e+00  [3207s]
step   7300  train 1.7498e+00  |g| 4.78e+00  [3248s]
step   7400  train 1.6049e+00  |g| 8.62e-01  [3289s]
step   7500  train 1.6992e+00  |g| 3.57e+00  [3330s]
step   7600  train 1.8366e+00  |g| 3.11e+01  [3371s]
step   7700  train 1.7741e+00  |g| 3.73e+01  [3413s]
step   7800  train 1.6733e+00  |g| 2.83e+01  [3454s]
step   7900  train 1.7348e+00  |g| 7.02e+00  [3495s]
step   8000  train 1.5713e+00  val 1.6579e+00  6d geo 2.303e-01 med 2.455e-01 p90 3.816e-01 (const 4.730e-02)  |g| 1.11e+01  [3536s]
           5d geo 1.709e-01 med 1.947e-01   postmu 6d geo 1.485e-01 med 1.688e-01 p90 3.048e-01   mu |dlog| 0.4301
           WARNING: prediction spread 0.047 of ground truth -- the output has collapsed to a constant (saturated tanh); lower --lr or raise --warmup-steps and restart
           corr(identifiable)  mu=+0.24  D_div_mu=+0.16  T0_div_mu=+0.08  Ly=-0.09  op_x=-0.08  op_y=-0.22   mean spread/GT 0.05
           err share           mu=33%  D_div_mu=1%  T0_div_mu=0%  Ly=21%  op_x=23%  op_y=22%
step   8100  train 1.7881e+00  |g| 8.00e+00  [3581s]
step   8200  train 1.5883e+00  |g| 4.24e+01  [3622s]
step   8300  train 1.6712e+00  |g| 4.85e+01  [3663s]
step   8400  train 1.5752e+00  |g| 1.24e+01  [3704s]
step   8500  train 1.6335e+00  |g| 3.78e+01  [3745s]
step   8600  train 1.6981e+00  |g| 4.54e+01  [3786s]
step   8700  train 1.6191e+00  |g| 4.78e+00  [3828s]
step   8800  train 1.6371e+00  |g| 4.05e+01  [3869s]
step   8900  train 1.6252e+00  |g| 4.27e+01  [3910s]
step   9000  train 1.6031e+00  |g| 1.63e+01  [3951s]
step   9100  train 1.7679e+00  |g| 1.96e+01  [3992s]
step   9200  train 1.6232e+00  |g| 1.17e+01  [4033s]
step   9300  train 1.6507e+00  |g| 2.56e+01  [4075s]
step   9400  train 1.7382e+00  |g| 3.87e+00  [4116s]
step   9500  train 1.7699e+00  |g| 3.08e+01  [4157s]
step   9600  train 1.7872e+00  |g| 1.23e+01  [4198s]
step   9700  train 1.7213e+00  |g| 5.57e+01  [4239s]
step   9800  train 1.8100e+00  |g| 3.10e+01  [4280s]
step   9900  train 1.5567e+00  |g| 7.10e+01  [4322s]
step  10000  train 1.6909e+00  val 1.6634e+00  6d geo 2.296e-01 med 2.450e-01 p90 3.810e-01 (const 4.730e-02)  |g| 3.38e+00  [4363s]
           5d geo 1.710e-01 med 1.947e-01   postmu 6d geo 1.485e-01 med 1.688e-01 p90 3.050e-01   mu |dlog| 0.4280
           WARNING: prediction spread 0.001 of ground truth -- the output has collapsed to a constant (saturated tanh); lower --lr or raise --warmup-steps and restart
           corr(identifiable)  mu=+0.12  D_div_mu=-0.06  T0_div_mu=+0.16  Ly=-0.20  op_x=+0.05  op_y=+0.10   mean spread/GT 0.00
           err share           mu=33%  D_div_mu=1%  T0_div_mu=0%  Ly=21%  op_x=23%  op_y=22%
step  10100  train 1.5696e+00  |g| 3.21e+01  [4407s]
step  10200  train 1.6374e+00  |g| 4.34e+01  [4448s]
step  10300  train 1.6461e+00  |g| 6.44e+01  [4489s]
step  10400  train 1.7196e+00  |g| 4.74e+01  [4531s]
step  10500  train 1.6057e+00  |g| 9.48e+01  [4572s]
step  10600  train 1.6775e+00  |g| 2.87e+01  [4613s]
step  10700  train 1.6734e+00  |g| 6.48e+00  [4654s]
step  10800  train 1.5244e+00  |g| 1.81e+01  [4695s]
step  10900  train 1.9538e+00  |g| 2.06e-04  [4736s]
step  11000  train 2.0336e+00  |g| 4.47e-05  [4777s]
step  11100  train 2.1211e+00  |g| 3.78e-05  [4819s]
step  11200  train 2.0627e+00  |g| 1.92e-04  [4860s]
step  11300  train 1.8903e+00  |g| 3.24e-04  [4901s]
step  11400  train 1.8962e+00  |g| 8.15e-04  [4942s]
step  11500  train 1.7794e+00  |g| 1.26e-04  [4983s]
step  11600  train 1.9178e+00  |g| 2.64e-05  [5024s]
step  11700  train 1.8241e+00  |g| 1.01e-04  [5065s]
step  11800  train 2.0654e+00  |g| 1.90e-05  [5107s]
step  11900  train 2.1681e+00  |g| 9.10e-06  [5148s]
step  12000  train 1.8227e+00  val 1.9178e+00  6d geo 2.325e-01 med 2.477e-01 p90 3.836e-01 (const 4.730e-02)  |g| 1.44e-04  [5189s]
           5d geo 1.708e-01 med 1.947e-01   postmu 6d geo 1.484e-01 med 1.685e-01 p90 3.050e-01   mu |dlog| 0.4327
           WARNING: prediction spread 0.000 of ground truth -- the output has collapsed to a constant (saturated tanh); lower --lr or raise --warmup-steps and restart
           corr(identifiable)  mu=+0.03  D_div_mu=+0.10  T0_div_mu=+0.10  Ly=+0.03  op_x=-0.18  op_y=-0.12   mean spread/GT 0.00
           err share           mu=33%  D_div_mu=1%  T0_div_mu=0%  Ly=21%  op_x=23%  op_y=22%
step  12100  train 2.1631e+00  |g| 1.01e-05  [5233s]
step  12200  train 1.9665e+00  |g| 1.12e-05  [5274s]
step  12300  train 2.0884e+00  |g| 4.61e-05  [5315s]
step  12400  train 1.9212e+00  |g| 4.32e-05  [5356s]
step  12500  train 1.9257e+00  |g| 4.37e-05  [5398s]
step  12600  train 1.8939e+00  |g| 2.08e-05  [5439s]
step  12700  train 2.0003e+00  |g| 2.74e-05  [5480s]
step  12800  train 1.9332e+00  |g| 1.81e-05  [5521s]
step  12900  train 2.0248e+00  |g| 8.09e-06  [5562s]
step  13000  train 1.9945e+00  |g| 1.77e-05  [5603s]
step  13100  train 1.8171e+00  |g| 2.60e-05  [5645s]
step  13200  train 1.8719e+00  |g| 1.82e-05  [5686s]
step  13300  train 2.0107e+00  |g| 4.63e-05  [5727s]
step  13400  train 2.1330e+00  |g| 1.56e-06  [5768s]
step  13500  train 1.9184e+00  |g| 1.26e-06  [5809s]
step  13600  train 2.0051e+00  |g| 1.01e-05  [5850s]
step  13700  train 1.8956e+00  |g| 6.87e-07  [5892s]
step  13800  train 2.1092e+00  |g| 2.35e-05  [5933s]
step  13900  train 2.1246e+00  |g| 1.14e-06  [5974s]
step  14000  train 1.9328e+00  val 1.9178e+00  6d geo 2.325e-01 med 2.477e-01 p90 3.836e-01 (const 4.730e-02)  |g| 1.92e-05  [6015s]
           5d geo 1.708e-01 med 1.947e-01   postmu 6d geo 1.484e-01 med 1.685e-01 p90 3.050e-01   mu |dlog| 0.4327
           WARNING: prediction spread 0.000 of ground truth -- the output has collapsed to a constant (saturated tanh); lower --lr or raise --warmup-steps and restart
           corr(identifiable)  mu=+0.02  D_div_mu=+0.07  T0_div_mu=+0.10  Ly=+0.03  op_x=-0.16  op_y=-0.11   mean spread/GT 0.00
           err share           mu=33%  D_div_mu=1%  T0_div_mu=0%  Ly=21%  op_x=23%  op_y=22%
step  14100  train 1.9832e+00  |g| 3.13e-05  [6060s]
step  14200  train 1.8913e+00  |g| 1.78e-05  [6101s]
step  14300  train 1.8709e+00  |g| 1.30e-06  [6142s]
step  14400  train 1.9825e+00  |g| 1.95e-06  [6183s]
step  14500  train 1.9398e+00  |g| 3.37e-06  [6225s]
step  14600  train 1.9559e+00  |g| 2.05e-06  [6266s]
step  14700  train 1.9362e+00  |g| 1.25e-05  [6307s]
step  14800  train 1.8676e+00  |g| 1.51e-05  [6348s]
step  14900  train 2.0295e+00  |g| 3.70e-05  [6390s]
step  15000  train 1.9094e+00  |g| 1.62e-06  [6431s]
step  15100  train 2.0865e+00  |g| 1.24e-05  [6472s]
step  15200  train 1.7553e+00  |g| 2.07e-05  [6514s]
step  15300  train 2.0281e+00  |g| 1.78e-06  [6555s]
step  15400  train 1.7863e+00  |g| 3.55e-06  [6596s]
step  15500  train 2.0142e+00  |g| 7.14e-06  [6637s]
step  15600  train 1.9068e+00  |g| 3.28e-06  [6678s]
step  15700  train 1.8912e+00  |g| 1.67e-05  [6720s]
step  15800  train 1.9249e+00  |g| 3.44e-07  [6761s]
step  15900  train 2.0622e+00  |g| 4.04e-07  [6802s]
step  16000  train 1.7613e+00  val 1.9178e+00  6d geo 2.325e-01 med 2.477e-01 p90 3.836e-01 (const 4.730e-02)  |g| 1.80e-06  [6843s]
           5d geo 1.708e-01 med 1.947e-01   postmu 6d geo 1.484e-01 med 1.685e-01 p90 3.050e-01   mu |dlog| 0.4327
           WARNING: prediction spread 0.000 of ground truth -- the output has collapsed to a constant (saturated tanh); lower --lr or raise --warmup-steps and restart
           corr(identifiable)  mu=+0.02  D_div_mu=+0.07  T0_div_mu=+0.10  Ly=+0.02  op_x=-0.13  op_y=-0.11   mean spread/GT 0.00
           err share           mu=33%  D_div_mu=1%  T0_div_mu=0%  Ly=21%  op_x=23%  op_y=22%
step  16100  train 1.8385e+00  |g| 6.31e-07  [6888s]
step  16200  train 1.9081e+00  |g| 3.60e-05  [6929s]
step  16300  train 2.0397e+00  |g| 1.64e-06  [6970s]
step  16400  train 2.0052e+00  |g| 2.16e-05  [7012s]
step  16500  train 1.9606e+00  |g| 2.04e-03  [7053s]
step  16600  train 2.0465e+00  |g| 1.23e-04  [7094s]
step  16700  train 1.9363e+00  |g| 4.47e-05  [7135s]
step  16800  train 1.8442e+00  |g| 1.62e-05  [7177s]
step  16900  train 1.7487e+00  |g| 1.98e-05  [7218s]
step  17000  train 1.9618e+00  |g| 2.25e-05  [7259s]
step  17100  train 1.8696e+00  |g| 2.26e-05  [7300s]
step  17200  train 1.8963e+00  |g| 2.59e-05  [7341s]
step  17300  train 1.9126e+00  |g| 2.42e-05  [7383s]
step  17400  train 2.0041e+00  |g| 3.45e-06  [7424s]
step  17500  train 1.9876e+00  |g| 1.42e-05  [7465s]
step  17600  train 1.9745e+00  |g| 1.88e-05  [7506s]
step  17700  train 1.8860e+00  |g| 4.69e-05  [7548s]
step  17800  train 1.8789e+00  |g| 7.13e-06  [7589s]
step  17900  train 1.9454e+00  |g| 7.86e-06  [7630s]
step  18000  train 1.9796e+00  val 1.8846e+00  6d geo 2.328e-01 med 2.486e-01 p90 3.844e-01 (const 4.730e-02)  |g| 8.29e-06  [7671s]
           5d geo 1.714e-01 med 1.951e-01   postmu 6d geo 1.489e-01 med 1.688e-01 p90 3.054e-01   mu |dlog| 0.4315
           WARNING: prediction spread 0.000 of ground truth -- the output has collapsed to a constant (saturated tanh); lower --lr or raise --warmup-steps and restart
           corr(identifiable)  mu=+0.00  D_div_mu=+0.00  T0_div_mu=+0.00  Ly=-0.06  op_x=+0.00  op_y=+0.00   mean spread/GT 0.00
           err share           mu=33%  D_div_mu=1%  T0_div_mu=0%  Ly=21%  op_x=23%  op_y=22%
step  18100  train 1.9660e+00  |g| 5.20e-06  [7716s]
step  18200  train 1.8664e+00  |g| 5.29e-06  [7757s]
step  18300  train 1.9021e+00  |g| 0.00e+00  [7798s]
step  18400  train 1.8746e+00  |g| 4.06e-06  [7839s]
step  18500  train 1.9639e+00  |g| 5.27e-06  [7880s]
step  18600  train 2.0941e+00  |g| 3.12e-06  [7922s]
step  18700  train 1.9412e+00  |g| 1.67e-06  [7963s]
step  18800  train 2.0205e+00  |g| 1.03e-05  [8004s]
step  18900  train 2.0243e+00  |g| 7.06e-06  [8045s]
step  19000  train 2.0755e+00  |g| 3.27e-06  [8086s]
step  19100  train 1.9402e+00  |g| 5.64e-06  [8128s]
step  19200  train 1.9967e+00  |g| 0.00e+00  [8169s]
step  19300  train 1.9902e+00  |g| 3.47e-06  [8210s]
step  19400  train 1.7309e+00  |g| 8.61e-06  [8251s]
step  19500  train 1.9093e+00  |g| 0.00e+00  [8292s]
step  19600  train 1.9485e+00  |g| 1.88e-06  [8334s]
step  19700  train 1.9398e+00  |g| 0.00e+00  [8375s]
step  19800  train 1.8291e+00  |g| 1.05e-05  [8416s]
step  19900  train 1.8757e+00  |g| 1.98e-06  [8457s]
step  20000  train 1.9232e+00  val 1.8846e+00  6d geo 2.328e-01 med 2.486e-01 p90 3.844e-01 (const 4.730e-02)  |g| 0.00e+00  [8498s]
           5d geo 1.714e-01 med 1.951e-01   postmu 6d geo 1.489e-01 med 1.688e-01 p90 3.054e-01   mu |dlog| 0.4315
           WARNING: prediction spread 0.000 of ground truth -- the output has collapsed to a constant (saturated tanh); lower --lr or raise --warmup-steps and restart
           corr(identifiable)  mu=+0.00  D_div_mu=+0.00  T0_div_mu=+0.00  Ly=+0.00  op_x=+0.00  op_y=+0.00   mean spread/GT 0.00
           err share           mu=33%  D_div_mu=1%  T0_div_mu=0%  Ly=21%  op_x=23%  op_y=22%
step  20100  train 2.0590e+00  |g| 0.00e+00  [8543s]
step  20200  train 1.9731e+00  |g| 0.00e+00  [8584s]
step  20300  train 2.0473e+00  |g| 0.00e+00  [8625s]
step  20400  train 1.9742e+00  |g| 1.68e-06  [8666s]
step  20500  train 1.8886e+00  |g| 8.54e-07  [8707s]
step  20600  train 1.7684e+00  |g| 1.85e-06  [8749s]
step  20700  train 1.9895e+00  |g| 3.31e-06  [8790s]
step  20800  train 1.8197e+00  |g| 6.08e-07  [8831s]
step  20900  train 1.9443e+00  |g| 0.00e+00  [8872s]
step  21000  train 1.9468e+00  |g| 0.00e+00  [8914s]
step  21100  train 1.8762e+00  |g| 0.00e+00  [8955s]
step  21200  train 1.9251e+00  |g| 1.81e-06  [8996s]
step  21300  train 1.8913e+00  |g| 0.00e+00  [9037s]
step  21400  train 1.9267e+00  |g| 0.00e+00  [9078s]
step  21500  train 2.0118e+00  |g| 1.64e-06  [9119s]
step  21600  train 1.9282e+00  |g| 0.00e+00  [9161s]
step  21700  train 2.0510e+00  |g| 1.90e-06  [9202s]
step  21800  train 2.0720e+00  |g| 0.00e+00  [9243s]
step  21900  train 1.8617e+00  |g| 0.00e+00  [9284s]
step  22000  train 1.7473e+00  val 1.8846e+00  6d geo 2.328e-01 med 2.486e-01 p90 3.844e-01 (const 4.730e-02)  |g| 0.00e+00  [9325s]
           5d geo 1.714e-01 med 1.951e-01   postmu 6d geo 1.489e-01 med 1.688e-01 p90 3.054e-01   mu |dlog| 0.4315
           WARNING: prediction spread 0.000 of ground truth -- the output has collapsed to a constant (saturated tanh); lower --lr or raise --warmup-steps and restart
           corr(identifiable)  mu=+0.00  D_div_mu=+0.00  T0_div_mu=+0.00  Ly=+0.00  op_x=+0.00  op_y=+0.00   mean spread/GT 0.00
           err share           mu=33%  D_div_mu=1%  T0_div_mu=0%  Ly=21%  op_x=23%  op_y=22%
step  22100  train 2.0043e+00  |g| 0.00e+00  [9370s]
step  22200  train 1.8378e+00  |g| 0.00e+00  [9411s]
step  22300  train 1.9489e+00  |g| 0.00e+00  [9452s]
step  22400  train 1.8693e+00  |g| 0.00e+00  [9493s]
step  22500  train 1.9694e+00  |g| 0.00e+00  [9535s]
step  22600  train 2.0222e+00  |g| 3.54e-06  [9576s]
step  22700  train 1.9804e+00  |g| 0.00e+00  [9617s]
step  22800  train 1.8530e+00  |g| 0.00e+00  [9658s]
step  22900  train 1.8429e+00  |g| 2.22e-07  [9699s]
step  23000  train 2.0363e+00  |g| 0.00e+00  [9741s]
step  23100  train 2.1568e+00  |g| 0.00e+00  [9782s]
step  23200  train 1.9103e+00  |g| 0.00e+00  [9823s]
step  23300  train 1.9230e+00  |g| 0.00e+00  [9864s]
step  23400  train 1.9313e+00  |g| 0.00e+00  [9905s]
step  23500  train 1.9680e+00  |g| 0.00e+00  [9946s]
step  23600  train 2.0153e+00  |g| 0.00e+00  [9988s]
step  23700  train 1.8816e+00  |g| 0.00e+00  [10029s]
step  23800  train 1.9055e+00  |g| 0.00e+00  [10070s]
step  23900  train 1.9494e+00  |g| 0.00e+00  [10111s]
step  24000  train 1.9445e+00  val 1.8846e+00  6d geo 2.328e-01 med 2.486e-01 p90 3.844e-01 (const 4.730e-02)  |g| 0.00e+00  [10152s]
           5d geo 1.714e-01 med 1.951e-01   postmu 6d geo 1.489e-01 med 1.688e-01 p90 3.054e-01   mu |dlog| 0.4315
           WARNING: prediction spread 0.000 of ground truth -- the output has collapsed to a constant (saturated tanh); lower --lr or raise --warmup-steps and restart
           corr(identifiable)  mu=+0.00  D_div_mu=+0.00  T0_div_mu=+0.00  Ly=+0.00  op_x=+0.00  op_y=+0.00   mean spread/GT 0.00
           err share           mu=33%  D_div_mu=1%  T0_div_mu=0%  Ly=21%  op_x=23%  op_y=22%
step  24100  train 1.7104e+00  |g| 0.00e+00  [10197s]
step  24200  train 1.9355e+00  |g| 0.00e+00  [10238s]
step  24300  train 2.0742e+00  |g| 0.00e+00  [10279s]
step  24400  train 1.9200e+00  |g| 0.00e+00  [10320s]
step  24500  train 1.9399e+00  |g| 0.00e+00  [10361s]
step  24600  train 1.9511e+00  |g| 0.00e+00  [10403s]
step  24700  train 2.1295e+00  |g| 0.00e+00  [10444s]
step  24800  train 1.7807e+00  |g| 0.00e+00  [10485s]
step  24900  train 1.9863e+00  |g| 0.00e+00  [10526s]
step  25000  train 2.1019e+00  |g| 0.00e+00  [10567s]
step  25100  train 1.9681e+00  |g| 0.00e+00  [10608s]
step  25200  train 2.0465e+00  |g| 0.00e+00  [10650s]
step  25300  train 1.9639e+00  |g| 0.00e+00  [10691s]
step  25400  train 2.0330e+00  |g| 0.00e+00  [10732s]
step  25500  train 1.7388e+00  |g| 0.00e+00  [10773s]
step  25600  train 1.8648e+00  |g| 0.00e+00  [10814s]
step  25700  train 1.9043e+00  |g| 0.00e+00  [10855s]
step  25800  train 1.9423e+00  |g| 0.00e+00  [10896s]
step  25900  train 1.8788e+00  |g| 0.00e+00  [10938s]
step  26000  train 1.8969e+00  val 1.8846e+00  6d geo 2.328e-01 med 2.486e-01 p90 3.844e-01 (const 4.730e-02)  |g| 0.00e+00  [10979s]
           5d geo 1.714e-01 med 1.951e-01   postmu 6d geo 1.489e-01 med 1.688e-01 p90 3.054e-01   mu |dlog| 0.4315
           WARNING: prediction spread 0.000 of ground truth -- the output has collapsed to a constant (saturated tanh); lower --lr or raise --warmup-steps and restart
           corr(identifiable)  mu=+0.00  D_div_mu=+0.00  T0_div_mu=+0.00  Ly=+0.00  op_x=+0.00  op_y=+0.00   mean spread/GT 0.00
           err share           mu=33%  D_div_mu=1%  T0_div_mu=0%  Ly=21%  op_x=23%  op_y=22%
step  26100  train 1.8476e+00  |g| 0.00e+00  [11023s]
step  26200  train 1.9406e+00  |g| 9.26e-07  [11064s]
step  26300  train 2.0653e+00  |g| 0.00e+00  [11105s]
step  26400  train 1.9214e+00  |g| 0.00e+00  [11147s]
step  26500  train 1.8666e+00  |g| 0.00e+00  [11188s]
step  26600  train 1.8502e+00  |g| 0.00e+00  [11229s]
step  26700  train 1.8879e+00  |g| 0.00e+00  [11270s]
step  26800  train 1.8207e+00  |g| 0.00e+00  [11311s]
step  26900  train 1.7803e+00  |g| 0.00e+00  [11352s]
step  27000  train 1.8461e+00  |g| 0.00e+00  [11394s]
step  27100  train 1.9277e+00  |g| 0.00e+00  [11435s]
step  27200  train 1.8761e+00  |g| 0.00e+00  [11476s]
step  27300  train 2.0591e+00  |g| 0.00e+00  [11517s]
step  27400  train 1.7932e+00  |g| 0.00e+00  [11558s]
step  27500  train 1.8771e+00  |g| 0.00e+00  [11599s]
step  27600  train 1.7897e+00  |g| 0.00e+00  [11641s]
step  27700  train 1.8835e+00  |g| 0.00e+00  [11682s]
step  27800  train 1.8121e+00  |g| 0.00e+00  [11723s]
step  27900  train 1.9637e+00  |g| 0.00e+00  [11764s]
step  28000  train 2.1933e+00  val 1.8846e+00  6d geo 2.328e-01 med 2.486e-01 p90 3.844e-01 (const 4.730e-02)  |g| 0.00e+00  [11805s]
           5d geo 1.714e-01 med 1.951e-01   postmu 6d geo 1.489e-01 med 1.688e-01 p90 3.054e-01   mu |dlog| 0.4315
           WARNING: prediction spread 0.000 of ground truth -- the output has collapsed to a constant (saturated tanh); lower --lr or raise --warmup-steps and restart
           corr(identifiable)  mu=+0.00  D_div_mu=+0.00  T0_div_mu=+0.00  Ly=+0.00  op_x=+0.00  op_y=+0.00   mean spread/GT 0.00
           err share           mu=33%  D_div_mu=1%  T0_div_mu=0%  Ly=21%  op_x=23%  op_y=22%
step  28100  train 1.7632e+00  |g| 0.00e+00  [11850s]
step  28200  train 1.9822e+00  |g| 0.00e+00  [11891s]
step  28300  train 1.8944e+00  |g| 0.00e+00  [11932s]
step  28400  train 2.0187e+00  |g| 0.00e+00  [11973s]
step  28500  train 1.8785e+00  |g| 0.00e+00  [12014s]
step  28600  train 1.8644e+00  |g| 0.00e+00  [12055s]
step  28700  train 1.8902e+00  |g| 0.00e+00  [12097s]
step  28800  train 1.9879e+00  |g| 0.00e+00  [12138s]
step  28900  train 1.8406e+00  |g| 0.00e+00  [12179s]
step  29000  train 1.8507e+00  |g| 0.00e+00  [12220s]
step  29100  train 1.8063e+00  |g| 0.00e+00  [12261s]
step  29200  train 1.8939e+00  |g| 0.00e+00  [12302s]
step  29300  train 1.7107e+00  |g| 0.00e+00  [12343s]
step  29400  train 1.8440e+00  |g| 0.00e+00  [12384s]
step  29500  train 1.9164e+00  |g| 0.00e+00  [12426s]
step  29600  train 1.8896e+00  |g| 0.00e+00  [12467s]
step  29700  train 1.7874e+00  |g| 0.00e+00  [12508s]
step  29800  train 1.8922e+00  |g| 0.00e+00  [12549s]
step  29900  train 1.8636e+00  |g| 0.00e+00  [12590s]
step  30000  train 1.8340e+00  val 1.8846e+00  6d geo 2.328e-01 med 2.486e-01 p90 3.844e-01 (const 4.730e-02)  |g| 0.00e+00  [12631s]
           5d geo 1.714e-01 med 1.951e-01   postmu 6d geo 1.489e-01 med 1.688e-01 p90 3.054e-01   mu |dlog| 0.4315
           WARNING: prediction spread 0.000 of ground truth -- the output has collapsed to a constant (saturated tanh); lower --lr or raise --warmup-steps and restart
           corr(identifiable)  mu=+0.00  D_div_mu=+0.00  T0_div_mu=+0.00  Ly=+0.00  op_x=+0.00  op_y=+0.00   mean spread/GT 0.00
           err share           mu=33%  D_div_mu=1%  T0_div_mu=0%  Ly=21%  op_x=23%  op_y=22%
step  30100  train 1.8922e+00  |g| 0.00e+00  [12676s]
step  30200  train 1.8463e+00  |g| 0.00e+00  [12717s]
step  30300  train 1.8091e+00  |g| 0.00e+00  [12758s]
step  30400  train 1.8459e+00  |g| 0.00e+00  [12799s]
step  30500  train 1.9696e+00  |g| 0.00e+00  [12840s]
step  30600  train 1.9830e+00  |g| 0.00e+00  [12881s]
step  30700  train 1.8582e+00  |g| 0.00e+00  [12923s]
step  30800  train 1.8927e+00  |g| 0.00e+00  [12964s]
step  30900  train 1.9785e+00  |g| 0.00e+00  [13005s]
step  31000  train 1.8335e+00  |g| 0.00e+00  [13046s]
step  31100  train 1.9141e+00  |g| 0.00e+00  [13087s]
step  31200  train 2.0862e+00  |g| 0.00e+00  [13128s]
step  31300  train 1.9025e+00  |g| 0.00e+00  [13169s]
step  31400  train 1.8289e+00  |g| 0.00e+00  [13211s]
step  31500  train 1.9268e+00  |g| 0.00e+00  [13252s]
step  31600  train 1.9713e+00  |g| 0.00e+00  [13293s]
step  31700  train 1.8033e+00  |g| 0.00e+00  [13334s]
step  31800  train 1.8333e+00  |g| 0.00e+00  [13375s]
step  31900  train 1.8662e+00  |g| 0.00e+00  [13416s]
step  32000  train 1.9863e+00  val 1.8846e+00  6d geo 2.328e-01 med 2.486e-01 p90 3.844e-01 (const 4.730e-02)  |g| 0.00e+00  [13458s]
           5d geo 1.714e-01 med 1.951e-01   postmu 6d geo 1.489e-01 med 1.688e-01 p90 3.054e-01   mu |dlog| 0.4315
           WARNING: prediction spread 0.000 of ground truth -- the output has collapsed to a constant (saturated tanh); lower --lr or raise --warmup-steps and restart
           corr(identifiable)  mu=+0.00  D_div_mu=+0.00  T0_div_mu=+0.00  Ly=+0.00  op_x=+0.00  op_y=+0.00   mean spread/GT 0.00
           err share           mu=33%  D_div_mu=1%  T0_div_mu=0%  Ly=21%  op_x=23%  op_y=22%
step  32100  train 1.8624e+00  |g| 0.00e+00  [13502s]
step  32200  train 1.8576e+00  |g| 0.00e+00  [13543s]
step  32300  train 1.9837e+00  |g| 0.00e+00  [13584s]
step  32400  train 1.7640e+00  |g| 0.00e+00  [13625s]
step  32500  train 1.8116e+00  |g| 0.00e+00  [13666s]
step  32600  train 2.0196e+00  |g| 0.00e+00  [13707s]
step  32700  train 2.0663e+00  |g| 0.00e+00  [13749s]
step  32800  train 1.8130e+00  |g| 0.00e+00  [13790s]
step  32900  train 1.9092e+00  |g| 0.00e+00  [13831s]
step  33000  train 2.0026e+00  |g| 0.00e+00  [13872s]
step  33100  train 1.9856e+00  |g| 0.00e+00  [13913s]
step  33200  train 1.8979e+00  |g| 0.00e+00  [13954s]
step  33300  train 1.9840e+00  |g| 0.00e+00  [13995s]
step  33400  train 2.0339e+00  |g| 0.00e+00  [14037s]
step  33500  train 1.8895e+00  |g| 0.00e+00  [14078s]
step  33600  train 1.8324e+00  |g| 0.00e+00  [14119s]
step  33700  train 1.7722e+00  |g| 0.00e+00  [14160s]
step  33800  train 2.1419e+00  |g| 0.00e+00  [14201s]
step  33900  train 1.7398e+00  |g| 0.00e+00  [14242s]
step  34000  train 1.8509e+00  val 1.8846e+00  6d geo 2.328e-01 med 2.486e-01 p90 3.844e-01 (const 4.730e-02)  |g| 0.00e+00  [14283s]
           5d geo 1.714e-01 med 1.951e-01   postmu 6d geo 1.489e-01 med 1.688e-01 p90 3.054e-01   mu |dlog| 0.4315
           WARNING: prediction spread 0.000 of ground truth -- the output has collapsed to a constant (saturated tanh); lower --lr or raise --warmup-steps and restart
           corr(identifiable)  mu=+0.00  D_div_mu=+0.00  T0_div_mu=+0.00  Ly=+0.00  op_x=+0.00  op_y=+0.00   mean spread/GT 0.00
           err share           mu=33%  D_div_mu=1%  T0_div_mu=0%  Ly=21%  op_x=23%  op_y=22%
step  34100  train 2.0160e+00  |g| 0.00e+00  [14328s]
step  34200  train 1.9231e+00  |g| 0.00e+00  [14369s]
step  34300  train 1.8946e+00  |g| 0.00e+00  [14410s]
step  34400  train 1.7969e+00  |g| 0.00e+00  [14451s]
step  34500  train 1.7634e+00  |g| 0.00e+00  [14492s]
step  34600  train 1.8243e+00  |g| 0.00e+00  [14534s]
step  34700  train 2.0325e+00  |g| 0.00e+00  [14575s]
step  34800  train 2.0114e+00  |g| 0.00e+00  [14616s]
step  34900  train 1.8712e+00  |g| 0.00e+00  [14657s]
step  35000  train 2.0082e+00  |g| 0.00e+00  [14698s]
step  35100  train 1.9815e+00  |g| 0.00e+00  [14739s]
step  35200  train 1.7628e+00  |g| 0.00e+00  [14780s]
step  35300  train 1.8006e+00  |g| 0.00e+00  [14821s]
step  35400  train 2.0583e+00  |g| 0.00e+00  [14863s]
step  35500  train 1.9779e+00  |g| 0.00e+00  [14904s]
step  35600  train 2.0396e+00  |g| 0.00e+00  [14945s]
step  35700  train 1.8062e+00  |g| 0.00e+00  [14986s]
step  35800  train 1.7986e+00  |g| 0.00e+00  [15027s]
step  35900  train 1.8616e+00  |g| 0.00e+00  [15068s]
step  36000  train 1.8595e+00  val 1.8846e+00  6d geo 2.328e-01 med 2.486e-01 p90 3.844e-01 (const 4.730e-02)  |g| 0.00e+00  [15109s]
           5d geo 1.714e-01 med 1.951e-01   postmu 6d geo 1.489e-01 med 1.688e-01 p90 3.054e-01   mu |dlog| 0.4315
           WARNING: prediction spread 0.000 of ground truth -- the output has collapsed to a constant (saturated tanh); lower --lr or raise --warmup-steps and restart
           corr(identifiable)  mu=+0.00  D_div_mu=+0.00  T0_div_mu=+0.00  Ly=+0.00  op_x=+0.00  op_y=+0.00   mean spread/GT 0.00
           err share           mu=33%  D_div_mu=1%  T0_div_mu=0%  Ly=21%  op_x=23%  op_y=22%
step  36100  train 1.9757e+00  |g| 0.00e+00  [15154s]
step  36200  train 1.7459e+00  |g| 0.00e+00  [15195s]
step  36300  train 1.7324e+00  |g| 0.00e+00  [15236s]
step  36400  train 1.9141e+00  |g| 0.00e+00  [15277s]
step  36500  train 1.8513e+00  |g| 0.00e+00  [15318s]
step  36600  train 1.8981e+00  |g| 0.00e+00  [15360s]
step  36700  train 1.8104e+00  |g| 0.00e+00  [15401s]
step  36800  train 1.9105e+00  |g| 0.00e+00  [15442s]
step  36900  train 1.8817e+00  |g| 0.00e+00  [15483s]
step  37000  train 1.9286e+00  |g| 0.00e+00  [15524s]
step  37100  train 2.0626e+00  |g| 0.00e+00  [15565s]
step  37200  train 1.9548e+00  |g| 0.00e+00  [15606s]
step  37300  train 1.8850e+00  |g| 0.00e+00  [15647s]
step  37400  train 1.9582e+00  |g| 0.00e+00  [15689s]
step  37500  train 1.7975e+00  |g| 0.00e+00  [15730s]
step  37600  train 1.9160e+00  |g| 0.00e+00  [15771s]
step  37700  train 1.9783e+00  |g| 0.00e+00  [15812s]
step  37800  train 1.7641e+00  |g| 0.00e+00  [15853s]
step  37900  train 1.7669e+00  |g| 0.00e+00  [15894s]
step  38000  train 1.8734e+00  val 1.8846e+00  6d geo 2.328e-01 med 2.486e-01 p90 3.844e-01 (const 4.730e-02)  |g| 0.00e+00  [15935s]
           5d geo 1.714e-01 med 1.951e-01   postmu 6d geo 1.489e-01 med 1.688e-01 p90 3.054e-01   mu |dlog| 0.4315
           WARNING: prediction spread 0.000 of ground truth -- the output has collapsed to a constant (saturated tanh); lower --lr or raise --warmup-steps and restart
           corr(identifiable)  mu=+0.00  D_div_mu=+0.00  T0_div_mu=+0.00  Ly=+0.00  op_x=+0.00  op_y=+0.00   mean spread/GT 0.00
           err share           mu=33%  D_div_mu=1%  T0_div_mu=0%  Ly=21%  op_x=23%  op_y=22%
step  38100  train 1.8715e+00  |g| 0.00e+00  [15980s]
step  38200  train 1.9215e+00  |g| 0.00e+00  [16021s]
step  38300  train 1.8706e+00  |g| 0.00e+00  [16062s]
step  38400  train 1.9278e+00  |g| 0.00e+00  [16103s]
step  38500  train 2.0611e+00  |g| 0.00e+00  [16144s]
step  38600  train 1.7810e+00  |g| 0.00e+00  [16185s]
step  38700  train 1.8475e+00  |g| 0.00e+00  [16227s]
step  38800  train 2.0622e+00  |g| 0.00e+00  [16268s]
step  38900  train 2.1760e+00  |g| 0.00e+00  [16309s]
step  39000  train 1.8736e+00  |g| 0.00e+00  [16350s]
step  39100  train 2.0336e+00  |g| 0.00e+00  [16391s]
step  39200  train 1.9888e+00  |g| 0.00e+00  [16432s]
step  39300  train 1.8880e+00  |g| 0.00e+00  [16473s]
step  39400  train 1.9220e+00  |g| 0.00e+00  [16514s]
step  39500  train 1.8624e+00  |g| 0.00e+00  [16556s]
step  39600  train 1.8514e+00  |g| 0.00e+00  [16597s]
step  39700  train 1.9973e+00  |g| 0.00e+00  [16638s]
step  39800  train 1.9203e+00  |g| 0.00e+00  [16679s]
step  39900  train 2.0725e+00  |g| 0.00e+00  [16720s]
step  40000  train 2.0621e+00  val 1.8846e+00  6d geo 2.328e-01 med 2.486e-01 p90 3.844e-01 (const 4.730e-02)  |g| 0.00e+00  [16761s]
           5d geo 1.714e-01 med 1.951e-01   postmu 6d geo 1.489e-01 med 1.688e-01 p90 3.054e-01   mu |dlog| 0.4315
           WARNING: prediction spread 0.000 of ground truth -- the output has collapsed to a constant (saturated tanh); lower --lr or raise --warmup-steps and restart
           corr(identifiable)  mu=+0.00  D_div_mu=+0.00  T0_div_mu=+0.00  Ly=+0.00  op_x=+0.00  op_y=+0.00   mean spread/GT 0.00
           err share           mu=33%  D_div_mu=1%  T0_div_mu=0%  Ly=21%  op_x=23%  op_y=22%
best val_nmse_6d_postmu_geo 4.3038e-02 (encoder_best.pt)

Done. Outputs written to /home/bhpark3/dafx_ddsp/results/ddsp/eps_ladder/L1_STFT_eps1e7
