Device cuda | loss L1_STFT_eps1e4 | duration 0.25s
Loading train targets from data/train-p99
Loading val targets from data/val-p99
  98304 train / 996 val in 42s   train tensor 4.34 GB
  training set held in host memory; batches transferred per step
reference levels:  gt_loss 2.0885e-04   saturation (unrelated IRs) 7.2136e-01
constant-predictor NMSE: 6d 4.730e-02  7d 7.959e-02  (the floor to beat)
training loss stuck near saturation = gradient uninformative; well below = learning

encoder: 3.74M params, width 32

loss scale (fixed): 5.9167e-01
step      1  train 5.9167e-01  val 6.7836e-01  6d geo 4.283e-02 med 4.750e-02 p90 8.157e-02 (const 4.730e-02)  |g| 1.69e+02  [1s]
           5d geo 4.206e-02 med 4.849e-02   postmu 6d geo 4.925e-02 med 5.175e-02 p90 1.267e-01   mu |dlog| 0.5480
           WARNING: prediction spread 0.000 of ground truth -- the output has collapsed to a constant (saturated tanh); lower --lr or raise --warmup-steps and restart
           corr(identifiable)  mu=-0.37  D_div_mu=+0.15  T0_div_mu=-0.01  Ly=-0.01  op_x=-0.48  op_y=-0.27   mean spread/GT 0.00
           err share           mu=16%  D_div_mu=3%  T0_div_mu=2%  Ly=26%  op_x=28%  op_y=26%
step    100  train 6.0529e-01  |g| 4.68e+02  [48s]
step    200  train 6.0828e-01  |g| 1.74e+02  [97s]
step    300  train 9.3858e-01  |g| 6.86e+02  [157s]
step    400  train 7.0654e-01  |g| 6.00e+02  [236s]
step    500  train 5.5628e-01  |g| 3.05e+02  [315s]
  WARNING: 2 of 64 parameter sets need a finer grid than the pinned (86, 282) and are truncated. Raise --fixed-mode-grid; targets rendered under a pin that truncates them are not the plate's output at those parameters.
step    600  train 6.0558e-01  |g| 5.32e+02  [374s]
step    700  train 6.1202e-01  |g| 1.24e+02  [436s]
step    800  train 5.6499e-01  |g| 9.92e+01  [515s]
step    900  train 5.8374e-01  |g| 4.67e+02  [585s]
step   1000  train 5.5518e-01  |g| 3.25e+01  [637s]
step   1100  train 5.9617e-01  |g| 5.43e+01  [689s]
step   1200  train 5.5150e-01  |g| 1.09e+02  [741s]
step   1300  train 5.4641e-01  |g| 4.68e+01  [793s]
step   1400  train 5.6390e-01  |g| 1.05e+02  [849s]
step   1500  train 5.1331e-01  |g| 2.22e+01  [902s]
step   1600  train 5.0782e-01  |g| 3.88e+01  [953s]
step   1700  train 5.4275e-01  |g| 3.02e+01  [1005s]
step   1800  train 5.8439e-01  |g| 6.87e+01  [1057s]
step   1900  train 5.6252e-01  |g| 4.57e+01  [1109s]
step   2000  train 5.4946e-01  val 6.0809e-01  6d geo 6.454e-02 med 6.787e-02 p90 1.577e-01 (const 4.730e-02)  |g| 1.93e+02  [1161s]
           5d geo 6.363e-02 med 6.942e-02   postmu 6d geo 6.146e-02 med 6.726e-02 p90 1.599e-01   mu |dlog| 0.5335
           corr(identifiable)  mu=-0.40  D_div_mu=-0.14  T0_div_mu=-0.01  Ly=+0.34  op_x=+0.02  op_y=-0.11   mean spread/GT 0.34
           err share           mu=17%  D_div_mu=6%  T0_div_mu=1%  Ly=25%  op_x=25%  op_y=26%
step   2100  train 1.1145e+00  |g| 3.60e+00  [1271s]
step   2200  train 6.2420e-01  |g| 1.05e+01  [1409s]
step   2300  train 5.7052e-01  |g| 2.54e+01  [1547s]
step   2400  train 5.6396e-01  |g| 3.24e+00  [1685s]
step   2500  train 5.7058e-01  |g| 2.69e+01  [1823s]
step   2600  train 5.7993e-01  |g| 7.18e+00  [1960s]
step   2700  train 5.3790e-01  |g| 4.37e+00  [2098s]
step   2800  train 5.6147e-01  |g| 3.92e+01  [2236s]
step   2900  train 5.5286e-01  |g| 1.29e+01  [2373s]
step   3000  train 5.4674e-01  |g| 3.26e+01  [2511s]
step   3100  train 5.5652e-01  |g| 1.20e+01  [2649s]
step   3200  train 5.4974e-01  |g| 3.92e+01  [2786s]
step   3300  train 5.7260e-01  |g| 1.78e+01  [2924s]
step   3400  train 5.2137e-01  |g| 1.75e+01  [3062s]
step   3500  train 5.4712e-01  |g| 2.98e+01  [3200s]
step   3600  train 5.5825e-01  |g| 2.04e+01  [3339s]
step   3700  train 5.3082e-01  |g| 1.42e+01  [3477s]
step   3800  train 5.2872e-01  |g| 1.81e+01  [3615s]
step   3900  train 5.4947e-01  |g| 3.68e+01  [3753s]
step   4000  train 5.3681e-01  val 5.4333e-01  6d geo 3.105e-01 med 3.184e-01 p90 4.526e-01 (const 4.730e-02)  |g| 1.98e+01  [3891s]
           5d geo 3.541e-01 med 3.617e-01   postmu 6d geo 3.083e-01 med 3.170e-01 p90 4.481e-01   mu |dlog| 0.7538
           WARNING: prediction spread 0.047 of ground truth -- the output has collapsed to a constant (saturated tanh); lower --lr or raise --warmup-steps and restart
           corr(identifiable)  mu=+0.28  D_div_mu=+0.24  T0_div_mu=-0.13  Ly=-0.15  op_x=-0.11  op_y=-0.02   mean spread/GT 0.05
           err share           mu=5%  D_div_mu=44%  T0_div_mu=1%  Ly=17%  op_x=18%  op_y=14%
step   4100  train 5.4824e-01  |g| 4.70e+00  [4039s]
step   4200  train 5.3669e-01  |g| 3.00e+01  [4177s]
step   4300  train 5.7639e-01  |g| 2.24e+01  [4315s]
step   4400  train 5.6639e-01  |g| 1.54e+01  [4453s]
step   4500  train 5.3735e-01  |g| 1.48e+01  [4591s]
step   4600  train 5.4077e-01  |g| 8.89e+00  [4729s]
step   4700  train 5.0407e-01  |g| 3.62e+00  [4867s]
step   4800  train 5.2008e-01  |g| 2.03e+00  [5005s]
step   4900  train 5.6308e-01  |g| 3.00e+01  [5143s]
step   5000  train 5.5428e-01  |g| 5.49e+01  [5281s]
step   5100  train 5.5233e-01  |g| 4.93e+00  [5419s]
step   5200  train 5.4082e-01  |g| 1.03e+01  [5557s]
step   5300  train 5.4140e-01  |g| 1.92e+01  [5695s]
step   5400  train 5.3266e-01  |g| 1.37e+01  [5834s]
step   5500  train 5.3205e-01  |g| 1.19e+01  [5972s]
step   5600  train 5.2566e-01  |g| 1.59e+01  [6110s]
step   5700  train 5.3698e-01  |g| 4.49e+01  [6248s]
step   5800  train 5.5377e-01  |g| 2.07e+01  [6386s]
step   5900  train 5.3228e-01  |g| 2.35e+01  [6524s]
step   6000  train 5.2882e-01  val 5.3889e-01  6d geo 3.120e-01 med 3.187e-01 p90 4.531e-01 (const 4.730e-02)  |g| 1.11e+01  [6662s]
           5d geo 3.559e-01 med 3.625e-01   postmu 6d geo 3.119e-01 med 3.197e-01 p90 4.521e-01   mu |dlog| 1.1086
           WARNING: prediction spread 0.028 of ground truth -- the output has collapsed to a constant (saturated tanh); lower --lr or raise --warmup-steps and restart
           corr(identifiable)  mu=+0.45  D_div_mu=+0.24  T0_div_mu=-0.27  Ly=-0.20  op_x=-0.10  op_y=+0.02   mean spread/GT 0.03
           err share           mu=5%  D_div_mu=44%  T0_div_mu=1%  Ly=17%  op_x=17%  op_y=15%
step   6100  train 5.2422e-01  |g| 2.02e+01  [6810s]
step   6200  train 4.9553e-01  |g| 1.70e+01  [6948s]
step   6300  train 5.1165e-01  |g| 8.74e+00  [7086s]
step   6400  train 5.5929e-01  |g| 1.21e+01  [7224s]
step   6500  train 5.3661e-01  |g| 8.62e+00  [7362s]
step   6600  train 5.4729e-01  |g| 2.91e+01  [7501s]
step   6700  train 5.3449e-01  |g| 2.40e+01  [7639s]
step   6800  train 5.3582e-01  |g| 3.73e+00  [7777s]
step   6900  train 5.3433e-01  |g| 1.70e+01  [7915s]
step   7000  train 5.6612e-01  |g| 1.82e+01  [8053s]
step   7100  train 5.3068e-01  |g| 1.27e+01  [8191s]
step   7200  train 5.6518e-01  |g| 2.34e+01  [8330s]
step   7300  train 5.2849e-01  |g| 2.03e+01  [8468s]
step   7400  train 5.3981e-01  |g| 1.59e+01  [8606s]
step   7500  train 5.3940e-01  |g| 1.23e+01  [8744s]
step   7600  train 5.5714e-01  |g| 1.72e+01  [8882s]
step   7700  train 5.8079e-01  |g| 4.75e+01  [9020s]
step   7800  train 5.3279e-01  |g| 2.36e+01  [9158s]
step   7900  train 5.2721e-01  |g| 1.51e+01  [9297s]
step   8000  train 5.4882e-01  val 5.2605e-01  6d geo 3.117e-01 med 3.188e-01 p90 4.537e-01 (const 4.730e-02)  |g| 2.09e+01  [9435s]
           5d geo 3.555e-01 med 3.645e-01   postmu 6d geo 3.138e-01 med 3.214e-01 p90 4.565e-01   mu |dlog| 1.2928
           WARNING: prediction spread 0.036 of ground truth -- the output has collapsed to a constant (saturated tanh); lower --lr or raise --warmup-steps and restart
           corr(identifiable)  mu=-0.13  D_div_mu=+0.02  T0_div_mu=-0.25  Ly=-0.18  op_x=-0.06  op_y=+0.07   mean spread/GT 0.04
           err share           mu=5%  D_div_mu=44%  T0_div_mu=1%  Ly=17%  op_x=17%  op_y=15%
step   8100  train 5.6417e-01  |g| 6.44e+00  [9582s]
step   8200  train 5.7133e-01  |g| 2.24e+01  [9720s]
step   8300  train 5.2811e-01  |g| 7.14e+00  [9858s]
step   8400  train 5.5860e-01  |g| 1.42e+01  [9997s]
step   8500  train 5.1295e-01  |g| 1.83e+01  [10135s]
step   8600  train 5.4873e-01  |g| 4.85e+00  [10273s]
step   8700  train 5.4302e-01  |g| 1.57e+01  [10411s]
step   8800  train 5.2900e-01  |g| 1.55e+01  [10549s]
step   8900  train 5.3914e-01  |g| 1.58e+01  [10687s]
step   9000  train 5.9006e-01  |g| 1.91e+01  [10826s]
step   9100  train 5.3900e-01  |g| 1.06e+01  [10964s]
step   9200  train 5.4026e-01  |g| 3.33e+01  [11102s]
step   9300  train 5.4100e-01  |g| 7.40e+00  [11240s]
step   9400  train 5.4085e-01  |g| 1.83e+01  [11378s]
step   9500  train 5.4053e-01  |g| 1.14e+01  [11516s]
step   9600  train 5.3580e-01  |g| 1.01e+01  [11654s]
step   9700  train 5.2094e-01  |g| 7.90e+00  [11792s]
step   9800  train 5.2463e-01  |g| 3.70e+00  [11930s]
step   9900  train 5.5410e-01  |g| 1.63e+01  [12068s]
step  10000  train 5.1724e-01  val 5.2750e-01  6d geo 3.115e-01 med 3.180e-01 p90 4.530e-01 (const 4.730e-02)  |g| 3.43e+00  [12206s]
           5d geo 3.552e-01 med 3.634e-01   postmu 6d geo 3.131e-01 med 3.207e-01 p90 4.555e-01   mu |dlog| 1.2222
           WARNING: prediction spread 0.033 of ground truth -- the output has collapsed to a constant (saturated tanh); lower --lr or raise --warmup-steps and restart
           corr(identifiable)  mu=-0.12  D_div_mu=-0.01  T0_div_mu=-0.26  Ly=-0.15  op_x=-0.02  op_y=+0.04   mean spread/GT 0.03
           err share           mu=5%  D_div_mu=44%  T0_div_mu=1%  Ly=17%  op_x=17%  op_y=15%
step  10100  train 5.1533e-01  |g| 2.39e+00  [12354s]
step  10200  train 5.2850e-01  |g| 1.10e+01  [12492s]
step  10300  train 5.3967e-01  |g| 1.26e+01  [12630s]
step  10400  train 5.2668e-01  |g| 1.72e+01  [12768s]
step  10500  train 5.1720e-01  |g| 4.51e+00  [12906s]
step  10600  train 5.2640e-01  |g| 8.98e+00  [13045s]
step  10700  train 5.2862e-01  |g| 2.95e+01  [13183s]
step  10800  train 5.4811e-01  |g| 5.72e+00  [13321s]
step  10900  train 5.3623e-01  |g| 5.13e+00  [13459s]
step  11000  train 5.3649e-01  |g| 6.01e+00  [13597s]
step  11100  train 5.3536e-01  |g| 1.50e+01  [13735s]
step  11200  train 5.2118e-01  |g| 1.84e+01  [13873s]
step  11300  train 4.9707e-01  |g| 1.12e+01  [14012s]
step  11400  train 5.6046e-01  |g| 1.81e+01  [14150s]
step  11500  train 5.7726e-01  |g| 1.60e+01  [14288s]
step  11600  train 5.1800e-01  |g| 7.66e+00  [14426s]
step  11700  train 5.3556e-01  |g| 3.03e+00  [14564s]
step  11800  train 5.2976e-01  |g| 7.55e+00  [14702s]
step  11900  train 5.5586e-01  |g| 2.47e+01  [14840s]
step  12000  train 5.3421e-01  val 5.1776e-01  6d geo 3.119e-01 med 3.186e-01 p90 4.535e-01 (const 4.730e-02)  |g| 2.23e+01  [14978s]
           5d geo 3.557e-01 med 3.633e-01   postmu 6d geo 3.142e-01 med 3.219e-01 p90 4.569e-01   mu |dlog| 1.2589
           WARNING: prediction spread 0.030 of ground truth -- the output has collapsed to a constant (saturated tanh); lower --lr or raise --warmup-steps and restart
           corr(identifiable)  mu=-0.10  D_div_mu=+0.01  T0_div_mu=-0.17  Ly=-0.16  op_x=-0.02  op_y=+0.06   mean spread/GT 0.03
           err share           mu=5%  D_div_mu=44%  T0_div_mu=1%  Ly=17%  op_x=17%  op_y=15%
step  12100  train 5.6786e-01  |g| 3.42e+01  [15126s]
step  12200  train 5.1989e-01  |g| 1.54e+01  [15264s]
step  12300  train 5.4862e-01  |g| 1.54e+01  [15402s]
step  12400  train 5.5845e-01  |g| 8.13e+00  [15540s]
step  12500  train 5.3439e-01  |g| 1.03e+01  [15678s]
step  12600  train 5.5631e-01  |g| 1.60e+01  [15816s]
step  12700  train 5.3027e-01  |g| 3.79e+00  [15954s]
step  12800  train 5.4071e-01  |g| 3.18e+01  [16091s]
step  12900  train 5.4241e-01  |g| 1.54e+01  [16229s]
step  13000  train 5.6067e-01  |g| 1.52e+01  [16367s]
step  13100  train 5.4583e-01  |g| 1.05e+01  [16505s]
step  13200  train 5.4161e-01  |g| 2.01e+01  [16643s]
step  13300  train 5.2474e-01  |g| 5.60e+00  [16782s]
step  13400  train 5.4069e-01  |g| 1.79e+01  [16920s]
step  13500  train 5.3584e-01  |g| 4.85e+00  [17058s]
step  13600  train 5.3730e-01  |g| 1.34e+01  [17196s]
step  13700  train 5.1182e-01  |g| 6.82e+00  [17334s]
step  13800  train 5.3765e-01  |g| 9.01e+00  [17472s]
step  13900  train 5.4715e-01  |g| 1.86e+01  [17611s]
step  14000  train 5.5847e-01  val 5.4866e-01  6d geo 3.122e-01 med 3.191e-01 p90 4.549e-01 (const 4.730e-02)  |g| 2.44e+01  [17749s]
           5d geo 3.561e-01 med 3.637e-01   postmu 6d geo 3.152e-01 med 3.235e-01 p90 4.615e-01   mu |dlog| 1.3157
           WARNING: prediction spread 0.042 of ground truth -- the output has collapsed to a constant (saturated tanh); lower --lr or raise --warmup-steps and restart
           corr(identifiable)  mu=+0.11  D_div_mu=+0.07  T0_div_mu=-0.05  Ly=-0.14  op_x=-0.04  op_y=+0.06   mean spread/GT 0.04
           err share           mu=5%  D_div_mu=44%  T0_div_mu=1%  Ly=17%  op_x=17%  op_y=15%
step  14100  train 5.4679e-01  |g| 1.25e+01  [17896s]
step  14200  train 5.3181e-01  |g| 7.84e+00  [18034s]
step  14300  train 4.9940e-01  |g| 3.05e+01  [18172s]
step  14400  train 5.1391e-01  |g| 1.01e+01  [18310s]
step  14500  train 5.0287e-01  |g| 7.31e+00  [18448s]
step  14600  train 5.1438e-01  |g| 1.07e+01  [18586s]
step  14700  train 5.5722e-01  |g| 1.50e+01  [18725s]
step  14800  train 5.0867e-01  |g| 2.93e+01  [18863s]
step  14900  train 5.5054e-01  |g| 1.91e+01  [19001s]
step  15000  train 5.2924e-01  |g| 6.23e+00  [19139s]
step  15100  train 5.4095e-01  |g| 2.92e+01  [19277s]
step  15200  train 5.6604e-01  |g| 2.44e+01  [19415s]
step  15300  train 5.4134e-01  |g| 1.70e+01  [19554s]
step  15400  train 5.5892e-01  |g| 2.36e+01  [19692s]
step  15500  train 5.2579e-01  |g| 5.20e+00  [19830s]
step  15600  train 5.3711e-01  |g| 6.56e+00  [19968s]
step  15700  train 5.3933e-01  |g| 7.27e+00  [20106s]
step  15800  train 5.4466e-01  |g| 1.33e+01  [20244s]
step  15900  train 5.5735e-01  |g| 1.16e+01  [20382s]
step  16000  train 5.4494e-01  val 5.3192e-01  6d geo 3.128e-01 med 3.196e-01 p90 4.544e-01 (const 4.730e-02)  |g| 1.36e+01  [20520s]
           5d geo 3.568e-01 med 3.643e-01   postmu 6d geo 3.153e-01 med 3.229e-01 p90 4.581e-01   mu |dlog| 1.3117
           WARNING: prediction spread 0.027 of ground truth -- the output has collapsed to a constant (saturated tanh); lower --lr or raise --warmup-steps and restart
           corr(identifiable)  mu=-0.10  D_div_mu=-0.05  T0_div_mu=-0.12  Ly=-0.16  op_x=-0.07  op_y=+0.04   mean spread/GT 0.03
           err share           mu=5%  D_div_mu=44%  T0_div_mu=1%  Ly=17%  op_x=17%  op_y=15%
step  16100  train 5.4237e-01  |g| 1.88e+01  [20668s]
step  16200  train 5.2897e-01  |g| 1.26e+01  [20806s]
step  16300  train 5.3286e-01  |g| 2.71e+00  [20944s]
step  16400  train 5.2987e-01  |g| 1.03e+01  [21082s]
step  16500  train 5.5436e-01  |g| 8.60e+00  [21220s]
step  16600  train 5.1852e-01  |g| 5.96e+00  [21358s]
step  16700  train 5.4853e-01  |g| 1.55e+01  [21496s]
step  16800  train 5.3494e-01  |g| 7.30e+00  [21634s]
step  16900  train 5.7327e-01  |g| 1.66e+01  [21773s]
step  17000  train 5.2507e-01  |g| 1.51e+01  [21911s]
step  17100  train 5.4606e-01  |g| 1.34e+01  [22049s]
step  17200  train 5.2826e-01  |g| 2.10e+01  [22187s]
step  17300  train 5.3822e-01  |g| 6.19e+00  [22325s]
step  17400  train 5.6615e-01  |g| 1.21e+01  [22463s]
step  17500  train 5.2014e-01  |g| 1.65e+01  [22601s]
step  17600  train 5.3631e-01  |g| 9.24e+00  [22739s]
step  17700  train 5.2936e-01  |g| 6.58e+00  [22877s]
step  17800  train 5.2107e-01  |g| 1.04e+01  [23015s]
step  17900  train 5.4352e-01  |g| 1.34e+01  [23153s]
step  18000  train 5.4019e-01  val 5.2127e-01  6d geo 3.121e-01 med 3.200e-01 p90 4.538e-01 (const 4.730e-02)  |g| 6.57e+00  [23291s]
           5d geo 3.559e-01 med 3.645e-01   postmu 6d geo 3.148e-01 med 3.231e-01 p90 4.592e-01   mu |dlog| 1.3931
           WARNING: prediction spread 0.036 of ground truth -- the output has collapsed to a constant (saturated tanh); lower --lr or raise --warmup-steps and restart
           corr(identifiable)  mu=+0.08  D_div_mu=+0.02  T0_div_mu=+0.00  Ly=-0.11  op_x=-0.02  op_y=+0.03   mean spread/GT 0.04
           err share           mu=5%  D_div_mu=44%  T0_div_mu=1%  Ly=17%  op_x=17%  op_y=15%
step  18100  train 5.3731e-01  |g| 2.44e+01  [23438s]
step  18200  train 5.3178e-01  |g| 3.53e+00  [23576s]
step  18300  train 5.0899e-01  |g| 1.25e+01  [23714s]
step  18400  train 5.4664e-01  |g| 1.04e+01  [23852s]
step  18500  train 5.5673e-01  |g| 2.05e+01  [23990s]
step  18600  train 5.3159e-01  |g| 2.25e+01  [24127s]
step  18700  train 5.2728e-01  |g| 2.52e+00  [24265s]
step  18800  train 5.3346e-01  |g| 2.21e+01  [24403s]
step  18900  train 5.5145e-01  |g| 1.51e+01  [24541s]
step  19000  train 5.6929e-01  |g| 1.01e+01  [24679s]
step  19100  train 5.5723e-01  |g| 1.65e+01  [24817s]
step  19200  train 5.1673e-01  |g| 1.61e+01  [24955s]
step  19300  train 5.0732e-01  |g| 3.19e+00  [25093s]
step  19400  train 5.4535e-01  |g| 1.07e+01  [25231s]
step  19500  train 5.1765e-01  |g| 1.53e+01  [25368s]
step  19600  train 5.1940e-01  |g| 9.02e+00  [25506s]
step  19700  train 5.0958e-01  |g| 1.09e+01  [25644s]
step  19800  train 5.0996e-01  |g| 1.82e+01  [25782s]
step  19900  train 5.3381e-01  |g| 7.67e+00  [25919s]
step  20000  train 5.1869e-01  val 5.1605e-01  6d geo 3.120e-01 med 3.192e-01 p90 4.528e-01 (const 4.730e-02)  |g| 5.17e+00  [26057s]
           5d geo 3.558e-01 med 3.636e-01   postmu 6d geo 3.144e-01 med 3.217e-01 p90 4.582e-01   mu |dlog| 1.3196
           WARNING: prediction spread 0.031 of ground truth -- the output has collapsed to a constant (saturated tanh); lower --lr or raise --warmup-steps and restart
           corr(identifiable)  mu=-0.10  D_div_mu=-0.06  T0_div_mu=-0.10  Ly=-0.17  op_x=-0.04  op_y=+0.03   mean spread/GT 0.03
           err share           mu=5%  D_div_mu=44%  T0_div_mu=1%  Ly=17%  op_x=17%  op_y=15%
step  20100  train 5.1445e-01  |g| 1.38e+01  [26204s]
step  20200  train 5.0986e-01  |g| 5.03e+00  [26342s]
step  20300  train 5.5427e-01  |g| 3.98e+00  [26480s]
step  20400  train 5.1713e-01  |g| 6.33e+00  [26617s]
step  20500  train 5.4914e-01  |g| 2.17e+01  [26755s]
step  20600  train 5.2238e-01  |g| 7.03e+00  [26893s]
step  20700  train 5.2634e-01  |g| 1.48e+01  [27030s]
step  20800  train 5.1486e-01  |g| 1.30e+01  [27168s]
step  20900  train 5.2186e-01  |g| 2.80e+00  [27306s]
step  21000  train 5.2325e-01  |g| 2.80e+00  [27444s]
step  21100  train 5.1728e-01  |g| 1.11e+01  [27581s]
step  21200  train 5.6368e-01  |g| 1.05e+01  [27719s]
step  21300  train 6.3004e-01  |g| 1.82e+01  [27856s]
step  21400  train 5.5379e-01  |g| 3.49e+01  [27994s]
step  21500  train 5.3394e-01  |g| 6.46e+00  [28132s]
step  21600  train 5.4557e-01  |g| 4.09e+00  [28269s]
step  21700  train 5.4807e-01  |g| 1.47e+01  [28407s]
step  21800  train 5.8433e-01  |g| 1.69e+01  [28545s]
step  21900  train 5.4303e-01  |g| 1.26e+01  [28683s]
step  22000  train 5.6826e-01  val 5.5097e-01  6d geo 3.090e-01 med 3.161e-01 p90 4.524e-01 (const 4.730e-02)  |g| 1.05e+01  [28821s]
           5d geo 3.523e-01 med 3.602e-01   postmu 6d geo 3.112e-01 med 3.194e-01 p90 4.578e-01   mu |dlog| 1.1843
           WARNING: prediction spread 0.047 of ground truth -- the output has collapsed to a constant (saturated tanh); lower --lr or raise --warmup-steps and restart
           corr(identifiable)  mu=-0.14  D_div_mu=-0.00  T0_div_mu=-0.13  Ly=-0.16  op_x=-0.04  op_y=+0.02   mean spread/GT 0.05
           err share           mu=5%  D_div_mu=44%  T0_div_mu=1%  Ly=17%  op_x=17%  op_y=15%
step  22100  train 5.5042e-01  |g| 1.30e+01  [28968s]
step  22200  train 5.3248e-01  |g| 8.77e+00  [29105s]
step  22300  train 5.1767e-01  |g| 2.07e+01  [29243s]
step  22400  train 5.4281e-01  |g| 1.06e+01  [29381s]
step  22500  train 5.3639e-01  |g| 4.30e+00  [29518s]
step  22600  train 5.2716e-01  |g| 9.77e+00  [29656s]
step  22700  train 5.4778e-01  |g| 1.18e+01  [29794s]
step  22800  train 5.2486e-01  |g| 1.03e+01  [29931s]
step  22900  train 5.1862e-01  |g| 3.59e+00  [30069s]
step  23000  train 5.4593e-01  |g| 1.77e+01  [30207s]
step  23100  train 5.3071e-01  |g| 1.48e+01  [30344s]
step  23200  train 5.4227e-01  |g| 8.55e+00  [30482s]
step  23300  train 5.0935e-01  |g| 1.01e+01  [30620s]
step  23400  train 5.3035e-01  |g| 8.75e+00  [30757s]
step  23500  train 5.6609e-01  |g| 1.07e+01  [30895s]
step  23600  train 5.2679e-01  |g| 5.18e+01  [31033s]
step  23700  train 5.3164e-01  |g| 8.41e+00  [31170s]
step  23800  train 5.5419e-01  |g| 1.18e+01  [31308s]
step  23900  train 5.1802e-01  |g| 1.34e+01  [31446s]
step  24000  train 5.2203e-01  val 5.1912e-01  6d geo 3.108e-01 med 3.172e-01 p90 4.529e-01 (const 4.730e-02)  |g| 1.85e+01  [31583s]
           5d geo 3.544e-01 med 3.620e-01   postmu 6d geo 3.128e-01 med 3.196e-01 p90 4.565e-01   mu |dlog| 1.2457
           WARNING: prediction spread 0.040 of ground truth -- the output has collapsed to a constant (saturated tanh); lower --lr or raise --warmup-steps and restart
           corr(identifiable)  mu=-0.08  D_div_mu=-0.05  T0_div_mu=-0.09  Ly=-0.15  op_x=-0.06  op_y=+0.06   mean spread/GT 0.04
           err share           mu=5%  D_div_mu=44%  T0_div_mu=1%  Ly=17%  op_x=17%  op_y=15%
step  24100  train 5.7850e-01  |g| 2.79e+01  [31730s]
step  24200  train 5.3674e-01  |g| 1.20e+01  [31868s]
step  24300  train 5.3882e-01  |g| 1.48e+01  [32005s]
step  24400  train 5.1233e-01  |g| 2.49e+01  [32143s]
step  24500  train 5.3885e-01  |g| 2.68e+01  [32281s]
step  24600  train 5.4045e-01  |g| 1.30e+01  [32418s]
step  24700  train 5.5160e-01  |g| 1.26e+01  [32556s]
step  24800  train 5.4063e-01  |g| 9.08e+00  [32694s]
step  24900  train 5.4410e-01  |g| 6.02e+00  [32831s]
step  25000  train 5.4104e-01  |g| 2.12e+01  [32969s]
step  25100  train 5.3633e-01  |g| 6.52e+00  [33107s]
step  25200  train 5.3244e-01  |g| 7.99e+00  [33244s]
step  25300  train 5.1256e-01  |g| 1.35e+01  [33382s]
step  25400  train 5.2874e-01  |g| 1.48e+01  [33519s]
step  25500  train 5.7894e-01  |g| 1.16e+01  [33657s]
step  25600  train 5.4803e-01  |g| 1.80e+01  [33795s]
step  25700  train 5.4995e-01  |g| 7.55e+00  [33933s]
step  25800  train 5.1662e-01  |g| 4.01e+00  [34071s]
step  25900  train 5.0614e-01  |g| 3.03e+01  [34208s]
step  26000  train 5.2485e-01  val 5.1524e-01  6d geo 3.112e-01 med 3.169e-01 p90 4.528e-01 (const 4.730e-02)  |g| 1.16e+01  [34346s]
           5d geo 3.549e-01 med 3.613e-01   postmu 6d geo 3.130e-01 med 3.194e-01 p90 4.561e-01   mu |dlog| 1.1864
           WARNING: prediction spread 0.031 of ground truth -- the output has collapsed to a constant (saturated tanh); lower --lr or raise --warmup-steps and restart
           corr(identifiable)  mu=-0.17  D_div_mu=-0.09  T0_div_mu=-0.17  Ly=-0.16  op_x=-0.04  op_y=+0.05   mean spread/GT 0.03
           err share           mu=5%  D_div_mu=44%  T0_div_mu=1%  Ly=17%  op_x=17%  op_y=15%
step  26100  train 5.1729e-01  |g| 1.67e+01  [34493s]
step  26200  train 5.2881e-01  |g| 3.24e+00  [34631s]
step  26300  train 5.4517e-01  |g| 4.90e+00  [34768s]
step  26400  train 5.1813e-01  |g| 2.71e+00  [34906s]
step  26500  train 5.1790e-01  |g| 1.76e+01  [35044s]
step  26600  train 5.2115e-01  |g| 8.92e+00  [35181s]
step  26700  train 5.2375e-01  |g| 9.80e+00  [35319s]
step  26800  train 5.4285e-01  |g| 2.28e+01  [35457s]
step  26900  train 5.2584e-01  |g| 2.07e+01  [35594s]
step  27000  train 5.0744e-01  |g| 4.76e+00  [35732s]
step  27100  train 5.4433e-01  |g| 2.89e+01  [35869s]
step  27200  train 4.9176e-01  |g| 4.55e+00  [36007s]
step  27300  train 5.1983e-01  |g| 6.86e+00  [36145s]
step  27400  train 5.5069e-01  |g| 2.17e+01  [36282s]
step  27500  train 5.0490e-01  |g| 2.81e+01  [36420s]
step  27600  train 5.5621e-01  |g| 1.65e+01  [36558s]
step  27700  train 5.1222e-01  |g| 6.51e+00  [36696s]
step  27800  train 5.2795e-01  |g| 8.35e+00  [36833s]
step  27900  train 5.0850e-01  |g| 3.75e+01  [36971s]
step  28000  train 5.3642e-01  val 5.2117e-01  6d geo 3.111e-01 med 3.172e-01 p90 4.521e-01 (const 4.730e-02)  |g| 2.21e+01  [37109s]
           5d geo 3.547e-01 med 3.627e-01   postmu 6d geo 3.135e-01 med 3.207e-01 p90 4.569e-01   mu |dlog| 1.3221
           WARNING: prediction spread 0.029 of ground truth -- the output has collapsed to a constant (saturated tanh); lower --lr or raise --warmup-steps and restart
           corr(identifiable)  mu=-0.13  D_div_mu=-0.09  T0_div_mu=-0.14  Ly=-0.17  op_x=-0.03  op_y=+0.04   mean spread/GT 0.03
           err share           mu=5%  D_div_mu=44%  T0_div_mu=1%  Ly=17%  op_x=17%  op_y=15%
step  28100  train 5.1466e-01  |g| 3.97e+00  [37256s]
step  28200  train 5.2831e-01  |g| 1.31e+01  [37393s]
step  28300  train 5.0369e-01  |g| 1.93e+01  [37531s]
step  28400  train 5.5244e-01  |g| 2.37e+01  [37669s]
step  28500  train 5.2869e-01  |g| 8.28e+00  [37806s]
step  28600  train 5.1790e-01  |g| 2.35e+00  [37944s]
step  28700  train 5.3531e-01  |g| 8.53e+00  [38082s]
step  28800  train 5.1294e-01  |g| 1.36e+01  [38220s]
step  28900  train 5.3091e-01  |g| 1.79e+01  [38357s]
step  29000  train 5.3583e-01  |g| 4.40e+00  [38495s]
step  29100  train 5.2204e-01  |g| 4.82e+00  [38633s]
step  29200  train 5.1598e-01  |g| 9.68e+00  [38770s]
step  29300  train 5.5816e-01  |g| 2.88e+01  [38908s]
step  29400  train 4.9697e-01  |g| 2.28e+01  [39046s]
step  29500  train 5.3262e-01  |g| 1.03e+01  [39184s]
step  29600  train 4.9617e-01  |g| 3.96e+00  [39321s]
step  29700  train 5.2264e-01  |g| 4.16e+00  [39459s]
step  29800  train 5.1456e-01  |g| 1.37e+01  [39597s]
step  29900  train 5.2888e-01  |g| 8.09e+00  [39735s]
step  30000  train 5.0977e-01  val 5.1369e-01  6d geo 3.113e-01 med 3.180e-01 p90 4.525e-01 (const 4.730e-02)  |g| 1.09e+01  [39873s]
           5d geo 3.550e-01 med 3.630e-01   postmu 6d geo 3.131e-01 med 3.206e-01 p90 4.558e-01   mu |dlog| 1.2515
           WARNING: prediction spread 0.031 of ground truth -- the output has collapsed to a constant (saturated tanh); lower --lr or raise --warmup-steps and restart
           corr(identifiable)  mu=-0.14  D_div_mu=-0.09  T0_div_mu=-0.14  Ly=-0.16  op_x=-0.03  op_y=+0.04   mean spread/GT 0.03
           err share           mu=5%  D_div_mu=44%  T0_div_mu=1%  Ly=17%  op_x=17%  op_y=15%
step  30100  train 4.9506e-01  |g| 1.69e+01  [40020s]
step  30200  train 5.0678e-01  |g| 1.65e+01  [40158s]
step  30300  train 5.1880e-01  |g| 8.79e+00  [40296s]
step  30400  train 5.1595e-01  |g| 1.40e+01  [40434s]
step  30500  train 5.1432e-01  |g| 2.25e+01  [40572s]
step  30600  train 5.3798e-01  |g| 6.53e+00  [40709s]
step  30700  train 5.1627e-01  |g| 8.61e+00  [40847s]
step  30800  train 5.2004e-01  |g| 7.22e+00  [40985s]
step  30900  train 5.1323e-01  |g| 2.01e+01  [41123s]
step  31000  train 5.2199e-01  |g| 9.43e+00  [41261s]
step  31100  train 5.2601e-01  |g| 2.98e+01  [41399s]
step  31200  train 5.1880e-01  |g| 1.13e+01  [41536s]
step  31300  train 5.0741e-01  |g| 4.62e+00  [41674s]
step  31400  train 5.2464e-01  |g| 8.86e+00  [41812s]
step  31500  train 5.1323e-01  |g| 8.35e+00  [41950s]
step  31600  train 4.9921e-01  |g| 2.32e+01  [42088s]
step  31700  train 5.2908e-01  |g| 1.09e+01  [42225s]
step  31800  train 5.0469e-01  |g| 2.79e+01  [42363s]
step  31900  train 5.4139e-01  |g| 2.71e+01  [42501s]
step  32000  train 5.1652e-01  val 5.0992e-01  6d geo 3.115e-01 med 3.173e-01 p90 4.533e-01 (const 4.730e-02)  |g| 2.41e+01  [42639s]
           5d geo 3.553e-01 med 3.617e-01   postmu 6d geo 3.141e-01 med 3.206e-01 p90 4.586e-01   mu |dlog| 1.2976
           WARNING: prediction spread 0.030 of ground truth -- the output has collapsed to a constant (saturated tanh); lower --lr or raise --warmup-steps and restart
           corr(identifiable)  mu=-0.25  D_div_mu=-0.14  T0_div_mu=-0.20  Ly=-0.16  op_x=-0.03  op_y=+0.03   mean spread/GT 0.03
           err share           mu=5%  D_div_mu=44%  T0_div_mu=1%  Ly=17%  op_x=17%  op_y=15%
step  32100  train 5.1238e-01  |g| 1.60e+01  [42786s]
step  32200  train 5.0616e-01  |g| 1.49e+01  [42924s]
step  32300  train 5.1593e-01  |g| 8.29e+00  [43062s]
step  32400  train 5.1346e-01  |g| 1.23e+01  [43199s]
step  32500  train 5.1117e-01  |g| 3.83e+01  [43337s]
step  32600  train 5.4086e-01  |g| 3.35e+01  [43475s]
step  32700  train 5.1631e-01  |g| 2.82e+01  [43613s]
step  32800  train 5.0216e-01  |g| 5.23e+00  [43750s]
step  32900  train 5.0545e-01  |g| 1.21e+01  [43888s]
step  33000  train 5.0164e-01  |g| 7.02e+00  [44026s]
step  33100  train 4.9296e-01  |g| 1.74e+01  [44164s]
step  33200  train 5.0615e-01  |g| 1.21e+01  [44301s]
step  33300  train 5.1959e-01  |g| 2.10e+01  [44439s]
step  33400  train 5.3394e-01  |g| 2.64e+01  [44577s]
step  33500  train 5.2503e-01  |g| 8.61e+00  [44715s]
step  33600  train 5.1372e-01  |g| 4.01e+00  [44852s]
step  33700  train 5.1184e-01  |g| 1.86e+01  [44990s]
step  33800  train 5.1951e-01  |g| 4.38e+01  [45128s]
step  33900  train 5.4487e-01  |g| 1.68e+01  [45266s]
step  34000  train 5.0001e-01  val 5.0279e-01  6d geo 3.109e-01 med 3.172e-01 p90 4.525e-01 (const 4.730e-02)  |g| 2.37e+01  [45403s]
           5d geo 3.546e-01 med 3.616e-01   postmu 6d geo 3.132e-01 med 3.202e-01 p90 4.567e-01   mu |dlog| 1.2817
           WARNING: prediction spread 0.032 of ground truth -- the output has collapsed to a constant (saturated tanh); lower --lr or raise --warmup-steps and restart
           corr(identifiable)  mu=-0.20  D_div_mu=-0.13  T0_div_mu=-0.18  Ly=-0.16  op_x=-0.04  op_y=+0.04   mean spread/GT 0.03
           err share           mu=5%  D_div_mu=44%  T0_div_mu=1%  Ly=17%  op_x=17%  op_y=15%
step  34100  train 5.2936e-01  |g| 2.41e+01  [45551s]
step  34200  train 4.9752e-01  |g| 1.96e+01  [45688s]
step  34300  train 4.8510e-01  |g| 1.03e+01  [45826s]
step  34400  train 5.2287e-01  |g| 3.91e+01  [45964s]
step  34500  train 5.1543e-01  |g| 2.20e+01  [46102s]
step  34600  train 5.1002e-01  |g| 8.27e+00  [46240s]
step  34700  train 4.8789e-01  |g| 1.11e+01  [46378s]
step  34800  train 4.9504e-01  |g| 9.33e+00  [46516s]
step  34900  train 5.2348e-01  |g| 2.42e+01  [46654s]
step  35000  train 5.0825e-01  |g| 1.60e+01  [46792s]
step  35100  train 5.1650e-01  |g| 2.03e+01  [46930s]
step  35200  train 5.2502e-01  |g| 3.24e+01  [47068s]
step  35300  train 5.1465e-01  |g| 1.04e+01  [47206s]
step  35400  train 5.0662e-01  |g| 3.77e+01  [47344s]
step  35500  train 5.0842e-01  |g| 5.06e+00  [47482s]
step  35600  train 4.9578e-01  |g| 1.30e+01  [47620s]
step  35700  train 5.1087e-01  |g| 7.00e+00  [47758s]
step  35800  train 5.2659e-01  |g| 2.80e+01  [47896s]
step  35900  train 5.0869e-01  |g| 2.69e+01  [48034s]
step  36000  train 5.3248e-01  val 4.9445e-01  6d geo 3.101e-01 med 3.161e-01 p90 4.527e-01 (const 4.730e-02)  |g| 1.27e+01  [48172s]
           5d geo 3.536e-01 med 3.601e-01   postmu 6d geo 3.121e-01 med 3.194e-01 p90 4.572e-01   mu |dlog| 1.2789
           WARNING: prediction spread 0.036 of ground truth -- the output has collapsed to a constant (saturated tanh); lower --lr or raise --warmup-steps and restart
           corr(identifiable)  mu=-0.28  D_div_mu=-0.17  T0_div_mu=-0.22  Ly=-0.16  op_x=-0.02  op_y=+0.03   mean spread/GT 0.04
           err share           mu=5%  D_div_mu=44%  T0_div_mu=1%  Ly=17%  op_x=17%  op_y=15%
step  36100  train 5.1468e-01  |g| 1.40e+01  [48319s]
step  36200  train 5.0775e-01  |g| 9.95e+00  [48457s]
step  36300  train 5.4758e-01  |g| 3.09e+01  [48595s]
step  36400  train 4.8363e-01  |g| 1.49e+01  [48733s]
step  36500  train 5.3358e-01  |g| 8.85e+00  [48871s]
step  36600  train 5.0562e-01  |g| 8.67e+00  [49009s]
step  36700  train 5.1873e-01  |g| 2.77e+01  [49147s]
step  36800  train 5.2336e-01  |g| 1.65e+01  [49285s]
step  36900  train 5.0836e-01  |g| 1.14e+01  [49423s]
step  37000  train 5.3820e-01  |g| 2.29e+01  [49561s]
step  37100  train 5.1197e-01  |g| 1.23e+01  [49699s]
step  37200  train 4.9189e-01  |g| 7.51e+00  [49837s]
step  37300  train 4.9463e-01  |g| 4.82e+00  [49975s]
step  37400  train 4.9746e-01  |g| 3.22e+01  [50113s]
step  37500  train 5.1487e-01  |g| 7.87e+00  [50251s]
step  37600  train 5.0886e-01  |g| 3.69e+01  [50389s]
step  37700  train 4.9016e-01  |g| 2.23e+01  [50527s]
step  37800  train 5.0578e-01  |g| 1.69e+01  [50665s]
step  37900  train 4.9981e-01  |g| 2.26e+01  [50803s]
step  38000  train 5.0775e-01  val 4.9146e-01  6d geo 3.100e-01 med 3.159e-01 p90 4.526e-01 (const 4.730e-02)  |g| 1.20e+01  [50941s]
           5d geo 3.535e-01 med 3.600e-01   postmu 6d geo 3.120e-01 med 3.195e-01 p90 4.573e-01   mu |dlog| 1.2586
           WARNING: prediction spread 0.035 of ground truth -- the output has collapsed to a constant (saturated tanh); lower --lr or raise --warmup-steps and restart
           corr(identifiable)  mu=-0.26  D_div_mu=-0.16  T0_div_mu=-0.21  Ly=-0.15  op_x=-0.03  op_y=+0.03   mean spread/GT 0.04
           err share           mu=5%  D_div_mu=44%  T0_div_mu=1%  Ly=17%  op_x=17%  op_y=15%
step  38100  train 5.2058e-01  |g| 1.19e+01  [51088s]
step  38200  train 4.8505e-01  |g| 2.03e+01  [51226s]
step  38300  train 5.0819e-01  |g| 7.28e+00  [51364s]
step  38400  train 4.9678e-01  |g| 1.05e+01  [51502s]
step  38500  train 4.9936e-01  |g| 2.09e+01  [51640s]
step  38600  train 5.1684e-01  |g| 2.39e+01  [51778s]
step  38700  train 5.1771e-01  |g| 4.89e+01  [51916s]
step  38800  train 5.1607e-01  |g| 3.03e+01  [52054s]
step  38900  train 5.3258e-01  |g| 7.44e+01  [52192s]
step  39000  train 4.7144e-01  |g| 5.45e+00  [52330s]
step  39100  train 4.9906e-01  |g| 9.51e+00  [52469s]
step  39200  train 4.7390e-01  |g| 1.24e+01  [52607s]
step  39300  train 4.9225e-01  |g| 4.97e+01  [52745s]
step  39400  train 4.8365e-01  |g| 6.22e+00  [52883s]
step  39500  train 4.8895e-01  |g| 3.80e+00  [53021s]
step  39600  train 4.8786e-01  |g| 1.74e+01  [53159s]
step  39700  train 5.0099e-01  |g| 1.68e+01  [53297s]
step  39800  train 4.9827e-01  |g| 5.55e+01  [53435s]
step  39900  train 5.1107e-01  |g| 1.03e+01  [53573s]
step  40000  train 5.2336e-01  val 4.8992e-01  6d geo 3.100e-01 med 3.158e-01 p90 4.525e-01 (const 4.730e-02)  |g| 2.04e+01  [53711s]
           5d geo 3.535e-01 med 3.598e-01   postmu 6d geo 3.118e-01 med 3.189e-01 p90 4.565e-01   mu |dlog| 1.2436
           WARNING: prediction spread 0.035 of ground truth -- the output has collapsed to a constant (saturated tanh); lower --lr or raise --warmup-steps and restart
           corr(identifiable)  mu=-0.25  D_div_mu=-0.15  T0_div_mu=-0.21  Ly=-0.16  op_x=-0.03  op_y=+0.02   mean spread/GT 0.03
           err share           mu=5%  D_div_mu=44%  T0_div_mu=1%  Ly=17%  op_x=17%  op_y=15%
best val_nmse_6d_postmu_geo 4.9247e-02 (encoder_best.pt)

Done. Outputs written to /home/bhpark3/dafx_ddsp/results/ddsp/eps_ladder/L1_STFT_eps1e4
