Device cuda | loss L1_STFT_eps1 | duration 0.25s
Loading train targets from data/train-p99
Loading val targets from data/val-p99
  98304 train / 996 val in 42s   train tensor 4.34 GB
  training set held in host memory; batches transferred per step
reference levels:  gt_loss 0.0000e+00   saturation (unrelated IRs) 9.6195e-02
constant-predictor NMSE: 6d 4.730e-02  7d 7.959e-02  (the floor to beat)
training loss stuck near saturation = gradient uninformative; well below = learning

encoder: 3.74M params, width 32

loss scale (fixed): 7.0789e-02
step      1  train 7.0789e-02  val 7.9039e-02  6d geo 4.283e-02 med 4.750e-02 p90 8.157e-02 (const 4.730e-02)  |g| 1.54e+01  [1s]
           5d geo 4.206e-02 med 4.849e-02   postmu 6d geo 4.965e-02 med 5.172e-02 p90 1.269e-01   mu |dlog| 0.5582
           WARNING: prediction spread 0.000 of ground truth -- the output has collapsed to a constant (saturated tanh); lower --lr or raise --warmup-steps and restart
           corr(identifiable)  mu=-0.37  D_div_mu=+0.16  T0_div_mu=-0.01  Ly=-0.01  op_x=-0.48  op_y=-0.27   mean spread/GT 0.00
           err share           mu=16%  D_div_mu=3%  T0_div_mu=2%  Ly=26%  op_x=28%  op_y=26%
step    100  train 6.8456e-02  |g| 9.08e+00  [47s]
step    200  train 5.5815e-02  |g| 5.93e+00  [89s]
step    300  train 5.5454e-02  |g| 5.52e+00  [131s]
step    400  train 6.3860e-02  |g| 3.48e+01  [173s]
step    500  train 5.5936e-02  |g| 1.35e+01  [214s]
  WARNING: 2 of 64 parameter sets need a finer grid than the pinned (86, 282) and are truncated. Raise --fixed-mode-grid; targets rendered under a pin that truncates them are not the plate's output at those parameters.
step    600  train 5.4387e-02  |g| 9.95e+00  [255s]
step    700  train 5.4143e-02  |g| 1.56e+01  [295s]
step    800  train 5.5964e-02  |g| 3.19e+01  [338s]
step    900  train 5.2859e-02  |g| 1.00e+01  [397s]
step   1000  train 5.5799e-02  |g| 9.36e+00  [453s]
step   1100  train 5.4478e-02  |g| 5.95e+00  [497s]
step   1200  train 5.2030e-02  |g| 8.13e+00  [537s]
step   1300  train 5.5244e-02  |g| 7.40e+00  [578s]
step   1400  train 5.1501e-02  |g| 4.58e+00  [619s]
step   1500  train 5.4480e-02  |g| 7.99e+00  [661s]
step   1600  train 5.2979e-02  |g| 2.02e+01  [702s]
step   1700  train 5.6011e-02  |g| 2.93e+01  [742s]
step   1800  train 6.1950e-02  |g| 2.16e+01  [783s]
step   1900  train 5.8200e-02  |g| 1.15e+01  [828s]
step   2000  train 5.6990e-02  val 5.9014e-02  6d geo 7.840e-02 med 9.219e-02 p90 1.931e-01 (const 4.730e-02)  |g| 1.09e+01  [868s]
           5d geo 8.536e-02 med 9.995e-02   postmu 6d geo 8.015e-02 med 9.462e-02 p90 1.938e-01   mu |dlog| 0.4663
           corr(identifiable)  mu=+0.66  D_div_mu=-0.28  T0_div_mu=+0.35  Ly=+0.13  op_x=+0.20  op_y=+0.12   mean spread/GT 0.67
           err share           mu=8%  D_div_mu=2%  T0_div_mu=1%  Ly=44%  op_x=28%  op_y=18%
step   2100  train 5.8960e-02  |g| 1.73e+01  [912s]
step   2200  train 5.0809e-02  |g| 9.73e+00  [953s]
step   2300  train 5.3129e-02  |g| 1.31e+01  [994s]
step   2400  train 5.5163e-02  |g| 1.64e+01  [1034s]
step   2500  train 5.3525e-02  |g| 1.17e+01  [1075s]
step   2600  train 5.5399e-02  |g| 2.31e+01  [1116s]
step   2700  train 5.4502e-02  |g| 2.76e+01  [1157s]
step   2800  train 5.4183e-02  |g| 2.72e+01  [1198s]
step   2900  train 5.2035e-02  |g| 1.21e+01  [1238s]
step   3000  train 7.4940e-02  |g| 1.60e+01  [1279s]
step   3100  train 5.9555e-02  |g| 6.59e+00  [1320s]
step   3200  train 5.8243e-02  |g| 2.05e+01  [1361s]
step   3300  train 5.8361e-02  |g| 1.34e+01  [1402s]
step   3400  train 5.6708e-02  |g| 8.23e+00  [1443s]
step   3500  train 5.7091e-02  |g| 1.02e+01  [1484s]
step   3600  train 5.5699e-02  |g| 9.30e+00  [1525s]
step   3700  train 5.5632e-02  |g| 1.05e+01  [1566s]
step   3800  train 7.3115e-02  |g| 1.50e+01  [1611s]
step   3900  train 5.6841e-02  |g| 7.28e+00  [1659s]
step   4000  train 5.7048e-02  val 5.9935e-02  6d geo 9.876e-02 med 1.181e-01 p90 2.346e-01 (const 4.730e-02)  |g| 2.19e+01  [1700s]
           5d geo 1.118e-01 med 1.352e-01   postmu 6d geo 1.066e-01 med 1.256e-01 p90 2.551e-01   mu |dlog| 0.5237
           corr(identifiable)  mu=+0.67  D_div_mu=-0.36  T0_div_mu=+0.31  Ly=+0.17  op_x=-0.23  op_y=+0.08   mean spread/GT 0.45
           err share           mu=5%  D_div_mu=2%  T0_div_mu=1%  Ly=36%  op_x=39%  op_y=18%
step   4100  train 5.6239e-02  |g| 1.89e+01  [1744s]
step   4200  train 5.2161e-02  |g| 1.04e+01  [1785s]
step   4300  train 5.4617e-02  |g| 7.64e+00  [1826s]
step   4400  train 5.3687e-02  |g| 1.14e+01  [1866s]
step   4500  train 5.3697e-02  |g| 1.06e+01  [1907s]
step   4600  train 5.3199e-02  |g| 6.49e+00  [1948s]
step   4700  train 5.5676e-02  |g| 1.03e+01  [1999s]
step   4800  train 5.1573e-02  |g| 6.24e+00  [2040s]
step   4900  train 6.1961e-02  |g| 1.03e+01  [2081s]
step   5000  train 5.8115e-02  |g| 1.47e+01  [2124s]
step   5100  train 5.4203e-02  |g| 1.07e+01  [2170s]
step   5200  train 5.4300e-02  |g| 1.54e+01  [2218s]
step   5300  train 5.4243e-02  |g| 1.18e+01  [2263s]
step   5400  train 5.4103e-02  |g| 1.17e+01  [2303s]
step   5500  train 5.4338e-02  |g| 1.39e+01  [2344s]
step   5600  train 5.4835e-02  |g| 1.07e+01  [2385s]
step   5700  train 5.3619e-02  |g| 1.74e+01  [2426s]
step   5800  train 5.1594e-02  |g| 9.95e+00  [2468s]
step   5900  train 5.6825e-02  |g| 1.81e+01  [2511s]
step   6000  train 5.2930e-02  val 5.3790e-02  6d geo 9.431e-02 med 1.133e-01 p90 2.169e-01 (const 4.730e-02)  |g| 1.01e+01  [2553s]
           5d geo 1.055e-01 med 1.289e-01   postmu 6d geo 9.673e-02 med 1.167e-01 p90 2.305e-01   mu |dlog| 0.4750
           corr(identifiable)  mu=+0.72  D_div_mu=+0.32  T0_div_mu=+0.38  Ly=-0.41  op_x=-0.06  op_y=+0.01   mean spread/GT 0.60
           err share           mu=6%  D_div_mu=1%  T0_div_mu=2%  Ly=39%  op_x=32%  op_y=21%
step   6100  train 5.7776e-02  |g| 1.08e+01  [2597s]
step   6200  train 4.9273e-02  |g| 7.47e+00  [2637s]
step   6300  train 5.2042e-02  |g| 6.62e+00  [2678s]
step   6400  train 5.4242e-02  |g| 7.46e+00  [2719s]
step   6500  train 5.4537e-02  |g| 9.82e+00  [2760s]
step   6600  train 5.1046e-02  |g| 1.42e+01  [2801s]
step   6700  train 5.2202e-02  |g| 9.67e+00  [2842s]
step   6800  train 5.2949e-02  |g| 1.84e+01  [2883s]
step   6900  train 5.7456e-02  |g| 7.22e+00  [2924s]
step   7000  train 5.1778e-02  |g| 9.78e+00  [2965s]
step   7100  train 5.4342e-02  |g| 1.53e+01  [3006s]
step   7200  train 5.0999e-02  |g| 1.70e+01  [3046s]
step   7300  train 5.3280e-02  |g| 5.81e+00  [3087s]
step   7400  train 5.1958e-02  |g| 1.02e+01  [3128s]
step   7500  train 5.1354e-02  |g| 1.38e+01  [3169s]
step   7600  train 5.3361e-02  |g| 6.81e+00  [3209s]
step   7700  train 4.9675e-02  |g| 5.31e+00  [3250s]
step   7800  train 5.7947e-02  |g| 1.14e+01  [3291s]
step   7900  train 5.0007e-02  |g| 7.34e+00  [3331s]
step   8000  train 5.3284e-02  val 5.2736e-02  6d geo 6.452e-02 med 7.288e-02 p90 1.803e-01 (const 4.730e-02)  |g| 6.29e+00  [3372s]
           5d geo 7.093e-02 med 8.136e-02   postmu 6d geo 6.789e-02 med 7.354e-02 p90 1.812e-01   mu |dlog| 0.4261
           corr(identifiable)  mu=+0.72  D_div_mu=+0.14  T0_div_mu=+0.34  Ly=-0.47  op_x=+0.54  op_y=+0.21   mean spread/GT 0.55
           err share           mu=8%  D_div_mu=2%  T0_div_mu=2%  Ly=59%  op_x=15%  op_y=15%
step   8100  train 5.2112e-02  |g| 1.51e+01  [3416s]
step   8200  train 6.0829e-02  |g| 9.76e+00  [3457s]
step   8300  train 5.6270e-02  |g| 1.76e+01  [3498s]
step   8400  train 5.2752e-02  |g| 9.45e+00  [3538s]
step   8500  train 4.9390e-02  |g| 1.11e+01  [3579s]
step   8600  train 5.2497e-02  |g| 9.08e+00  [3620s]
step   8700  train 5.3294e-02  |g| 2.68e+01  [3660s]
step   8800  train 5.2251e-02  |g| 1.54e+01  [3701s]
step   8900  train 5.8845e-02  |g| 1.63e+01  [3742s]
step   9000  train 5.1269e-02  |g| 1.06e+01  [3783s]
step   9100  train 5.6398e-02  |g| 2.15e+01  [3824s]
step   9200  train 5.3025e-02  |g| 1.22e+01  [3864s]
step   9300  train 4.9292e-02  |g| 9.04e+00  [3905s]
step   9400  train 6.5684e-02  |g| 3.64e+01  [3949s]
step   9500  train 5.8587e-02  |g| 2.29e+01  [4006s]
step   9600  train 5.7146e-02  |g| 7.39e+00  [4046s]
step   9700  train 5.0874e-02  |g| 4.89e+00  [4087s]
step   9800  train 5.7572e-02  |g| 6.45e+00  [4128s]
step   9900  train 5.4073e-02  |g| 1.02e+01  [4168s]
step  10000  train 5.7407e-02  val 5.3728e-02  6d geo 1.001e-01 med 1.181e-01 p90 2.509e-01 (const 4.730e-02)  |g| 1.60e+01  [4209s]
           5d geo 1.108e-01 med 1.352e-01   postmu 6d geo 1.230e-01 med 1.398e-01 p90 2.716e-01   mu |dlog| 0.6541
           corr(identifiable)  mu=+0.68  D_div_mu=+0.28  T0_div_mu=+0.32  Ly=-0.11  op_x=-0.07  op_y=+0.11   mean spread/GT 0.62
           err share           mu=5%  D_div_mu=1%  T0_div_mu=3%  Ly=32%  op_x=41%  op_y=16%
step  10100  train 5.0481e-02  |g| 1.27e+01  [4253s]
step  10200  train 5.5904e-02  |g| 5.15e+00  [4294s]
step  10300  train 5.3850e-02  |g| 1.22e+01  [4335s]
step  10400  train 5.2933e-02  |g| 2.09e+01  [4379s]
step  10500  train 5.3530e-02  |g| 9.02e+00  [4426s]
step  10600  train 6.6179e-02  |g| 3.34e+01  [4467s]
step  10700  train 8.0612e-02  |g| 3.97e+00  [4508s]
step  10800  train 8.1741e-02  |g| 1.60e+01  [4548s]
step  10900  train 7.5397e-02  |g| 2.21e+01  [4589s]
step  11000  train 7.6253e-02  |g| 2.65e+01  [4630s]
step  11100  train 7.3400e-02  |g| 1.87e+01  [4671s]
step  11200  train 7.6739e-02  |g| 3.62e+01  [4712s]
step  11300  train 7.0214e-02  |g| 1.50e+01  [4753s]
step  11400  train 7.4337e-02  |g| 1.52e+01  [4794s]
step  11500  train 7.7056e-02  |g| 1.27e+01  [4844s]
step  11600  train 7.0239e-02  |g| 7.73e+00  [4921s]
step  11700  train 6.6293e-02  |g| 1.99e+01  [4978s]
step  11800  train 7.4353e-02  |g| 1.34e+01  [5022s]
step  11900  train 7.1882e-02  |g| 2.09e+01  [5070s]
step  12000  train 6.2097e-02  val 6.4506e-02  6d geo 1.324e-01 med 1.458e-01 p90 2.879e-01 (const 4.730e-02)  |g| 5.57e+00  [5123s]
           5d geo 1.199e-01 med 1.442e-01   postmu 6d geo 1.256e-01 med 1.445e-01 p90 2.925e-01   mu |dlog| 0.9482
           corr(identifiable)  mu=-0.29  D_div_mu=-0.47  T0_div_mu=+0.13  Ly=+0.19  op_x=-0.36  op_y=+0.24   mean spread/GT 0.80
           err share           mu=16%  D_div_mu=1%  T0_div_mu=1%  Ly=26%  op_x=34%  op_y=22%
step  12100  train 6.2099e-02  |g| 6.13e+00  [5177s]
step  12200  train 5.6749e-02  |g| 1.21e+01  [5222s]
step  12300  train 6.3560e-02  |g| 1.15e+01  [5267s]
step  12400  train 6.3309e-02  |g| 1.20e+01  [5311s]
step  12500  train 7.2275e-02  |g| 2.40e+01  [5358s]
step  12600  train 5.8412e-02  |g| 1.38e+01  [5405s]
step  12700  train 8.0428e-02  |g| 7.30e+00  [5487s]
step  12800  train 7.4440e-02  |g| 1.40e+01  [5573s]
step  12900  train 7.2414e-02  |g| 3.86e+00  [5658s]
step  13000  train 7.2884e-02  |g| 6.51e+00  [5746s]
step  13100  train 7.5512e-02  |g| 3.45e+00  [5833s]
step  13200  train 7.6890e-02  |g| 2.62e+00  [5926s]
step  13300  train 8.7306e-02  |g| 8.05e+00  [6019s]
step  13400  train 7.0775e-02  |g| 4.03e+00  [6110s]
step  13500  train 6.8046e-02  |g| 6.65e+00  [6200s]
step  13600  train 6.8288e-02  |g| 3.62e+00  [6290s]
step  13700  train 6.5048e-02  |g| 4.22e+00  [6385s]
step  13800  train 7.6471e-02  |g| 6.71e+00  [6475s]
step  13900  train 6.9252e-02  |g| 5.84e+02  [6543s]
step  14000  train 7.4598e-02  val 7.0757e-02  6d geo 9.103e-02 med 1.041e-01 p90 1.926e-01 (const 4.730e-02)  |g| 1.58e+01  [6584s]
           5d geo 9.777e-02 med 1.149e-01   postmu 6d geo 9.371e-02 med 1.035e-01 p90 1.898e-01   mu |dlog| 0.4519
           corr(identifiable)  mu=+0.02  D_div_mu=+0.09  T0_div_mu=-0.17  Ly=+0.18  op_x=+0.22  op_y=+0.27   mean spread/GT 0.34
           err share           mu=8%  D_div_mu=2%  T0_div_mu=1%  Ly=39%  op_x=14%  op_y=36%
step  14100  train 7.6792e-02  |g| 9.28e+00  [6628s]
step  14200  train 7.0045e-02  |g| 1.42e+01  [6684s]
step  14300  train 6.0872e-02  |g| 2.46e+01  [6753s]
step  14400  train 6.3653e-02  |g| 3.75e+00  [6826s]
step  14500  train 5.7526e-02  |g| 6.08e+00  [6901s]
step  14600  train 6.1020e-02  |g| 9.29e+00  [6968s]
step  14700  train 6.3094e-02  |g| 7.49e+00  [7029s]
step  14800  train 6.5764e-02  |g| 7.52e+00  [7115s]
step  14900  train 6.6324e-02  |g| 4.61e+00  [7197s]
step  15000  train 6.2562e-02  |g| 9.43e+00  [7269s]
step  15100  train 6.6002e-02  |g| 1.03e+01  [7334s]
step  15200  train 7.7566e-02  |g| 4.56e+01  [7393s]
step  15300  train 6.3311e-02  |g| 1.55e+01  [7447s]
step  15400  train 5.7737e-02  |g| 6.25e+00  [7501s]
step  15500  train 6.2443e-02  |g| 5.72e+00  [7557s]
step  15600  train 6.1351e-02  |g| 9.35e+00  [7614s]
step  15700  train 6.6997e-02  |g| 3.00e+01  [7669s]
step  15800  train 6.3955e-02  |g| 1.71e+01  [7724s]
step  15900  train 6.3396e-02  |g| 1.19e+01  [7781s]
step  16000  train 6.7107e-02  val 6.5435e-02  6d geo 1.653e-01 med 1.883e-01 p90 3.107e-01 (const 4.730e-02)  |g| 3.18e+01  [7835s]
           5d geo 1.345e-01 med 1.598e-01   postmu 6d geo 1.505e-01 med 1.744e-01 p90 3.004e-01   mu |dlog| 0.9317
           corr(identifiable)  mu=-0.37  D_div_mu=-0.46  T0_div_mu=+0.16  Ly=+0.10  op_x=+0.36  op_y=+0.05   mean spread/GT 0.75
           err share           mu=27%  D_div_mu=1%  T0_div_mu=1%  Ly=27%  op_x=19%  op_y=27%
step  16100  train 5.8791e-02  |g| 6.42e+00  [7897s]
step  16200  train 6.1733e-02  |g| 6.95e+00  [7952s]
step  16300  train 5.9147e-02  |g| 4.35e+00  [8007s]
step  16400  train 5.9363e-02  |g| 1.66e+01  [8061s]
step  16500  train 6.1791e-02  |g| 5.40e+00  [8114s]
step  16600  train 6.1692e-02  |g| 5.08e+00  [8168s]
step  16700  train 6.6506e-02  |g| 2.11e+01  [8224s]
step  16800  train 6.2601e-02  |g| 1.84e+01  [8280s]
step  16900  train 6.8398e-02  |g| 2.88e+01  [8336s]
step  17000  train 5.7958e-02  |g| 9.12e+00  [8388s]
step  17100  train 6.0139e-02  |g| 6.99e+00  [8443s]
step  17200  train 5.9508e-02  |g| 1.88e+00  [8497s]
step  17300  train 5.8564e-02  |g| 8.33e+00  [8552s]
step  17400  train 5.7911e-02  |g| 5.33e+00  [8606s]
step  17500  train 5.8171e-02  |g| 6.27e+00  [8662s]
step  17600  train 5.8294e-02  |g| 7.01e+00  [8716s]
step  17700  train 6.4167e-02  |g| 1.53e+01  [8767s]
step  17800  train 5.9854e-02  |g| 7.55e+00  [8816s]
step  17900  train 6.1299e-02  |g| 4.00e+00  [8865s]
step  18000  train 6.1132e-02  val 6.3085e-02  6d geo 1.404e-01 med 1.627e-01 p90 2.859e-01 (const 4.730e-02)  |g| 5.67e+00  [8911s]
           5d geo 1.538e-01 med 1.812e-01   postmu 6d geo 1.542e-01 med 1.754e-01 p90 2.937e-01   mu |dlog| 0.9642
           corr(identifiable)  mu=+0.08  D_div_mu=-0.13  T0_div_mu=+0.20  Ly=-0.00  op_x=+0.19  op_y=+0.17   mean spread/GT 0.29
           err share           mu=7%  D_div_mu=1%  T0_div_mu=1%  Ly=33%  op_x=28%  op_y=30%
step  18100  train 6.0904e-02  |g| 4.52e+00  [8954s]
step  18200  train 6.0162e-02  |g| 2.13e+00  [8995s]
step  18300  train 5.8936e-02  |g| 9.60e+00  [9036s]
step  18400  train 6.4542e-02  |g| 1.42e+01  [9078s]
step  18500  train 6.4202e-02  |g| 8.73e+00  [9124s]
step  18600  train 5.8649e-02  |g| 1.03e+01  [9165s]
step  18700  train 5.8589e-02  |g| 7.34e+00  [9212s]
step  18800  train 6.4237e-02  |g| 5.37e+00  [9278s]
step  18900  train 6.6783e-02  |g| 1.24e+01  [9359s]
step  19000  train 6.5026e-02  |g| 6.50e+00  [9440s]
step  19100  train 5.9098e-02  |g| 3.58e+00  [9525s]
step  19200  train 5.6156e-02  |g| 2.29e+00  [9610s]
step  19300  train 6.6301e-02  |g| 4.90e+00  [9697s]
step  19400  train 6.2481e-02  |g| 5.74e+00  [9783s]
step  19500  train 5.9862e-02  |g| 7.29e+00  [9868s]
step  19600  train 5.7790e-02  |g| 1.70e+00  [9953s]
step  19700  train 5.5477e-02  |g| 1.66e+00  [10037s]
step  19800  train 5.7632e-02  |g| 5.57e+00  [10123s]
step  19900  train 5.7917e-02  |g| 1.90e+00  [10209s]
step  20000  train 5.9127e-02  val 5.8307e-02  6d geo 1.634e-01 med 1.890e-01 p90 3.307e-01 (const 4.730e-02)  |g| 3.14e+00  [10296s]
           5d geo 1.317e-01 med 1.592e-01   postmu 6d geo 1.463e-01 med 1.671e-01 p90 3.013e-01   mu |dlog| 0.8072
           corr(identifiable)  mu=+0.58  D_div_mu=-0.36  T0_div_mu=-0.06  Ly=+0.41  op_x=+0.11  op_y=-0.23   mean spread/GT 0.35
           err share           mu=29%  D_div_mu=1%  T0_div_mu=1%  Ly=29%  op_x=19%  op_y=22%
step  20100  train 5.6764e-02  |g| 3.94e+00  [10389s]
step  20200  train 5.8035e-02  |g| 4.24e+00  [10477s]
step  20300  train 5.8641e-02  |g| 5.34e+00  [10563s]
step  20400  train 6.4817e-02  |g| 3.02e+00  [10646s]
step  20500  train 5.9467e-02  |g| 5.22e+00  [10724s]
step  20600  train 5.7681e-02  |g| 5.91e+00  [10802s]
step  20700  train 5.8576e-02  |g| 3.06e+00  [10880s]
step  20800  train 5.5709e-02  |g| 3.62e+00  [10955s]
step  20900  train 5.5371e-02  |g| 2.62e+00  [11032s]
step  21000  train 5.4503e-02  |g| 1.86e+00  [11107s]
step  21100  train 5.6079e-02  |g| 6.10e+00  [11183s]
step  21200  train 5.8013e-02  |g| 4.37e+00  [11259s]
step  21300  train 5.8059e-02  |g| 2.23e+00  [11336s]
step  21400  train 5.3792e-02  |g| 4.06e+00  [11413s]
step  21500  train 5.5662e-02  |g| 3.90e+00  [11490s]
step  21600  train 5.4841e-02  |g| 1.54e+00  [11565s]
step  21700  train 5.6708e-02  |g| 2.65e+00  [11641s]
step  21800  train 5.3935e-02  |g| 5.98e+00  [11718s]
step  21900  train 5.5587e-02  |g| 4.33e+00  [11795s]
step  22000  train 5.6823e-02  val 5.7228e-02  6d geo 1.669e-01 med 1.924e-01 p90 3.282e-01 (const 4.730e-02)  |g| 1.96e+00  [11877s]
           5d geo 1.343e-01 med 1.629e-01   postmu 6d geo 1.477e-01 med 1.711e-01 p90 2.948e-01   mu |dlog| 0.8123
           corr(identifiable)  mu=+0.58  D_div_mu=-0.21  T0_div_mu=+0.41  Ly=+0.35  op_x=+0.12  op_y=-0.24   mean spread/GT 0.39
           err share           mu=28%  D_div_mu=1%  T0_div_mu=0%  Ly=28%  op_x=21%  op_y=22%
step  22100  train 5.6653e-02  |g| 2.90e+00  [11962s]
step  22200  train 5.7984e-02  |g| 3.65e+00  [12040s]
step  22300  train 5.3338e-02  |g| 7.43e+00  [12120s]
step  22400  train 5.8947e-02  |g| 9.75e+00  [12202s]
step  22500  train 5.5947e-02  |g| 5.53e+00  [12281s]
step  22600  train 5.6898e-02  |g| 7.94e+00  [12359s]
step  22700  train 5.7122e-02  |g| 3.79e+00  [12438s]
step  22800  train 5.5366e-02  |g| 1.02e+01  [12518s]
step  22900  train 5.7173e-02  |g| 4.73e+00  [12596s]
step  23000  train 5.3655e-02  |g| 6.68e+00  [12671s]
step  23100  train 5.6660e-02  |g| 5.08e+00  [12746s]
step  23200  train 1.3652e-01  |g| 2.07e+01  [12817s]
step  23300  train 6.5211e-02  |g| 1.61e+01  [12858s]
step  23400  train 6.2493e-02  |g| 8.71e+00  [12898s]
step  23500  train 6.9459e-02  |g| 2.78e+01  [12939s]
step  23600  train 6.6125e-02  |g| 2.06e+01  [12979s]
step  23700  train 5.9163e-02  |g| 4.43e+00  [13019s]
step  23800  train 6.0687e-02  |g| 7.59e+00  [13060s]
step  23900  train 6.0019e-02  |g| 1.55e+01  [13100s]
step  24000  train 6.2252e-02  val 6.3869e-02  6d geo 1.391e-01 med 1.564e-01 p90 2.741e-01 (const 4.730e-02)  |g| 9.96e+00  [13141s]
           5d geo 1.529e-01 med 1.735e-01   postmu 6d geo 1.423e-01 med 1.595e-01 p90 2.773e-01   mu |dlog| 0.7848
           WARNING: prediction spread 0.025 of ground truth -- the output has collapsed to a constant (saturated tanh); lower --lr or raise --warmup-steps and restart
           corr(identifiable)  mu=+0.37  D_div_mu=-0.21  T0_div_mu=+0.41  Ly=-0.04  op_x=-0.58  op_y=+0.01   mean spread/GT 0.03
           err share           mu=7%  D_div_mu=1%  T0_div_mu=1%  Ly=34%  op_x=24%  op_y=33%
step  24100  train 6.3931e-02  |g| 2.45e+01  [13184s]
step  24200  train 5.7675e-02  |g| 7.04e+00  [13225s]
step  24300  train 6.5399e-02  |g| 2.60e+01  [13265s]
step  24400  train 5.8762e-02  |g| 7.45e+00  [13306s]
step  24500  train 6.0573e-02  |g| 4.25e+00  [13346s]
step  24600  train 6.1644e-02  |g| 3.01e+00  [13387s]
step  24700  train 6.0684e-02  |g| 2.14e+01  [13427s]
step  24800  train 6.5820e-02  |g| 1.94e+01  [13468s]
step  24900  train 5.9264e-02  |g| 6.14e+00  [13508s]
step  25000  train 6.2842e-02  |g| 2.14e+01  [13549s]
step  25100  train 6.0032e-02  |g| 1.11e+01  [13589s]
step  25200  train 6.0949e-02  |g| 1.07e+01  [13630s]
step  25300  train 5.9193e-02  |g| 1.02e+01  [13670s]
step  25400  train 5.8564e-02  |g| 9.12e+00  [13711s]
step  25500  train 5.9676e-02  |g| 9.41e+00  [13751s]
step  25600  train 5.9840e-02  |g| 1.33e+01  [13792s]
step  25700  train 5.7877e-02  |g| 6.91e+00  [13833s]
step  25800  train 5.8736e-02  |g| 1.06e+01  [13873s]
step  25900  train 6.0530e-02  |g| 8.91e+00  [13914s]
step  26000  train 5.8164e-02  val 5.8962e-02  6d geo 1.262e-01 med 1.473e-01 p90 2.576e-01 (const 4.730e-02)  |g| 2.59e+00  [13955s]
           5d geo 1.373e-01 med 1.624e-01   postmu 6d geo 1.298e-01 med 1.497e-01 p90 2.640e-01   mu |dlog| 0.8169
           WARNING: prediction spread 0.009 of ground truth -- the output has collapsed to a constant (saturated tanh); lower --lr or raise --warmup-steps and restart
           corr(identifiable)  mu=+0.15  D_div_mu=-0.50  T0_div_mu=+0.41  Ly=-0.15  op_x=+0.47  op_y=+0.00   mean spread/GT 0.01
           err share           mu=7%  D_div_mu=1%  T0_div_mu=1%  Ly=37%  op_x=18%  op_y=35%
step  26100  train 5.9520e-02  |g| 5.64e+00  [13998s]
step  26200  train 5.8740e-02  |g| 5.75e+00  [14039s]
step  26300  train 5.9490e-02  |g| 8.05e+00  [14080s]
step  26400  train 5.6632e-02  |g| 8.55e+00  [14120s]
step  26500  train 6.0226e-02  |g| 1.07e+01  [14161s]
step  26600  train 5.7584e-02  |g| 6.99e+00  [14201s]
step  26700  train 5.9940e-02  |g| 9.04e+00  [14242s]
step  26800  train 5.8357e-02  |g| 1.90e+00  [14283s]
step  26900  train 5.8930e-02  |g| 9.63e+00  [14323s]
step  27000  train 5.8123e-02  |g| 5.30e+00  [14364s]
step  27100  train 5.8839e-02  |g| 6.06e+00  [14405s]
step  27200  train 5.8613e-02  |g| 1.53e+01  [14445s]
step  27300  train 6.4001e-02  |g| 1.70e+01  [14486s]
step  27400  train 6.0070e-02  |g| 8.82e+00  [14527s]
step  27500  train 5.8887e-02  |g| 3.06e+00  [14567s]
step  27600  train 6.5500e-02  |g| 2.31e+01  [14608s]
step  27700  train 5.8853e-02  |g| 6.55e+00  [14648s]
step  27800  train 5.8664e-02  |g| 6.85e+00  [14689s]
step  27900  train 5.7654e-02  |g| 5.30e+00  [14730s]
step  28000  train 6.0185e-02  val 5.8577e-02  6d geo 1.277e-01 med 1.488e-01 p90 2.602e-01 (const 4.730e-02)  |g| 1.07e+01  [14770s]
           5d geo 1.390e-01 med 1.646e-01   postmu 6d geo 1.313e-01 med 1.518e-01 p90 2.704e-01   mu |dlog| 0.8315
           WARNING: prediction spread 0.016 of ground truth -- the output has collapsed to a constant (saturated tanh); lower --lr or raise --warmup-steps and restart
           corr(identifiable)  mu=-0.36  D_div_mu=-0.46  T0_div_mu=+0.35  Ly=+0.01  op_x=-0.15  op_y=-0.00   mean spread/GT 0.02
           err share           mu=7%  D_div_mu=1%  T0_div_mu=1%  Ly=36%  op_x=19%  op_y=35%
step  28100  train 5.8467e-02  |g| 7.37e-01  [14814s]
step  28200  train 5.9741e-02  |g| 1.01e+01  [14855s]
step  28300  train 6.0738e-02  |g| 8.97e+00  [14895s]
step  28400  train 5.9847e-02  |g| 3.27e+00  [14936s]
step  28500  train 6.1064e-02  |g| 6.03e+00  [14977s]
step  28600  train 5.8684e-02  |g| 1.06e+00  [15017s]
step  28700  train 5.6097e-02  |g| 6.93e+00  [15058s]
step  28800  train 5.6068e-02  |g| 8.18e+00  [15099s]
step  28900  train 5.8666e-02  |g| 1.89e+00  [15139s]
step  29000  train 5.7799e-02  |g| 3.91e+00  [15180s]
step  29100  train 6.0803e-02  |g| 9.35e+00  [15221s]
step  29200  train 5.6821e-02  |g| 5.67e+00  [15261s]
step  29300  train 6.2562e-02  |g| 2.24e+01  [15302s]
step  29400  train 5.7169e-02  |g| 7.09e+00  [15343s]
step  29500  train 6.0890e-02  |g| 2.25e+01  [15383s]
step  29600  train 5.7564e-02  |g| 7.03e+00  [15424s]
step  29700  train 6.0031e-02  |g| 4.58e+00  [15464s]
step  29800  train 5.8494e-02  |g| 3.44e+00  [15505s]
step  29900  train 5.7639e-02  |g| 5.03e+00  [15545s]
step  30000  train 5.8219e-02  val 5.8177e-02  6d geo 1.274e-01 med 1.486e-01 p90 2.605e-01 (const 4.730e-02)  |g| 4.33e+00  [15586s]
           5d geo 1.387e-01 med 1.648e-01   postmu 6d geo 1.311e-01 med 1.512e-01 p90 2.683e-01   mu |dlog| 0.8201
           WARNING: prediction spread 0.009 of ground truth -- the output has collapsed to a constant (saturated tanh); lower --lr or raise --warmup-steps and restart
           corr(identifiable)  mu=-0.50  D_div_mu=-0.42  T0_div_mu=+0.31  Ly=-0.15  op_x=+0.11  op_y=+0.01   mean spread/GT 0.01
           err share           mu=7%  D_div_mu=1%  T0_div_mu=1%  Ly=37%  op_x=19%  op_y=35%
step  30100  train 5.7014e-02  |g| 6.20e+00  [15630s]
step  30200  train 5.6199e-02  |g| 5.20e+00  [15670s]
step  30300  train 5.8626e-02  |g| 7.90e+00  [15711s]
step  30400  train 5.6821e-02  |g| 4.18e+00  [15752s]
step  30500  train 5.8889e-02  |g| 1.32e+00  [15792s]
step  30600  train 5.7925e-02  |g| 6.88e+00  [15833s]
step  30700  train 5.7211e-02  |g| 5.92e+00  [15873s]
step  30800  train 5.7995e-02  |g| 2.84e+00  [15914s]
step  30900  train 5.6214e-02  |g| 4.25e+00  [15955s]
step  31000  train 6.3686e-02  |g| 2.58e+01  [15995s]
step  31100  train 6.0812e-02  |g| 7.10e+00  [16036s]
step  31200  train 5.9837e-02  |g| 1.37e+01  [16076s]
step  31300  train 5.6719e-02  |g| 4.42e+00  [16117s]
step  31400  train 5.8594e-02  |g| 3.40e+00  [16158s]
step  31500  train 5.8834e-02  |g| 3.56e+00  [16198s]
step  31600  train 5.8189e-02  |g| 5.22e+00  [16239s]
step  31700  train 5.8994e-02  |g| 9.25e+00  [16279s]
step  31800  train 5.8748e-02  |g| 7.84e+00  [16320s]
step  31900  train 5.9122e-02  |g| 5.41e+00  [16361s]
step  32000  train 6.0175e-02  val 5.8395e-02  6d geo 1.261e-01 med 1.471e-01 p90 2.587e-01 (const 4.730e-02)  |g| 8.18e+00  [16401s]
           5d geo 1.371e-01 med 1.626e-01   postmu 6d geo 1.308e-01 med 1.510e-01 p90 2.674e-01   mu |dlog| 0.9040
           WARNING: prediction spread 0.006 of ground truth -- the output has collapsed to a constant (saturated tanh); lower --lr or raise --warmup-steps and restart
           corr(identifiable)  mu=-0.55  D_div_mu=-0.39  T0_div_mu=+0.28  Ly=-0.11  op_x=+0.07  op_y=+0.01   mean spread/GT 0.01
           err share           mu=7%  D_div_mu=1%  T0_div_mu=1%  Ly=37%  op_x=18%  op_y=35%
step  32100  train 5.7540e-02  |g| 6.26e+00  [16445s]
step  32200  train 5.8359e-02  |g| 7.08e+00  [16485s]
step  32300  train 6.0450e-02  |g| 1.36e+01  [16526s]
step  32400  train 5.6966e-02  |g| 1.45e+01  [16567s]
step  32500  train 5.8212e-02  |g| 9.57e+00  [16607s]
step  32600  train 5.7899e-02  |g| 2.72e+00  [16648s]
step  32700  train 5.9304e-02  |g| 1.05e+01  [16688s]
step  32800  train 5.7496e-02  |g| 1.96e+00  [16729s]
step  32900  train 5.7377e-02  |g| 8.08e+00  [16770s]
step  33000  train 5.6327e-02  |g| 6.19e+00  [16810s]
step  33100  train 6.1411e-02  |g| 6.76e+00  [16851s]
step  33200  train 5.7403e-02  |g| 5.54e+00  [16891s]
step  33300  train 5.8218e-02  |g| 9.97e+00  [16932s]
step  33400  train 5.8705e-02  |g| 7.86e+00  [16973s]
step  33500  train 5.8785e-02  |g| 5.39e+00  [17013s]
step  33600  train 6.1280e-02  |g| 3.88e+00  [17054s]
step  33700  train 5.8895e-02  |g| 1.60e+01  [17094s]
step  33800  train 5.7690e-02  |g| 1.26e+01  [17135s]
step  33900  train 6.1633e-02  |g| 1.06e+01  [17176s]
step  34000  train 5.7814e-02  val 5.8282e-02  6d geo 1.260e-01 med 1.470e-01 p90 2.582e-01 (const 4.730e-02)  |g| 6.07e+00  [17216s]
           5d geo 1.370e-01 med 1.625e-01   postmu 6d geo 1.301e-01 med 1.502e-01 p90 2.661e-01   mu |dlog| 0.8349
           WARNING: prediction spread 0.005 of ground truth -- the output has collapsed to a constant (saturated tanh); lower --lr or raise --warmup-steps and restart
           corr(identifiable)  mu=-0.55  D_div_mu=-0.36  T0_div_mu=+0.25  Ly=-0.10  op_x=+0.27  op_y=-0.00   mean spread/GT 0.01
           err share           mu=7%  D_div_mu=1%  T0_div_mu=1%  Ly=37%  op_x=18%  op_y=35%
step  34100  train 5.8688e-02  |g| 6.78e+00  [17260s]
step  34200  train 5.8803e-02  |g| 5.07e+00  [17300s]
step  34300  train 5.7181e-02  |g| 4.28e+00  [17341s]
step  34400  train 5.6886e-02  |g| 1.38e+01  [17382s]
step  34500  train 6.1696e-02  |g| 1.62e+01  [17422s]
step  34600  train 5.7684e-02  |g| 8.76e+00  [17463s]
step  34700  train 5.7060e-02  |g| 6.74e+00  [17503s]
step  34800  train 6.0159e-02  |g| 9.12e+00  [17544s]
step  34900  train 6.0531e-02  |g| 9.95e+00  [17585s]
step  35000  train 5.9963e-02  |g| 3.56e+00  [17625s]
step  35100  train 5.8653e-02  |g| 5.20e+00  [17666s]
step  35200  train 5.7647e-02  |g| 9.93e+00  [17707s]
step  35300  train 5.9250e-02  |g| 1.36e+01  [17747s]
step  35400  train 5.9474e-02  |g| 7.39e+00  [17788s]
step  35500  train 6.0004e-02  |g| 7.26e+00  [17828s]
step  35600  train 5.6634e-02  |g| 8.82e+00  [17869s]
step  35700  train 5.8825e-02  |g| 8.59e+00  [17910s]
step  35800  train 5.9330e-02  |g| 9.53e+00  [17950s]
step  35900  train 5.6710e-02  |g| 6.58e+00  [17991s]
step  36000  train 6.0902e-02  val 5.7929e-02  6d geo 1.262e-01 med 1.474e-01 p90 2.591e-01 (const 4.730e-02)  |g| 9.83e+00  [18031s]
           5d geo 1.373e-01 med 1.630e-01   postmu 6d geo 1.299e-01 med 1.501e-01 p90 2.661e-01   mu |dlog| 0.8287
           WARNING: prediction spread 0.006 of ground truth -- the output has collapsed to a constant (saturated tanh); lower --lr or raise --warmup-steps and restart
           corr(identifiable)  mu=-0.54  D_div_mu=-0.34  T0_div_mu=+0.23  Ly=+0.09  op_x=+0.08  op_y=+0.01   mean spread/GT 0.01
           err share           mu=7%  D_div_mu=1%  T0_div_mu=1%  Ly=37%  op_x=19%  op_y=35%
step  36100  train 5.8601e-02  |g| 4.78e+00  [18075s]
step  36200  train 6.0024e-02  |g| 8.34e+00  [18116s]
step  36300  train 6.1410e-02  |g| 1.89e+01  [18156s]
step  36400  train 5.7214e-02  |g| 3.31e+00  [18197s]
step  36500  train 5.9322e-02  |g| 1.58e+01  [18238s]
step  36600  train 5.7726e-02  |g| 3.22e+00  [18278s]
step  36700  train 5.7727e-02  |g| 5.57e+00  [18319s]
step  36800  train 5.7348e-02  |g| 1.11e+01  [18359s]
step  36900  train 5.8057e-02  |g| 1.86e+00  [18400s]
step  37000  train 5.9042e-02  |g| 1.77e+00  [18441s]
step  37100  train 5.6351e-02  |g| 1.01e+01  [18481s]
step  37200  train 5.6279e-02  |g| 1.01e+01  [18522s]
step  37300  train 5.6423e-02  |g| 2.21e+00  [18563s]
step  37400  train 5.8790e-02  |g| 2.22e+00  [18603s]
step  37500  train 5.9756e-02  |g| 1.56e+01  [18644s]
step  37600  train 5.7424e-02  |g| 5.02e+00  [18684s]
step  37700  train 5.6768e-02  |g| 9.31e+00  [18725s]
step  37800  train 5.6623e-02  |g| 1.02e+01  [18766s]
step  37900  train 5.5413e-02  |g| 1.04e+01  [18806s]
step  38000  train 6.0568e-02  val 5.7830e-02  6d geo 1.262e-01 med 1.474e-01 p90 2.591e-01 (const 4.730e-02)  |g| 1.21e+01  [18847s]
           5d geo 1.373e-01 med 1.629e-01   postmu 6d geo 1.302e-01 med 1.505e-01 p90 2.669e-01   mu |dlog| 0.8535
           WARNING: prediction spread 0.006 of ground truth -- the output has collapsed to a constant (saturated tanh); lower --lr or raise --warmup-steps and restart
           corr(identifiable)  mu=-0.53  D_div_mu=-0.34  T0_div_mu=+0.22  Ly=+0.15  op_x=+0.10  op_y=+0.01   mean spread/GT 0.01
           err share           mu=7%  D_div_mu=1%  T0_div_mu=1%  Ly=37%  op_x=19%  op_y=35%
step  38100  train 5.8651e-02  |g| 4.14e+00  [18890s]
step  38200  train 5.7744e-02  |g| 4.23e+00  [18931s]
step  38300  train 5.9181e-02  |g| 8.08e+00  [18972s]
step  38400  train 5.5753e-02  |g| 8.07e-01  [19012s]
step  38500  train 5.6387e-02  |g| 1.07e+01  [19053s]
step  38600  train 5.7075e-02  |g| 6.96e+00  [19093s]
step  38700  train 5.8583e-02  |g| 7.60e+00  [19134s]
step  38800  train 5.8928e-02  |g| 5.53e+00  [19175s]
step  38900  train 6.0103e-02  |g| 1.57e+01  [19215s]
step  39000  train 5.8779e-02  |g| 8.09e+00  [19256s]
step  39100  train 5.7262e-02  |g| 1.32e+01  [19296s]
step  39200  train 5.5807e-02  |g| 2.19e+00  [19337s]
step  39300  train 5.8049e-02  |g| 7.16e+00  [19377s]
step  39400  train 5.4530e-02  |g| 4.22e+00  [19418s]
step  39500  train 5.9496e-02  |g| 4.90e+00  [19459s]
step  39600  train 5.8165e-02  |g| 4.93e+00  [19499s]
step  39700  train 5.7530e-02  |g| 3.15e+00  [19540s]
step  39800  train 5.7755e-02  |g| 6.78e+00  [19580s]
step  39900  train 5.9155e-02  |g| 1.25e+01  [19621s]
step  40000  train 5.6782e-02  val 5.7817e-02  6d geo 1.262e-01 med 1.473e-01 p90 2.590e-01 (const 4.730e-02)  |g| 8.35e+00  [19662s]
           5d geo 1.372e-01 med 1.629e-01   postmu 6d geo 1.304e-01 med 1.504e-01 p90 2.670e-01   mu |dlog| 0.8514
           WARNING: prediction spread 0.006 of ground truth -- the output has collapsed to a constant (saturated tanh); lower --lr or raise --warmup-steps and restart
           corr(identifiable)  mu=-0.52  D_div_mu=-0.33  T0_div_mu=+0.21  Ly=+0.16  op_x=+0.08  op_y=+0.01   mean spread/GT 0.01
           err share           mu=7%  D_div_mu=1%  T0_div_mu=1%  Ly=37%  op_x=19%  op_y=35%
best val_nmse_6d_postmu_geo 4.9655e-02 (encoder_best.pt)

Done. Outputs written to /home/bhpark3/dafx_ddsp/results/ddsp/eps_ladder/L1_STFT_eps1
