======================================================================
  TERNARY-SEARCH μ-REFINEMENT on CUDA (float32)
======================================================================
  CMA-ES results: /home/bhpark3/dafxchal/results/standard_sweep/mss/stage1
  Targets: /home/bhpark3/dafxchal/data/random-IR-100-1.0s
  Loss: MSS, Duration: 0.25s
  μ search bounds: [2.430, 106.150]
  Ternary iterations: 50  (~101 evals/IR)
  Sanity grid check: on

  Loaded 50 CMA-ES results
  [  1/50] random_IR_0001.npz             mu  57.783 ->  68.142 (GT  48.930)
          NMSE 0.010181 -> 0.014684 (+44.2%)  loss 0.283280 -> 0.215905  (1.1s)
  [  2/50] random_IR_0002.npz             mu  53.242 -> 106.150 (GT  84.056)
          NMSE 0.016038 -> 0.008891 (-44.6%)  loss 1.150086 -> 0.253262  (1.2s)
  [  3/50] random_IR_0003.npz             mu  46.697 ->   8.291 (GT  24.386)
          NMSE 0.056367 -> 0.052668 (-6.6%)  loss 1.008786 -> 0.759180  (0.6s)
  [  4/50] random_IR_0004.npz             mu  33.813 ->  44.533 (GT  13.244)
          NMSE 0.126444 -> 0.135057 (+6.8%)  loss 0.692760 -> 0.640924  (0.4s)
  [  5/50] random_IR_0005.npz             mu  84.694 ->  55.443 (GT  45.159)
          NMSE 0.027803 -> 0.005226 (-81.2%)  loss 0.387430 -> 0.142307  (1.6s)
  [ 10/50] random_IR_0010.npz             mu  37.451 ->  59.558 (GT  31.912)
          NMSE 0.075172 -> 0.086538 (+15.1%)  loss 0.753057 -> 0.504368  (2.6s)
  [ 20/50] random_IR_0020.npz             mu  94.752 ->  54.973 (GT  43.384)
          NMSE 0.045128 -> 0.006329 (-86.0%)  loss 0.488580 -> 0.228911  (0.8s)
  [ 30/50] random_IR_0030.npz             mu  16.723 ->  16.718 (GT  16.703)
          NMSE 0.000000 -> 0.000000 (-27.1%)  loss 0.003035 -> 0.003018  (2.3s)
  [ 40/50] random_IR_0040.npz             mu  38.780 ->  38.790 (GT  38.783)
          NMSE 0.000000 -> 0.000000 (+35.3%)  loss 0.001117 -> 0.001082  (3.0s)
  [ 50/50] random_IR_0050.npz             mu  27.836 -> 106.150 (GT  51.163)
          NMSE 0.008924 -> 0.047336 (+430.4%)  loss 3.007887 -> 0.176085  (0.5s)

======================================================================
  AGGREGATE
======================================================================
  Mean NMSE   orig: 0.047143
              refn: 0.051947
  Median NMSE orig: 0.023552
              refn: 0.012376
  IRs improved: 32 / 50  worsened: 18  unchanged: 0
  Mean elapsed/IR:    1.19 s
  Total runtime:      71.8 s
  Wrote: /home/bhpark3/dafxchal/results/standard_sweep/mss/stage2/mu_refined_summary.csv
