======================================================================
  TERNARY-SEARCH μ-REFINEMENT on CUDA (float32)
======================================================================
  CMA-ES results: /home/bhpark3/dafxchal/results/standard_sweep/mel/stage1
  Targets: /home/bhpark3/dafxchal/data/random-IR-100-1.0s
  Loss: Mel, Duration: 0.25s
  μ search bounds: [2.430, 106.150]
  Ternary iterations: 50  (~101 evals/IR)
  Sanity grid check: on

  Loaded 50 CMA-ES results
  [  1/50] random_IR_0001.npz             mu   6.686 ->  81.682 (GT  48.930)
          NMSE 0.057667 -> 0.046638 (-19.1%)  loss 0.175907 -> 0.015332  (2.5s)
  [  2/50] random_IR_0002.npz             mu  37.687 -> 106.150 (GT  84.056)
          NMSE 0.123212 -> 0.097465 (-20.9%)  loss 0.063217 -> 0.020433  (2.6s)
  [  3/50] random_IR_0003.npz             mu  91.539 ->   2.803 (GT  24.386)
          NMSE 0.192547 -> 0.129897 (-32.5%)  loss 0.137335 -> 0.045667  (1.4s)
  [  4/50] random_IR_0004.npz             mu   4.342 ->  17.849 (GT  13.244)
          NMSE 0.138040 -> 0.137141 (-0.7%)  loss 0.108358 -> 0.022418  (2.5s)
  [  5/50] random_IR_0005.npz             mu  36.447 ->  26.827 (GT  45.159)
          NMSE 0.080695 -> 0.084726 (+5.0%)  loss 0.021733 -> 0.018895  (2.7s)
  [ 10/50] random_IR_0010.npz             mu   7.196 ->  14.979 (GT  31.912)
          NMSE 0.130572 -> 0.125550 (-3.8%)  loss 0.081685 -> 0.045173  (4.4s)
  [ 20/50] random_IR_0020.npz             mu  32.002 -> 106.150 (GT  43.384)
          NMSE 0.089092 -> 0.148119 (+66.3%)  loss 0.118809 -> 0.029381  (1.0s)
  [ 30/50] random_IR_0030.npz             mu  13.331 ->   4.411 (GT  16.703)
          NMSE 0.166233 -> 0.168398 (+1.3%)  loss 0.114676 -> 0.055000  (5.6s)
  [ 40/50] random_IR_0040.npz             mu   6.166 ->  44.673 (GT  38.783)
          NMSE 0.067896 -> 0.051952 (-23.5%)  loss 0.121074 -> 0.013773  (3.7s)
  [ 50/50] random_IR_0050.npz             mu  51.471 ->  21.187 (GT  51.163)
          NMSE 0.155477 -> 0.169397 (+9.0%)  loss 0.036642 -> 0.024341  (1.3s)

======================================================================
  AGGREGATE
======================================================================
  Mean NMSE   orig: 0.082194
              refn: 0.078641
  Median NMSE orig: 0.069907
              refn: 0.053571
  IRs improved: 33 / 50  worsened: 17  unchanged: 0
  Mean elapsed/IR:    2.12 s
  Total runtime:      127.9 s
  Wrote: /home/bhpark3/dafxchal/results/standard_sweep/mel/stage2/mu_refined_summary.csv
