======================================================================
  TERNARY-SEARCH μ-REFINEMENT on CUDA (float32)
======================================================================
  CMA-ES results: /home/bhpark3/dafxchal/results/ladder_1restart/l1_stft/stage1
  Targets: /home/bhpark3/dafxchal/random-IR-200-0.2s
  Loss: L1_STFT, Duration: 0.25s
  μ search bounds: [2.430, 106.150]
  Ternary iterations: 50  (~101 evals/IR)
  Sanity grid check: on

  Loaded 200 CMA-ES results
  [  1/200] random_IR_0001.npz             mu  79.095 -> 106.150 (GT  48.930)
          NMSE 0.090105 -> 0.126733 (+40.6%)  loss 0.000000 -> 0.000000  (0.7s)
  [  2/200] random_IR_0002.npz             mu  52.237 ->  84.066 (GT  84.056)
          NMSE 0.015685 -> 0.000000 (-100.0%)  loss 0.000000 -> 0.000000  (1.2s)
  [  3/200] random_IR_0003.npz             mu   8.368 ->  24.324 (GT  24.386)
          NMSE 0.003975 -> 0.000000 (-100.0%)  loss 0.000000 -> 0.000000  (1.4s)
  [  4/200] random_IR_0004.npz             mu  12.469 ->  13.246 (GT  13.244)
          NMSE 0.000009 -> 0.000000 (-100.0%)  loss 0.000000 -> 0.000000  (1.0s)
  [  5/200] random_IR_0005.npz             mu  78.236 ->  45.156 (GT  45.159)
          NMSE 0.016950 -> 0.000000 (-100.0%)  loss 0.000000 -> 0.000000  (1.6s)
  [ 10/200] random_IR_0010.npz             mu  28.081 ->  26.741 (GT  31.912)
          NMSE 0.012136 -> 0.012323 (+1.5%)  loss 0.000000 -> 0.000000  (2.3s)
  [ 20/200] random_IR_0020.npz             mu  45.987 ->  43.389 (GT  43.384)
          NMSE 0.000105 -> 0.000000 (-100.0%)  loss 0.000000 -> 0.000000  (0.8s)
  [ 30/200] random_IR_0030.npz             mu  20.057 ->  16.704 (GT  16.703)
          NMSE 0.000174 -> 0.000000 (-100.0%)  loss 0.000000 -> 0.000000  (2.3s)
  [ 40/200] random_IR_0040.npz             mu  36.511 ->  38.782 (GT  38.783)
          NMSE 0.000080 -> 0.000000 (-100.0%)  loss 0.000000 -> 0.000000  (3.0s)
  [ 50/200] random_IR_0050.npz             mu  90.325 ->  51.103 (GT  51.163)
          NMSE 0.023760 -> 0.000000 (-100.0%)  loss 0.000000 -> 0.000000  (0.5s)
  [ 60/200] random_IR_0060.npz             mu  34.992 ->   9.223 (GT   9.223)
          NMSE 0.010287 -> 0.000000 (-100.0%)  loss 0.000000 -> 0.000000  (1.2s)
  [ 70/200] random_IR_0070.npz             mu  41.507 ->  76.431 (GT  14.682)
          NMSE 0.104815 -> 0.152739 (+45.7%)  loss 0.000000 -> 0.000000  (1.4s)
  [ 80/200] random_IR_0080.npz             mu  40.510 ->  25.341 (GT  25.343)
          NMSE 0.003564 -> 0.000000 (-100.0%)  loss 0.000000 -> 0.000000  (0.8s)
  [ 90/200] random_IR_0090.npz             mu  97.207 -> 106.150 (GT  82.421)
          NMSE 0.032694 -> 0.038030 (+16.3%)  loss 0.000000 -> 0.000000  (0.8s)
  [100/200] random_IR_0100.npz             mu  49.544 ->  18.619 (GT  18.620)
          NMSE 0.014816 -> 0.000000 (-100.0%)  loss 0.000000 -> 0.000000  (1.0s)
  [110/200] random_IR_0110.npz             mu   7.309 -> 106.150 (GT  95.328)
          NMSE 0.204671 -> 0.086461 (-57.8%)  loss 0.000000 -> 0.000000  (0.9s)
  [120/200] random_IR_0120.npz             mu  58.230 ->  83.384 (GT  83.381)
          NMSE 0.009800 -> 0.000000 (-100.0%)  loss 0.000000 -> 0.000000  (1.7s)
  [130/200] random_IR_0130.npz             mu  11.301 ->  21.115 (GT  21.116)
          NMSE 0.001493 -> 0.000000 (-100.0%)  loss 0.000000 -> 0.000000  (0.3s)
  [140/200] random_IR_0140.npz             mu   6.002 -> 106.150 (GT  62.422)
          NMSE 0.099468 -> 0.079776 (-19.8%)  loss 0.000000 -> 0.000000  (1.5s)
  [150/200] random_IR_0150.npz             mu  24.693 ->  16.113 (GT  16.116)
          NMSE 0.001140 -> 0.000000 (-100.0%)  loss 0.000000 -> 0.000000  (3.6s)
  [160/200] random_IR_0160.npz             mu  33.987 ->  43.443 (GT  33.863)
          NMSE 0.012877 -> 0.014299 (+11.0%)  loss 0.000000 -> 0.000000  (1.1s)
  [170/200] random_IR_0170.npz             mu  25.112 ->  28.238 (GT  28.231)
          NMSE 0.000151 -> 0.000000 (-100.0%)  loss 0.000000 -> 0.000000  (1.9s)
  [180/200] random_IR_0180.npz             mu   4.469 ->  36.483 (GT  34.882)
          NMSE 0.045976 -> 0.031686 (-31.1%)  loss 0.000000 -> 0.000000  (1.2s)
  [190/200] random_IR_0190.npz             mu  12.651 -> 106.150 (GT  87.996)
          NMSE 0.238612 -> 0.155769 (-34.7%)  loss 0.000000 -> 0.000000  (2.6s)
  [200/200] random_IR_0200.npz             mu  20.706 -> 106.150 (GT  68.271)
          NMSE 0.107036 -> 0.094215 (-12.0%)  loss 0.000000 -> 0.000000  (1.7s)

======================================================================
  AGGREGATE
======================================================================
  Mean NMSE   orig: 0.043332
              refn: 0.043126
  Median NMSE orig: 0.015904
              refn: 0.001004
  IRs improved: 139 / 200  worsened: 61  unchanged: 0
  Mean elapsed/IR:    1.40 s
  Total runtime:      336.3 s
  Wrote: /home/bhpark3/dafxchal/results/ladder_1restart/l1_stft/stage2/mu_refined_summary.csv
